Initialized native services in: /Users/azam/.gradle/native
Initialized jansi services in: /Users/azam/.gradle/native
Received JVM installation metadata from '/Library/Java/JavaVirtualMachines/jdk-17.jdk/Contents/Home': {JAVA_HOME=/Library/Java/JavaVirtualMachines/jdk-17.jdk/Contents/Home, JAVA_VERSION=17.0.8, JAVA_VENDOR=Oracle Corporation, RUNTIME_NAME=Java(TM) SE Runtime Environment, RUNTIME_VERSION=17.0.8+9-LTS-211, VM_NAME=Java HotSpot(TM) 64-Bit Server VM, VM_VERSION=17.0.8+9-LTS-211, VM_VENDOR=Oracle Corporation, OS_ARCH=aarch64}
Found daemon DaemonInfo{pid=33583, address=[1949786f-8486-4b3f-8aff-af3e457c276e port:50779, addresses:[/127.0.0.1]], state=Idle, lastBusy=1763846068116, context=DefaultDaemonContext[uid=519d7bff-7910-4bf5-aac6-bd2b1caffd23,javaHome=/Applications/Android Studio 2.app/Contents/jbr/Contents/Home,javaVersion=21,daemonRegistryDir=/Users/azam/.gradle/daemon,pid=33583,idleTimeout=10800000,priority=NORMAL,applyInstrumentationAgent=true,nativeServicesMode=ENABLED,daemonOpts=--add-opens=java.base/java.util=ALL-UNNAMED,--add-opens=java.base/java.lang=ALL-UNNAMED,--add-opens=java.base/java.lang.invoke=ALL-UNNAMED,--add-opens=java.prefs/java.util.prefs=ALL-UNNAMED,--add-exports=jdk.compiler/com.sun.tools.javac.api=ALL-UNNAMED,--add-exports=jdk.compiler/com.sun.tools.javac.util=ALL-UNNAMED,--add-opens=java.base/java.nio.charset=ALL-UNNAMED,--add-opens=java.base/java.net=ALL-UNNAMED,--add-opens=java.base/java.util.concurrent.atomic=ALL-UNNAMED,-Xmx2048M,-Dfile.encoding=UTF-8,-Duser.country=IN,-Duser.language=en,-Duser.variant]} however its context does not match the desired criteria.
JVM is incompatible.
Wanted: DaemonRequestContext{jvmCriteria=/Library/Java/JavaVirtualMachines/jdk-17.jdk/Contents/Home (no JDK specified, using current Java home), daemonOpts=[--add-opens=java.base/java.util=ALL-UNNAMED, --add-opens=java.base/java.lang=ALL-UNNAMED, --add-opens=java.base/java.lang.invoke=ALL-UNNAMED, --add-opens=java.prefs/java.util.prefs=ALL-UNNAMED, --add-exports=jdk.compiler/com.sun.tools.javac.api=ALL-UNNAMED, --add-exports=jdk.compiler/com.sun.tools.javac.util=ALL-UNNAMED, --add-opens=java.base/java.nio.charset=ALL-UNNAMED, --add-opens=java.base/java.net=ALL-UNNAMED, --add-opens=java.base/java.util.concurrent.atomic=ALL-UNNAMED, -Xmx2048M, -Dfile.encoding=UTF-8, -Duser.country=IN, -Duser.language=en, -Duser.variant], applyInstrumentationAgent=true, nativeServicesMode=ENABLED, priority=NORMAL}
Actual: DefaultDaemonContext[uid=519d7bff-7910-4bf5-aac6-bd2b1caffd23,javaHome=/Applications/Android Studio 2.app/Contents/jbr/Contents/Home,javaVersion=21,daemonRegistryDir=/Users/azam/.gradle/daemon,pid=33583,idleTimeout=10800000,priority=NORMAL,applyInstrumentationAgent=true,nativeServicesMode=ENABLED,daemonOpts=--add-opens=java.base/java.util=ALL-UNNAMED,--add-opens=java.base/java.lang=ALL-UNNAMED,--add-opens=java.base/java.lang.invoke=ALL-UNNAMED,--add-opens=java.prefs/java.util.prefs=ALL-UNNAMED,--add-exports=jdk.compiler/com.sun.tools.javac.api=ALL-UNNAMED,--add-exports=jdk.compiler/com.sun.tools.javac.util=ALL-UNNAMED,--add-opens=java.base/java.nio.charset=ALL-UNNAMED,--add-opens=java.base/java.net=ALL-UNNAMED,--add-opens=java.base/java.util.concurrent.atomic=ALL-UNNAMED,-Xmx2048M,-Dfile.encoding=UTF-8,-Duser.country=IN,-Duser.language=en,-Duser.variant]

  Looking for a different daemon...
The client will now receive all logging from the daemon (pid: 33572). The daemon log file: /Users/azam/.gradle/daemon/8.9/daemon-33572.out.log
Starting 4th build in daemon [uptime: 12 mins 23.195 secs, performance: 98%, GC rate: 0.00/s, heap usage: 0% of 2 GiB]
Using 8 worker leases.
Now considering [/Users/azam/AndroidStudioProjects/JoshTalk2] as hierarchies to watch
Reusing configuration cache.
Now considering [/Users/azam/AndroidStudioProjects/JoshTalk2] as hierarchies to watch
Watching the file system is configured to be enabled if available
File system watching is active
Using local directory build cache for the root build (location = /Users/azam/.gradle/caches/build-cache-1, removeUnusedEntriesAfter = 7 days).
Tasks to be executed: [task ':androidApp:preBuild', task ':androidApp:preDebugBuild', task ':androidApp:mergeDebugNativeDebugMetadata', task ':androidApp:checkKotlinGradlePluginConfigurationErrors', task ':common:preBuild', task ':common:preDebugBuild', task ':common:writeDebugAarMetadata', task ':androidApp:checkDebugAarMetadata', task ':androidApp:generateDebugResValues', task ':common:generateDebugResValues', task ':common:generateDebugResources', task ':common:packageDebugResources', task ':androidApp:mapDebugSourceSetPaths', task ':androidApp:generateDebugResources', task ':androidApp:mergeDebugResources', task ':androidApp:packageDebugResources', task ':androidApp:parseDebugLocalResources', task ':androidApp:createDebugCompatibleScreenManifests', task ':androidApp:extractDeepLinksDebug', task ':common:extractDeepLinksDebug', task ':common:processDebugManifest', task ':androidApp:processDebugMainManifest', task ':androidApp:processDebugManifest', task ':androidApp:processDebugManifestForPackage', task ':common:compileDebugLibraryResources', task ':common:parseDebugLocalResources', task ':common:generateDebugRFile', task ':androidApp:processDebugResources', task ':common:checkKotlinGradlePluginConfigurationErrors', task ':common:convertXmlValueResourcesForAndroidMain', task ':common:copyNonXmlValueResourcesForAndroidMain', task ':common:prepareComposeResourcesTaskForAndroidMain', task ':common:generateResourceAccessorsForAndroidMain', task ':common:convertXmlValueResourcesForCommonMain', task ':common:copyNonXmlValueResourcesForCommonMain', task ':common:prepareComposeResourcesTaskForCommonMain', task ':common:generateResourceAccessorsForCommonMain', task ':common:generateActualResourceCollectorsForAndroidMain', task ':common:generateComposeResClass', task ':common:generateExpectResourceCollectorsForCommonMain', task ':common:convertXmlValueResourcesForAndroidDebug', task ':common:copyNonXmlValueResourcesForAndroidDebug', task ':common:prepareComposeResourcesTaskForAndroidDebug', task ':common:generateResourceAccessorsForAndroidDebug', task ':common:compileDebugKotlinAndroid', task ':common:javaPreCompileDebug', task ':common:compileDebugJavaWithJavac', task ':common:bundleLibCompileToJarDebug', task ':androidApp:compileDebugKotlin', task ':androidApp:javaPreCompileDebug', task ':androidApp:compileDebugJavaWithJavac', task ':androidApp:mergeDebugShaders', task ':androidApp:compileDebugShaders', task ':androidApp:generateDebugAssets', task ':common:mergeDebugShaders', task ':common:compileDebugShaders', task ':common:copyDebugComposeResourcesToAndroidAssets', task ':common:debugAssetsCopyForAGP', task ':common:generateDebugAssets', task ':common:packageDebugAssets', task ':androidApp:mergeDebugAssets', task ':androidApp:compressDebugAssets', task ':androidApp:processDebugJavaRes', task ':common:processDebugJavaRes', task ':androidApp:mergeDebugJavaResource', task ':androidApp:checkDebugDuplicateClasses', task ':androidApp:desugarDebugFileDependencies', task ':androidApp:mergeDebugStartupProfile', task ':androidApp:mergeExtDexDebug', task ':common:bundleLibRuntimeToDirDebug', task ':androidApp:mergeLibDexDebug', task ':androidApp:dexBuilderDebug', task ':androidApp:mergeProjectDexDebug', task ':androidApp:mergeDebugJniLibFolders', task ':common:mergeDebugJniLibFolders', task ':common:mergeDebugNativeLibs', task ':common:copyDebugJniLibsProjectOnly', task ':androidApp:mergeDebugNativeLibs', task ':androidApp:stripDebugDebugSymbols', task ':androidApp:validateSigningDebug', task ':androidApp:writeDebugAppMetadata', task ':androidApp:writeDebugSigningConfigVersions', task ':androidApp:packageDebug', task ':androidApp:createDebugApkListingFileRedirect', task ':androidApp:assembleDebug', task ':androidApp:buildKotlinToolingMetadata', task ':androidApp:preReleaseBuild', task ':common:preReleaseBuild', task ':common:writeReleaseAarMetadata', task ':androidApp:checkReleaseAarMetadata', task ':androidApp:generateReleaseResValues', task ':common:generateReleaseResValues', task ':common:generateReleaseResources', task ':common:packageReleaseResources', task ':androidApp:mapReleaseSourceSetPaths', task ':androidApp:generateReleaseResources', task ':androidApp:mergeReleaseResources', task ':androidApp:packageReleaseResources', task ':androidApp:parseReleaseLocalResources', task ':androidApp:createReleaseCompatibleScreenManifests', task ':androidApp:extractDeepLinksRelease', task ':common:extractDeepLinksRelease', task ':common:processReleaseManifest', task ':androidApp:processReleaseMainManifest', task ':androidApp:processReleaseManifest', task ':androidApp:processReleaseManifestForPackage', task ':common:compileReleaseLibraryResources', task ':common:parseReleaseLocalResources', task ':common:generateReleaseRFile', task ':androidApp:processReleaseResources', task ':common:convertXmlValueResourcesForAndroidRelease', task ':common:copyNonXmlValueResourcesForAndroidRelease', task ':common:prepareComposeResourcesTaskForAndroidRelease', task ':common:generateResourceAccessorsForAndroidRelease', task ':common:compileReleaseKotlinAndroid', task ':common:javaPreCompileRelease', task ':common:compileReleaseJavaWithJavac', task ':common:bundleLibCompileToJarRelease', task ':androidApp:compileReleaseKotlin', task ':androidApp:javaPreCompileRelease', task ':androidApp:compileReleaseJavaWithJavac', task ':androidApp:extractProguardFiles', task ':common:bundleLibRuntimeToJarRelease', task ':common:processReleaseJavaRes', task ':common:createFullJarRelease', task ':common:copyReleaseComposeResourcesToAndroidAssets', task ':common:convertXmlValueResourcesForAndroidUnitTest', task ':common:copyNonXmlValueResourcesForAndroidUnitTest', task ':common:prepareComposeResourcesTaskForAndroidUnitTest', task ':common:generateResourceAccessorsForAndroidUnitTest', task ':common:convertXmlValueResourcesForAndroidUnitTestDebug', task ':common:copyNonXmlValueResourcesForAndroidUnitTestDebug', task ':common:prepareComposeResourcesTaskForAndroidUnitTestDebug', task ':common:generateResourceAccessorsForAndroidUnitTestDebug', task ':common:convertXmlValueResourcesForAndroidUnitTestRelease', task ':common:copyNonXmlValueResourcesForAndroidUnitTestRelease', task ':common:prepareComposeResourcesTaskForAndroidUnitTestRelease', task ':common:generateResourceAccessorsForAndroidUnitTestRelease', task ':common:convertXmlValueResourcesForAppleMain', task ':common:copyNonXmlValueResourcesForAppleMain', task ':common:prepareComposeResourcesTaskForAppleMain', task ':common:generateResourceAccessorsForAppleMain', task ':common:convertXmlValueResourcesForAppleTest', task ':common:copyNonXmlValueResourcesForAppleTest', task ':common:prepareComposeResourcesTaskForAppleTest', task ':common:generateResourceAccessorsForAppleTest', task ':common:convertXmlValueResourcesForCommonTest', task ':common:copyNonXmlValueResourcesForCommonTest', task ':common:prepareComposeResourcesTaskForCommonTest', task ':common:generateResourceAccessorsForCommonTest', task ':common:convertXmlValueResourcesForIosArm64Main', task ':common:copyNonXmlValueResourcesForIosArm64Main', task ':common:prepareComposeResourcesTaskForIosArm64Main', task ':common:generateResourceAccessorsForIosArm64Main', task ':common:convertXmlValueResourcesForIosArm64Test', task ':common:copyNonXmlValueResourcesForIosArm64Test', task ':common:prepareComposeResourcesTaskForIosArm64Test', task ':common:generateResourceAccessorsForIosArm64Test', task ':common:convertXmlValueResourcesForIosMain', task ':common:copyNonXmlValueResourcesForIosMain', task ':common:prepareComposeResourcesTaskForIosMain', task ':common:generateResourceAccessorsForIosMain', task ':common:convertXmlValueResourcesForIosSimulatorArm64Main', task ':common:copyNonXmlValueResourcesForIosSimulatorArm64Main', task ':common:prepareComposeResourcesTaskForIosSimulatorArm64Main', task ':common:generateResourceAccessorsForIosSimulatorArm64Main', task ':common:convertXmlValueResourcesForIosSimulatorArm64Test', task ':common:copyNonXmlValueResourcesForIosSimulatorArm64Test', task ':common:prepareComposeResourcesTaskForIosSimulatorArm64Test', task ':common:generateResourceAccessorsForIosSimulatorArm64Test', task ':common:convertXmlValueResourcesForIosTest', task ':common:copyNonXmlValueResourcesForIosTest', task ':common:prepareComposeResourcesTaskForIosTest', task ':common:generateResourceAccessorsForIosTest', task ':common:convertXmlValueResourcesForIosX64Main', task ':common:copyNonXmlValueResourcesForIosX64Main', task ':common:prepareComposeResourcesTaskForIosX64Main', task ':common:generateResourceAccessorsForIosX64Main', task ':common:convertXmlValueResourcesForIosX64Test', task ':common:copyNonXmlValueResourcesForIosX64Test', task ':common:prepareComposeResourcesTaskForIosX64Test', task ':common:generateResourceAccessorsForIosX64Test', task ':common:convertXmlValueResourcesForNativeMain', task ':common:copyNonXmlValueResourcesForNativeMain', task ':common:prepareComposeResourcesTaskForNativeMain', task ':common:generateResourceAccessorsForNativeMain', task ':common:convertXmlValueResourcesForNativeTest', task ':common:copyNonXmlValueResourcesForNativeTest', task ':common:prepareComposeResourcesTaskForNativeTest', task ':common:generateResourceAccessorsForNativeTest', task ':common:extractProguardFiles', task ':common:generateReleaseLintModel', task ':common:prepareLintJarForPublish', task ':androidApp:generateReleaseLintVitalReportModel', task ':common:mergeReleaseJniLibFolders', task ':common:mergeReleaseNativeLibs', task ':common:stripReleaseDebugSymbols', task ':common:copyReleaseJniLibsProjectAndLocalJars', task ':common:extractDeepLinksForAarRelease', task ':common:extractReleaseAnnotations', task ':common:mergeReleaseGeneratedProguardFiles', task ':common:mergeReleaseConsumerProguardFiles', task ':common:mergeReleaseShaders', task ':common:compileReleaseShaders', task ':common:generateReleaseAssets', task ':common:releaseAssetsCopyForAGP', task ':common:packageReleaseAssets', task ':common:prepareReleaseArtProfile', task ':common:mergeReleaseJavaResource', task ':common:syncReleaseLibJars', task ':common:bundleReleaseLocalLintAar', task ':common:lintVitalAnalyzeRelease', task ':common:writeReleaseLintModelMetadata', task ':androidApp:lintVitalAnalyzeRelease', task ':common:generateReleaseLintVitalModel', task ':androidApp:lintVitalReportRelease', task ':androidApp:lintVitalRelease', task ':androidApp:mergeReleaseJniLibFolders', task ':common:copyReleaseJniLibsProjectOnly', task ':androidApp:mergeReleaseNativeLibs', task ':androidApp:stripReleaseDebugSymbols', task ':androidApp:extractReleaseNativeSymbolTables', task ':androidApp:mergeReleaseNativeDebugMetadata', task ':common:bundleLibRuntimeToDirRelease', task ':androidApp:checkReleaseDuplicateClasses', task ':androidApp:dexBuilderRelease', task ':androidApp:desugarReleaseFileDependencies', task ':androidApp:mergeReleaseStartupProfile', task ':androidApp:mergeExtDexRelease', task ':androidApp:mergeDexRelease', task ':androidApp:mergeReleaseArtProfile', task ':androidApp:mergeReleaseGlobalSynthetics', task ':androidApp:compileReleaseArtProfile', task ':androidApp:mergeReleaseShaders', task ':androidApp:compileReleaseShaders', task ':androidApp:generateReleaseAssets', task ':androidApp:mergeReleaseAssets', task ':androidApp:compressReleaseAssets', task ':androidApp:extractReleaseVersionControlInfo', task ':androidApp:processReleaseJavaRes', task ':androidApp:mergeReleaseJavaResource', task ':androidApp:optimizeReleaseResources', task ':androidApp:collectReleaseDependencies', task ':androidApp:sdkReleaseDependencyData', task ':androidApp:writeReleaseAppMetadata', task ':androidApp:writeReleaseSigningConfigVersions', task ':androidApp:packageRelease', task ':androidApp:createReleaseApkListingFileRedirect', task ':androidApp:assembleRelease', task ':androidApp:assemble', task ':common:stripDebugDebugSymbols', task ':common:copyDebugJniLibsProjectAndLocalJars', task ':common:extractDebugAnnotations', task ':common:extractDeepLinksForAarDebug', task ':common:mergeDebugGeneratedProguardFiles', task ':common:mergeDebugConsumerProguardFiles', task ':common:prepareDebugArtProfile', task ':common:mergeDebugJavaResource', task ':common:syncDebugLibJars', task ':common:bundleDebugLocalLintAar', task ':androidApp:bundleDebugClassesToCompileJar', task ':androidApp:preDebugAndroidTestBuild', task ':androidApp:generateDebugAndroidTestResValues', task ':common:bundleLibRuntimeToJarDebug', task ':common:createFullJarDebug', task ':common:writeDebugLintModelMetadata', task ':androidApp:generateDebugAndroidTestLintModel', task ':common:generateDebugLintModel', task ':androidApp:generateDebugLintReportModel', task ':androidApp:preDebugUnitTestBuild', task ':androidApp:generateDebugUnitTestLintModel', task ':common:lintAnalyzeDebug', task ':androidApp:lintAnalyzeDebug', task ':androidApp:lintAnalyzeDebugAndroidTest', task ':androidApp:lintAnalyzeDebugUnitTest', task ':common:preDebugAndroidTestBuild', task ':common:generateDebugAndroidTestResValues', task ':common:generateDebugAndroidTestLintModel', task ':common:preDebugUnitTestBuild', task ':common:generateDebugUnitTestLintModel', task ':common:lintAnalyzeDebugAndroidTest', task ':common:lintAnalyzeDebugUnitTest', task ':androidApp:lintReportDebug', task ':androidApp:lintDebug', task ':androidApp:lint', task ':androidApp:bundleDebugClassesToRuntimeJar', task ':androidApp:compileDebugUnitTestKotlin', task ':androidApp:javaPreCompileDebugUnitTest', task ':androidApp:compileDebugUnitTestJavaWithJavac', task ':androidApp:processDebugUnitTestJavaRes', task ':androidApp:testDebugUnitTest', task ':androidApp:bundleReleaseClassesToRuntimeJar', task ':androidApp:bundleReleaseClassesToCompileJar', task ':androidApp:compileReleaseUnitTestKotlin', task ':androidApp:preReleaseUnitTestBuild', task ':androidApp:javaPreCompileReleaseUnitTest', task ':androidApp:compileReleaseUnitTestJavaWithJavac', task ':androidApp:processReleaseUnitTestJavaRes', task ':androidApp:testReleaseUnitTest', task ':androidApp:test', task ':androidApp:check', task ':androidApp:build', task ':common:transformCommonMainDependenciesMetadata', task ':common:compileCommonMainKotlinMetadata', task ':common:generateProjectStructureMetadata', task ':common:metadataCommonMainProcessResources', task ':common:metadataCommonMainClasses', task ':common:allMetadataJar', task ':common:bundleDebugAar', task ':common:assembleDebug', task ':common:bundleReleaseAar', task ':common:mapReleaseSourceSetPaths', task ':common:mergeReleaseResources', task ':common:verifyReleaseResources', task ':common:assembleRelease', task ':commonizeNativeDistribution', task ':common:transformNativeMainDependenciesMetadata', task ':common:compileNativeMainKotlinMetadata', task ':common:metadataNativeMainProcessResources', task ':common:metadataNativeMainClasses', task ':common:transformAppleMainDependenciesMetadata', task ':common:compileAppleMainKotlinMetadata', task ':common:metadataAppleMainProcessResources', task ':common:metadataAppleMainClasses', task ':common:transformIosMainDependenciesMetadata', task ':common:compileIosMainKotlinMetadata', task ':common:generateActualResourceCollectorsForIosArm64Main', task ':common:compileKotlinIosArm64', task ':common:generateActualResourceCollectorsForIosSimulatorArm64Main', task ':common:compileKotlinIosSimulatorArm64', task ':common:generateActualResourceCollectorsForIosX64Main', task ':common:compileKotlinIosX64', task ':common:iosArm64ResolveResourcesFromDependencies', task ':common:assembleIosArm64MainResources', task ':common:iosArm64ResolveSelfResourcesCopyHierarchicalMultiplatformResources', task ':common:iosArm64AggregateResources', task ':common:iosArm64ProcessResources', task ':common:iosArm64MainKlibrary', task ':common:compileTestKotlinIosArm64', task ':common:iosSimulatorArm64ResolveResourcesFromDependencies', task ':common:assembleIosSimulatorArm64MainResources', task ':common:iosSimulatorArm64ResolveSelfResourcesCopyHierarchicalMultiplatformResources', task ':common:iosSimulatorArm64AggregateResources', task ':common:iosSimulatorArm64ProcessResources', task ':common:iosSimulatorArm64MainKlibrary', task ':common:compileTestKotlinIosSimulatorArm64', task ':common:iosX64ResolveResourcesFromDependencies', task ':common:assembleIosX64MainResources', task ':common:iosX64ResolveSelfResourcesCopyHierarchicalMultiplatformResources', task ':common:iosX64AggregateResources', task ':common:iosX64ProcessResources', task ':common:iosX64MainKlibrary', task ':common:compileTestKotlinIosX64', task ':common:metadataIosMainProcessResources', task ':common:metadataIosMainClasses', task ':common:iosArm64MetadataElements', task ':common:iosSimulatorArm64MetadataElements', task ':common:iosX64MetadataElements', task ':common:xcodeVersion', task ':common:linkDebugFrameworkIosArm64', task ':common:linkDebugFrameworkIosX64', task ':common:linkDebugFrameworkIosFat', task ':common:linkDebugFrameworkIosSimulatorArm64', task ':common:linkReleaseFrameworkIosArm64', task ':common:linkReleaseFrameworkIosX64', task ':common:linkReleaseFrameworkIosFat', task ':common:linkReleaseFrameworkIosSimulatorArm64', task ':common:assemble', task ':common:assembleIosSimulatorArm64TestResources', task ':common:copyTestComposeResourcesForIosSimulatorArm64', task ':common:linkDebugTestIosSimulatorArm64', task ':common:iosSimulatorArm64Test', task ':common:assembleIosX64TestResources', task ':common:copyTestComposeResourcesForIosX64', task ':common:linkDebugTestIosX64', task ':common:iosX64Test', task ':common:generateDebugUnitTestStubRFile', task ':common:compileDebugUnitTestKotlinAndroid', task ':common:javaPreCompileDebugUnitTest', task ':common:compileDebugUnitTestJavaWithJavac', task ':common:processDebugUnitTestJavaRes', task ':common:testDebugUnitTest', task ':common:preReleaseUnitTestBuild', task ':common:generateReleaseUnitTestStubRFile', task ':common:compileReleaseUnitTestKotlinAndroid', task ':common:javaPreCompileReleaseUnitTest', task ':common:compileReleaseUnitTestJavaWithJavac', task ':common:processReleaseUnitTestJavaRes', task ':common:testReleaseUnitTest', task ':common:allTests', task ':common:generateDebugLintReportModel', task ':common:lintReportDebug', task ':common:lintDebug', task ':common:lint', task ':common:test', task ':common:check', task ':common:build']
Tasks that were excluded: []
Resolve mutations for :androidApp:preBuild (Thread[Execution worker,5,main]) started.
Resolve mutations for :androidApp:checkKotlinGradlePluginConfigurationErrors (Thread[Execution worker Thread 2,5,main]) started.
Resolve mutations for :common:preBuild (Thread[Execution worker Thread 3,5,main]) started.
:common:preBuild (Thread[Execution worker Thread 5,5,main]) started.
Resolve mutations for :common:checkKotlinGradlePluginConfigurationErrors (Thread[Execution worker Thread 3,5,main]) started.
Resolve mutations for :common:convertXmlValueResourcesForAndroidMain (Thread[Execution worker Thread 4,5,main]) started.
:common:checkKotlinGradlePluginConfigurationErrors (Thread[Execution worker Thread 3,5,main]) started.
:androidApp:checkKotlinGradlePluginConfigurationErrors (Thread[Execution worker,5,main]) started.
Resolve mutations for :common:copyNonXmlValueResourcesForAndroidMain (Thread[Execution worker Thread 6,5,main]) started.
Resolve mutations for :common:convertXmlValueResourcesForCommonMain (Thread[included builds,5,main]) started.
:androidApp:preBuild (Thread[Execution worker Thread 2,5,main]) started.
Resolve mutations for :common:copyNonXmlValueResourcesForCommonMain (Thread[Execution worker Thread 7,5,main]) started.
:common:copyNonXmlValueResourcesForCommonMain (Thread[Execution worker Thread 7,5,main]) started.
:common:convertXmlValueResourcesForAndroidMain (Thread[Execution worker Thread 4,5,main]) started.
Resolve mutations for :common:generateExpectResourceCollectorsForCommonMain (Thread[included builds,5,main]) started.
Resolve mutations for :common:generateComposeResClass (Thread[Execution worker Thread 6,5,main]) started.
:common:generateExpectResourceCollectorsForCommonMain (Thread[included builds,5,main]) started.
:common:generateComposeResClass (Thread[Execution worker Thread 6,5,main]) started.

> Task :androidApp:checkKotlinGradlePluginConfigurationErrors SKIPPED
Skipping task ':androidApp:checkKotlinGradlePluginConfigurationErrors' as task onlyIf 'errorDiagnostics are present' is false.

> Task :common:checkKotlinGradlePluginConfigurationErrors SKIPPED
Skipping task ':common:checkKotlinGradlePluginConfigurationErrors' as task onlyIf 'errorDiagnostics are present' is false.

> Task :androidApp:preBuild UP-TO-DATE
Skipping task ':androidApp:preBuild' as it has no actions.
Resolve mutations for :common:convertXmlValueResourcesForAndroidDebug (Thread[Execution worker Thread 3,5,main]) started.

> Task :common:preBuild UP-TO-DATE
Skipping task ':common:preBuild' as it has no actions.
Resolve mutations for :common:preDebugBuild (Thread[Execution worker Thread 5,5,main]) started.
:common:preDebugBuild (Thread[Execution worker,5,main]) started.
:common:convertXmlValueResourcesForAndroidDebug (Thread[Execution worker Thread 3,5,main]) started.
Resolve mutations for :androidApp:preDebugBuild (Thread[Execution worker Thread 2,5,main]) started.
:androidApp:preDebugBuild (Thread[Execution worker Thread 2,5,main]) started.
Resolve mutations for :common:copyNonXmlValueResourcesForAndroidDebug (Thread[Execution worker Thread 5,5,main]) started.

> Task :androidApp:preDebugBuild UP-TO-DATE
Skipping task ':androidApp:preDebugBuild' as it has no actions.
Resolve mutations for :common:debugAssetsCopyForAGP (Thread[Execution worker Thread 5,5,main]) started.
Resolve mutations for :androidApp:mergeDebugNativeDebugMetadata (Thread[Execution worker Thread 2,5,main]) started.
Resolve mutations for :androidApp:generateDebugResValues (Thread[Execution worker Thread 5,5,main]) started.
:androidApp:mergeDebugNativeDebugMetadata (Thread[Execution worker Thread 2,5,main]) started.

> Task :common:preDebugBuild UP-TO-DATE
Skipping task ':common:preDebugBuild' as it has no actions.
Resolve mutations for :common:writeDebugAarMetadata (Thread[Execution worker,5,main]) started.
:androidApp:generateDebugResValues (Thread[Execution worker Thread 5,5,main]) started.
:common:writeDebugAarMetadata (Thread[Execution worker,5,main]) started.

> Task :common:convertXmlValueResourcesForAndroidMain NO-SOURCE
file or directory '/Users/azam/AndroidStudioProjects/JoshTalk2/common/build/generated/compose/resourceGenerator/preparedResources/androidMain/composeResources', not found
Skipping task ':common:convertXmlValueResourcesForAndroidMain' as it has no source files and no previous output files.
Resolve mutations for :common:generateDebugResValues (Thread[Execution worker Thread 4,5,main]) started.
:common:generateDebugResValues (Thread[Execution worker Thread 4,5,main]) started.

> Task :common:copyNonXmlValueResourcesForCommonMain NO-SOURCE
file or directory '/Users/azam/AndroidStudioProjects/JoshTalk2/common/build/generated/compose/resourceGenerator/preparedResources/commonMain/composeResources', not found
Skipping task ':common:copyNonXmlValueResourcesForCommonMain' as it has no source files and no previous output files.
Resolve mutations for :androidApp:createDebugCompatibleScreenManifests (Thread[Execution worker Thread 7,5,main]) started.

> Task :common:convertXmlValueResourcesForAndroidDebug NO-SOURCE
file or directory '/Users/azam/AndroidStudioProjects/JoshTalk2/common/build/generated/compose/resourceGenerator/preparedResources/androidDebug/composeResources', not found
Skipping task ':common:convertXmlValueResourcesForAndroidDebug' as it has no source files and no previous output files.

> Task :androidApp:mergeDebugNativeDebugMetadata NO-SOURCE
Skipping task ':androidApp:mergeDebugNativeDebugMetadata' as it has no source files and no previous output files.
Resolve mutations for :common:processDebugManifest (Thread[Execution worker Thread 2,5,main]) started.
:common:copyNonXmlValueResourcesForAndroidMain (Thread[Execution worker Thread 3,5,main]) started.

> Task :common:copyNonXmlValueResourcesForAndroidMain NO-SOURCE
file or directory '/Users/azam/AndroidStudioProjects/JoshTalk2/common/build/generated/compose/resourceGenerator/preparedResources/androidMain/composeResources', not found
Skipping task ':common:copyNonXmlValueResourcesForAndroidMain' as it has no source files and no previous output files.
Resolve mutations for :common:prepareComposeResourcesTaskForAndroidMain (Thread[Execution worker Thread 3,5,main]) started.

> Task :common:generateDebugResValues UP-TO-DATE
Build cache key for task ':common:generateDebugResValues' is a546b5194f5be34abd880b037c68e33a
Skipping task ':common:generateDebugResValues' as it is up-to-date.
:common:processDebugManifest (Thread[Execution worker Thread 3,5,main]) started.

> Task :androidApp:generateDebugResValues UP-TO-DATE
Build cache key for task ':androidApp:generateDebugResValues' is a546b5194f5be34abd880b037c68e33a
Skipping task ':androidApp:generateDebugResValues' as it is up-to-date.
Resolve mutations for :androidApp:generateDebugResources (Thread[Execution worker Thread 5,5,main]) started.
:androidApp:createDebugCompatibleScreenManifests (Thread[Execution worker Thread 7,5,main]) started.
Resolve mutations for :androidApp:extractDeepLinksDebug (Thread[Execution worker Thread 2,5,main]) started.
:androidApp:generateDebugResources (Thread[Execution worker Thread 5,5,main]) started.
Resolve mutations for :common:generateDebugResources (Thread[Execution worker Thread 4,5,main]) started.
:common:generateDebugResources (Thread[Execution worker Thread 4,5,main]) started.
:androidApp:extractDeepLinksDebug (Thread[Execution worker Thread 2,5,main]) started.

> Task :androidApp:extractDeepLinksDebug UP-TO-DATE
Build cache key for task ':androidApp:extractDeepLinksDebug' is aa83d8435d8a36dcb9294fa6b7f988dc
Skipping task ':androidApp:extractDeepLinksDebug' as it is up-to-date.
Resolve mutations for :common:extractDeepLinksDebug (Thread[Execution worker Thread 2,5,main]) started.
:common:extractDeepLinksDebug (Thread[Execution worker Thread 2,5,main]) started.

> Task :common:extractDeepLinksDebug UP-TO-DATE
Build cache key for task ':common:extractDeepLinksDebug' is aa83d8435d8a36dcb9294fa6b7f988dc
Skipping task ':common:extractDeepLinksDebug' as it is up-to-date.
work action resolve navigation.json (project :common) (Thread[Execution worker Thread 2,5,main]) started.
:common:prepareComposeResourcesTaskForAndroidMain (Thread[Execution worker Thread 2,5,main]) started.

> Task :common:generateDebugResources UP-TO-DATE
Build cache key for task ':common:generateDebugResources' is 3da3a4bd6a354bbaabffa87d1db27e73
Skipping task ':common:generateDebugResources' as it is up-to-date.

> Task :androidApp:generateDebugResources UP-TO-DATE
Build cache key for task ':androidApp:generateDebugResources' is e805f212732b4fd8738e4ab2c5cc55bb
Skipping task ':androidApp:generateDebugResources' as it is up-to-date.

> Task :common:prepareComposeResourcesTaskForAndroidMain NO-SOURCE
Skipping task ':common:prepareComposeResourcesTaskForAndroidMain' as it has no source files and no previous output files.

> Task :common:generateExpectResourceCollectorsForCommonMain UP-TO-DATE
Caching disabled for task ':common:generateExpectResourceCollectorsForCommonMain' because:
  Caching has not been enabled for the task
Skipping task ':common:generateExpectResourceCollectorsForCommonMain' as it is up-to-date.
Resolve mutations for :common:generateResourceAccessorsForAndroidMain (Thread[Execution worker Thread 2,5,main]) started.
Resolve mutations for :androidApp:packageDebugResources (Thread[Execution worker Thread 5,5,main]) started.
Resolve mutations for :common:packageDebugResources (Thread[Execution worker Thread 4,5,main]) started.
:common:convertXmlValueResourcesForCommonMain (Thread[included builds,5,main]) started.

> Task :common:writeDebugAarMetadata UP-TO-DATE
Caching disabled for task ':common:writeDebugAarMetadata' because:
  Caching has been disabled for the task
Skipping task ':common:writeDebugAarMetadata' as it is up-to-date.
work action resolve aar-metadata.properties (project :common) (Thread[Execution worker,5,main]) started.

> Task :common:generateComposeResClass UP-TO-DATE
Caching disabled for task ':common:generateComposeResClass' because:
  Caching has not been enabled for the task
Skipping task ':common:generateComposeResClass' as it is up-to-date.
Resolve mutations for :androidApp:checkDebugAarMetadata (Thread[Execution worker,5,main]) started.

> Task :common:processDebugManifest UP-TO-DATE
Build cache key for task ':common:processDebugManifest' is cff3604fcede2eb7a3ec228fc10cf26d
Skipping task ':common:processDebugManifest' as it is up-to-date.
work action resolve AndroidManifest.xml (project :common) (Thread[Execution worker Thread 3,5,main]) started.
:common:packageDebugResources (Thread[Execution worker Thread 4,5,main]) started.
:androidApp:checkDebugAarMetadata (Thread[Execution worker,5,main]) started.
:common:generateResourceAccessorsForAndroidMain (Thread[Execution worker Thread 2,5,main]) started.
:androidApp:packageDebugResources (Thread[Execution worker Thread 5,5,main]) started.

> Task :common:convertXmlValueResourcesForCommonMain NO-SOURCE
file or directory '/Users/azam/AndroidStudioProjects/JoshTalk2/common/build/generated/compose/resourceGenerator/preparedResources/commonMain/composeResources', not found
Skipping task ':common:convertXmlValueResourcesForCommonMain' as it has no source files and no previous output files.
Resolve mutations for :common:prepareComposeResourcesTaskForCommonMain (Thread[included builds,5,main]) started.
:common:copyNonXmlValueResourcesForAndroidDebug (Thread[Execution worker Thread 6,5,main]) started.
:common:prepareComposeResourcesTaskForCommonMain (Thread[included builds,5,main]) started.

> Task :common:generateResourceAccessorsForAndroidMain NO-SOURCE
Skipping task ':common:generateResourceAccessorsForAndroidMain' as it has no source files and no previous output files.
Resolve mutations for :common:javaPreCompileDebug (Thread[Execution worker Thread 2,5,main]) started.
Resolve mutations for :androidApp:processDebugMainManifest (Thread[Execution worker Thread 3,5,main]) started.
:androidApp:processDebugMainManifest (Thread[Execution worker Thread 3,5,main]) started.
:common:javaPreCompileDebug (Thread[Execution worker Thread 2,5,main]) started.

> Task :common:prepareComposeResourcesTaskForCommonMain NO-SOURCE
Skipping task ':common:prepareComposeResourcesTaskForCommonMain' as it has no source files and no previous output files.
Resolve mutations for :common:generateResourceAccessorsForCommonMain (Thread[included builds,5,main]) started.

> Task :androidApp:createDebugCompatibleScreenManifests UP-TO-DATE
Caching disabled for task ':androidApp:createDebugCompatibleScreenManifests' because:
  Caching has been disabled for the task
Skipping task ':androidApp:createDebugCompatibleScreenManifests' as it is up-to-date.
Resolve mutations for :androidApp:javaPreCompileDebug (Thread[Execution worker Thread 7,5,main]) started.
:common:generateResourceAccessorsForCommonMain (Thread[included builds,5,main]) started.
:androidApp:javaPreCompileDebug (Thread[Execution worker Thread 7,5,main]) started.

> Task :common:copyNonXmlValueResourcesForAndroidDebug NO-SOURCE
file or directory '/Users/azam/AndroidStudioProjects/JoshTalk2/common/build/generated/compose/resourceGenerator/preparedResources/androidDebug/composeResources', not found
Skipping task ':common:copyNonXmlValueResourcesForAndroidDebug' as it has no source files and no previous output files.

> Task :common:generateResourceAccessorsForCommonMain NO-SOURCE
Skipping task ':common:generateResourceAccessorsForCommonMain' as it has no source files and no previous output files.
Resolve mutations for :common:generateActualResourceCollectorsForAndroidMain (Thread[included builds,5,main]) started.
:common:generateActualResourceCollectorsForAndroidMain (Thread[included builds,5,main]) started.
Resolve mutations for :common:prepareComposeResourcesTaskForAndroidDebug (Thread[Execution worker Thread 6,5,main]) started.

> Task :common:generateActualResourceCollectorsForAndroidMain UP-TO-DATE
Caching disabled for task ':common:generateActualResourceCollectorsForAndroidMain' because:
  Caching has not been enabled for the task
Skipping task ':common:generateActualResourceCollectorsForAndroidMain' as it is up-to-date.
Resolve mutations for :androidApp:mergeDebugShaders (Thread[included builds,5,main]) started.

> Task :common:javaPreCompileDebug UP-TO-DATE
Build cache key for task ':common:javaPreCompileDebug' is 05cca37972037a6282acbfb083abb765
Skipping task ':common:javaPreCompileDebug' as it is up-to-date.
Resolve mutations for :common:mergeDebugShaders (Thread[Execution worker Thread 2,5,main]) started.

> Task :androidApp:javaPreCompileDebug UP-TO-DATE
Build cache key for task ':androidApp:javaPreCompileDebug' is 05cca37972037a6282acbfb083abb765
Skipping task ':androidApp:javaPreCompileDebug' as it is up-to-date.
:common:prepareComposeResourcesTaskForAndroidDebug (Thread[Execution worker Thread 6,5,main]) started.
:common:debugAssetsCopyForAGP (Thread[Execution worker Thread 7,5,main]) started.
:androidApp:mergeDebugShaders (Thread[included builds,5,main]) started.
:common:mergeDebugShaders (Thread[Execution worker Thread 2,5,main]) started.

> Task :common:debugAssetsCopyForAGP NO-SOURCE
Skipping task ':common:debugAssetsCopyForAGP' as it has no source files and no previous output files.
Resolve mutations for :androidApp:checkDebugDuplicateClasses (Thread[Execution worker Thread 7,5,main]) started.
:androidApp:checkDebugDuplicateClasses (Thread[Execution worker Thread 7,5,main]) started.

> Task :common:prepareComposeResourcesTaskForAndroidDebug NO-SOURCE
Skipping task ':common:prepareComposeResourcesTaskForAndroidDebug' as it has no source files and no previous output files.
Resolve mutations for :common:generateResourceAccessorsForAndroidDebug (Thread[Execution worker Thread 6,5,main]) started.

> Task :androidApp:mergeDebugShaders UP-TO-DATE
Caching disabled for task ':androidApp:mergeDebugShaders' because:
  Simple merging task
Skipping task ':androidApp:mergeDebugShaders' as it is up-to-date.
Resolve mutations for :androidApp:compileDebugShaders (Thread[included builds,5,main]) started.
:common:generateResourceAccessorsForAndroidDebug (Thread[Execution worker Thread 6,5,main]) started.

> Task :common:packageDebugResources UP-TO-DATE
Build cache key for task ':common:packageDebugResources' is b7c80293ec0bf04d5c1fd51613ddd1de
Skipping task ':common:packageDebugResources' as it is up-to-date.
work action resolve packageDebugResources (project :common) (Thread[Execution worker Thread 4,5,main]) started.
Resolve mutations for :androidApp:mapDebugSourceSetPaths (Thread[Execution worker Thread 4,5,main]) started.

> Task :common:mergeDebugShaders UP-TO-DATE
Caching disabled for task ':common:mergeDebugShaders' because:
  Simple merging task
Skipping task ':common:mergeDebugShaders' as it is up-to-date.
Resolve mutations for :androidApp:mergeDebugResources (Thread[Execution worker Thread 2,5,main]) started.
Resolve mutations for :common:compileDebugLibraryResources (Thread[included builds,5,main]) started.

> Task :common:generateResourceAccessorsForAndroidDebug NO-SOURCE
Skipping task ':common:generateResourceAccessorsForAndroidDebug' as it has no source files and no previous output files.
Resolve mutations for :common:parseDebugLocalResources (Thread[Execution worker Thread 6,5,main]) started.
:androidApp:mergeDebugResources (Thread[Execution worker Thread 2,5,main]) started.
:common:parseDebugLocalResources (Thread[Execution worker Thread 6,5,main]) started.
:common:compileDebugLibraryResources (Thread[included builds,5,main]) started.

> Task :common:compileDebugLibraryResources UP-TO-DATE
Build cache key for task ':common:compileDebugLibraryResources' is 232c453605e1fe617e77fe194d88118e
Skipping task ':common:compileDebugLibraryResources' as it is up-to-date.
work action resolve out (project :common) (Thread[included builds,5,main]) started.
:androidApp:compileDebugShaders (Thread[included builds,5,main]) started.

> Task :androidApp:packageDebugResources UP-TO-DATE
Build cache key for task ':androidApp:packageDebugResources' is 2dbf06eb2901a0acf6628524938bac91
Skipping task ':androidApp:packageDebugResources' as it is up-to-date.
Resolve mutations for :androidApp:parseDebugLocalResources (Thread[Execution worker Thread 5,5,main]) started.
:androidApp:parseDebugLocalResources (Thread[Execution worker Thread 5,5,main]) started.

> Task :androidApp:compileDebugShaders NO-SOURCE
Skipping task ':androidApp:compileDebugShaders' as it has no source files and no previous output files.
Resolve mutations for :androidApp:generateDebugAssets (Thread[included builds,5,main]) started.
:androidApp:mapDebugSourceSetPaths (Thread[Execution worker Thread 4,5,main]) started.
:androidApp:generateDebugAssets (Thread[included builds,5,main]) started.

> Task :androidApp:generateDebugAssets UP-TO-DATE
Skipping task ':androidApp:generateDebugAssets' as it has no actions.
Resolve mutations for :common:compileDebugShaders (Thread[included builds,5,main]) started.
:common:compileDebugShaders (Thread[included builds,5,main]) started.

> Task :common:compileDebugShaders NO-SOURCE
Skipping task ':common:compileDebugShaders' as it has no source files and no previous output files.
Resolve mutations for :common:copyDebugComposeResourcesToAndroidAssets (Thread[included builds,5,main]) started.
:common:copyDebugComposeResourcesToAndroidAssets (Thread[included builds,5,main]) started.

> Task :common:parseDebugLocalResources UP-TO-DATE
Transforming android.jar with PlatformAttrTransform
Transforming android.jar with PlatformAttrTransform
Build cache key for task ':common:parseDebugLocalResources' is 1c641b66d849abdaa0ff4df930ffecac
Skipping task ':common:parseDebugLocalResources' as it is up-to-date.

> Task :common:copyDebugComposeResourcesToAndroidAssets UP-TO-DATE
Caching disabled for task ':common:copyDebugComposeResourcesToAndroidAssets' because:
  Caching has not been enabled for the task
Skipping task ':common:copyDebugComposeResourcesToAndroidAssets' as it is up-to-date.
Resolve mutations for :common:generateDebugAssets (Thread[included builds,5,main]) started.
:common:generateDebugAssets (Thread[included builds,5,main]) started.

> Task :common:generateDebugAssets UP-TO-DATE
Skipping task ':common:generateDebugAssets' as it has no actions.
Resolve mutations for :common:packageDebugAssets (Thread[included builds,5,main]) started.
:common:packageDebugAssets (Thread[included builds,5,main]) started.

> Task :common:packageDebugAssets UP-TO-DATE
Caching disabled for task ':common:packageDebugAssets' because:
  Simple merging task
Skipping task ':common:packageDebugAssets' as it is up-to-date.
work action resolve out (project :common) (Thread[included builds,5,main]) started.

> Task :androidApp:parseDebugLocalResources UP-TO-DATE
Transforming android.jar with PlatformAttrTransform
Transforming android.jar with PlatformAttrTransform
Build cache key for task ':androidApp:parseDebugLocalResources' is b7e48861c2b5fa71218a1125ad57d9f6
Skipping task ':androidApp:parseDebugLocalResources' as it is up-to-date.
Resolve mutations for :common:generateDebugRFile (Thread[Execution worker Thread 6,5,main]) started.
Resolve mutations for :androidApp:desugarDebugFileDependencies (Thread[Execution worker Thread 5,5,main]) started.
Resolve mutations for :androidApp:mergeDebugAssets (Thread[included builds,5,main]) started.
:common:generateDebugRFile (Thread[Execution worker Thread 6,5,main]) started.
:androidApp:mergeDebugAssets (Thread[included builds,5,main]) started.
:androidApp:desugarDebugFileDependencies (Thread[Execution worker Thread 5,5,main]) started.

> Task :androidApp:desugarDebugFileDependencies UP-TO-DATE
Build cache key for task ':androidApp:desugarDebugFileDependencies' is b0dfbe168ecb03ebf656946392adf210
Skipping task ':androidApp:desugarDebugFileDependencies' as it is up-to-date.
Resolve mutations for :androidApp:mergeDebugStartupProfile (Thread[Execution worker Thread 5,5,main]) started.
:androidApp:mergeDebugStartupProfile (Thread[Execution worker Thread 5,5,main]) started.

> Task :androidApp:mergeDebugStartupProfile UP-TO-DATE
Caching disabled for task ':androidApp:mergeDebugStartupProfile' because:
  Simple merging task
Skipping task ':androidApp:mergeDebugStartupProfile' as it is up-to-date.

> Task :common:generateDebugRFile UP-TO-DATE
Transforming android.jar with PlatformAttrTransform
Build cache key for task ':common:generateDebugRFile' is 2e6811145aa2ed6780fcdadf048592f6
Skipping task ':common:generateDebugRFile' as it is up-to-date.
work action resolve package-aware-r.txt (project :common) (Thread[Execution worker Thread 6,5,main]) started.
Resolve mutations for :common:compileDebugKotlinAndroid (Thread[Execution worker Thread 6,5,main]) started.
work action Unknown value (Thread[Execution worker Thread 5,5,main]) started.
work action Unknown value (Thread[Execution worker Thread 5,5,main]) started.
Resolve mutations for :androidApp:mergeDebugJniLibFolders (Thread[Execution worker Thread 5,5,main]) started.
:common:compileDebugKotlinAndroid (Thread[Execution worker Thread 6,5,main]) started.
:androidApp:mergeDebugJniLibFolders (Thread[Execution worker Thread 5,5,main]) started.

> Task :androidApp:checkDebugAarMetadata UP-TO-DATE
Transforming library-release.aar (org.jetbrains.compose.components:components-resources-android:1.7.0) with ExtractAarTransform
Transforming library-release.aar (org.jetbrains.compose.components:components-resources-android:1.7.0) with AarTransform
Transforming material-1.0.0.aar (androidx.compose.material:material:1.0.0) with ExtractAarTransform
Transforming material-1.0.0.aar (androidx.compose.material:material:1.0.0) with AarTransform
Transforming navigation-common-2.8.0-rc01.aar (androidx.navigation:navigation-common:2.8.0-rc01) with ExtractAarTransform
Transforming navigation-common-2.8.0-rc01.aar (androidx.navigation:navigation-common:2.8.0-rc01) with AarTransform
Transforming navigation-runtime-2.8.0-rc01.aar (androidx.navigation:navigation-runtime:2.8.0-rc01) with ExtractAarTransform
Transforming navigation-runtime-2.8.0-rc01.aar (androidx.navigation:navigation-runtime:2.8.0-rc01) with AarTransform
Transforming navigation-common-ktx-2.8.0-rc01.aar (androidx.navigation:navigation-common-ktx:2.8.0-rc01) with ExtractAarTransform
Transforming navigation-common-ktx-2.8.0-rc01.aar (androidx.navigation:navigation-common-ktx:2.8.0-rc01) with AarTransform
Transforming navigation-runtime-ktx-2.8.0-rc01.aar (androidx.navigation:navigation-runtime-ktx:2.8.0-rc01) with ExtractAarTransform
Transforming navigation-runtime-ktx-2.8.0-rc01.aar (androidx.navigation:navigation-runtime-ktx:2.8.0-rc01) with AarTransform
Transforming navigation-compose-2.8.0-rc01.aar (androidx.navigation:navigation-compose:2.8.0-rc01) with ExtractAarTransform
Transforming navigation-compose-2.8.0-rc01.aar (androidx.navigation:navigation-compose:2.8.0-rc01) with AarTransform
Transforming material3-release.aar (androidx.compose.material3:material3-android:1.3.1) with ExtractAarTransform
Transforming material3-release.aar (androidx.compose.material3:material3-android:1.3.1) with AarTransform
Transforming material-ripple-release.aar (androidx.compose.material:material-ripple-android:1.7.1) with ExtractAarTransform
Transforming material-ripple-release.aar (androidx.compose.material:material-ripple-android:1.7.1) with AarTransform
Transforming foundation-layout-release.aar (androidx.compose.foundation:foundation-layout-android:1.7.5) with ExtractAarTransform
Transforming foundation-layout-release.aar (androidx.compose.foundation:foundation-layout-android:1.7.5) with AarTransform
Transforming foundation-release.aar (androidx.compose.foundation:foundation-android:1.7.5) with ExtractAarTransform
Transforming foundation-release.aar (androidx.compose.foundation:foundation-android:1.7.5) with AarTransform
Transforming animation-core-release.aar (androidx.compose.animation:animation-core-android:1.7.5) with ExtractAarTransform
Transforming animation-core-release.aar (androidx.compose.animation:animation-core-android:1.7.5) with AarTransform
Transforming animation-release.aar (androidx.compose.animation:animation-android:1.7.5) with ExtractAarTransform
Transforming animation-release.aar (androidx.compose.animation:animation-android:1.7.5) with AarTransform
Transforming ui-util-release.aar (androidx.compose.ui:ui-util-android:1.7.5) with ExtractAarTransform
Transforming ui-util-release.aar (androidx.compose.ui:ui-util-android:1.7.5) with AarTransform
Transforming ui-unit-release.aar (androidx.compose.ui:ui-unit-android:1.7.5) with ExtractAarTransform
Transforming ui-unit-release.aar (androidx.compose.ui:ui-unit-android:1.7.5) with AarTransform
Transforming ui-text-release.aar (androidx.compose.ui:ui-text-android:1.7.5) with ExtractAarTransform
Transforming ui-text-release.aar (androidx.compose.ui:ui-text-android:1.7.5) with AarTransform
Transforming ui-graphics-release.aar (androidx.compose.ui:ui-graphics-android:1.7.5) with ExtractAarTransform
Transforming ui-graphics-release.aar (androidx.compose.ui:ui-graphics-android:1.7.5) with AarTransform
Transforming ui-geometry-release.aar (androidx.compose.ui:ui-geometry-android:1.7.5) with ExtractAarTransform
Transforming ui-geometry-release.aar (androidx.compose.ui:ui-geometry-android:1.7.5) with AarTransform
Transforming ui-tooling-data-release.aar (androidx.compose.ui:ui-tooling-data-android:1.7.5) with ExtractAarTransform
Transforming ui-tooling-data-release.aar (androidx.compose.ui:ui-tooling-data-android:1.7.5) with AarTransform
Transforming ui-tooling-preview-release.aar (androidx.compose.ui:ui-tooling-preview-android:1.7.5) with ExtractAarTransform
Transforming ui-tooling-preview-release.aar (androidx.compose.ui:ui-tooling-preview-android:1.7.5) with AarTransform
Transforming material-icons-core-release.aar (androidx.compose.material:material-icons-core-android:1.7.1) with ExtractAarTransform
Transforming material-icons-core-release.aar (androidx.compose.material:material-icons-core-android:1.7.1) with AarTransform
Transforming activity-1.9.3.aar (androidx.activity:activity:1.9.3) with ExtractAarTransform
Transforming activity-1.9.3.aar (androidx.activity:activity:1.9.3) with AarTransform
Transforming activity-ktx-1.9.3.aar (androidx.activity:activity-ktx:1.9.3) with ExtractAarTransform
Transforming activity-ktx-1.9.3.aar (androidx.activity:activity-ktx:1.9.3) with AarTransform
Transforming savedstate-ktx-1.2.1.aar (androidx.savedstate:savedstate-ktx:1.2.1) with ExtractAarTransform
Transforming savedstate-ktx-1.2.1.aar (androidx.savedstate:savedstate-ktx:1.2.1) with AarTransform
Transforming autofill-1.0.0.aar (androidx.autofill:autofill:1.0.0) with ExtractAarTransform
Transforming autofill-1.0.0.aar (androidx.autofill:autofill:1.0.0) with AarTransform
Transforming emoji2-1.3.0.aar (androidx.emoji2:emoji2:1.3.0) with ExtractAarTransform
Transforming emoji2-1.3.0.aar (androidx.emoji2:emoji2:1.3.0) with AarTransform
Transforming graphics-path-1.0.1.aar (androidx.graphics:graphics-path:1.0.1) with ExtractAarTransform
Transforming graphics-path-1.0.1.aar (androidx.graphics:graphics-path:1.0.1) with AarTransform
Transforming customview-poolingcontainer-1.0.0.aar (androidx.customview:customview-poolingcontainer:1.0.0) with ExtractAarTransform
Transforming customview-poolingcontainer-1.0.0.aar (androidx.customview:customview-poolingcontainer:1.0.0) with AarTransform
Transforming core-bundle-debug.aar (org.jetbrains.androidx.core:core-bundle-android-debug:1.0.1) with ExtractAarTransform
Transforming core-bundle-debug.aar (org.jetbrains.androidx.core:core-bundle-android-debug:1.0.1) with AarTransform
Transforming core-ktx-1.13.1.aar (androidx.core:core-ktx:1.13.1) with ExtractAarTransform
Transforming core-ktx-1.13.1.aar (androidx.core:core-ktx:1.13.1) with AarTransform
Transforming core-1.13.1.aar (androidx.core:core:1.13.1) with ExtractAarTransform
Transforming core-1.13.1.aar (androidx.core:core:1.13.1) with AarTransform
Transforming core-1.13.1.aar (androidx.core:core:1.13.1) with ExtractAarTransform
Transforming core-1.13.1.aar (androidx.core:core:1.13.1) with AarTransform
Transforming lifecycle-runtime-ktx-release.aar (androidx.lifecycle:lifecycle-runtime-ktx-android:2.8.5) with ExtractAarTransform
Transforming lifecycle-runtime-ktx-release.aar (androidx.lifecycle:lifecycle-runtime-ktx-android:2.8.5) with AarTransform
Transforming lifecycle-process-2.8.5.aar (androidx.lifecycle:lifecycle-process:2.8.5) with ExtractAarTransform
Transforming lifecycle-process-2.8.5.aar (androidx.lifecycle:lifecycle-process:2.8.5) with AarTransform
Transforming lifecycle-viewmodel-ktx-2.8.5.aar (androidx.lifecycle:lifecycle-viewmodel-ktx:2.8.5) with ExtractAarTransform
Transforming lifecycle-viewmodel-ktx-2.8.5.aar (androidx.lifecycle:lifecycle-viewmodel-ktx:2.8.5) with AarTransform
Transforming lifecycle-livedata-core-2.8.5.aar (androidx.lifecycle:lifecycle-livedata-core:2.8.5) with ExtractAarTransform
Transforming lifecycle-livedata-core-2.8.5.aar (androidx.lifecycle:lifecycle-livedata-core:2.8.5) with AarTransform
Transforming lifecycle-runtime-release.aar (androidx.lifecycle:lifecycle-runtime-android:2.8.5) with ExtractAarTransform
Transforming lifecycle-runtime-release.aar (androidx.lifecycle:lifecycle-runtime-android:2.8.5) with AarTransform
Transforming lifecycle-viewmodel-release.aar (androidx.lifecycle:lifecycle-viewmodel-android:2.8.5) with ExtractAarTransform
Transforming lifecycle-viewmodel-release.aar (androidx.lifecycle:lifecycle-viewmodel-android:2.8.5) with AarTransform
Transforming lifecycle-runtime-compose-release.aar (androidx.lifecycle:lifecycle-runtime-compose-android:2.8.5) with ExtractAarTransform
Transforming lifecycle-runtime-compose-release.aar (androidx.lifecycle:lifecycle-runtime-compose-android:2.8.5) with AarTransform
Transforming lifecycle-viewmodel-savedstate-2.8.5.aar (androidx.lifecycle:lifecycle-viewmodel-savedstate:2.8.5) with ExtractAarTransform
Transforming lifecycle-viewmodel-savedstate-2.8.5.aar (androidx.lifecycle:lifecycle-viewmodel-savedstate:2.8.5) with AarTransform
Transforming savedstate-1.2.1.aar (androidx.savedstate:savedstate:1.2.1) with ExtractAarTransform
Transforming savedstate-1.2.1.aar (androidx.savedstate:savedstate:1.2.1) with AarTransform
Transforming lifecycle-viewmodel-compose-release.aar (androidx.lifecycle:lifecycle-viewmodel-compose-android:2.8.5) with ExtractAarTransform
Transforming lifecycle-viewmodel-compose-release.aar (androidx.lifecycle:lifecycle-viewmodel-compose-android:2.8.5) with AarTransform
Transforming ui-release.aar (androidx.compose.ui:ui-android:1.7.5) with ExtractAarTransform
Transforming ui-release.aar (androidx.compose.ui:ui-android:1.7.5) with AarTransform
Transforming ui-tooling-release.aar (androidx.compose.ui:ui-tooling-android:1.7.5) with ExtractAarTransform
Transforming ui-tooling-release.aar (androidx.compose.ui:ui-tooling-android:1.7.5) with AarTransform
Transforming activity-compose-1.9.3.aar (androidx.activity:activity-compose:1.9.3) with ExtractAarTransform
Transforming activity-compose-1.9.3.aar (androidx.activity:activity-compose:1.9.3) with AarTransform
Transforming library-release.aar (org.jetbrains.compose.components:components-ui-tooling-preview-android:1.7.0) with ExtractAarTransform
Transforming library-release.aar (org.jetbrains.compose.components:components-ui-tooling-preview-android:1.7.0) with AarTransform
Transforming runtime-saveable-release.aar (androidx.compose.runtime:runtime-saveable-android:1.7.5) with ExtractAarTransform
Transforming runtime-saveable-release.aar (androidx.compose.runtime:runtime-saveable-android:1.7.5) with AarTransform
Transforming runtime-release.aar (androidx.compose.runtime:runtime-android:1.7.5) with ExtractAarTransform
Transforming runtime-release.aar (androidx.compose.runtime:runtime-android:1.7.5) with AarTransform
Transforming annotation-experimental-1.4.1.aar (androidx.annotation:annotation-experimental:1.4.1) with ExtractAarTransform
Transforming annotation-experimental-1.4.1.aar (androidx.annotation:annotation-experimental:1.4.1) with AarTransform
Transforming versionedparcelable-1.1.1.aar (androidx.versionedparcelable:versionedparcelable:1.1.1) with ExtractAarTransform
Transforming versionedparcelable-1.1.1.aar (androidx.versionedparcelable:versionedparcelable:1.1.1) with AarTransform
Transforming profileinstaller-1.3.1.aar (androidx.profileinstaller:profileinstaller:1.3.1) with ExtractAarTransform
Transforming profileinstaller-1.3.1.aar (androidx.profileinstaller:profileinstaller:1.3.1) with AarTransform
Transforming core-runtime-2.2.0.aar (androidx.arch.core:core-runtime:2.2.0) with ExtractAarTransform
Transforming core-runtime-2.2.0.aar (androidx.arch.core:core-runtime:2.2.0) with AarTransform
Transforming startup-runtime-1.1.1.aar (androidx.startup:startup-runtime:1.1.1) with ExtractAarTransform
Transforming startup-runtime-1.1.1.aar (androidx.startup:startup-runtime:1.1.1) with AarTransform
Transforming tracing-1.0.0.aar (androidx.tracing:tracing:1.0.0) with ExtractAarTransform
Transforming tracing-1.0.0.aar (androidx.tracing:tracing:1.0.0) with AarTransform
Transforming interpolator-1.0.0.aar (androidx.interpolator:interpolator:1.0.0) with ExtractAarTransform
Transforming interpolator-1.0.0.aar (androidx.interpolator:interpolator:1.0.0) with AarTransform
Caching disabled for task ':androidApp:checkDebugAarMetadata' because:
  Caching has been disabled for the task
Skipping task ':androidApp:checkDebugAarMetadata' as it is up-to-date.
Resolve mutations for :common:mergeDebugJniLibFolders (Thread[Execution worker,5,main]) started.
:common:mergeDebugJniLibFolders (Thread[Execution worker,5,main]) started.

> Task :androidApp:mergeDebugJniLibFolders UP-TO-DATE
Caching disabled for task ':androidApp:mergeDebugJniLibFolders' because:
  Simple merging task
Skipping task ':androidApp:mergeDebugJniLibFolders' as it is up-to-date.
Resolve mutations for :androidApp:validateSigningDebug (Thread[Execution worker Thread 5,5,main]) started.
:androidApp:validateSigningDebug (Thread[Execution worker Thread 5,5,main]) started.

> Task :common:mergeDebugJniLibFolders UP-TO-DATE
Caching disabled for task ':common:mergeDebugJniLibFolders' because:
  Simple merging task
Skipping task ':common:mergeDebugJniLibFolders' as it is up-to-date.
Resolve mutations for :common:mergeDebugNativeLibs (Thread[Execution worker,5,main]) started.
:common:mergeDebugNativeLibs (Thread[Execution worker,5,main]) started.

> Task :androidApp:validateSigningDebug UP-TO-DATE
Caching disabled for task ':androidApp:validateSigningDebug' because:
  Caching has been disabled for the task
Skipping task ':androidApp:validateSigningDebug' as it is up-to-date.
Resolve mutations for :androidApp:writeDebugAppMetadata (Thread[Execution worker Thread 5,5,main]) started.
:androidApp:writeDebugAppMetadata (Thread[Execution worker Thread 5,5,main]) started.

> Task :androidApp:writeDebugAppMetadata UP-TO-DATE
Caching disabled for task ':androidApp:writeDebugAppMetadata' because:
  Caching has been disabled for the task
Skipping task ':androidApp:writeDebugAppMetadata' as it is up-to-date.
Resolve mutations for :androidApp:writeDebugSigningConfigVersions (Thread[Execution worker Thread 5,5,main]) started.

> Task :common:mergeDebugNativeLibs NO-SOURCE
Skipping task ':common:mergeDebugNativeLibs' as it has no source files and no previous output files.
Resolve mutations for :common:copyDebugJniLibsProjectOnly (Thread[Execution worker,5,main]) started.
:common:copyDebugJniLibsProjectOnly (Thread[Execution worker,5,main]) started.
:androidApp:writeDebugSigningConfigVersions (Thread[Execution worker Thread 5,5,main]) started.

> Task :common:copyDebugJniLibsProjectOnly UP-TO-DATE
Caching disabled for task ':common:copyDebugJniLibsProjectOnly' because:
  Caching has been disabled for the task
Skipping task ':common:copyDebugJniLibsProjectOnly' as it is up-to-date.
work action resolve jni (project :common) (Thread[Execution worker,5,main]) started.
Resolve mutations for :androidApp:mergeDebugNativeLibs (Thread[Execution worker,5,main]) started.
:androidApp:mergeDebugNativeLibs (Thread[Execution worker,5,main]) started.

> Task :androidApp:mapDebugSourceSetPaths UP-TO-DATE
Transforming foundation-layout-release.aar (androidx.compose.foundation:foundation-layout-android:1.7.5) with ExtractAarTransform
Transforming foundation-layout-release.aar (androidx.compose.foundation:foundation-layout-android:1.7.5) with AarTransform
Transforming foundation-release.aar (androidx.compose.foundation:foundation-android:1.7.5) with ExtractAarTransform
Transforming foundation-release.aar (androidx.compose.foundation:foundation-android:1.7.5) with AarTransform
Transforming animation-core-release.aar (androidx.compose.animation:animation-core-android:1.7.5) with ExtractAarTransform
Transforming animation-core-release.aar (androidx.compose.animation:animation-core-android:1.7.5) with AarTransform
Transforming animation-release.aar (androidx.compose.animation:animation-android:1.7.5) with ExtractAarTransform
Transforming animation-release.aar (androidx.compose.animation:animation-android:1.7.5) with AarTransform
Transforming ui-util-release.aar (androidx.compose.ui:ui-util-android:1.7.5) with ExtractAarTransform
Transforming ui-util-release.aar (androidx.compose.ui:ui-util-android:1.7.5) with AarTransform
Transforming ui-unit-release.aar (androidx.compose.ui:ui-unit-android:1.7.5) with ExtractAarTransform
Transforming ui-unit-release.aar (androidx.compose.ui:ui-unit-android:1.7.5) with AarTransform
Transforming ui-text-release.aar (androidx.compose.ui:ui-text-android:1.7.5) with ExtractAarTransform
Transforming ui-text-release.aar (androidx.compose.ui:ui-text-android:1.7.5) with AarTransform
Transforming ui-graphics-release.aar (androidx.compose.ui:ui-graphics-android:1.7.5) with ExtractAarTransform
Transforming ui-graphics-release.aar (androidx.compose.ui:ui-graphics-android:1.7.5) with AarTransform
Transforming ui-geometry-release.aar (androidx.compose.ui:ui-geometry-android:1.7.5) with ExtractAarTransform
Transforming ui-geometry-release.aar (androidx.compose.ui:ui-geometry-android:1.7.5) with AarTransform
Transforming material-icons-core-release.aar (androidx.compose.material:material-icons-core-android:1.7.1) with ExtractAarTransform
Transforming material-icons-core-release.aar (androidx.compose.material:material-icons-core-android:1.7.1) with AarTransform
Transforming activity-1.9.3.aar (androidx.activity:activity:1.9.3) with ExtractAarTransform
Transforming activity-1.9.3.aar (androidx.activity:activity:1.9.3) with AarTransform
Transforming activity-ktx-1.9.3.aar (androidx.activity:activity-ktx:1.9.3) with ExtractAarTransform
Transforming activity-ktx-1.9.3.aar (androidx.activity:activity-ktx:1.9.3) with AarTransform
Transforming savedstate-ktx-1.2.1.aar (androidx.savedstate:savedstate-ktx:1.2.1) with ExtractAarTransform
Transforming savedstate-ktx-1.2.1.aar (androidx.savedstate:savedstate-ktx:1.2.1) with AarTransform
Transforming graphics-path-1.0.1.aar (androidx.graphics:graphics-path:1.0.1) with ExtractAarTransform
Transforming graphics-path-1.0.1.aar (androidx.graphics:graphics-path:1.0.1) with AarTransform
Transforming customview-poolingcontainer-1.0.0.aar (androidx.customview:customview-poolingcontainer:1.0.0) with ExtractAarTransform
Transforming customview-poolingcontainer-1.0.0.aar (androidx.customview:customview-poolingcontainer:1.0.0) with AarTransform
Transforming core-1.13.1.aar (androidx.core:core:1.13.1) with ExtractAarTransform
Transforming core-1.13.1.aar (androidx.core:core:1.13.1) with AarTransform
Transforming core-1.13.1.aar (androidx.core:core:1.13.1) with ExtractAarTransform
Transforming core-1.13.1.aar (androidx.core:core:1.13.1) with AarTransform
Transforming lifecycle-viewmodel-savedstate-2.8.5.aar (androidx.lifecycle:lifecycle-viewmodel-savedstate:2.8.5) with ExtractAarTransform
Transforming lifecycle-viewmodel-savedstate-2.8.5.aar (androidx.lifecycle:lifecycle-viewmodel-savedstate:2.8.5) with AarTransform
Transforming savedstate-1.2.1.aar (androidx.savedstate:savedstate:1.2.1) with ExtractAarTransform
Transforming savedstate-1.2.1.aar (androidx.savedstate:savedstate:1.2.1) with AarTransform
Transforming lifecycle-viewmodel-compose-release.aar (androidx.lifecycle:lifecycle-viewmodel-compose-android:2.8.5) with ExtractAarTransform
Transforming lifecycle-viewmodel-compose-release.aar (androidx.lifecycle:lifecycle-viewmodel-compose-android:2.8.5) with AarTransform
Transforming ui-release.aar (androidx.compose.ui:ui-android:1.7.5) with ExtractAarTransform
Transforming ui-release.aar (androidx.compose.ui:ui-android:1.7.5) with AarTransform
Transforming ui-tooling-release.aar (androidx.compose.ui:ui-tooling-android:1.7.5) with ExtractAarTransform
Transforming ui-tooling-release.aar (androidx.compose.ui:ui-tooling-android:1.7.5) with AarTransform
Transforming activity-compose-1.9.3.aar (androidx.activity:activity-compose:1.9.3) with ExtractAarTransform
Transforming activity-compose-1.9.3.aar (androidx.activity:activity-compose:1.9.3) with AarTransform
Transforming library-release.aar (org.jetbrains.compose.components:components-ui-tooling-preview-android:1.7.0) with ExtractAarTransform
Transforming library-release.aar (org.jetbrains.compose.components:components-ui-tooling-preview-android:1.7.0) with AarTransform
Transforming runtime-saveable-release.aar (androidx.compose.runtime:runtime-saveable-android:1.7.5) with ExtractAarTransform
Transforming runtime-saveable-release.aar (androidx.compose.runtime:runtime-saveable-android:1.7.5) with AarTransform
Transforming runtime-release.aar (androidx.compose.runtime:runtime-android:1.7.5) with ExtractAarTransform
Transforming runtime-release.aar (androidx.compose.runtime:runtime-android:1.7.5) with AarTransform
Transforming annotation-experimental-1.4.1.aar (androidx.annotation:annotation-experimental:1.4.1) with ExtractAarTransform
Transforming annotation-experimental-1.4.1.aar (androidx.annotation:annotation-experimental:1.4.1) with AarTransform
Transforming versionedparcelable-1.1.1.aar (androidx.versionedparcelable:versionedparcelable:1.1.1) with ExtractAarTransform
Transforming versionedparcelable-1.1.1.aar (androidx.versionedparcelable:versionedparcelable:1.1.1) with AarTransform
Transforming profileinstaller-1.3.1.aar (androidx.profileinstaller:profileinstaller:1.3.1) with ExtractAarTransform
Transforming profileinstaller-1.3.1.aar (androidx.profileinstaller:profileinstaller:1.3.1) with AarTransform
Transforming core-runtime-2.2.0.aar (androidx.arch.core:core-runtime:2.2.0) with ExtractAarTransform
Transforming core-runtime-2.2.0.aar (androidx.arch.core:core-runtime:2.2.0) with AarTransform
Transforming startup-runtime-1.1.1.aar (androidx.startup:startup-runtime:1.1.1) with ExtractAarTransform
Transforming startup-runtime-1.1.1.aar (androidx.startup:startup-runtime:1.1.1) with AarTransform
Transforming tracing-1.0.0.aar (androidx.tracing:tracing:1.0.0) with ExtractAarTransform
Transforming tracing-1.0.0.aar (androidx.tracing:tracing:1.0.0) with AarTransform
Transforming interpolator-1.0.0.aar (androidx.interpolator:interpolator:1.0.0) with ExtractAarTransform
Transforming interpolator-1.0.0.aar (androidx.interpolator:interpolator:1.0.0) with AarTransform
Caching disabled for task ':androidApp:mapDebugSourceSetPaths' because:
  Caching has been disabled for the task
Skipping task ':androidApp:mapDebugSourceSetPaths' as it is up-to-date.
Resolve mutations for :androidApp:buildKotlinToolingMetadata (Thread[Execution worker Thread 4,5,main]) started.

> Task :androidApp:writeDebugSigningConfigVersions UP-TO-DATE
Caching disabled for task ':androidApp:writeDebugSigningConfigVersions' because:
  Caching has been disabled for the task
Skipping task ':androidApp:writeDebugSigningConfigVersions' as it is up-to-date.
Resolve mutations for :androidApp:preReleaseBuild (Thread[Execution worker Thread 5,5,main]) started.
:androidApp:buildKotlinToolingMetadata (Thread[Execution worker Thread 4,5,main]) started.
:androidApp:preReleaseBuild (Thread[Execution worker Thread 5,5,main]) started.

> Task :androidApp:mergeDebugResources UP-TO-DATE
Transforming library-release.aar (org.jetbrains.compose.components:components-resources-android:1.7.0) with ExtractAarTransform
Transforming library-release.aar (org.jetbrains.compose.components:components-resources-android:1.7.0) with AarTransform
Transforming material-1.0.0.aar (androidx.compose.material:material:1.0.0) with ExtractAarTransform
Transforming material-1.0.0.aar (androidx.compose.material:material:1.0.0) with AarTransform
Transforming navigation-common-2.8.0-rc01.aar (androidx.navigation:navigation-common:2.8.0-rc01) with ExtractAarTransform
Transforming navigation-common-2.8.0-rc01.aar (androidx.navigation:navigation-common:2.8.0-rc01) with AarTransform
Transforming navigation-runtime-2.8.0-rc01.aar (androidx.navigation:navigation-runtime:2.8.0-rc01) with ExtractAarTransform
Transforming navigation-runtime-2.8.0-rc01.aar (androidx.navigation:navigation-runtime:2.8.0-rc01) with AarTransform
Transforming navigation-common-ktx-2.8.0-rc01.aar (androidx.navigation:navigation-common-ktx:2.8.0-rc01) with ExtractAarTransform
Transforming navigation-common-ktx-2.8.0-rc01.aar (androidx.navigation:navigation-common-ktx:2.8.0-rc01) with AarTransform
Transforming navigation-runtime-ktx-2.8.0-rc01.aar (androidx.navigation:navigation-runtime-ktx:2.8.0-rc01) with ExtractAarTransform
Transforming navigation-runtime-ktx-2.8.0-rc01.aar (androidx.navigation:navigation-runtime-ktx:2.8.0-rc01) with AarTransform
Transforming navigation-compose-2.8.0-rc01.aar (androidx.navigation:navigation-compose:2.8.0-rc01) with ExtractAarTransform
Transforming navigation-compose-2.8.0-rc01.aar (androidx.navigation:navigation-compose:2.8.0-rc01) with AarTransform
Transforming material3-release.aar (androidx.compose.material3:material3-android:1.3.1) with ExtractAarTransform
Transforming material3-release.aar (androidx.compose.material3:material3-android:1.3.1) with AarTransform
Transforming material-ripple-release.aar (androidx.compose.material:material-ripple-android:1.7.1) with ExtractAarTransform
Transforming material-ripple-release.aar (androidx.compose.material:material-ripple-android:1.7.1) with AarTransform
Transforming foundation-layout-release.aar (androidx.compose.foundation:foundation-layout-android:1.7.5) with ExtractAarTransform
Transforming foundation-layout-release.aar (androidx.compose.foundation:foundation-layout-android:1.7.5) with AarTransform
Transforming ui-geometry-release.aar (androidx.compose.ui:ui-geometry-android:1.7.5) with ExtractAarTransform
Transforming ui-geometry-release.aar (androidx.compose.ui:ui-geometry-android:1.7.5) with AarTransform
Transforming ui-tooling-data-release.aar (androidx.compose.ui:ui-tooling-data-android:1.7.5) with ExtractAarTransform
Transforming ui-tooling-data-release.aar (androidx.compose.ui:ui-tooling-data-android:1.7.5) with AarTransform
Transforming ui-tooling-preview-release.aar (androidx.compose.ui:ui-tooling-preview-android:1.7.5) with ExtractAarTransform
Transforming ui-tooling-preview-release.aar (androidx.compose.ui:ui-tooling-preview-android:1.7.5) with AarTransform
Transforming material-icons-core-release.aar (androidx.compose.material:material-icons-core-android:1.7.1) with ExtractAarTransform
Transforming material-icons-core-release.aar (androidx.compose.material:material-icons-core-android:1.7.1) with AarTransform
Transforming activity-ktx-1.9.3.aar (androidx.activity:activity-ktx:1.9.3) with ExtractAarTransform
Transforming activity-ktx-1.9.3.aar (androidx.activity:activity-ktx:1.9.3) with AarTransform
Transforming savedstate-ktx-1.2.1.aar (androidx.savedstate:savedstate-ktx:1.2.1) with ExtractAarTransform
Transforming savedstate-ktx-1.2.1.aar (androidx.savedstate:savedstate-ktx:1.2.1) with AarTransform
Transforming autofill-1.0.0.aar (androidx.autofill:autofill:1.0.0) with ExtractAarTransform
Transforming autofill-1.0.0.aar (androidx.autofill:autofill:1.0.0) with AarTransform
Transforming emoji2-1.3.0.aar (androidx.emoji2:emoji2:1.3.0) with ExtractAarTransform
Transforming emoji2-1.3.0.aar (androidx.emoji2:emoji2:1.3.0) with AarTransform
Transforming graphics-path-1.0.1.aar (androidx.graphics:graphics-path:1.0.1) with ExtractAarTransform
Transforming graphics-path-1.0.1.aar (androidx.graphics:graphics-path:1.0.1) with AarTransform
Transforming customview-poolingcontainer-1.0.0.aar (androidx.customview:customview-poolingcontainer:1.0.0) with ExtractAarTransform
Transforming customview-poolingcontainer-1.0.0.aar (androidx.customview:customview-poolingcontainer:1.0.0) with AarTransform
Transforming core-bundle-debug.aar (org.jetbrains.androidx.core:core-bundle-android-debug:1.0.1) with ExtractAarTransform
Transforming core-bundle-debug.aar (org.jetbrains.androidx.core:core-bundle-android-debug:1.0.1) with AarTransform
Transforming core-ktx-1.13.1.aar (androidx.core:core-ktx:1.13.1) with ExtractAarTransform
Transforming core-ktx-1.13.1.aar (androidx.core:core-ktx:1.13.1) with AarTransform
Transforming core-1.13.1.aar (androidx.core:core:1.13.1) with ExtractAarTransform
Transforming core-1.13.1.aar (androidx.core:core:1.13.1) with AarTransform
Transforming core-1.13.1.aar (androidx.core:core:1.13.1) with ExtractAarTransform
Transforming core-1.13.1.aar (androidx.core:core:1.13.1) with AarTransform
Transforming lifecycle-runtime-ktx-release.aar (androidx.lifecycle:lifecycle-runtime-ktx-android:2.8.5) with ExtractAarTransform
Transforming lifecycle-runtime-ktx-release.aar (androidx.lifecycle:lifecycle-runtime-ktx-android:2.8.5) with AarTransform
Transforming lifecycle-process-2.8.5.aar (androidx.lifecycle:lifecycle-process:2.8.5) with ExtractAarTransform
Transforming lifecycle-process-2.8.5.aar (androidx.lifecycle:lifecycle-process:2.8.5) with AarTransform
Transforming lifecycle-viewmodel-ktx-2.8.5.aar (androidx.lifecycle:lifecycle-viewmodel-ktx:2.8.5) with ExtractAarTransform
Transforming lifecycle-viewmodel-ktx-2.8.5.aar (androidx.lifecycle:lifecycle-viewmodel-ktx:2.8.5) with AarTransform
Transforming lifecycle-livedata-core-2.8.5.aar (androidx.lifecycle:lifecycle-livedata-core:2.8.5) with ExtractAarTransform
Transforming lifecycle-livedata-core-2.8.5.aar (androidx.lifecycle:lifecycle-livedata-core:2.8.5) with AarTransform
Transforming lifecycle-runtime-release.aar (androidx.lifecycle:lifecycle-runtime-android:2.8.5) with ExtractAarTransform
Transforming lifecycle-runtime-release.aar (androidx.lifecycle:lifecycle-runtime-android:2.8.5) with AarTransform
Transforming lifecycle-viewmodel-release.aar (androidx.lifecycle:lifecycle-viewmodel-android:2.8.5) with ExtractAarTransform
Transforming lifecycle-viewmodel-release.aar (androidx.lifecycle:lifecycle-viewmodel-android:2.8.5) with AarTransform
Transforming lifecycle-runtime-compose-release.aar (androidx.lifecycle:lifecycle-runtime-compose-android:2.8.5) with ExtractAarTransform
Transforming lifecycle-runtime-compose-release.aar (androidx.lifecycle:lifecycle-runtime-compose-android:2.8.5) with AarTransform
Transforming lifecycle-viewmodel-savedstate-2.8.5.aar (androidx.lifecycle:lifecycle-viewmodel-savedstate:2.8.5) with ExtractAarTransform
Transforming lifecycle-viewmodel-savedstate-2.8.5.aar (androidx.lifecycle:lifecycle-viewmodel-savedstate:2.8.5) with AarTransform
Transforming savedstate-1.2.1.aar (androidx.savedstate:savedstate:1.2.1) with ExtractAarTransform
Transforming savedstate-1.2.1.aar (androidx.savedstate:savedstate:1.2.1) with AarTransform
Transforming interpolator-1.0.0.aar (androidx.interpolator:interpolator:1.0.0) with ExtractAarTransform
Transforming interpolator-1.0.0.aar (androidx.interpolator:interpolator:1.0.0) with AarTransform
Build cache key for task ':androidApp:mergeDebugResources' is 0f5ab31dcf48a86486893029e5b71bf3
Skipping task ':androidApp:mergeDebugResources' as it is up-to-date.

> Task :androidApp:preReleaseBuild UP-TO-DATE
Skipping task ':androidApp:preReleaseBuild' as it has no actions.
Resolve mutations for :common:preReleaseBuild (Thread[Execution worker Thread 2,5,main]) started.
Resolve mutations for :androidApp:generateReleaseResValues (Thread[Execution worker Thread 5,5,main]) started.
:common:preReleaseBuild (Thread[Execution worker Thread 2,5,main]) started.
:androidApp:generateReleaseResValues (Thread[Execution worker Thread 5,5,main]) started.

> Task :common:preReleaseBuild UP-TO-DATE
Skipping task ':common:preReleaseBuild' as it has no actions.
Resolve mutations for :common:writeReleaseAarMetadata (Thread[Execution worker Thread 2,5,main]) started.

> Task :androidApp:buildKotlinToolingMetadata UP-TO-DATE
Caching disabled for task ':androidApp:buildKotlinToolingMetadata' because:
  Caching has been disabled for the task
Skipping task ':androidApp:buildKotlinToolingMetadata' as it is up-to-date.
Resolve mutations for :common:generateReleaseResValues (Thread[Execution worker Thread 4,5,main]) started.
:common:generateReleaseResValues (Thread[Execution worker Thread 4,5,main]) started.
:common:writeReleaseAarMetadata (Thread[Execution worker Thread 2,5,main]) started.

> Task :common:generateReleaseResValues UP-TO-DATE
Build cache key for task ':common:generateReleaseResValues' is a546b5194f5be34abd880b037c68e33a
Skipping task ':common:generateReleaseResValues' as it is up-to-date.
Resolve mutations for :common:generateReleaseResources (Thread[Execution worker Thread 4,5,main]) started.
:common:generateReleaseResources (Thread[Execution worker Thread 4,5,main]) started.

> Task :common:writeReleaseAarMetadata UP-TO-DATE
Caching disabled for task ':common:writeReleaseAarMetadata' because:
  Caching has been disabled for the task
Skipping task ':common:writeReleaseAarMetadata' as it is up-to-date.

> Task :androidApp:generateReleaseResValues UP-TO-DATE
Build cache key for task ':androidApp:generateReleaseResValues' is a546b5194f5be34abd880b037c68e33a
Skipping task ':androidApp:generateReleaseResValues' as it is up-to-date.
work action resolve aar-metadata.properties (project :common) (Thread[Execution worker Thread 2,5,main]) started.
Resolve mutations for :androidApp:generateReleaseResources (Thread[Execution worker Thread 5,5,main]) started.
:androidApp:generateReleaseResources (Thread[Execution worker Thread 5,5,main]) started.

> Task :androidApp:checkDebugDuplicateClasses UP-TO-DATE
Transforming library-release.aar (org.jetbrains.compose.components:components-resources-android:1.7.0) with AarToClassTransform
Transforming library-release.aar (org.jetbrains.compose.components:components-resources-android:1.7.0) with EnumerateClassesTransform
Transforming material-1.0.0.aar (androidx.compose.material:material:1.0.0) with AarToClassTransform
Transforming material-1.0.0.aar (androidx.compose.material:material:1.0.0) with EnumerateClassesTransform
Transforming navigation-common-2.8.0-rc01.aar (androidx.navigation:navigation-common:2.8.0-rc01) with AarToClassTransform
Transforming navigation-common-2.8.0-rc01.aar (androidx.navigation:navigation-common:2.8.0-rc01) with EnumerateClassesTransform
Transforming navigation-runtime-2.8.0-rc01.aar (androidx.navigation:navigation-runtime:2.8.0-rc01) with AarToClassTransform
Transforming navigation-runtime-2.8.0-rc01.aar (androidx.navigation:navigation-runtime:2.8.0-rc01) with EnumerateClassesTransform
Transforming navigation-common-ktx-2.8.0-rc01.aar (androidx.navigation:navigation-common-ktx:2.8.0-rc01) with AarToClassTransform
Transforming navigation-common-ktx-2.8.0-rc01.aar (androidx.navigation:navigation-common-ktx:2.8.0-rc01) with EnumerateClassesTransform
Transforming navigation-runtime-ktx-2.8.0-rc01.aar (androidx.navigation:navigation-runtime-ktx:2.8.0-rc01) with AarToClassTransform
Transforming navigation-runtime-ktx-2.8.0-rc01.aar (androidx.navigation:navigation-runtime-ktx:2.8.0-rc01) with EnumerateClassesTransform
Transforming navigation-compose-2.8.0-rc01.aar (androidx.navigation:navigation-compose:2.8.0-rc01) with AarToClassTransform
Transforming navigation-compose-2.8.0-rc01.aar (androidx.navigation:navigation-compose:2.8.0-rc01) with EnumerateClassesTransform
Transforming material3-release.aar (androidx.compose.material3:material3-android:1.3.1) with AarToClassTransform
Transforming material3-release.aar (androidx.compose.material3:material3-android:1.3.1) with EnumerateClassesTransform
Transforming material-ripple-release.aar (androidx.compose.material:material-ripple-android:1.7.1) with AarToClassTransform
Transforming material-ripple-release.aar (androidx.compose.material:material-ripple-android:1.7.1) with EnumerateClassesTransform
Transforming foundation-layout-release.aar (androidx.compose.foundation:foundation-layout-android:1.7.5) with AarToClassTransform
Transforming foundation-layout-release.aar (androidx.compose.foundation:foundation-layout-android:1.7.5) with EnumerateClassesTransform
Transforming foundation-release.aar (androidx.compose.foundation:foundation-android:1.7.5) with AarToClassTransform
Transforming foundation-release.aar (androidx.compose.foundation:foundation-android:1.7.5) with EnumerateClassesTransform
Transforming animation-core-release.aar (androidx.compose.animation:animation-core-android:1.7.5) with AarToClassTransform
Transforming animation-core-release.aar (androidx.compose.animation:animation-core-android:1.7.5) with EnumerateClassesTransform
Transforming animation-release.aar (androidx.compose.animation:animation-android:1.7.5) with AarToClassTransform
Transforming animation-release.aar (androidx.compose.animation:animation-android:1.7.5) with EnumerateClassesTransform
Transforming ui-util-release.aar (androidx.compose.ui:ui-util-android:1.7.5) with AarToClassTransform
Transforming ui-util-release.aar (androidx.compose.ui:ui-util-android:1.7.5) with EnumerateClassesTransform
Transforming ui-unit-release.aar (androidx.compose.ui:ui-unit-android:1.7.5) with AarToClassTransform
Transforming ui-unit-release.aar (androidx.compose.ui:ui-unit-android:1.7.5) with EnumerateClassesTransform
Transforming ui-text-release.aar (androidx.compose.ui:ui-text-android:1.7.5) with AarToClassTransform
Transforming ui-text-release.aar (androidx.compose.ui:ui-text-android:1.7.5) with EnumerateClassesTransform
Transforming ui-graphics-release.aar (androidx.compose.ui:ui-graphics-android:1.7.5) with AarToClassTransform
Transforming ui-graphics-release.aar (androidx.compose.ui:ui-graphics-android:1.7.5) with EnumerateClassesTransform
Transforming ui-geometry-release.aar (androidx.compose.ui:ui-geometry-android:1.7.5) with AarToClassTransform
Transforming ui-geometry-release.aar (androidx.compose.ui:ui-geometry-android:1.7.5) with EnumerateClassesTransform
Transforming ui-tooling-data-release.aar (androidx.compose.ui:ui-tooling-data-android:1.7.5) with AarToClassTransform
Transforming ui-tooling-data-release.aar (androidx.compose.ui:ui-tooling-data-android:1.7.5) with EnumerateClassesTransform
Transforming ui-tooling-preview-release.aar (androidx.compose.ui:ui-tooling-preview-android:1.7.5) with AarToClassTransform
Transforming ui-tooling-preview-release.aar (androidx.compose.ui:ui-tooling-preview-android:1.7.5) with EnumerateClassesTransform
Transforming material-icons-core-release.aar (androidx.compose.material:material-icons-core-android:1.7.1) with AarToClassTransform
Transforming material-icons-core-release.aar (androidx.compose.material:material-icons-core-android:1.7.1) with EnumerateClassesTransform
Transforming activity-1.9.3.aar (androidx.activity:activity:1.9.3) with AarToClassTransform
Transforming activity-1.9.3.aar (androidx.activity:activity:1.9.3) with EnumerateClassesTransform
Transforming activity-ktx-1.9.3.aar (androidx.activity:activity-ktx:1.9.3) with AarToClassTransform
Transforming activity-ktx-1.9.3.aar (androidx.activity:activity-ktx:1.9.3) with EnumerateClassesTransform
Transforming savedstate-ktx-1.2.1.aar (androidx.savedstate:savedstate-ktx:1.2.1) with AarToClassTransform
Transforming savedstate-ktx-1.2.1.aar (androidx.savedstate:savedstate-ktx:1.2.1) with EnumerateClassesTransform
Transforming autofill-1.0.0.aar (androidx.autofill:autofill:1.0.0) with AarToClassTransform
Transforming autofill-1.0.0.aar (androidx.autofill:autofill:1.0.0) with EnumerateClassesTransform
Transforming emoji2-1.3.0.aar (androidx.emoji2:emoji2:1.3.0) with AarToClassTransform
Transforming emoji2-1.3.0.aar (androidx.emoji2:emoji2:1.3.0) with EnumerateClassesTransform
Transforming graphics-path-1.0.1.aar (androidx.graphics:graphics-path:1.0.1) with AarToClassTransform
Transforming graphics-path-1.0.1.aar (androidx.graphics:graphics-path:1.0.1) with EnumerateClassesTransform
Transforming customview-poolingcontainer-1.0.0.aar (androidx.customview:customview-poolingcontainer:1.0.0) with AarToClassTransform
Transforming customview-poolingcontainer-1.0.0.aar (androidx.customview:customview-poolingcontainer:1.0.0) with EnumerateClassesTransform
Transforming core-bundle-debug.aar (org.jetbrains.androidx.core:core-bundle-android-debug:1.0.1) with AarToClassTransform
Transforming core-bundle-debug.aar (org.jetbrains.androidx.core:core-bundle-android-debug:1.0.1) with EnumerateClassesTransform
Transforming core-ktx-1.13.1.aar (androidx.core:core-ktx:1.13.1) with AarToClassTransform
Transforming core-ktx-1.13.1.aar (androidx.core:core-ktx:1.13.1) with EnumerateClassesTransform
Transforming core-1.13.1.aar (androidx.core:core:1.13.1) with AarToClassTransform
Transforming core-1.13.1.aar (androidx.core:core:1.13.1) with EnumerateClassesTransform
Transforming core-1.13.1.aar (androidx.core:core:1.13.1) with AarToClassTransform
Transforming core-1.13.1.aar (androidx.core:core:1.13.1) with EnumerateClassesTransform
Transforming lifecycle-runtime-ktx-release.aar (androidx.lifecycle:lifecycle-runtime-ktx-android:2.8.5) with AarToClassTransform
Transforming lifecycle-runtime-ktx-release.aar (androidx.lifecycle:lifecycle-runtime-ktx-android:2.8.5) with EnumerateClassesTransform
Transforming lifecycle-process-2.8.5.aar (androidx.lifecycle:lifecycle-process:2.8.5) with AarToClassTransform
Transforming lifecycle-process-2.8.5.aar (androidx.lifecycle:lifecycle-process:2.8.5) with EnumerateClassesTransform
Transforming lifecycle-viewmodel-ktx-2.8.5.aar (androidx.lifecycle:lifecycle-viewmodel-ktx:2.8.5) with AarToClassTransform
Transforming lifecycle-viewmodel-ktx-2.8.5.aar (androidx.lifecycle:lifecycle-viewmodel-ktx:2.8.5) with EnumerateClassesTransform
Transforming lifecycle-livedata-core-2.8.5.aar (androidx.lifecycle:lifecycle-livedata-core:2.8.5) with AarToClassTransform
Transforming lifecycle-livedata-core-2.8.5.aar (androidx.lifecycle:lifecycle-livedata-core:2.8.5) with EnumerateClassesTransform
Transforming lifecycle-common-java8-2.8.5.jar (androidx.lifecycle:lifecycle-common-java8:2.8.5) with IdentityTransform
Transforming lifecycle-common-java8-2.8.5.jar (androidx.lifecycle:lifecycle-common-java8:2.8.5) with EnumerateClassesTransform
Transforming lifecycle-runtime-release.aar (androidx.lifecycle:lifecycle-runtime-android:2.8.5) with AarToClassTransform
Transforming lifecycle-runtime-release.aar (androidx.lifecycle:lifecycle-runtime-android:2.8.5) with EnumerateClassesTransform
Transforming lifecycle-viewmodel-release.aar (androidx.lifecycle:lifecycle-viewmodel-android:2.8.5) with AarToClassTransform
Transforming lifecycle-viewmodel-release.aar (androidx.lifecycle:lifecycle-viewmodel-android:2.8.5) with EnumerateClassesTransform
Transforming lifecycle-runtime-compose-release.aar (androidx.lifecycle:lifecycle-runtime-compose-android:2.8.5) with AarToClassTransform
Transforming lifecycle-runtime-compose-release.aar (androidx.lifecycle:lifecycle-runtime-compose-android:2.8.5) with EnumerateClassesTransform
Transforming lifecycle-viewmodel-savedstate-2.8.5.aar (androidx.lifecycle:lifecycle-viewmodel-savedstate:2.8.5) with AarToClassTransform
Transforming lifecycle-viewmodel-savedstate-2.8.5.aar (androidx.lifecycle:lifecycle-viewmodel-savedstate:2.8.5) with EnumerateClassesTransform
Transforming savedstate-1.2.1.aar (androidx.savedstate:savedstate:1.2.1) with AarToClassTransform
Transforming savedstate-1.2.1.aar (androidx.savedstate:savedstate:1.2.1) with EnumerateClassesTransform
Transforming lifecycle-common-jvm-2.8.5.jar (androidx.lifecycle:lifecycle-common-jvm:2.8.5) with IdentityTransform
Transforming lifecycle-common-jvm-2.8.5.jar (androidx.lifecycle:lifecycle-common-jvm:2.8.5) with EnumerateClassesTransform
Transforming lifecycle-viewmodel-compose-release.aar (androidx.lifecycle:lifecycle-viewmodel-compose-android:2.8.5) with AarToClassTransform
Transforming lifecycle-viewmodel-compose-release.aar (androidx.lifecycle:lifecycle-viewmodel-compose-android:2.8.5) with EnumerateClassesTransform
Transforming ui-release.aar (androidx.compose.ui:ui-android:1.7.5) with AarToClassTransform
Transforming ui-release.aar (androidx.compose.ui:ui-android:1.7.5) with EnumerateClassesTransform
Transforming ui-tooling-release.aar (androidx.compose.ui:ui-tooling-android:1.7.5) with AarToClassTransform
Transforming ui-tooling-release.aar (androidx.compose.ui:ui-tooling-android:1.7.5) with EnumerateClassesTransform
Transforming activity-compose-1.9.3.aar (androidx.activity:activity-compose:1.9.3) with AarToClassTransform
Transforming activity-compose-1.9.3.aar (androidx.activity:activity-compose:1.9.3) with EnumerateClassesTransform
Transforming library-release.aar (org.jetbrains.compose.components:components-ui-tooling-preview-android:1.7.0) with AarToClassTransform
Transforming library-release.aar (org.jetbrains.compose.components:components-ui-tooling-preview-android:1.7.0) with EnumerateClassesTransform
Transforming runtime-saveable-release.aar (androidx.compose.runtime:runtime-saveable-android:1.7.5) with AarToClassTransform
Transforming runtime-saveable-release.aar (androidx.compose.runtime:runtime-saveable-android:1.7.5) with EnumerateClassesTransform
Transforming runtime-release.aar (androidx.compose.runtime:runtime-android:1.7.5) with AarToClassTransform
Transforming runtime-release.aar (androidx.compose.runtime:runtime-android:1.7.5) with EnumerateClassesTransform
Transforming atomicfu-jvm-0.23.2.jar (org.jetbrains.kotlinx:atomicfu-jvm:0.23.2) with IdentityTransform
Transforming atomicfu-jvm-0.23.2.jar (org.jetbrains.kotlinx:atomicfu-jvm:0.23.2) with EnumerateClassesTransform
Transforming kotlinx-coroutines-android-1.8.0.jar (org.jetbrains.kotlinx:kotlinx-coroutines-android:1.8.0) with IdentityTransform
Transforming kotlinx-coroutines-android-1.8.0.jar (org.jetbrains.kotlinx:kotlinx-coroutines-android:1.8.0) with EnumerateClassesTransform
Transforming kotlinx-coroutines-core-jvm-1.8.0.jar (org.jetbrains.kotlinx:kotlinx-coroutines-core-jvm:1.8.0) with IdentityTransform
Transforming kotlinx-coroutines-core-jvm-1.8.0.jar (org.jetbrains.kotlinx:kotlinx-coroutines-core-jvm:1.8.0) with EnumerateClassesTransform
Transforming annotation-experimental-1.4.1.aar (androidx.annotation:annotation-experimental:1.4.1) with AarToClassTransform
Transforming annotation-experimental-1.4.1.aar (androidx.annotation:annotation-experimental:1.4.1) with EnumerateClassesTransform
Transforming kotlinx-serialization-core-jvm-1.6.3.jar (org.jetbrains.kotlinx:kotlinx-serialization-core-jvm:1.6.3) with IdentityTransform
Transforming kotlinx-serialization-core-jvm-1.6.3.jar (org.jetbrains.kotlinx:kotlinx-serialization-core-jvm:1.6.3) with EnumerateClassesTransform
Transforming versionedparcelable-1.1.1.aar (androidx.versionedparcelable:versionedparcelable:1.1.1) with AarToClassTransform
Transforming versionedparcelable-1.1.1.aar (androidx.versionedparcelable:versionedparcelable:1.1.1) with EnumerateClassesTransform
Transforming collection-ktx-1.4.4.jar (androidx.collection:collection-ktx:1.4.4) with IdentityTransform
Transforming collection-ktx-1.4.4.jar (androidx.collection:collection-ktx:1.4.4) with EnumerateClassesTransform
Transforming collection-jvm-1.4.4.jar (androidx.collection:collection-jvm:1.4.4) with IdentityTransform
Transforming collection-jvm-1.4.4.jar (androidx.collection:collection-jvm:1.4.4) with EnumerateClassesTransform
Transforming profileinstaller-1.3.1.aar (androidx.profileinstaller:profileinstaller:1.3.1) with AarToClassTransform
Transforming profileinstaller-1.3.1.aar (androidx.profileinstaller:profileinstaller:1.3.1) with EnumerateClassesTransform
Transforming core-runtime-2.2.0.aar (androidx.arch.core:core-runtime:2.2.0) with AarToClassTransform
Transforming core-runtime-2.2.0.aar (androidx.arch.core:core-runtime:2.2.0) with EnumerateClassesTransform
Transforming core-common-2.2.0.jar (androidx.arch.core:core-common:2.2.0) with IdentityTransform
Transforming core-common-2.2.0.jar (androidx.arch.core:core-common:2.2.0) with EnumerateClassesTransform
Transforming concurrent-futures-1.1.0.jar (androidx.concurrent:concurrent-futures:1.1.0) with IdentityTransform
Transforming concurrent-futures-1.1.0.jar (androidx.concurrent:concurrent-futures:1.1.0) with EnumerateClassesTransform
Transforming startup-runtime-1.1.1.aar (androidx.startup:startup-runtime:1.1.1) with AarToClassTransform
Transforming startup-runtime-1.1.1.aar (androidx.startup:startup-runtime:1.1.1) with EnumerateClassesTransform
Transforming tracing-1.0.0.aar (androidx.tracing:tracing:1.0.0) with AarToClassTransform
Transforming tracing-1.0.0.aar (androidx.tracing:tracing:1.0.0) with EnumerateClassesTransform
Transforming interpolator-1.0.0.aar (androidx.interpolator:interpolator:1.0.0) with AarToClassTransform
Transforming interpolator-1.0.0.aar (androidx.interpolator:interpolator:1.0.0) with EnumerateClassesTransform
Transforming annotation-jvm-1.8.1.jar (androidx.annotation:annotation-jvm:1.8.1) with IdentityTransform
Transforming annotation-jvm-1.8.1.jar (androidx.annotation:annotation-jvm:1.8.1) with EnumerateClassesTransform
Transforming kotlin-stdlib-2.0.21.jar (org.jetbrains.kotlin:kotlin-stdlib:2.0.21) with IdentityTransform
Transforming kotlin-stdlib-2.0.21.jar (org.jetbrains.kotlin:kotlin-stdlib:2.0.21) with EnumerateClassesTransform
Transforming annotations-23.0.0.jar (org.jetbrains:annotations:23.0.0) with IdentityTransform
Transforming annotations-23.0.0.jar (org.jetbrains:annotations:23.0.0) with EnumerateClassesTransform
Transforming listenablefuture-1.0.jar (com.google.guava:listenablefuture:1.0) with IdentityTransform
Transforming listenablefuture-1.0.jar (com.google.guava:listenablefuture:1.0) with EnumerateClassesTransform
Caching disabled for task ':androidApp:checkDebugDuplicateClasses' because:
  Caching has been disabled for the task
Skipping task ':androidApp:checkDebugDuplicateClasses' as it is up-to-date.

> Task :common:generateReleaseResources UP-TO-DATE
Build cache key for task ':common:generateReleaseResources' is baa4ba72a834b529ff2e1c2064e91ec4
Skipping task ':common:generateReleaseResources' as it is up-to-date.
Resolve mutations for :androidApp:mergeExtDexDebug (Thread[Execution worker Thread 7,5,main]) started.
:androidApp:mergeExtDexDebug (Thread[Execution worker Thread 7,5,main]) started.
Resolve mutations for :androidApp:checkReleaseAarMetadata (Thread[Execution worker Thread 2,5,main]) started.

> Task :androidApp:processDebugMainManifest UP-TO-DATE
Transforming library-release.aar (org.jetbrains.compose.components:components-resources-android:1.7.0) with ExtractAarTransform
Transforming library-release.aar (org.jetbrains.compose.components:components-resources-android:1.7.0) with AarTransform
Transforming material-1.0.0.aar (androidx.compose.material:material:1.0.0) with ExtractAarTransform
Transforming material-1.0.0.aar (androidx.compose.material:material:1.0.0) with AarTransform
Transforming navigation-common-2.8.0-rc01.aar (androidx.navigation:navigation-common:2.8.0-rc01) with ExtractAarTransform
Transforming navigation-common-2.8.0-rc01.aar (androidx.navigation:navigation-common:2.8.0-rc01) with AarTransform
Transforming navigation-runtime-2.8.0-rc01.aar (androidx.navigation:navigation-runtime:2.8.0-rc01) with ExtractAarTransform
Transforming navigation-runtime-2.8.0-rc01.aar (androidx.navigation:navigation-runtime:2.8.0-rc01) with AarTransform
Transforming navigation-common-ktx-2.8.0-rc01.aar (androidx.navigation:navigation-common-ktx:2.8.0-rc01) with ExtractAarTransform
Transforming navigation-common-ktx-2.8.0-rc01.aar (androidx.navigation:navigation-common-ktx:2.8.0-rc01) with AarTransform
Transforming navigation-runtime-ktx-2.8.0-rc01.aar (androidx.navigation:navigation-runtime-ktx:2.8.0-rc01) with ExtractAarTransform
Transforming navigation-runtime-ktx-2.8.0-rc01.aar (androidx.navigation:navigation-runtime-ktx:2.8.0-rc01) with AarTransform
Transforming navigation-compose-2.8.0-rc01.aar (androidx.navigation:navigation-compose:2.8.0-rc01) with ExtractAarTransform
Transforming navigation-compose-2.8.0-rc01.aar (androidx.navigation:navigation-compose:2.8.0-rc01) with AarTransform
Transforming material3-release.aar (androidx.compose.material3:material3-android:1.3.1) with ExtractAarTransform
Transforming material3-release.aar (androidx.compose.material3:material3-android:1.3.1) with AarTransform
Transforming material-ripple-release.aar (androidx.compose.material:material-ripple-android:1.7.1) with ExtractAarTransform
Transforming material-ripple-release.aar (androidx.compose.material:material-ripple-android:1.7.1) with AarTransform
Transforming foundation-layout-release.aar (androidx.compose.foundation:foundation-layout-android:1.7.5) with ExtractAarTransform
Transforming foundation-layout-release.aar (androidx.compose.foundation:foundation-layout-android:1.7.5) with AarTransform
Transforming foundation-release.aar (androidx.compose.foundation:foundation-android:1.7.5) with ExtractAarTransform
Transforming foundation-release.aar (androidx.compose.foundation:foundation-android:1.7.5) with AarTransform
Transforming animation-core-release.aar (androidx.compose.animation:animation-core-android:1.7.5) with ExtractAarTransform
Transforming animation-core-release.aar (androidx.compose.animation:animation-core-android:1.7.5) with AarTransform
Transforming animation-release.aar (androidx.compose.animation:animation-android:1.7.5) with ExtractAarTransform
Transforming animation-release.aar (androidx.compose.animation:animation-android:1.7.5) with AarTransform
Transforming ui-util-release.aar (androidx.compose.ui:ui-util-android:1.7.5) with ExtractAarTransform
Transforming ui-util-release.aar (androidx.compose.ui:ui-util-android:1.7.5) with AarTransform
Transforming ui-unit-release.aar (androidx.compose.ui:ui-unit-android:1.7.5) with ExtractAarTransform
Transforming ui-unit-release.aar (androidx.compose.ui:ui-unit-android:1.7.5) with AarTransform
Transforming ui-text-release.aar (androidx.compose.ui:ui-text-android:1.7.5) with ExtractAarTransform
Transforming ui-text-release.aar (androidx.compose.ui:ui-text-android:1.7.5) with AarTransform
Transforming ui-graphics-release.aar (androidx.compose.ui:ui-graphics-android:1.7.5) with ExtractAarTransform
Transforming ui-graphics-release.aar (androidx.compose.ui:ui-graphics-android:1.7.5) with AarTransform
Transforming ui-geometry-release.aar (androidx.compose.ui:ui-geometry-android:1.7.5) with ExtractAarTransform
Transforming ui-geometry-release.aar (androidx.compose.ui:ui-geometry-android:1.7.5) with AarTransform
Transforming ui-tooling-data-release.aar (androidx.compose.ui:ui-tooling-data-android:1.7.5) with ExtractAarTransform
Transforming ui-tooling-data-release.aar (androidx.compose.ui:ui-tooling-data-android:1.7.5) with AarTransform
Transforming ui-tooling-preview-release.aar (androidx.compose.ui:ui-tooling-preview-android:1.7.5) with ExtractAarTransform
Transforming ui-tooling-preview-release.aar (androidx.compose.ui:ui-tooling-preview-android:1.7.5) with AarTransform
Transforming material-icons-core-release.aar (androidx.compose.material:material-icons-core-android:1.7.1) with ExtractAarTransform
Transforming material-icons-core-release.aar (androidx.compose.material:material-icons-core-android:1.7.1) with AarTransform
Transforming activity-1.9.3.aar (androidx.activity:activity:1.9.3) with ExtractAarTransform
Transforming activity-1.9.3.aar (androidx.activity:activity:1.9.3) with AarTransform
Transforming activity-ktx-1.9.3.aar (androidx.activity:activity-ktx:1.9.3) with ExtractAarTransform
Transforming activity-ktx-1.9.3.aar (androidx.activity:activity-ktx:1.9.3) with AarTransform
Transforming savedstate-ktx-1.2.1.aar (androidx.savedstate:savedstate-ktx:1.2.1) with ExtractAarTransform
Transforming savedstate-ktx-1.2.1.aar (androidx.savedstate:savedstate-ktx:1.2.1) with AarTransform
Transforming autofill-1.0.0.aar (androidx.autofill:autofill:1.0.0) with ExtractAarTransform
Transforming autofill-1.0.0.aar (androidx.autofill:autofill:1.0.0) with AarTransform
Transforming emoji2-1.3.0.aar (androidx.emoji2:emoji2:1.3.0) with ExtractAarTransform
Transforming emoji2-1.3.0.aar (androidx.emoji2:emoji2:1.3.0) with AarTransform
Transforming graphics-path-1.0.1.aar (androidx.graphics:graphics-path:1.0.1) with ExtractAarTransform
Transforming graphics-path-1.0.1.aar (androidx.graphics:graphics-path:1.0.1) with AarTransform
Transforming customview-poolingcontainer-1.0.0.aar (androidx.customview:customview-poolingcontainer:1.0.0) with ExtractAarTransform
Transforming customview-poolingcontainer-1.0.0.aar (androidx.customview:customview-poolingcontainer:1.0.0) with AarTransform
Transforming core-bundle-debug.aar (org.jetbrains.androidx.core:core-bundle-android-debug:1.0.1) with ExtractAarTransform
Transforming core-bundle-debug.aar (org.jetbrains.androidx.core:core-bundle-android-debug:1.0.1) with AarTransform
Transforming core-ktx-1.13.1.aar (androidx.core:core-ktx:1.13.1) with ExtractAarTransform
Transforming core-ktx-1.13.1.aar (androidx.core:core-ktx:1.13.1) with AarTransform
Transforming core-1.13.1.aar (androidx.core:core:1.13.1) with ExtractAarTransform
Transforming core-1.13.1.aar (androidx.core:core:1.13.1) with AarTransform
Transforming core-1.13.1.aar (androidx.core:core:1.13.1) with ExtractAarTransform
Transforming core-1.13.1.aar (androidx.core:core:1.13.1) with AarTransform
Transforming lifecycle-runtime-ktx-release.aar (androidx.lifecycle:lifecycle-runtime-ktx-android:2.8.5) with ExtractAarTransform
Transforming lifecycle-runtime-ktx-release.aar (androidx.lifecycle:lifecycle-runtime-ktx-android:2.8.5) with AarTransform
Transforming lifecycle-process-2.8.5.aar (androidx.lifecycle:lifecycle-process:2.8.5) with ExtractAarTransform
Transforming lifecycle-process-2.8.5.aar (androidx.lifecycle:lifecycle-process:2.8.5) with AarTransform
Transforming lifecycle-viewmodel-ktx-2.8.5.aar (androidx.lifecycle:lifecycle-viewmodel-ktx:2.8.5) with ExtractAarTransform
Transforming lifecycle-viewmodel-ktx-2.8.5.aar (androidx.lifecycle:lifecycle-viewmodel-ktx:2.8.5) with AarTransform
Transforming lifecycle-livedata-core-2.8.5.aar (androidx.lifecycle:lifecycle-livedata-core:2.8.5) with ExtractAarTransform
Transforming lifecycle-livedata-core-2.8.5.aar (androidx.lifecycle:lifecycle-livedata-core:2.8.5) with AarTransform
Transforming lifecycle-runtime-release.aar (androidx.lifecycle:lifecycle-runtime-android:2.8.5) with ExtractAarTransform
Transforming lifecycle-runtime-release.aar (androidx.lifecycle:lifecycle-runtime-android:2.8.5) with AarTransform
Transforming lifecycle-viewmodel-release.aar (androidx.lifecycle:lifecycle-viewmodel-android:2.8.5) with ExtractAarTransform
Transforming lifecycle-viewmodel-release.aar (androidx.lifecycle:lifecycle-viewmodel-android:2.8.5) with AarTransform
Transforming lifecycle-runtime-compose-release.aar (androidx.lifecycle:lifecycle-runtime-compose-android:2.8.5) with ExtractAarTransform
Transforming lifecycle-runtime-compose-release.aar (androidx.lifecycle:lifecycle-runtime-compose-android:2.8.5) with AarTransform
Transforming lifecycle-viewmodel-savedstate-2.8.5.aar (androidx.lifecycle:lifecycle-viewmodel-savedstate:2.8.5) with ExtractAarTransform
Transforming lifecycle-viewmodel-savedstate-2.8.5.aar (androidx.lifecycle:lifecycle-viewmodel-savedstate:2.8.5) with AarTransform
Transforming savedstate-1.2.1.aar (androidx.savedstate:savedstate:1.2.1) with ExtractAarTransform
Transforming savedstate-1.2.1.aar (androidx.savedstate:savedstate:1.2.1) with AarTransform
Transforming lifecycle-viewmodel-compose-release.aar (androidx.lifecycle:lifecycle-viewmodel-compose-android:2.8.5) with ExtractAarTransform
Transforming lifecycle-viewmodel-compose-release.aar (androidx.lifecycle:lifecycle-viewmodel-compose-android:2.8.5) with AarTransform
Transforming ui-release.aar (androidx.compose.ui:ui-android:1.7.5) with ExtractAarTransform
Transforming ui-release.aar (androidx.compose.ui:ui-android:1.7.5) with AarTransform
Transforming ui-tooling-release.aar (androidx.compose.ui:ui-tooling-android:1.7.5) with ExtractAarTransform
Transforming ui-tooling-release.aar (androidx.compose.ui:ui-tooling-android:1.7.5) with AarTransform
Transforming activity-compose-1.9.3.aar (androidx.activity:activity-compose:1.9.3) with ExtractAarTransform
Transforming activity-compose-1.9.3.aar (androidx.activity:activity-compose:1.9.3) with AarTransform
Transforming library-release.aar (org.jetbrains.compose.components:components-ui-tooling-preview-android:1.7.0) with ExtractAarTransform
Transforming library-release.aar (org.jetbrains.compose.components:components-ui-tooling-preview-android:1.7.0) with AarTransform
Transforming runtime-saveable-release.aar (androidx.compose.runtime:runtime-saveable-android:1.7.5) with ExtractAarTransform
Transforming runtime-saveable-release.aar (androidx.compose.runtime:runtime-saveable-android:1.7.5) with AarTransform
Transforming runtime-release.aar (androidx.compose.runtime:runtime-android:1.7.5) with ExtractAarTransform
Transforming runtime-release.aar (androidx.compose.runtime:runtime-android:1.7.5) with AarTransform
Transforming annotation-experimental-1.4.1.aar (androidx.annotation:annotation-experimental:1.4.1) with ExtractAarTransform
Transforming annotation-experimental-1.4.1.aar (androidx.annotation:annotation-experimental:1.4.1) with AarTransform
Transforming versionedparcelable-1.1.1.aar (androidx.versionedparcelable:versionedparcelable:1.1.1) with ExtractAarTransform
Transforming versionedparcelable-1.1.1.aar (androidx.versionedparcelable:versionedparcelable:1.1.1) with AarTransform
Transforming profileinstaller-1.3.1.aar (androidx.profileinstaller:profileinstaller:1.3.1) with ExtractAarTransform
Transforming profileinstaller-1.3.1.aar (androidx.profileinstaller:profileinstaller:1.3.1) with AarTransform
Transforming core-runtime-2.2.0.aar (androidx.arch.core:core-runtime:2.2.0) with ExtractAarTransform
Transforming core-runtime-2.2.0.aar (androidx.arch.core:core-runtime:2.2.0) with AarTransform
Transforming startup-runtime-1.1.1.aar (androidx.startup:startup-runtime:1.1.1) with ExtractAarTransform
Transforming startup-runtime-1.1.1.aar (androidx.startup:startup-runtime:1.1.1) with AarTransform
Transforming tracing-1.0.0.aar (androidx.tracing:tracing:1.0.0) with ExtractAarTransform
Transforming tracing-1.0.0.aar (androidx.tracing:tracing:1.0.0) with AarTransform
Transforming interpolator-1.0.0.aar (androidx.interpolator:interpolator:1.0.0) with ExtractAarTransform
Transforming interpolator-1.0.0.aar (androidx.interpolator:interpolator:1.0.0) with AarTransform
Transforming library-release.aar (org.jetbrains.compose.components:components-resources-android:1.7.0) with ExtractAarTransform
Transforming library-release.aar (org.jetbrains.compose.components:components-resources-android:1.7.0) with AarTransform
Transforming material-1.0.0.aar (androidx.compose.material:material:1.0.0) with ExtractAarTransform
Transforming material-1.0.0.aar (androidx.compose.material:material:1.0.0) with AarTransform
Transforming navigation-common-2.8.0-rc01.aar (androidx.navigation:navigation-common:2.8.0-rc01) with ExtractAarTransform
Transforming navigation-common-2.8.0-rc01.aar (androidx.navigation:navigation-common:2.8.0-rc01) with AarTransform
Transforming navigation-runtime-2.8.0-rc01.aar (androidx.navigation:navigation-runtime:2.8.0-rc01) with ExtractAarTransform
Transforming navigation-runtime-2.8.0-rc01.aar (androidx.navigation:navigation-runtime:2.8.0-rc01) with AarTransform
Transforming navigation-common-ktx-2.8.0-rc01.aar (androidx.navigation:navigation-common-ktx:2.8.0-rc01) with ExtractAarTransform
Transforming navigation-common-ktx-2.8.0-rc01.aar (androidx.navigation:navigation-common-ktx:2.8.0-rc01) with AarTransform
Transforming navigation-runtime-ktx-2.8.0-rc01.aar (androidx.navigation:navigation-runtime-ktx:2.8.0-rc01) with ExtractAarTransform
Transforming navigation-runtime-ktx-2.8.0-rc01.aar (androidx.navigation:navigation-runtime-ktx:2.8.0-rc01) with AarTransform
Transforming navigation-compose-2.8.0-rc01.aar (androidx.navigation:navigation-compose:2.8.0-rc01) with ExtractAarTransform
Transforming navigation-compose-2.8.0-rc01.aar (androidx.navigation:navigation-compose:2.8.0-rc01) with AarTransform
Transforming material3-release.aar (androidx.compose.material3:material3-android:1.3.1) with ExtractAarTransform
Transforming material3-release.aar (androidx.compose.material3:material3-android:1.3.1) with AarTransform
Transforming material-ripple-release.aar (androidx.compose.material:material-ripple-android:1.7.1) with ExtractAarTransform
Transforming material-ripple-release.aar (androidx.compose.material:material-ripple-android:1.7.1) with AarTransform
Transforming foundation-layout-release.aar (androidx.compose.foundation:foundation-layout-android:1.7.5) with ExtractAarTransform
Transforming foundation-layout-release.aar (androidx.compose.foundation:foundation-layout-android:1.7.5) with AarTransform
Transforming foundation-release.aar (androidx.compose.foundation:foundation-android:1.7.5) with ExtractAarTransform
Transforming foundation-release.aar (androidx.compose.foundation:foundation-android:1.7.5) with AarTransform
Transforming animation-core-release.aar (androidx.compose.animation:animation-core-android:1.7.5) with ExtractAarTransform
Transforming animation-core-release.aar (androidx.compose.animation:animation-core-android:1.7.5) with AarTransform
Transforming animation-release.aar (androidx.compose.animation:animation-android:1.7.5) with ExtractAarTransform
Transforming animation-release.aar (androidx.compose.animation:animation-android:1.7.5) with AarTransform
Transforming ui-util-release.aar (androidx.compose.ui:ui-util-android:1.7.5) with ExtractAarTransform
Transforming ui-util-release.aar (androidx.compose.ui:ui-util-android:1.7.5) with AarTransform
Transforming ui-unit-release.aar (androidx.compose.ui:ui-unit-android:1.7.5) with ExtractAarTransform
Transforming ui-unit-release.aar (androidx.compose.ui:ui-unit-android:1.7.5) with AarTransform
Transforming ui-text-release.aar (androidx.compose.ui:ui-text-android:1.7.5) with ExtractAarTransform
Transforming ui-text-release.aar (androidx.compose.ui:ui-text-android:1.7.5) with AarTransform
Transforming ui-graphics-release.aar (androidx.compose.ui:ui-graphics-android:1.7.5) with ExtractAarTransform
Transforming ui-graphics-release.aar (androidx.compose.ui:ui-graphics-android:1.7.5) with AarTransform
Transforming ui-geometry-release.aar (androidx.compose.ui:ui-geometry-android:1.7.5) with ExtractAarTransform
Transforming ui-geometry-release.aar (androidx.compose.ui:ui-geometry-android:1.7.5) with AarTransform
Transforming ui-tooling-data-release.aar (androidx.compose.ui:ui-tooling-data-android:1.7.5) with ExtractAarTransform
Transforming ui-tooling-data-release.aar (androidx.compose.ui:ui-tooling-data-android:1.7.5) with AarTransform
Transforming ui-tooling-preview-release.aar (androidx.compose.ui:ui-tooling-preview-android:1.7.5) with ExtractAarTransform
Transforming ui-tooling-preview-release.aar (androidx.compose.ui:ui-tooling-preview-android:1.7.5) with AarTransform
Transforming material-icons-core-release.aar (androidx.compose.material:material-icons-core-android:1.7.1) with ExtractAarTransform
Transforming material-icons-core-release.aar (androidx.compose.material:material-icons-core-android:1.7.1) with AarTransform
Transforming activity-1.9.3.aar (androidx.activity:activity:1.9.3) with ExtractAarTransform
Transforming activity-1.9.3.aar (androidx.activity:activity:1.9.3) with AarTransform
Transforming activity-ktx-1.9.3.aar (androidx.activity:activity-ktx:1.9.3) with ExtractAarTransform
Transforming activity-ktx-1.9.3.aar (androidx.activity:activity-ktx:1.9.3) with AarTransform
Transforming savedstate-ktx-1.2.1.aar (androidx.savedstate:savedstate-ktx:1.2.1) with ExtractAarTransform
Transforming savedstate-ktx-1.2.1.aar (androidx.savedstate:savedstate-ktx:1.2.1) with AarTransform
Transforming autofill-1.0.0.aar (androidx.autofill:autofill:1.0.0) with ExtractAarTransform
Transforming autofill-1.0.0.aar (androidx.autofill:autofill:1.0.0) with AarTransform
Transforming emoji2-1.3.0.aar (androidx.emoji2:emoji2:1.3.0) with ExtractAarTransform
Transforming emoji2-1.3.0.aar (androidx.emoji2:emoji2:1.3.0) with AarTransform
Transforming graphics-path-1.0.1.aar (androidx.graphics:graphics-path:1.0.1) with ExtractAarTransform
Transforming graphics-path-1.0.1.aar (androidx.graphics:graphics-path:1.0.1) with AarTransform
Transforming customview-poolingcontainer-1.0.0.aar (androidx.customview:customview-poolingcontainer:1.0.0) with ExtractAarTransform
Transforming customview-poolingcontainer-1.0.0.aar (androidx.customview:customview-poolingcontainer:1.0.0) with AarTransform
Transforming core-bundle-debug.aar (org.jetbrains.androidx.core:core-bundle-android-debug:1.0.1) with ExtractAarTransform
Transforming core-bundle-debug.aar (org.jetbrains.androidx.core:core-bundle-android-debug:1.0.1) with AarTransform
Transforming core-ktx-1.13.1.aar (androidx.core:core-ktx:1.13.1) with ExtractAarTransform
Transforming core-ktx-1.13.1.aar (androidx.core:core-ktx:1.13.1) with AarTransform
Transforming core-1.13.1.aar (androidx.core:core:1.13.1) with ExtractAarTransform
Transforming core-1.13.1.aar (androidx.core:core:1.13.1) with AarTransform
Transforming core-1.13.1.aar (androidx.core:core:1.13.1) with ExtractAarTransform
Transforming core-1.13.1.aar (androidx.core:core:1.13.1) with AarTransform
Transforming lifecycle-runtime-ktx-release.aar (androidx.lifecycle:lifecycle-runtime-ktx-android:2.8.5) with ExtractAarTransform
Transforming lifecycle-runtime-ktx-release.aar (androidx.lifecycle:lifecycle-runtime-ktx-android:2.8.5) with AarTransform
Transforming lifecycle-process-2.8.5.aar (androidx.lifecycle:lifecycle-process:2.8.5) with ExtractAarTransform
Transforming lifecycle-process-2.8.5.aar (androidx.lifecycle:lifecycle-process:2.8.5) with AarTransform
Transforming lifecycle-viewmodel-ktx-2.8.5.aar (androidx.lifecycle:lifecycle-viewmodel-ktx:2.8.5) with ExtractAarTransform
Transforming lifecycle-viewmodel-ktx-2.8.5.aar (androidx.lifecycle:lifecycle-viewmodel-ktx:2.8.5) with AarTransform
Transforming lifecycle-livedata-core-2.8.5.aar (androidx.lifecycle:lifecycle-livedata-core:2.8.5) with ExtractAarTransform
Transforming lifecycle-livedata-core-2.8.5.aar (androidx.lifecycle:lifecycle-livedata-core:2.8.5) with AarTransform
Transforming lifecycle-runtime-release.aar (androidx.lifecycle:lifecycle-runtime-android:2.8.5) with ExtractAarTransform
Transforming lifecycle-runtime-release.aar (androidx.lifecycle:lifecycle-runtime-android:2.8.5) with AarTransform
Transforming lifecycle-viewmodel-release.aar (androidx.lifecycle:lifecycle-viewmodel-android:2.8.5) with ExtractAarTransform
Transforming lifecycle-viewmodel-release.aar (androidx.lifecycle:lifecycle-viewmodel-android:2.8.5) with AarTransform
Transforming lifecycle-runtime-compose-release.aar (androidx.lifecycle:lifecycle-runtime-compose-android:2.8.5) with ExtractAarTransform
Transforming lifecycle-runtime-compose-release.aar (androidx.lifecycle:lifecycle-runtime-compose-android:2.8.5) with AarTransform
Transforming lifecycle-viewmodel-savedstate-2.8.5.aar (androidx.lifecycle:lifecycle-viewmodel-savedstate:2.8.5) with ExtractAarTransform
Transforming lifecycle-viewmodel-savedstate-2.8.5.aar (androidx.lifecycle:lifecycle-viewmodel-savedstate:2.8.5) with AarTransform
Transforming savedstate-1.2.1.aar (androidx.savedstate:savedstate:1.2.1) with ExtractAarTransform
Transforming savedstate-1.2.1.aar (androidx.savedstate:savedstate:1.2.1) with AarTransform
Transforming lifecycle-viewmodel-compose-release.aar (androidx.lifecycle:lifecycle-viewmodel-compose-android:2.8.5) with ExtractAarTransform
Transforming lifecycle-viewmodel-compose-release.aar (androidx.lifecycle:lifecycle-viewmodel-compose-android:2.8.5) with AarTransform
Transforming ui-release.aar (androidx.compose.ui:ui-android:1.7.5) with ExtractAarTransform
Transforming ui-release.aar (androidx.compose.ui:ui-android:1.7.5) with AarTransform
Transforming ui-tooling-release.aar (androidx.compose.ui:ui-tooling-android:1.7.5) with ExtractAarTransform
Transforming ui-tooling-release.aar (androidx.compose.ui:ui-tooling-android:1.7.5) with AarTransform
Transforming activity-compose-1.9.3.aar (androidx.activity:activity-compose:1.9.3) with ExtractAarTransform
Transforming activity-compose-1.9.3.aar (androidx.activity:activity-compose:1.9.3) with AarTransform
Transforming library-release.aar (org.jetbrains.compose.components:components-ui-tooling-preview-android:1.7.0) with ExtractAarTransform
Transforming library-release.aar (org.jetbrains.compose.components:components-ui-tooling-preview-android:1.7.0) with AarTransform
Transforming runtime-saveable-release.aar (androidx.compose.runtime:runtime-saveable-android:1.7.5) with ExtractAarTransform
Transforming runtime-saveable-release.aar (androidx.compose.runtime:runtime-saveable-android:1.7.5) with AarTransform
Transforming runtime-release.aar (androidx.compose.runtime:runtime-android:1.7.5) with ExtractAarTransform
Transforming runtime-release.aar (androidx.compose.runtime:runtime-android:1.7.5) with AarTransform
Transforming annotation-experimental-1.4.1.aar (androidx.annotation:annotation-experimental:1.4.1) with ExtractAarTransform
Transforming annotation-experimental-1.4.1.aar (androidx.annotation:annotation-experimental:1.4.1) with AarTransform
Transforming versionedparcelable-1.1.1.aar (androidx.versionedparcelable:versionedparcelable:1.1.1) with ExtractAarTransform
Transforming versionedparcelable-1.1.1.aar (androidx.versionedparcelable:versionedparcelable:1.1.1) with AarTransform
Transforming profileinstaller-1.3.1.aar (androidx.profileinstaller:profileinstaller:1.3.1) with ExtractAarTransform
Transforming profileinstaller-1.3.1.aar (androidx.profileinstaller:profileinstaller:1.3.1) with AarTransform
Transforming core-runtime-2.2.0.aar (androidx.arch.core:core-runtime:2.2.0) with ExtractAarTransform
Transforming core-runtime-2.2.0.aar (androidx.arch.core:core-runtime:2.2.0) with AarTransform
Transforming startup-runtime-1.1.1.aar (androidx.startup:startup-runtime:1.1.1) with ExtractAarTransform
Transforming startup-runtime-1.1.1.aar (androidx.startup:startup-runtime:1.1.1) with AarTransform
Transforming tracing-1.0.0.aar (androidx.tracing:tracing:1.0.0) with ExtractAarTransform
Transforming tracing-1.0.0.aar (androidx.tracing:tracing:1.0.0) with AarTransform
Transforming interpolator-1.0.0.aar (androidx.interpolator:interpolator:1.0.0) with ExtractAarTransform
Transforming interpolator-1.0.0.aar (androidx.interpolator:interpolator:1.0.0) with AarTransform
Build cache key for task ':androidApp:processDebugMainManifest' is aed606a5084fd5abe73f413c5d6c9e94
Skipping task ':androidApp:processDebugMainManifest' as it is up-to-date.
:androidApp:checkReleaseAarMetadata (Thread[Execution worker Thread 2,5,main]) started.
Resolve mutations for :androidApp:processDebugManifest (Thread[Execution worker Thread 3,5,main]) started.
Resolve mutations for :common:packageReleaseResources (Thread[Execution worker Thread 4,5,main]) started.
:common:packageReleaseResources (Thread[Execution worker Thread 4,5,main]) started.
:androidApp:processDebugManifest (Thread[Execution worker Thread 3,5,main]) started.

> Task :androidApp:generateReleaseResources UP-TO-DATE
Build cache key for task ':androidApp:generateReleaseResources' is 950741fd5974cd096114d9a37b1e0a36
Skipping task ':androidApp:generateReleaseResources' as it is up-to-date.
Resolve mutations for :androidApp:packageReleaseResources (Thread[Execution worker Thread 5,5,main]) started.
:androidApp:packageReleaseResources (Thread[Execution worker Thread 5,5,main]) started.

> Task :androidApp:processDebugManifest UP-TO-DATE
Build cache key for task ':androidApp:processDebugManifest' is 527dfa5da5222db6e500faef79a50d37
Skipping task ':androidApp:processDebugManifest' as it is up-to-date.
Resolve mutations for :androidApp:processDebugManifestForPackage (Thread[Execution worker Thread 3,5,main]) started.
:androidApp:processDebugManifestForPackage (Thread[Execution worker Thread 3,5,main]) started.

> Task :common:packageReleaseResources UP-TO-DATE
Build cache key for task ':common:packageReleaseResources' is 13a83ded05745bfbd37c37b7d35f86f2
Skipping task ':common:packageReleaseResources' as it is up-to-date.
work action resolve packageReleaseResources (project :common) (Thread[Execution worker Thread 4,5,main]) started.

> Task :androidApp:processDebugManifestForPackage UP-TO-DATE
Build cache key for task ':androidApp:processDebugManifestForPackage' is c4bb903ff1a6cf578c17ac25ebb44e6f
Skipping task ':androidApp:processDebugManifestForPackage' as it is up-to-date.
Resolve mutations for :androidApp:mapReleaseSourceSetPaths (Thread[Execution worker Thread 4,5,main]) started.
Resolve mutations for :androidApp:processDebugResources (Thread[Execution worker Thread 3,5,main]) started.
:androidApp:mapReleaseSourceSetPaths (Thread[Execution worker Thread 4,5,main]) started.
:androidApp:processDebugResources (Thread[Execution worker Thread 3,5,main]) started.

> Task :androidApp:checkReleaseAarMetadata UP-TO-DATE
Transforming core-bundle-release.aar (org.jetbrains.androidx.core:core-bundle-android:1.0.1) with ExtractAarTransform
Transforming core-bundle-release.aar (org.jetbrains.androidx.core:core-bundle-android:1.0.1) with AarTransform
Caching disabled for task ':androidApp:checkReleaseAarMetadata' because:
  Caching has been disabled for the task
Skipping task ':androidApp:checkReleaseAarMetadata' as it is up-to-date.
Resolve mutations for :androidApp:mergeReleaseResources (Thread[Execution worker Thread 2,5,main]) started.
:androidApp:mergeReleaseResources (Thread[Execution worker Thread 2,5,main]) started.

> Task :androidApp:packageReleaseResources UP-TO-DATE
Build cache key for task ':androidApp:packageReleaseResources' is c2e5552830d2f8f9f0192512986330ee
Skipping task ':androidApp:packageReleaseResources' as it is up-to-date.
Resolve mutations for :androidApp:parseReleaseLocalResources (Thread[Execution worker Thread 5,5,main]) started.
:androidApp:parseReleaseLocalResources (Thread[Execution worker Thread 5,5,main]) started.

> Task :androidApp:mapReleaseSourceSetPaths UP-TO-DATE
Transforming core-bundle-release.aar (org.jetbrains.androidx.core:core-bundle-android:1.0.1) with ExtractAarTransform
Transforming core-bundle-release.aar (org.jetbrains.androidx.core:core-bundle-android:1.0.1) with AarTransform
Caching disabled for task ':androidApp:mapReleaseSourceSetPaths' because:
  Caching has been disabled for the task
Skipping task ':androidApp:mapReleaseSourceSetPaths' as it is up-to-date.
Resolve mutations for :androidApp:createReleaseCompatibleScreenManifests (Thread[Execution worker Thread 4,5,main]) started.
:androidApp:createReleaseCompatibleScreenManifests (Thread[Execution worker Thread 4,5,main]) started.

> Task :androidApp:mergeReleaseResources UP-TO-DATE
Build cache key for task ':androidApp:mergeReleaseResources' is 7e4b26fe1fad405e72dce96039b9050b
Skipping task ':androidApp:mergeReleaseResources' as it is up-to-date.

> Task :androidApp:createReleaseCompatibleScreenManifests UP-TO-DATE
Caching disabled for task ':androidApp:createReleaseCompatibleScreenManifests' because:
  Caching has been disabled for the task
Skipping task ':androidApp:createReleaseCompatibleScreenManifests' as it is up-to-date.
Resolve mutations for :common:extractDeepLinksRelease (Thread[Execution worker Thread 4,5,main]) started.
Resolve mutations for :androidApp:extractDeepLinksRelease (Thread[Execution worker Thread 2,5,main]) started.
:androidApp:extractDeepLinksRelease (Thread[Execution worker Thread 2,5,main]) started.
:common:extractDeepLinksRelease (Thread[Execution worker Thread 4,5,main]) started.

> Task :androidApp:parseReleaseLocalResources UP-TO-DATE
Transforming android.jar with PlatformAttrTransform
Transforming android.jar with PlatformAttrTransform
Build cache key for task ':androidApp:parseReleaseLocalResources' is b7e48861c2b5fa71218a1125ad57d9f6
Skipping task ':androidApp:parseReleaseLocalResources' as it is up-to-date.
Resolve mutations for :common:processReleaseManifest (Thread[Execution worker Thread 5,5,main]) started.

> Task :common:extractDeepLinksRelease UP-TO-DATE
Build cache key for task ':common:extractDeepLinksRelease' is aa83d8435d8a36dcb9294fa6b7f988dc
Skipping task ':common:extractDeepLinksRelease' as it is up-to-date.

> Task :androidApp:mergeDebugAssets UP-TO-DATE
Transforming library-release.aar (org.jetbrains.compose.components:components-resources-android:1.7.0) with ExtractAarTransform
Transforming library-release.aar (org.jetbrains.compose.components:components-resources-android:1.7.0) with AarTransform
Transforming material-1.0.0.aar (androidx.compose.material:material:1.0.0) with ExtractAarTransform
Transforming material-1.0.0.aar (androidx.compose.material:material:1.0.0) with AarTransform
Transforming navigation-common-2.8.0-rc01.aar (androidx.navigation:navigation-common:2.8.0-rc01) with ExtractAarTransform
Transforming navigation-common-2.8.0-rc01.aar (androidx.navigation:navigation-common:2.8.0-rc01) with AarTransform
Transforming navigation-runtime-2.8.0-rc01.aar (androidx.navigation:navigation-runtime:2.8.0-rc01) with ExtractAarTransform
Transforming navigation-runtime-2.8.0-rc01.aar (androidx.navigation:navigation-runtime:2.8.0-rc01) with AarTransform
Transforming navigation-common-ktx-2.8.0-rc01.aar (androidx.navigation:navigation-common-ktx:2.8.0-rc01) with ExtractAarTransform
Transforming navigation-common-ktx-2.8.0-rc01.aar (androidx.navigation:navigation-common-ktx:2.8.0-rc01) with AarTransform
Transforming navigation-runtime-ktx-2.8.0-rc01.aar (androidx.navigation:navigation-runtime-ktx:2.8.0-rc01) with ExtractAarTransform
Transforming navigation-runtime-ktx-2.8.0-rc01.aar (androidx.navigation:navigation-runtime-ktx:2.8.0-rc01) with AarTransform
Transforming navigation-compose-2.8.0-rc01.aar (androidx.navigation:navigation-compose:2.8.0-rc01) with ExtractAarTransform
Transforming navigation-compose-2.8.0-rc01.aar (androidx.navigation:navigation-compose:2.8.0-rc01) with AarTransform
Transforming material3-release.aar (androidx.compose.material3:material3-android:1.3.1) with ExtractAarTransform
Transforming material3-release.aar (androidx.compose.material3:material3-android:1.3.1) with AarTransform
Transforming material-ripple-release.aar (androidx.compose.material:material-ripple-android:1.7.1) with ExtractAarTransform
Transforming material-ripple-release.aar (androidx.compose.material:material-ripple-android:1.7.1) with AarTransform
Transforming foundation-layout-release.aar (androidx.compose.foundation:foundation-layout-android:1.7.5) with ExtractAarTransform
Transforming foundation-layout-release.aar (androidx.compose.foundation:foundation-layout-android:1.7.5) with AarTransform
Transforming foundation-release.aar (androidx.compose.foundation:foundation-android:1.7.5) with ExtractAarTransform
Transforming foundation-release.aar (androidx.compose.foundation:foundation-android:1.7.5) with AarTransform
Transforming animation-core-release.aar (androidx.compose.animation:animation-core-android:1.7.5) with ExtractAarTransform
Transforming animation-core-release.aar (androidx.compose.animation:animation-core-android:1.7.5) with AarTransform
Transforming animation-release.aar (androidx.compose.animation:animation-android:1.7.5) with ExtractAarTransform
Transforming animation-release.aar (androidx.compose.animation:animation-android:1.7.5) with AarTransform
Transforming ui-util-release.aar (androidx.compose.ui:ui-util-android:1.7.5) with ExtractAarTransform
Transforming ui-util-release.aar (androidx.compose.ui:ui-util-android:1.7.5) with AarTransform
Transforming ui-unit-release.aar (androidx.compose.ui:ui-unit-android:1.7.5) with ExtractAarTransform
Transforming ui-unit-release.aar (androidx.compose.ui:ui-unit-android:1.7.5) with AarTransform
Transforming ui-text-release.aar (androidx.compose.ui:ui-text-android:1.7.5) with ExtractAarTransform
Transforming ui-text-release.aar (androidx.compose.ui:ui-text-android:1.7.5) with AarTransform
Transforming ui-graphics-release.aar (androidx.compose.ui:ui-graphics-android:1.7.5) with ExtractAarTransform
Transforming ui-graphics-release.aar (androidx.compose.ui:ui-graphics-android:1.7.5) with AarTransform
Transforming ui-geometry-release.aar (androidx.compose.ui:ui-geometry-android:1.7.5) with ExtractAarTransform
Transforming ui-geometry-release.aar (androidx.compose.ui:ui-geometry-android:1.7.5) with AarTransform
Transforming ui-tooling-data-release.aar (androidx.compose.ui:ui-tooling-data-android:1.7.5) with ExtractAarTransform
Transforming ui-tooling-data-release.aar (androidx.compose.ui:ui-tooling-data-android:1.7.5) with AarTransform
Transforming ui-tooling-preview-release.aar (androidx.compose.ui:ui-tooling-preview-android:1.7.5) with ExtractAarTransform
Transforming ui-tooling-preview-release.aar (androidx.compose.ui:ui-tooling-preview-android:1.7.5) with AarTransform
Transforming material-icons-core-release.aar (androidx.compose.material:material-icons-core-android:1.7.1) with ExtractAarTransform
Transforming material-icons-core-release.aar (androidx.compose.material:material-icons-core-android:1.7.1) with AarTransform
Transforming activity-1.9.3.aar (androidx.activity:activity:1.9.3) with ExtractAarTransform
Transforming activity-1.9.3.aar (androidx.activity:activity:1.9.3) with AarTransform
Transforming activity-ktx-1.9.3.aar (androidx.activity:activity-ktx:1.9.3) with ExtractAarTransform
Transforming activity-ktx-1.9.3.aar (androidx.activity:activity-ktx:1.9.3) with AarTransform
Transforming savedstate-ktx-1.2.1.aar (androidx.savedstate:savedstate-ktx:1.2.1) with ExtractAarTransform
Transforming savedstate-ktx-1.2.1.aar (androidx.savedstate:savedstate-ktx:1.2.1) with AarTransform
Transforming autofill-1.0.0.aar (androidx.autofill:autofill:1.0.0) with ExtractAarTransform
Transforming autofill-1.0.0.aar (androidx.autofill:autofill:1.0.0) with AarTransform
Transforming emoji2-1.3.0.aar (androidx.emoji2:emoji2:1.3.0) with ExtractAarTransform
Transforming emoji2-1.3.0.aar (androidx.emoji2:emoji2:1.3.0) with AarTransform
Transforming graphics-path-1.0.1.aar (androidx.graphics:graphics-path:1.0.1) with ExtractAarTransform
Transforming graphics-path-1.0.1.aar (androidx.graphics:graphics-path:1.0.1) with AarTransform
Transforming customview-poolingcontainer-1.0.0.aar (androidx.customview:customview-poolingcontainer:1.0.0) with ExtractAarTransform
Transforming customview-poolingcontainer-1.0.0.aar (androidx.customview:customview-poolingcontainer:1.0.0) with AarTransform
Transforming core-bundle-debug.aar (org.jetbrains.androidx.core:core-bundle-android-debug:1.0.1) with ExtractAarTransform
Transforming core-bundle-debug.aar (org.jetbrains.androidx.core:core-bundle-android-debug:1.0.1) with AarTransform
Transforming core-ktx-1.13.1.aar (androidx.core:core-ktx:1.13.1) with ExtractAarTransform
Transforming core-ktx-1.13.1.aar (androidx.core:core-ktx:1.13.1) with AarTransform
Transforming core-1.13.1.aar (androidx.core:core:1.13.1) with ExtractAarTransform
Transforming core-1.13.1.aar (androidx.core:core:1.13.1) with AarTransform
Transforming core-1.13.1.aar (androidx.core:core:1.13.1) with ExtractAarTransform
Transforming core-1.13.1.aar (androidx.core:core:1.13.1) with AarTransform
Transforming lifecycle-runtime-ktx-release.aar (androidx.lifecycle:lifecycle-runtime-ktx-android:2.8.5) with ExtractAarTransform
Transforming lifecycle-runtime-ktx-release.aar (androidx.lifecycle:lifecycle-runtime-ktx-android:2.8.5) with AarTransform
Transforming lifecycle-process-2.8.5.aar (androidx.lifecycle:lifecycle-process:2.8.5) with ExtractAarTransform
Transforming lifecycle-process-2.8.5.aar (androidx.lifecycle:lifecycle-process:2.8.5) with AarTransform
Transforming lifecycle-viewmodel-ktx-2.8.5.aar (androidx.lifecycle:lifecycle-viewmodel-ktx:2.8.5) with ExtractAarTransform
Transforming lifecycle-viewmodel-ktx-2.8.5.aar (androidx.lifecycle:lifecycle-viewmodel-ktx:2.8.5) with AarTransform
Transforming lifecycle-livedata-core-2.8.5.aar (androidx.lifecycle:lifecycle-livedata-core:2.8.5) with ExtractAarTransform
Transforming lifecycle-livedata-core-2.8.5.aar (androidx.lifecycle:lifecycle-livedata-core:2.8.5) with AarTransform
Transforming lifecycle-runtime-release.aar (androidx.lifecycle:lifecycle-runtime-android:2.8.5) with ExtractAarTransform
Transforming lifecycle-runtime-release.aar (androidx.lifecycle:lifecycle-runtime-android:2.8.5) with AarTransform
Transforming lifecycle-viewmodel-release.aar (androidx.lifecycle:lifecycle-viewmodel-android:2.8.5) with ExtractAarTransform
Transforming lifecycle-viewmodel-release.aar (androidx.lifecycle:lifecycle-viewmodel-android:2.8.5) with AarTransform
Transforming lifecycle-runtime-compose-release.aar (androidx.lifecycle:lifecycle-runtime-compose-android:2.8.5) with ExtractAarTransform
Transforming lifecycle-runtime-compose-release.aar (androidx.lifecycle:lifecycle-runtime-compose-android:2.8.5) with AarTransform
Transforming lifecycle-viewmodel-savedstate-2.8.5.aar (androidx.lifecycle:lifecycle-viewmodel-savedstate:2.8.5) with ExtractAarTransform
Transforming lifecycle-viewmodel-savedstate-2.8.5.aar (androidx.lifecycle:lifecycle-viewmodel-savedstate:2.8.5) with AarTransform
Transforming savedstate-1.2.1.aar (androidx.savedstate:savedstate:1.2.1) with ExtractAarTransform
Transforming savedstate-1.2.1.aar (androidx.savedstate:savedstate:1.2.1) with AarTransform
Transforming lifecycle-viewmodel-compose-release.aar (androidx.lifecycle:lifecycle-viewmodel-compose-android:2.8.5) with ExtractAarTransform
Transforming lifecycle-viewmodel-compose-release.aar (androidx.lifecycle:lifecycle-viewmodel-compose-android:2.8.5) with AarTransform
Transforming ui-release.aar (androidx.compose.ui:ui-android:1.7.5) with ExtractAarTransform
Transforming ui-release.aar (androidx.compose.ui:ui-android:1.7.5) with AarTransform
Transforming ui-tooling-release.aar (androidx.compose.ui:ui-tooling-android:1.7.5) with ExtractAarTransform
Transforming ui-tooling-release.aar (androidx.compose.ui:ui-tooling-android:1.7.5) with AarTransform
Transforming activity-compose-1.9.3.aar (androidx.activity:activity-compose:1.9.3) with ExtractAarTransform
Transforming activity-compose-1.9.3.aar (androidx.activity:activity-compose:1.9.3) with AarTransform
Transforming library-release.aar (org.jetbrains.compose.components:components-ui-tooling-preview-android:1.7.0) with ExtractAarTransform
Transforming library-release.aar (org.jetbrains.compose.components:components-ui-tooling-preview-android:1.7.0) with AarTransform
Transforming runtime-saveable-release.aar (androidx.compose.runtime:runtime-saveable-android:1.7.5) with ExtractAarTransform
Transforming runtime-saveable-release.aar (androidx.compose.runtime:runtime-saveable-android:1.7.5) with AarTransform
Transforming runtime-release.aar (androidx.compose.runtime:runtime-android:1.7.5) with ExtractAarTransform
Transforming runtime-release.aar (androidx.compose.runtime:runtime-android:1.7.5) with AarTransform
Transforming annotation-experimental-1.4.1.aar (androidx.annotation:annotation-experimental:1.4.1) with ExtractAarTransform
Transforming annotation-experimental-1.4.1.aar (androidx.annotation:annotation-experimental:1.4.1) with AarTransform
Transforming versionedparcelable-1.1.1.aar (androidx.versionedparcelable:versionedparcelable:1.1.1) with ExtractAarTransform
Transforming versionedparcelable-1.1.1.aar (androidx.versionedparcelable:versionedparcelable:1.1.1) with AarTransform
Transforming profileinstaller-1.3.1.aar (androidx.profileinstaller:profileinstaller:1.3.1) with ExtractAarTransform
Transforming profileinstaller-1.3.1.aar (androidx.profileinstaller:profileinstaller:1.3.1) with AarTransform
Transforming core-runtime-2.2.0.aar (androidx.arch.core:core-runtime:2.2.0) with ExtractAarTransform
Transforming core-runtime-2.2.0.aar (androidx.arch.core:core-runtime:2.2.0) with AarTransform
Transforming startup-runtime-1.1.1.aar (androidx.startup:startup-runtime:1.1.1) with ExtractAarTransform
Transforming startup-runtime-1.1.1.aar (androidx.startup:startup-runtime:1.1.1) with AarTransform
Transforming tracing-1.0.0.aar (androidx.tracing:tracing:1.0.0) with ExtractAarTransform
Transforming tracing-1.0.0.aar (androidx.tracing:tracing:1.0.0) with AarTransform
Transforming interpolator-1.0.0.aar (androidx.interpolator:interpolator:1.0.0) with ExtractAarTransform
Transforming interpolator-1.0.0.aar (androidx.interpolator:interpolator:1.0.0) with AarTransform
Caching disabled for task ':androidApp:mergeDebugAssets' because:
  Simple merging task
Skipping task ':androidApp:mergeDebugAssets' as it is up-to-date.
work action resolve navigation.json (project :common) (Thread[Execution worker Thread 4,5,main]) started.
Resolve mutations for :common:compileReleaseLibraryResources (Thread[Execution worker Thread 4,5,main]) started.
Resolve mutations for :androidApp:compressDebugAssets (Thread[included builds,5,main]) started.
:common:processReleaseManifest (Thread[Execution worker Thread 5,5,main]) started.
:common:compileReleaseLibraryResources (Thread[Execution worker Thread 4,5,main]) started.

> Task :androidApp:extractDeepLinksRelease UP-TO-DATE
Build cache key for task ':androidApp:extractDeepLinksRelease' is aa83d8435d8a36dcb9294fa6b7f988dc
Skipping task ':androidApp:extractDeepLinksRelease' as it is up-to-date.
Resolve mutations for :common:parseReleaseLocalResources (Thread[Execution worker Thread 2,5,main]) started.
:common:parseReleaseLocalResources (Thread[Execution worker Thread 2,5,main]) started.
:androidApp:compressDebugAssets (Thread[included builds,5,main]) started.

> Task :common:compileReleaseLibraryResources UP-TO-DATE
Build cache key for task ':common:compileReleaseLibraryResources' is 6a9278315b11ee6573f599b1fe9b8f39
Skipping task ':common:compileReleaseLibraryResources' as it is up-to-date.
work action resolve out (project :common) (Thread[Execution worker Thread 4,5,main]) started.
Resolve mutations for :common:convertXmlValueResourcesForAndroidRelease (Thread[Execution worker Thread 4,5,main]) started.

> Task :androidApp:compressDebugAssets UP-TO-DATE
Build cache key for task ':androidApp:compressDebugAssets' is c20813e754425d309ed5742957f8915c
Skipping task ':androidApp:compressDebugAssets' as it is up-to-date.
Resolve mutations for :common:copyNonXmlValueResourcesForAndroidRelease (Thread[included builds,5,main]) started.

> Task :common:parseReleaseLocalResources UP-TO-DATE
Transforming android.jar with PlatformAttrTransform
Transforming android.jar with PlatformAttrTransform
Build cache key for task ':common:parseReleaseLocalResources' is 1c641b66d849abdaa0ff4df930ffecac
Skipping task ':common:parseReleaseLocalResources' as it is up-to-date.
Resolve mutations for :common:generateReleaseRFile (Thread[Execution worker Thread 2,5,main]) started.
:common:convertXmlValueResourcesForAndroidRelease (Thread[Execution worker Thread 4,5,main]) started.

> Task :common:convertXmlValueResourcesForAndroidRelease NO-SOURCE
file or directory '/Users/azam/AndroidStudioProjects/JoshTalk2/common/build/generated/compose/resourceGenerator/preparedResources/androidRelease/composeResources', not found
Skipping task ':common:convertXmlValueResourcesForAndroidRelease' as it has no source files and no previous output files.
Resolve mutations for :common:javaPreCompileRelease (Thread[Execution worker Thread 4,5,main]) started.
:common:copyNonXmlValueResourcesForAndroidRelease (Thread[included builds,5,main]) started.
:common:generateReleaseRFile (Thread[Execution worker Thread 2,5,main]) started.
:common:javaPreCompileRelease (Thread[Execution worker Thread 4,5,main]) started.

> Task :common:copyNonXmlValueResourcesForAndroidRelease NO-SOURCE
file or directory '/Users/azam/AndroidStudioProjects/JoshTalk2/common/build/generated/compose/resourceGenerator/preparedResources/androidRelease/composeResources', not found
Skipping task ':common:copyNonXmlValueResourcesForAndroidRelease' as it has no source files and no previous output files.
Resolve mutations for :common:prepareComposeResourcesTaskForAndroidRelease (Thread[included builds,5,main]) started.
:common:prepareComposeResourcesTaskForAndroidRelease (Thread[included builds,5,main]) started.

> Task :common:prepareComposeResourcesTaskForAndroidRelease NO-SOURCE
Skipping task ':common:prepareComposeResourcesTaskForAndroidRelease' as it has no source files and no previous output files.
Resolve mutations for :common:generateResourceAccessorsForAndroidRelease (Thread[included builds,5,main]) started.

> Task :common:processReleaseManifest UP-TO-DATE
Build cache key for task ':common:processReleaseManifest' is cff3604fcede2eb7a3ec228fc10cf26d
Skipping task ':common:processReleaseManifest' as it is up-to-date.

> Task :common:javaPreCompileRelease UP-TO-DATE
Build cache key for task ':common:javaPreCompileRelease' is 05cca37972037a6282acbfb083abb765
Skipping task ':common:javaPreCompileRelease' as it is up-to-date.
Resolve mutations for :androidApp:javaPreCompileRelease (Thread[Execution worker Thread 4,5,main]) started.
work action resolve AndroidManifest.xml (project :common) (Thread[Execution worker Thread 5,5,main]) started.
Resolve mutations for :androidApp:processReleaseMainManifest (Thread[Execution worker Thread 5,5,main]) started.
:common:generateResourceAccessorsForAndroidRelease (Thread[included builds,5,main]) started.
:androidApp:processReleaseMainManifest (Thread[Execution worker Thread 5,5,main]) started.
:androidApp:javaPreCompileRelease (Thread[Execution worker Thread 4,5,main]) started.

> Task :common:generateResourceAccessorsForAndroidRelease NO-SOURCE
Skipping task ':common:generateResourceAccessorsForAndroidRelease' as it has no source files and no previous output files.

> Task :common:generateReleaseRFile UP-TO-DATE
Transforming android.jar with PlatformAttrTransform
Build cache key for task ':common:generateReleaseRFile' is 2e6811145aa2ed6780fcdadf048592f6
Skipping task ':common:generateReleaseRFile' as it is up-to-date.
work action resolve package-aware-r.txt (project :common) (Thread[included builds,5,main]) started.
Resolve mutations for :common:compileReleaseKotlinAndroid (Thread[Execution worker Thread 2,5,main]) started.
Resolve mutations for :androidApp:extractProguardFiles (Thread[included builds,5,main]) started.
:common:compileReleaseKotlinAndroid (Thread[Execution worker Thread 2,5,main]) started.
:androidApp:extractProguardFiles (Thread[included builds,5,main]) started.

> Task :androidApp:mergeDebugNativeLibs UP-TO-DATE
Transforming library-release.aar (org.jetbrains.compose.components:components-resources-android:1.7.0) with ExtractAarTransform
Transforming library-release.aar (org.jetbrains.compose.components:components-resources-android:1.7.0) with AarTransform
Transforming material-1.0.0.aar (androidx.compose.material:material:1.0.0) with ExtractAarTransform
Transforming material-1.0.0.aar (androidx.compose.material:material:1.0.0) with AarTransform
Transforming navigation-common-2.8.0-rc01.aar (androidx.navigation:navigation-common:2.8.0-rc01) with ExtractAarTransform
Transforming navigation-common-2.8.0-rc01.aar (androidx.navigation:navigation-common:2.8.0-rc01) with AarTransform
Transforming navigation-runtime-2.8.0-rc01.aar (androidx.navigation:navigation-runtime:2.8.0-rc01) with ExtractAarTransform
Transforming navigation-runtime-2.8.0-rc01.aar (androidx.navigation:navigation-runtime:2.8.0-rc01) with AarTransform
Transforming navigation-common-ktx-2.8.0-rc01.aar (androidx.navigation:navigation-common-ktx:2.8.0-rc01) with ExtractAarTransform
Transforming navigation-common-ktx-2.8.0-rc01.aar (androidx.navigation:navigation-common-ktx:2.8.0-rc01) with AarTransform
Transforming navigation-runtime-ktx-2.8.0-rc01.aar (androidx.navigation:navigation-runtime-ktx:2.8.0-rc01) with ExtractAarTransform
Transforming navigation-runtime-ktx-2.8.0-rc01.aar (androidx.navigation:navigation-runtime-ktx:2.8.0-rc01) with AarTransform
Transforming navigation-compose-2.8.0-rc01.aar (androidx.navigation:navigation-compose:2.8.0-rc01) with ExtractAarTransform
Transforming navigation-compose-2.8.0-rc01.aar (androidx.navigation:navigation-compose:2.8.0-rc01) with AarTransform
Transforming material3-release.aar (androidx.compose.material3:material3-android:1.3.1) with ExtractAarTransform
Transforming material3-release.aar (androidx.compose.material3:material3-android:1.3.1) with AarTransform
Transforming material-ripple-release.aar (androidx.compose.material:material-ripple-android:1.7.1) with ExtractAarTransform
Transforming material-ripple-release.aar (androidx.compose.material:material-ripple-android:1.7.1) with AarTransform
Transforming foundation-layout-release.aar (androidx.compose.foundation:foundation-layout-android:1.7.5) with ExtractAarTransform
Transforming foundation-layout-release.aar (androidx.compose.foundation:foundation-layout-android:1.7.5) with AarTransform
Transforming foundation-release.aar (androidx.compose.foundation:foundation-android:1.7.5) with ExtractAarTransform
Transforming foundation-release.aar (androidx.compose.foundation:foundation-android:1.7.5) with AarTransform
Transforming animation-core-release.aar (androidx.compose.animation:animation-core-android:1.7.5) with ExtractAarTransform
Transforming animation-core-release.aar (androidx.compose.animation:animation-core-android:1.7.5) with AarTransform
Transforming animation-release.aar (androidx.compose.animation:animation-android:1.7.5) with ExtractAarTransform
Transforming animation-release.aar (androidx.compose.animation:animation-android:1.7.5) with AarTransform
Transforming ui-util-release.aar (androidx.compose.ui:ui-util-android:1.7.5) with ExtractAarTransform
Transforming ui-util-release.aar (androidx.compose.ui:ui-util-android:1.7.5) with AarTransform
Transforming ui-unit-release.aar (androidx.compose.ui:ui-unit-android:1.7.5) with ExtractAarTransform
Transforming ui-unit-release.aar (androidx.compose.ui:ui-unit-android:1.7.5) with AarTransform
Transforming ui-text-release.aar (androidx.compose.ui:ui-text-android:1.7.5) with ExtractAarTransform
Transforming ui-text-release.aar (androidx.compose.ui:ui-text-android:1.7.5) with AarTransform
Transforming ui-graphics-release.aar (androidx.compose.ui:ui-graphics-android:1.7.5) with ExtractAarTransform
Transforming ui-graphics-release.aar (androidx.compose.ui:ui-graphics-android:1.7.5) with AarTransform
Transforming ui-geometry-release.aar (androidx.compose.ui:ui-geometry-android:1.7.5) with ExtractAarTransform
Transforming ui-geometry-release.aar (androidx.compose.ui:ui-geometry-android:1.7.5) with AarTransform
Transforming ui-tooling-data-release.aar (androidx.compose.ui:ui-tooling-data-android:1.7.5) with ExtractAarTransform
Transforming ui-tooling-data-release.aar (androidx.compose.ui:ui-tooling-data-android:1.7.5) with AarTransform
Transforming ui-tooling-preview-release.aar (androidx.compose.ui:ui-tooling-preview-android:1.7.5) with ExtractAarTransform
Transforming ui-tooling-preview-release.aar (androidx.compose.ui:ui-tooling-preview-android:1.7.5) with AarTransform
Transforming material-icons-core-release.aar (androidx.compose.material:material-icons-core-android:1.7.1) with ExtractAarTransform
Transforming material-icons-core-release.aar (androidx.compose.material:material-icons-core-android:1.7.1) with AarTransform
Transforming activity-1.9.3.aar (androidx.activity:activity:1.9.3) with ExtractAarTransform
Transforming activity-1.9.3.aar (androidx.activity:activity:1.9.3) with AarTransform
Transforming activity-ktx-1.9.3.aar (androidx.activity:activity-ktx:1.9.3) with ExtractAarTransform
Transforming activity-ktx-1.9.3.aar (androidx.activity:activity-ktx:1.9.3) with AarTransform
Transforming savedstate-ktx-1.2.1.aar (androidx.savedstate:savedstate-ktx:1.2.1) with ExtractAarTransform
Transforming savedstate-ktx-1.2.1.aar (androidx.savedstate:savedstate-ktx:1.2.1) with AarTransform
Transforming autofill-1.0.0.aar (androidx.autofill:autofill:1.0.0) with ExtractAarTransform
Transforming autofill-1.0.0.aar (androidx.autofill:autofill:1.0.0) with AarTransform
Transforming emoji2-1.3.0.aar (androidx.emoji2:emoji2:1.3.0) with ExtractAarTransform
Transforming emoji2-1.3.0.aar (androidx.emoji2:emoji2:1.3.0) with AarTransform
Transforming graphics-path-1.0.1.aar (androidx.graphics:graphics-path:1.0.1) with ExtractAarTransform
Transforming graphics-path-1.0.1.aar (androidx.graphics:graphics-path:1.0.1) with AarTransform
Transforming customview-poolingcontainer-1.0.0.aar (androidx.customview:customview-poolingcontainer:1.0.0) with ExtractAarTransform
Transforming customview-poolingcontainer-1.0.0.aar (androidx.customview:customview-poolingcontainer:1.0.0) with AarTransform
Transforming core-bundle-debug.aar (org.jetbrains.androidx.core:core-bundle-android-debug:1.0.1) with ExtractAarTransform
Transforming core-bundle-debug.aar (org.jetbrains.androidx.core:core-bundle-android-debug:1.0.1) with AarTransform
Transforming core-ktx-1.13.1.aar (androidx.core:core-ktx:1.13.1) with ExtractAarTransform
Transforming core-ktx-1.13.1.aar (androidx.core:core-ktx:1.13.1) with AarTransform
Transforming core-1.13.1.aar (androidx.core:core:1.13.1) with ExtractAarTransform
Transforming core-1.13.1.aar (androidx.core:core:1.13.1) with AarTransform
Transforming core-1.13.1.aar (androidx.core:core:1.13.1) with ExtractAarTransform
Transforming core-1.13.1.aar (androidx.core:core:1.13.1) with AarTransform
Transforming lifecycle-runtime-ktx-release.aar (androidx.lifecycle:lifecycle-runtime-ktx-android:2.8.5) with ExtractAarTransform
Transforming lifecycle-runtime-ktx-release.aar (androidx.lifecycle:lifecycle-runtime-ktx-android:2.8.5) with AarTransform
Transforming lifecycle-process-2.8.5.aar (androidx.lifecycle:lifecycle-process:2.8.5) with ExtractAarTransform
Transforming lifecycle-process-2.8.5.aar (androidx.lifecycle:lifecycle-process:2.8.5) with AarTransform
Transforming lifecycle-viewmodel-ktx-2.8.5.aar (androidx.lifecycle:lifecycle-viewmodel-ktx:2.8.5) with ExtractAarTransform
Transforming lifecycle-viewmodel-ktx-2.8.5.aar (androidx.lifecycle:lifecycle-viewmodel-ktx:2.8.5) with AarTransform
Transforming lifecycle-livedata-core-2.8.5.aar (androidx.lifecycle:lifecycle-livedata-core:2.8.5) with ExtractAarTransform
Transforming lifecycle-livedata-core-2.8.5.aar (androidx.lifecycle:lifecycle-livedata-core:2.8.5) with AarTransform
Transforming lifecycle-common-java8-2.8.5.jar (androidx.lifecycle:lifecycle-common-java8:2.8.5) with ExtractJniTransform
Transforming lifecycle-runtime-release.aar (androidx.lifecycle:lifecycle-runtime-android:2.8.5) with ExtractAarTransform
Transforming lifecycle-runtime-release.aar (androidx.lifecycle:lifecycle-runtime-android:2.8.5) with AarTransform
Transforming lifecycle-viewmodel-release.aar (androidx.lifecycle:lifecycle-viewmodel-android:2.8.5) with ExtractAarTransform
Transforming lifecycle-viewmodel-release.aar (androidx.lifecycle:lifecycle-viewmodel-android:2.8.5) with AarTransform
Transforming lifecycle-runtime-compose-release.aar (androidx.lifecycle:lifecycle-runtime-compose-android:2.8.5) with ExtractAarTransform
Transforming lifecycle-runtime-compose-release.aar (androidx.lifecycle:lifecycle-runtime-compose-android:2.8.5) with AarTransform
Transforming lifecycle-viewmodel-savedstate-2.8.5.aar (androidx.lifecycle:lifecycle-viewmodel-savedstate:2.8.5) with ExtractAarTransform
Transforming lifecycle-viewmodel-savedstate-2.8.5.aar (androidx.lifecycle:lifecycle-viewmodel-savedstate:2.8.5) with AarTransform
Transforming savedstate-1.2.1.aar (androidx.savedstate:savedstate:1.2.1) with ExtractAarTransform
Transforming savedstate-1.2.1.aar (androidx.savedstate:savedstate:1.2.1) with AarTransform
Transforming lifecycle-common-jvm-2.8.5.jar (androidx.lifecycle:lifecycle-common-jvm:2.8.5) with ExtractJniTransform
Transforming lifecycle-viewmodel-compose-release.aar (androidx.lifecycle:lifecycle-viewmodel-compose-android:2.8.5) with ExtractAarTransform
Transforming lifecycle-viewmodel-compose-release.aar (androidx.lifecycle:lifecycle-viewmodel-compose-android:2.8.5) with AarTransform
Transforming ui-release.aar (androidx.compose.ui:ui-android:1.7.5) with ExtractAarTransform
Transforming ui-release.aar (androidx.compose.ui:ui-android:1.7.5) with AarTransform
Transforming ui-tooling-release.aar (androidx.compose.ui:ui-tooling-android:1.7.5) with ExtractAarTransform
Transforming ui-tooling-release.aar (androidx.compose.ui:ui-tooling-android:1.7.5) with AarTransform
Transforming activity-compose-1.9.3.aar (androidx.activity:activity-compose:1.9.3) with ExtractAarTransform
Transforming activity-compose-1.9.3.aar (androidx.activity:activity-compose:1.9.3) with AarTransform
Transforming library-release.aar (org.jetbrains.compose.components:components-ui-tooling-preview-android:1.7.0) with ExtractAarTransform
Transforming library-release.aar (org.jetbrains.compose.components:components-ui-tooling-preview-android:1.7.0) with AarTransform
Transforming runtime-saveable-release.aar (androidx.compose.runtime:runtime-saveable-android:1.7.5) with ExtractAarTransform
Transforming runtime-saveable-release.aar (androidx.compose.runtime:runtime-saveable-android:1.7.5) with AarTransform
Transforming runtime-release.aar (androidx.compose.runtime:runtime-android:1.7.5) with ExtractAarTransform
Transforming runtime-release.aar (androidx.compose.runtime:runtime-android:1.7.5) with AarTransform
Transforming atomicfu-jvm-0.23.2.jar (org.jetbrains.kotlinx:atomicfu-jvm:0.23.2) with ExtractJniTransform
Transforming kotlinx-coroutines-android-1.8.0.jar (org.jetbrains.kotlinx:kotlinx-coroutines-android:1.8.0) with ExtractJniTransform
Transforming kotlinx-coroutines-core-jvm-1.8.0.jar (org.jetbrains.kotlinx:kotlinx-coroutines-core-jvm:1.8.0) with ExtractJniTransform
Transforming annotation-experimental-1.4.1.aar (androidx.annotation:annotation-experimental:1.4.1) with ExtractAarTransform
Transforming annotation-experimental-1.4.1.aar (androidx.annotation:annotation-experimental:1.4.1) with AarTransform
Transforming kotlinx-serialization-core-jvm-1.6.3.jar (org.jetbrains.kotlinx:kotlinx-serialization-core-jvm:1.6.3) with ExtractJniTransform
Transforming versionedparcelable-1.1.1.aar (androidx.versionedparcelable:versionedparcelable:1.1.1) with ExtractAarTransform
Transforming versionedparcelable-1.1.1.aar (androidx.versionedparcelable:versionedparcelable:1.1.1) with AarTransform
Transforming collection-ktx-1.4.4.jar (androidx.collection:collection-ktx:1.4.4) with ExtractJniTransform
Transforming collection-jvm-1.4.4.jar (androidx.collection:collection-jvm:1.4.4) with ExtractJniTransform
Transforming profileinstaller-1.3.1.aar (androidx.profileinstaller:profileinstaller:1.3.1) with ExtractAarTransform
Transforming profileinstaller-1.3.1.aar (androidx.profileinstaller:profileinstaller:1.3.1) with AarTransform
Transforming core-runtime-2.2.0.aar (androidx.arch.core:core-runtime:2.2.0) with ExtractAarTransform
Transforming core-runtime-2.2.0.aar (androidx.arch.core:core-runtime:2.2.0) with AarTransform
Transforming core-common-2.2.0.jar (androidx.arch.core:core-common:2.2.0) with ExtractJniTransform
Transforming concurrent-futures-1.1.0.jar (androidx.concurrent:concurrent-futures:1.1.0) with ExtractJniTransform
Transforming startup-runtime-1.1.1.aar (androidx.startup:startup-runtime:1.1.1) with ExtractAarTransform
Transforming startup-runtime-1.1.1.aar (androidx.startup:startup-runtime:1.1.1) with AarTransform
Transforming tracing-1.0.0.aar (androidx.tracing:tracing:1.0.0) with ExtractAarTransform
Transforming tracing-1.0.0.aar (androidx.tracing:tracing:1.0.0) with AarTransform
Transforming interpolator-1.0.0.aar (androidx.interpolator:interpolator:1.0.0) with ExtractAarTransform
Transforming interpolator-1.0.0.aar (androidx.interpolator:interpolator:1.0.0) with AarTransform
Transforming annotation-jvm-1.8.1.jar (androidx.annotation:annotation-jvm:1.8.1) with ExtractJniTransform
Transforming kotlin-stdlib-2.0.21.jar (org.jetbrains.kotlin:kotlin-stdlib:2.0.21) with ExtractJniTransform
Transforming annotations-23.0.0.jar (org.jetbrains:annotations:23.0.0) with ExtractJniTransform
Transforming listenablefuture-1.0.jar (com.google.guava:listenablefuture:1.0) with ExtractJniTransform
Caching disabled for task ':androidApp:mergeDebugNativeLibs' because:
  Caching has been disabled for the task
Skipping task ':androidApp:mergeDebugNativeLibs' as it is up-to-date.
Resolve mutations for :androidApp:stripDebugDebugSymbols (Thread[Execution worker,5,main]) started.

> Task :androidApp:javaPreCompileRelease UP-TO-DATE
Build cache key for task ':androidApp:javaPreCompileRelease' is 05cca37972037a6282acbfb083abb765
Skipping task ':androidApp:javaPreCompileRelease' as it is up-to-date.
Resolve mutations for :common:copyReleaseComposeResourcesToAndroidAssets (Thread[Execution worker Thread 4,5,main]) started.
:androidApp:stripDebugDebugSymbols (Thread[Execution worker,5,main]) started.

> Task :androidApp:extractProguardFiles UP-TO-DATE
Caching disabled for task ':androidApp:extractProguardFiles' because:
  Fast task
Skipping task ':androidApp:extractProguardFiles' as it is up-to-date.
:common:copyReleaseComposeResourcesToAndroidAssets (Thread[Execution worker Thread 4,5,main]) started.
Resolve mutations for :common:convertXmlValueResourcesForAndroidUnitTest (Thread[included builds,5,main]) started.

> Task :androidApp:processReleaseMainManifest UP-TO-DATE
Transforming core-bundle-release.aar (org.jetbrains.androidx.core:core-bundle-android:1.0.1) with ExtractAarTransform
Transforming core-bundle-release.aar (org.jetbrains.androidx.core:core-bundle-android:1.0.1) with AarTransform
Transforming core-bundle-release.aar (org.jetbrains.androidx.core:core-bundle-android:1.0.1) with ExtractAarTransform
Transforming core-bundle-release.aar (org.jetbrains.androidx.core:core-bundle-android:1.0.1) with AarTransform
Build cache key for task ':androidApp:processReleaseMainManifest' is 744b71912c717d32680e3112fa21f267
Skipping task ':androidApp:processReleaseMainManifest' as it is up-to-date.
:common:convertXmlValueResourcesForAndroidUnitTest (Thread[included builds,5,main]) started.
Resolve mutations for :androidApp:processReleaseManifest (Thread[Execution worker Thread 5,5,main]) started.

> Task :androidApp:stripDebugDebugSymbols UP-TO-DATE
Caching disabled for task ':androidApp:stripDebugDebugSymbols' because:
  Caching has been disabled for the task
Skipping task ':androidApp:stripDebugDebugSymbols' as it is up-to-date.
Resolve mutations for :common:copyNonXmlValueResourcesForAndroidUnitTest (Thread[Execution worker,5,main]) started.

> Task :common:copyReleaseComposeResourcesToAndroidAssets UP-TO-DATE
Caching disabled for task ':common:copyReleaseComposeResourcesToAndroidAssets' because:
  Caching has not been enabled for the task
Skipping task ':common:copyReleaseComposeResourcesToAndroidAssets' as it is up-to-date.
Resolve mutations for :common:convertXmlValueResourcesForAndroidUnitTestDebug (Thread[Execution worker,5,main]) started.
:androidApp:processReleaseManifest (Thread[Execution worker Thread 5,5,main]) started.

> Task :common:convertXmlValueResourcesForAndroidUnitTest NO-SOURCE
file or directory '/Users/azam/AndroidStudioProjects/JoshTalk2/common/build/generated/compose/resourceGenerator/preparedResources/androidUnitTest/composeResources', not found
Skipping task ':common:convertXmlValueResourcesForAndroidUnitTest' as it has no source files and no previous output files.
:common:convertXmlValueResourcesForAndroidUnitTestDebug (Thread[Execution worker Thread 4,5,main]) started.
Resolve mutations for :common:copyNonXmlValueResourcesForAndroidUnitTestDebug (Thread[Execution worker,5,main]) started.
:common:copyNonXmlValueResourcesForAndroidUnitTest (Thread[included builds,5,main]) started.

> Task :common:copyNonXmlValueResourcesForAndroidUnitTest NO-SOURCE
file or directory '/Users/azam/AndroidStudioProjects/JoshTalk2/common/build/generated/compose/resourceGenerator/preparedResources/androidUnitTest/composeResources', not found
Skipping task ':common:copyNonXmlValueResourcesForAndroidUnitTest' as it has no source files and no previous output files.
Resolve mutations for :common:convertXmlValueResourcesForAndroidUnitTestRelease (Thread[Execution worker,5,main]) started.
Resolve mutations for :common:prepareComposeResourcesTaskForAndroidUnitTest (Thread[included builds,5,main]) started.
:common:convertXmlValueResourcesForAndroidUnitTestRelease (Thread[Execution worker,5,main]) started.
:common:prepareComposeResourcesTaskForAndroidUnitTest (Thread[included builds,5,main]) started.

> Task :common:convertXmlValueResourcesForAndroidUnitTestDebug NO-SOURCE
file or directory '/Users/azam/AndroidStudioProjects/JoshTalk2/common/build/generated/compose/resourceGenerator/preparedResources/androidUnitTestDebug/composeResources', not found
Skipping task ':common:convertXmlValueResourcesForAndroidUnitTestDebug' as it has no source files and no previous output files.
:common:copyNonXmlValueResourcesForAndroidUnitTestDebug (Thread[Execution worker Thread 4,5,main]) started.

> Task :androidApp:processReleaseManifest UP-TO-DATE
Build cache key for task ':androidApp:processReleaseManifest' is 396d47281954866b96558d1efa9fee6c
Skipping task ':androidApp:processReleaseManifest' as it is up-to-date.
Resolve mutations for :androidApp:processReleaseManifestForPackage (Thread[Execution worker Thread 5,5,main]) started.

> Task :common:convertXmlValueResourcesForAndroidUnitTestRelease NO-SOURCE
file or directory '/Users/azam/AndroidStudioProjects/JoshTalk2/common/build/generated/compose/resourceGenerator/preparedResources/androidUnitTestRelease/composeResources', not found
Skipping task ':common:convertXmlValueResourcesForAndroidUnitTestRelease' as it has no source files and no previous output files.
Resolve mutations for :common:copyNonXmlValueResourcesForAndroidUnitTestRelease (Thread[Execution worker,5,main]) started.
:common:copyNonXmlValueResourcesForAndroidUnitTestRelease (Thread[Execution worker,5,main]) started.
:androidApp:processReleaseManifestForPackage (Thread[Execution worker Thread 5,5,main]) started.

> Task :common:copyNonXmlValueResourcesForAndroidUnitTestDebug NO-SOURCE
file or directory '/Users/azam/AndroidStudioProjects/JoshTalk2/common/build/generated/compose/resourceGenerator/preparedResources/androidUnitTestDebug/composeResources', not found
Skipping task ':common:copyNonXmlValueResourcesForAndroidUnitTestDebug' as it has no source files and no previous output files.

> Task :common:copyNonXmlValueResourcesForAndroidUnitTestRelease NO-SOURCE
file or directory '/Users/azam/AndroidStudioProjects/JoshTalk2/common/build/generated/compose/resourceGenerator/preparedResources/androidUnitTestRelease/composeResources', not found
Skipping task ':common:copyNonXmlValueResourcesForAndroidUnitTestRelease' as it has no source files and no previous output files.
Resolve mutations for :common:prepareComposeResourcesTaskForAndroidUnitTestDebug (Thread[Execution worker,5,main]) started.
Resolve mutations for :common:prepareComposeResourcesTaskForAndroidUnitTestRelease (Thread[Execution worker Thread 4,5,main]) started.
:common:prepareComposeResourcesTaskForAndroidUnitTestDebug (Thread[Execution worker,5,main]) started.

> Task :common:prepareComposeResourcesTaskForAndroidUnitTest NO-SOURCE
Skipping task ':common:prepareComposeResourcesTaskForAndroidUnitTest' as it has no source files and no previous output files.
:common:prepareComposeResourcesTaskForAndroidUnitTestRelease (Thread[Execution worker Thread 4,5,main]) started.

> Task :common:prepareComposeResourcesTaskForAndroidUnitTestDebug NO-SOURCE
Skipping task ':common:prepareComposeResourcesTaskForAndroidUnitTestDebug' as it has no source files and no previous output files.
Resolve mutations for :common:generateResourceAccessorsForAndroidUnitTest (Thread[included builds,5,main]) started.

> Task :common:prepareComposeResourcesTaskForAndroidUnitTestRelease NO-SOURCE
Skipping task ':common:prepareComposeResourcesTaskForAndroidUnitTestRelease' as it has no source files and no previous output files.

> Task :androidApp:processReleaseManifestForPackage UP-TO-DATE
Build cache key for task ':androidApp:processReleaseManifestForPackage' is d6fc0f386ab914de37d4710b501e9b43
Skipping task ':androidApp:processReleaseManifestForPackage' as it is up-to-date.
Resolve mutations for :common:generateResourceAccessorsForAndroidUnitTestDebug (Thread[Execution worker,5,main]) started.
Resolve mutations for :androidApp:processReleaseResources (Thread[included builds,5,main]) started.
:common:generateResourceAccessorsForAndroidUnitTest (Thread[Execution worker Thread 5,5,main]) started.
Resolve mutations for :common:generateResourceAccessorsForAndroidUnitTestRelease (Thread[Execution worker Thread 4,5,main]) started.
:common:generateResourceAccessorsForAndroidUnitTestRelease (Thread[Execution worker Thread 4,5,main]) started.
:androidApp:processReleaseResources (Thread[included builds,5,main]) started.

> Task :common:generateResourceAccessorsForAndroidUnitTestRelease NO-SOURCE
Skipping task ':common:generateResourceAccessorsForAndroidUnitTestRelease' as it has no source files and no previous output files.
Resolve mutations for :common:convertXmlValueResourcesForAppleMain (Thread[Execution worker Thread 4,5,main]) started.
:common:generateResourceAccessorsForAndroidUnitTestDebug (Thread[Execution worker,5,main]) started.
:common:convertXmlValueResourcesForAppleMain (Thread[Execution worker Thread 4,5,main]) started.

> Task :common:convertXmlValueResourcesForAppleMain NO-SOURCE
file or directory '/Users/azam/AndroidStudioProjects/JoshTalk2/common/build/generated/compose/resourceGenerator/preparedResources/appleMain/composeResources', not found
Skipping task ':common:convertXmlValueResourcesForAppleMain' as it has no source files and no previous output files.
Resolve mutations for :common:copyNonXmlValueResourcesForAppleMain (Thread[Execution worker Thread 4,5,main]) started.
:common:copyNonXmlValueResourcesForAppleMain (Thread[Execution worker Thread 4,5,main]) started.

> Task :common:generateResourceAccessorsForAndroidUnitTestDebug NO-SOURCE
Skipping task ':common:generateResourceAccessorsForAndroidUnitTestDebug' as it has no source files and no previous output files.

> Task :common:generateResourceAccessorsForAndroidUnitTest NO-SOURCE
Skipping task ':common:generateResourceAccessorsForAndroidUnitTest' as it has no source files and no previous output files.
Resolve mutations for :common:convertXmlValueResourcesForAppleTest (Thread[Execution worker,5,main]) started.

> Task :common:copyNonXmlValueResourcesForAppleMain NO-SOURCE
file or directory '/Users/azam/AndroidStudioProjects/JoshTalk2/common/build/generated/compose/resourceGenerator/preparedResources/appleMain/composeResources', not found
Skipping task ':common:copyNonXmlValueResourcesForAppleMain' as it has no source files and no previous output files.
Resolve mutations for :common:copyNonXmlValueResourcesForAppleTest (Thread[Execution worker Thread 5,5,main]) started.
Resolve mutations for :common:prepareComposeResourcesTaskForAppleMain (Thread[Execution worker Thread 4,5,main]) started.
:common:convertXmlValueResourcesForAppleTest (Thread[Execution worker,5,main]) started.
:common:prepareComposeResourcesTaskForAppleMain (Thread[Execution worker Thread 4,5,main]) started.
Resolve mutations for :common:convertXmlValueResourcesForCommonTest (Thread[Execution worker Thread 5,5,main]) started.

> Task :common:convertXmlValueResourcesForAppleTest NO-SOURCE
file or directory '/Users/azam/AndroidStudioProjects/JoshTalk2/common/build/generated/compose/resourceGenerator/preparedResources/appleTest/composeResources', not found
Skipping task ':common:convertXmlValueResourcesForAppleTest' as it has no source files and no previous output files.
:common:convertXmlValueResourcesForCommonTest (Thread[Execution worker Thread 5,5,main]) started.
:common:copyNonXmlValueResourcesForAppleTest (Thread[Execution worker,5,main]) started.

> Task :common:prepareComposeResourcesTaskForAppleMain NO-SOURCE
Skipping task ':common:prepareComposeResourcesTaskForAppleMain' as it has no source files and no previous output files.
Resolve mutations for :common:generateResourceAccessorsForAppleMain (Thread[Execution worker Thread 4,5,main]) started.
:common:generateResourceAccessorsForAppleMain (Thread[Execution worker Thread 4,5,main]) started.

> Task :common:convertXmlValueResourcesForCommonTest NO-SOURCE
file or directory '/Users/azam/AndroidStudioProjects/JoshTalk2/common/build/generated/compose/resourceGenerator/preparedResources/commonTest/composeResources', not found
Skipping task ':common:convertXmlValueResourcesForCommonTest' as it has no source files and no previous output files.

> Task :common:copyNonXmlValueResourcesForAppleTest NO-SOURCE
file or directory '/Users/azam/AndroidStudioProjects/JoshTalk2/common/build/generated/compose/resourceGenerator/preparedResources/appleTest/composeResources', not found
Skipping task ':common:copyNonXmlValueResourcesForAppleTest' as it has no source files and no previous output files.
Resolve mutations for :common:prepareComposeResourcesTaskForAppleTest (Thread[Execution worker,5,main]) started.
Resolve mutations for :common:copyNonXmlValueResourcesForCommonTest (Thread[Execution worker Thread 5,5,main]) started.
:common:prepareComposeResourcesTaskForAppleTest (Thread[Execution worker,5,main]) started.
:common:copyNonXmlValueResourcesForCommonTest (Thread[Execution worker Thread 5,5,main]) started.

> Task :common:prepareComposeResourcesTaskForAppleTest NO-SOURCE
Skipping task ':common:prepareComposeResourcesTaskForAppleTest' as it has no source files and no previous output files.

> Task :common:copyNonXmlValueResourcesForCommonTest NO-SOURCE
file or directory '/Users/azam/AndroidStudioProjects/JoshTalk2/common/build/generated/compose/resourceGenerator/preparedResources/commonTest/composeResources', not found
Skipping task ':common:copyNonXmlValueResourcesForCommonTest' as it has no source files and no previous output files.
Resolve mutations for :common:prepareComposeResourcesTaskForCommonTest (Thread[Execution worker Thread 5,5,main]) started.

> Task :common:generateResourceAccessorsForAppleMain NO-SOURCE
Skipping task ':common:generateResourceAccessorsForAppleMain' as it has no source files and no previous output files.
:common:prepareComposeResourcesTaskForCommonTest (Thread[Execution worker Thread 5,5,main]) started.
Resolve mutations for :common:generateResourceAccessorsForAppleTest (Thread[Execution worker,5,main]) started.
:common:generateResourceAccessorsForAppleTest (Thread[Execution worker,5,main]) started.
Resolve mutations for :common:convertXmlValueResourcesForIosArm64Main (Thread[Execution worker Thread 4,5,main]) started.

> Task :common:prepareComposeResourcesTaskForCommonTest NO-SOURCE
Skipping task ':common:prepareComposeResourcesTaskForCommonTest' as it has no source files and no previous output files.
:common:convertXmlValueResourcesForIosArm64Main (Thread[Execution worker Thread 4,5,main]) started.
Resolve mutations for :common:generateResourceAccessorsForCommonTest (Thread[Execution worker Thread 5,5,main]) started.

> Task :common:generateResourceAccessorsForAppleTest NO-SOURCE
Skipping task ':common:generateResourceAccessorsForAppleTest' as it has no source files and no previous output files.
Resolve mutations for :common:copyNonXmlValueResourcesForIosArm64Main (Thread[Execution worker,5,main]) started.
:common:generateResourceAccessorsForCommonTest (Thread[Execution worker Thread 5,5,main]) started.
Resolve mutations for :common:convertXmlValueResourcesForIosArm64Test (Thread[Execution worker,5,main]) started.
:common:convertXmlValueResourcesForIosArm64Test (Thread[Execution worker,5,main]) started.

> Task :common:generateResourceAccessorsForCommonTest NO-SOURCE
Skipping task ':common:generateResourceAccessorsForCommonTest' as it has no source files and no previous output files.

> Task :common:convertXmlValueResourcesForIosArm64Test NO-SOURCE
file or directory '/Users/azam/AndroidStudioProjects/JoshTalk2/common/build/generated/compose/resourceGenerator/preparedResources/iosArm64Test/composeResources', not found
Skipping task ':common:convertXmlValueResourcesForIosArm64Test' as it has no source files and no previous output files.
Resolve mutations for :common:convertXmlValueResourcesForIosMain (Thread[Execution worker,5,main]) started.

> Task :common:convertXmlValueResourcesForIosArm64Main NO-SOURCE
file or directory '/Users/azam/AndroidStudioProjects/JoshTalk2/common/build/generated/compose/resourceGenerator/preparedResources/iosArm64Main/composeResources', not found
Skipping task ':common:convertXmlValueResourcesForIosArm64Main' as it has no source files and no previous output files.
:common:convertXmlValueResourcesForIosMain (Thread[Execution worker,5,main]) started.
:common:copyNonXmlValueResourcesForIosArm64Main (Thread[Execution worker Thread 4,5,main]) started.
Resolve mutations for :common:copyNonXmlValueResourcesForIosArm64Test (Thread[Execution worker Thread 5,5,main]) started.

> Task :common:copyNonXmlValueResourcesForIosArm64Main NO-SOURCE
file or directory '/Users/azam/AndroidStudioProjects/JoshTalk2/common/build/generated/compose/resourceGenerator/preparedResources/iosArm64Main/composeResources', not found
Skipping task ':common:copyNonXmlValueResourcesForIosArm64Main' as it has no source files and no previous output files.

> Task :common:convertXmlValueResourcesForIosMain NO-SOURCE
file or directory '/Users/azam/AndroidStudioProjects/JoshTalk2/common/build/generated/compose/resourceGenerator/preparedResources/iosMain/composeResources', not found
Skipping task ':common:convertXmlValueResourcesForIosMain' as it has no source files and no previous output files.
Resolve mutations for :common:prepareComposeResourcesTaskForIosArm64Main (Thread[Execution worker Thread 4,5,main]) started.
Resolve mutations for :common:copyNonXmlValueResourcesForIosMain (Thread[Execution worker,5,main]) started.
:common:copyNonXmlValueResourcesForIosMain (Thread[Execution worker,5,main]) started.
:common:copyNonXmlValueResourcesForIosArm64Test (Thread[Execution worker Thread 5,5,main]) started.
:common:prepareComposeResourcesTaskForIosArm64Main (Thread[Execution worker Thread 4,5,main]) started.

> Task :common:copyNonXmlValueResourcesForIosMain NO-SOURCE
file or directory '/Users/azam/AndroidStudioProjects/JoshTalk2/common/build/generated/compose/resourceGenerator/preparedResources/iosMain/composeResources', not found
Skipping task ':common:copyNonXmlValueResourcesForIosMain' as it has no source files and no previous output files.
Resolve mutations for :common:prepareComposeResourcesTaskForIosMain (Thread[Execution worker,5,main]) started.

> Task :common:copyNonXmlValueResourcesForIosArm64Test NO-SOURCE
file or directory '/Users/azam/AndroidStudioProjects/JoshTalk2/common/build/generated/compose/resourceGenerator/preparedResources/iosArm64Test/composeResources', not found
Skipping task ':common:copyNonXmlValueResourcesForIosArm64Test' as it has no source files and no previous output files.
Resolve mutations for :common:prepareComposeResourcesTaskForIosArm64Test (Thread[Execution worker Thread 5,5,main]) started.
:common:prepareComposeResourcesTaskForIosMain (Thread[Execution worker,5,main]) started.
:common:prepareComposeResourcesTaskForIosArm64Test (Thread[Execution worker Thread 5,5,main]) started.

> Task :common:prepareComposeResourcesTaskForIosMain NO-SOURCE
Skipping task ':common:prepareComposeResourcesTaskForIosMain' as it has no source files and no previous output files.
Resolve mutations for :common:generateResourceAccessorsForIosMain (Thread[Execution worker,5,main]) started.
:common:generateResourceAccessorsForIosMain (Thread[Execution worker,5,main]) started.

> Task :common:prepareComposeResourcesTaskForIosArm64Main NO-SOURCE
Skipping task ':common:prepareComposeResourcesTaskForIosArm64Main' as it has no source files and no previous output files.
Resolve mutations for :common:generateResourceAccessorsForIosArm64Main (Thread[Execution worker Thread 4,5,main]) started.

> Task :androidApp:mergeExtDexDebug UP-TO-DATE
Transforming library-release.aar (org.jetbrains.compose.components:components-resources-android:1.7.0) with AarToClassTransform
Transforming library-release.aar (org.jetbrains.compose.components:components-resources-android:1.7.0) with IdentityTransform
Transforming library-release.aar (org.jetbrains.compose.components:components-resources-android:1.7.0) with DexingNoClasspathTransform
Transforming material-1.0.0.aar (androidx.compose.material:material:1.0.0) with AarToClassTransform
Transforming material-1.0.0.aar (androidx.compose.material:material:1.0.0) with IdentityTransform
Transforming material-1.0.0.aar (androidx.compose.material:material:1.0.0) with DexingNoClasspathTransform
Transforming navigation-common-2.8.0-rc01.aar (androidx.navigation:navigation-common:2.8.0-rc01) with AarToClassTransform
Transforming navigation-common-2.8.0-rc01.aar (androidx.navigation:navigation-common:2.8.0-rc01) with IdentityTransform
Transforming navigation-common-2.8.0-rc01.aar (androidx.navigation:navigation-common:2.8.0-rc01) with DexingNoClasspathTransform
Transforming navigation-runtime-2.8.0-rc01.aar (androidx.navigation:navigation-runtime:2.8.0-rc01) with AarToClassTransform
Transforming navigation-runtime-2.8.0-rc01.aar (androidx.navigation:navigation-runtime:2.8.0-rc01) with IdentityTransform
Transforming navigation-runtime-2.8.0-rc01.aar (androidx.navigation:navigation-runtime:2.8.0-rc01) with DexingNoClasspathTransform
Transforming navigation-common-ktx-2.8.0-rc01.aar (androidx.navigation:navigation-common-ktx:2.8.0-rc01) with AarToClassTransform
Transforming navigation-common-ktx-2.8.0-rc01.aar (androidx.navigation:navigation-common-ktx:2.8.0-rc01) with IdentityTransform
Transforming navigation-common-ktx-2.8.0-rc01.aar (androidx.navigation:navigation-common-ktx:2.8.0-rc01) with DexingNoClasspathTransform
Transforming navigation-runtime-ktx-2.8.0-rc01.aar (androidx.navigation:navigation-runtime-ktx:2.8.0-rc01) with AarToClassTransform
Transforming navigation-runtime-ktx-2.8.0-rc01.aar (androidx.navigation:navigation-runtime-ktx:2.8.0-rc01) with IdentityTransform
Transforming navigation-runtime-ktx-2.8.0-rc01.aar (androidx.navigation:navigation-runtime-ktx:2.8.0-rc01) with DexingNoClasspathTransform
Transforming navigation-compose-2.8.0-rc01.aar (androidx.navigation:navigation-compose:2.8.0-rc01) with AarToClassTransform
Transforming navigation-compose-2.8.0-rc01.aar (androidx.navigation:navigation-compose:2.8.0-rc01) with IdentityTransform
Transforming navigation-compose-2.8.0-rc01.aar (androidx.navigation:navigation-compose:2.8.0-rc01) with DexingNoClasspathTransform
Transforming material3-release.aar (androidx.compose.material3:material3-android:1.3.1) with AarToClassTransform
Transforming material3-release.aar (androidx.compose.material3:material3-android:1.3.1) with IdentityTransform
Transforming material3-release.aar (androidx.compose.material3:material3-android:1.3.1) with DexingNoClasspathTransform
Transforming material-ripple-release.aar (androidx.compose.material:material-ripple-android:1.7.1) with AarToClassTransform
Transforming material-ripple-release.aar (androidx.compose.material:material-ripple-android:1.7.1) with IdentityTransform
Transforming material-ripple-release.aar (androidx.compose.material:material-ripple-android:1.7.1) with DexingNoClasspathTransform
Transforming foundation-layout-release.aar (androidx.compose.foundation:foundation-layout-android:1.7.5) with AarToClassTransform
Transforming foundation-layout-release.aar (androidx.compose.foundation:foundation-layout-android:1.7.5) with IdentityTransform
Transforming foundation-layout-release.aar (androidx.compose.foundation:foundation-layout-android:1.7.5) with DexingNoClasspathTransform
Transforming foundation-release.aar (androidx.compose.foundation:foundation-android:1.7.5) with AarToClassTransform
Transforming foundation-release.aar (androidx.compose.foundation:foundation-android:1.7.5) with IdentityTransform
Transforming foundation-release.aar (androidx.compose.foundation:foundation-android:1.7.5) with DexingNoClasspathTransform
Transforming animation-core-release.aar (androidx.compose.animation:animation-core-android:1.7.5) with AarToClassTransform
Transforming animation-core-release.aar (androidx.compose.animation:animation-core-android:1.7.5) with IdentityTransform
Transforming animation-core-release.aar (androidx.compose.animation:animation-core-android:1.7.5) with DexingNoClasspathTransform
Transforming animation-release.aar (androidx.compose.animation:animation-android:1.7.5) with AarToClassTransform
Transforming animation-release.aar (androidx.compose.animation:animation-android:1.7.5) with IdentityTransform
Transforming animation-release.aar (androidx.compose.animation:animation-android:1.7.5) with DexingNoClasspathTransform
Transforming ui-util-release.aar (androidx.compose.ui:ui-util-android:1.7.5) with AarToClassTransform
Transforming ui-util-release.aar (androidx.compose.ui:ui-util-android:1.7.5) with IdentityTransform
Transforming ui-util-release.aar (androidx.compose.ui:ui-util-android:1.7.5) with DexingNoClasspathTransform
Transforming ui-unit-release.aar (androidx.compose.ui:ui-unit-android:1.7.5) with AarToClassTransform
Transforming ui-unit-release.aar (androidx.compose.ui:ui-unit-android:1.7.5) with IdentityTransform
Transforming ui-unit-release.aar (androidx.compose.ui:ui-unit-android:1.7.5) with DexingNoClasspathTransform
Transforming ui-text-release.aar (androidx.compose.ui:ui-text-android:1.7.5) with AarToClassTransform
Transforming ui-text-release.aar (androidx.compose.ui:ui-text-android:1.7.5) with IdentityTransform
Transforming ui-text-release.aar (androidx.compose.ui:ui-text-android:1.7.5) with DexingNoClasspathTransform
Transforming ui-graphics-release.aar (androidx.compose.ui:ui-graphics-android:1.7.5) with AarToClassTransform
Transforming ui-graphics-release.aar (androidx.compose.ui:ui-graphics-android:1.7.5) with IdentityTransform
Transforming ui-graphics-release.aar (androidx.compose.ui:ui-graphics-android:1.7.5) with DexingNoClasspathTransform
Transforming ui-geometry-release.aar (androidx.compose.ui:ui-geometry-android:1.7.5) with AarToClassTransform
Transforming ui-geometry-release.aar (androidx.compose.ui:ui-geometry-android:1.7.5) with IdentityTransform
Transforming ui-geometry-release.aar (androidx.compose.ui:ui-geometry-android:1.7.5) with DexingNoClasspathTransform
Transforming ui-tooling-data-release.aar (androidx.compose.ui:ui-tooling-data-android:1.7.5) with AarToClassTransform
Transforming ui-tooling-data-release.aar (androidx.compose.ui:ui-tooling-data-android:1.7.5) with IdentityTransform
Transforming ui-tooling-data-release.aar (androidx.compose.ui:ui-tooling-data-android:1.7.5) with DexingNoClasspathTransform
Transforming ui-tooling-preview-release.aar (androidx.compose.ui:ui-tooling-preview-android:1.7.5) with AarToClassTransform
Transforming ui-tooling-preview-release.aar (androidx.compose.ui:ui-tooling-preview-android:1.7.5) with IdentityTransform
Transforming ui-tooling-preview-release.aar (androidx.compose.ui:ui-tooling-preview-android:1.7.5) with DexingNoClasspathTransform
Transforming material-icons-core-release.aar (androidx.compose.material:material-icons-core-android:1.7.1) with AarToClassTransform
Transforming material-icons-core-release.aar (androidx.compose.material:material-icons-core-android:1.7.1) with IdentityTransform
Transforming material-icons-core-release.aar (androidx.compose.material:material-icons-core-android:1.7.1) with DexingNoClasspathTransform
Transforming activity-1.9.3.aar (androidx.activity:activity:1.9.3) with AarToClassTransform
Transforming activity-1.9.3.aar (androidx.activity:activity:1.9.3) with IdentityTransform
Transforming activity-1.9.3.aar (androidx.activity:activity:1.9.3) with DexingNoClasspathTransform
Transforming activity-ktx-1.9.3.aar (androidx.activity:activity-ktx:1.9.3) with AarToClassTransform
Transforming activity-ktx-1.9.3.aar (androidx.activity:activity-ktx:1.9.3) with IdentityTransform
Transforming activity-ktx-1.9.3.aar (androidx.activity:activity-ktx:1.9.3) with DexingNoClasspathTransform
Transforming savedstate-ktx-1.2.1.aar (androidx.savedstate:savedstate-ktx:1.2.1) with AarToClassTransform
Transforming savedstate-ktx-1.2.1.aar (androidx.savedstate:savedstate-ktx:1.2.1) with IdentityTransform
Transforming savedstate-ktx-1.2.1.aar (androidx.savedstate:savedstate-ktx:1.2.1) with DexingNoClasspathTransform
Transforming autofill-1.0.0.aar (androidx.autofill:autofill:1.0.0) with AarToClassTransform
Transforming autofill-1.0.0.aar (androidx.autofill:autofill:1.0.0) with IdentityTransform
Transforming autofill-1.0.0.aar (androidx.autofill:autofill:1.0.0) with DexingNoClasspathTransform
Transforming emoji2-1.3.0.aar (androidx.emoji2:emoji2:1.3.0) with AarToClassTransform
Transforming emoji2-1.3.0.aar (androidx.emoji2:emoji2:1.3.0) with IdentityTransform
Transforming emoji2-1.3.0.aar (androidx.emoji2:emoji2:1.3.0) with DexingNoClasspathTransform
Transforming graphics-path-1.0.1.aar (androidx.graphics:graphics-path:1.0.1) with AarToClassTransform
Transforming graphics-path-1.0.1.aar (androidx.graphics:graphics-path:1.0.1) with IdentityTransform
Transforming graphics-path-1.0.1.aar (androidx.graphics:graphics-path:1.0.1) with DexingNoClasspathTransform
Transforming customview-poolingcontainer-1.0.0.aar (androidx.customview:customview-poolingcontainer:1.0.0) with AarToClassTransform
Transforming customview-poolingcontainer-1.0.0.aar (androidx.customview:customview-poolingcontainer:1.0.0) with IdentityTransform
Transforming customview-poolingcontainer-1.0.0.aar (androidx.customview:customview-poolingcontainer:1.0.0) with DexingNoClasspathTransform
Transforming core-bundle-debug.aar (org.jetbrains.androidx.core:core-bundle-android-debug:1.0.1) with AarToClassTransform
Transforming core-bundle-debug.aar (org.jetbrains.androidx.core:core-bundle-android-debug:1.0.1) with IdentityTransform
Transforming core-bundle-debug.aar (org.jetbrains.androidx.core:core-bundle-android-debug:1.0.1) with DexingNoClasspathTransform
Transforming core-ktx-1.13.1.aar (androidx.core:core-ktx:1.13.1) with AarToClassTransform
Transforming core-ktx-1.13.1.aar (androidx.core:core-ktx:1.13.1) with IdentityTransform
Transforming core-ktx-1.13.1.aar (androidx.core:core-ktx:1.13.1) with DexingNoClasspathTransform
Transforming core-1.13.1.aar (androidx.core:core:1.13.1) with AarToClassTransform
Transforming core-1.13.1.aar (androidx.core:core:1.13.1) with IdentityTransform
Transforming core-1.13.1.aar (androidx.core:core:1.13.1) with DexingNoClasspathTransform
Transforming core-1.13.1.aar (androidx.core:core:1.13.1) with AarToClassTransform
Transforming core-1.13.1.aar (androidx.core:core:1.13.1) with IdentityTransform
Transforming core-1.13.1.aar (androidx.core:core:1.13.1) with DexingNoClasspathTransform
Transforming lifecycle-runtime-ktx-release.aar (androidx.lifecycle:lifecycle-runtime-ktx-android:2.8.5) with AarToClassTransform
Transforming lifecycle-runtime-ktx-release.aar (androidx.lifecycle:lifecycle-runtime-ktx-android:2.8.5) with IdentityTransform
Transforming lifecycle-runtime-ktx-release.aar (androidx.lifecycle:lifecycle-runtime-ktx-android:2.8.5) with DexingNoClasspathTransform
Transforming lifecycle-process-2.8.5.aar (androidx.lifecycle:lifecycle-process:2.8.5) with AarToClassTransform
Transforming lifecycle-process-2.8.5.aar (androidx.lifecycle:lifecycle-process:2.8.5) with IdentityTransform
Transforming lifecycle-process-2.8.5.aar (androidx.lifecycle:lifecycle-process:2.8.5) with DexingNoClasspathTransform
Transforming lifecycle-viewmodel-ktx-2.8.5.aar (androidx.lifecycle:lifecycle-viewmodel-ktx:2.8.5) with AarToClassTransform
Transforming lifecycle-viewmodel-ktx-2.8.5.aar (androidx.lifecycle:lifecycle-viewmodel-ktx:2.8.5) with IdentityTransform
Transforming lifecycle-viewmodel-ktx-2.8.5.aar (androidx.lifecycle:lifecycle-viewmodel-ktx:2.8.5) with DexingNoClasspathTransform
Transforming lifecycle-livedata-core-2.8.5.aar (androidx.lifecycle:lifecycle-livedata-core:2.8.5) with AarToClassTransform
Transforming lifecycle-livedata-core-2.8.5.aar (androidx.lifecycle:lifecycle-livedata-core:2.8.5) with IdentityTransform
Transforming lifecycle-livedata-core-2.8.5.aar (androidx.lifecycle:lifecycle-livedata-core:2.8.5) with DexingNoClasspathTransform
Transforming lifecycle-common-java8-2.8.5.jar (androidx.lifecycle:lifecycle-common-java8:2.8.5) with IdentityTransform
Transforming lifecycle-common-java8-2.8.5.jar (androidx.lifecycle:lifecycle-common-java8:2.8.5) with IdentityTransform
Transforming lifecycle-common-java8-2.8.5.jar (androidx.lifecycle:lifecycle-common-java8:2.8.5) with DexingNoClasspathTransform
Transforming lifecycle-runtime-release.aar (androidx.lifecycle:lifecycle-runtime-android:2.8.5) with AarToClassTransform
Transforming lifecycle-runtime-release.aar (androidx.lifecycle:lifecycle-runtime-android:2.8.5) with IdentityTransform
Transforming lifecycle-runtime-release.aar (androidx.lifecycle:lifecycle-runtime-android:2.8.5) with DexingNoClasspathTransform
Transforming lifecycle-viewmodel-release.aar (androidx.lifecycle:lifecycle-viewmodel-android:2.8.5) with AarToClassTransform
Transforming lifecycle-viewmodel-release.aar (androidx.lifecycle:lifecycle-viewmodel-android:2.8.5) with IdentityTransform
Transforming lifecycle-viewmodel-release.aar (androidx.lifecycle:lifecycle-viewmodel-android:2.8.5) with DexingNoClasspathTransform
Transforming lifecycle-runtime-compose-release.aar (androidx.lifecycle:lifecycle-runtime-compose-android:2.8.5) with AarToClassTransform
Transforming lifecycle-runtime-compose-release.aar (androidx.lifecycle:lifecycle-runtime-compose-android:2.8.5) with IdentityTransform
Transforming lifecycle-runtime-compose-release.aar (androidx.lifecycle:lifecycle-runtime-compose-android:2.8.5) with DexingNoClasspathTransform
Transforming lifecycle-viewmodel-savedstate-2.8.5.aar (androidx.lifecycle:lifecycle-viewmodel-savedstate:2.8.5) with AarToClassTransform
Transforming lifecycle-viewmodel-savedstate-2.8.5.aar (androidx.lifecycle:lifecycle-viewmodel-savedstate:2.8.5) with IdentityTransform
Transforming lifecycle-viewmodel-savedstate-2.8.5.aar (androidx.lifecycle:lifecycle-viewmodel-savedstate:2.8.5) with DexingNoClasspathTransform
Transforming savedstate-1.2.1.aar (androidx.savedstate:savedstate:1.2.1) with AarToClassTransform
Transforming savedstate-1.2.1.aar (androidx.savedstate:savedstate:1.2.1) with IdentityTransform
Transforming savedstate-1.2.1.aar (androidx.savedstate:savedstate:1.2.1) with DexingNoClasspathTransform
Transforming lifecycle-common-jvm-2.8.5.jar (androidx.lifecycle:lifecycle-common-jvm:2.8.5) with IdentityTransform
Transforming lifecycle-common-jvm-2.8.5.jar (androidx.lifecycle:lifecycle-common-jvm:2.8.5) with IdentityTransform
Transforming lifecycle-common-jvm-2.8.5.jar (androidx.lifecycle:lifecycle-common-jvm:2.8.5) with DexingNoClasspathTransform
Transforming lifecycle-viewmodel-compose-release.aar (androidx.lifecycle:lifecycle-viewmodel-compose-android:2.8.5) with AarToClassTransform
Transforming lifecycle-viewmodel-compose-release.aar (androidx.lifecycle:lifecycle-viewmodel-compose-android:2.8.5) with IdentityTransform
Transforming lifecycle-viewmodel-compose-release.aar (androidx.lifecycle:lifecycle-viewmodel-compose-android:2.8.5) with DexingNoClasspathTransform
Transforming ui-release.aar (androidx.compose.ui:ui-android:1.7.5) with AarToClassTransform
Transforming ui-release.aar (androidx.compose.ui:ui-android:1.7.5) with IdentityTransform
Transforming ui-release.aar (androidx.compose.ui:ui-android:1.7.5) with DexingNoClasspathTransform
Transforming ui-tooling-release.aar (androidx.compose.ui:ui-tooling-android:1.7.5) with AarToClassTransform
Transforming ui-tooling-release.aar (androidx.compose.ui:ui-tooling-android:1.7.5) with IdentityTransform
Transforming ui-tooling-release.aar (androidx.compose.ui:ui-tooling-android:1.7.5) with DexingNoClasspathTransform
Transforming activity-compose-1.9.3.aar (androidx.activity:activity-compose:1.9.3) with AarToClassTransform
Transforming activity-compose-1.9.3.aar (androidx.activity:activity-compose:1.9.3) with IdentityTransform
Transforming activity-compose-1.9.3.aar (androidx.activity:activity-compose:1.9.3) with DexingNoClasspathTransform
Transforming library-release.aar (org.jetbrains.compose.components:components-ui-tooling-preview-android:1.7.0) with AarToClassTransform
Transforming library-release.aar (org.jetbrains.compose.components:components-ui-tooling-preview-android:1.7.0) with IdentityTransform
Transforming library-release.aar (org.jetbrains.compose.components:components-ui-tooling-preview-android:1.7.0) with DexingNoClasspathTransform
Transforming runtime-saveable-release.aar (androidx.compose.runtime:runtime-saveable-android:1.7.5) with AarToClassTransform
Transforming runtime-saveable-release.aar (androidx.compose.runtime:runtime-saveable-android:1.7.5) with IdentityTransform
Transforming runtime-saveable-release.aar (androidx.compose.runtime:runtime-saveable-android:1.7.5) with DexingNoClasspathTransform
Transforming runtime-release.aar (androidx.compose.runtime:runtime-android:1.7.5) with AarToClassTransform
Transforming runtime-release.aar (androidx.compose.runtime:runtime-android:1.7.5) with IdentityTransform
Transforming runtime-release.aar (androidx.compose.runtime:runtime-android:1.7.5) with DexingNoClasspathTransform
Transforming atomicfu-jvm-0.23.2.jar (org.jetbrains.kotlinx:atomicfu-jvm:0.23.2) with IdentityTransform
Transforming atomicfu-jvm-0.23.2.jar (org.jetbrains.kotlinx:atomicfu-jvm:0.23.2) with IdentityTransform
Transforming atomicfu-jvm-0.23.2.jar (org.jetbrains.kotlinx:atomicfu-jvm:0.23.2) with DexingNoClasspathTransform
Transforming kotlinx-coroutines-android-1.8.0.jar (org.jetbrains.kotlinx:kotlinx-coroutines-android:1.8.0) with IdentityTransform
Transforming kotlinx-coroutines-android-1.8.0.jar (org.jetbrains.kotlinx:kotlinx-coroutines-android:1.8.0) with IdentityTransform
Transforming kotlinx-coroutines-android-1.8.0.jar (org.jetbrains.kotlinx:kotlinx-coroutines-android:1.8.0) with DexingNoClasspathTransform
Transforming kotlinx-coroutines-core-jvm-1.8.0.jar (org.jetbrains.kotlinx:kotlinx-coroutines-core-jvm:1.8.0) with IdentityTransform
Transforming kotlinx-coroutines-core-jvm-1.8.0.jar (org.jetbrains.kotlinx:kotlinx-coroutines-core-jvm:1.8.0) with IdentityTransform
Transforming kotlinx-coroutines-core-jvm-1.8.0.jar (org.jetbrains.kotlinx:kotlinx-coroutines-core-jvm:1.8.0) with DexingNoClasspathTransform
Transforming annotation-experimental-1.4.1.aar (androidx.annotation:annotation-experimental:1.4.1) with AarToClassTransform
Transforming annotation-experimental-1.4.1.aar (androidx.annotation:annotation-experimental:1.4.1) with IdentityTransform
Transforming annotation-experimental-1.4.1.aar (androidx.annotation:annotation-experimental:1.4.1) with DexingNoClasspathTransform
Transforming kotlinx-serialization-core-jvm-1.6.3.jar (org.jetbrains.kotlinx:kotlinx-serialization-core-jvm:1.6.3) with IdentityTransform
Transforming kotlinx-serialization-core-jvm-1.6.3.jar (org.jetbrains.kotlinx:kotlinx-serialization-core-jvm:1.6.3) with IdentityTransform
Transforming kotlinx-serialization-core-jvm-1.6.3.jar (org.jetbrains.kotlinx:kotlinx-serialization-core-jvm:1.6.3) with DexingNoClasspathTransform
Transforming versionedparcelable-1.1.1.aar (androidx.versionedparcelable:versionedparcelable:1.1.1) with AarToClassTransform
Transforming versionedparcelable-1.1.1.aar (androidx.versionedparcelable:versionedparcelable:1.1.1) with IdentityTransform
Transforming versionedparcelable-1.1.1.aar (androidx.versionedparcelable:versionedparcelable:1.1.1) with DexingNoClasspathTransform
Transforming collection-ktx-1.4.4.jar (androidx.collection:collection-ktx:1.4.4) with IdentityTransform
Transforming collection-ktx-1.4.4.jar (androidx.collection:collection-ktx:1.4.4) with IdentityTransform
Transforming collection-ktx-1.4.4.jar (androidx.collection:collection-ktx:1.4.4) with DexingNoClasspathTransform
Transforming collection-jvm-1.4.4.jar (androidx.collection:collection-jvm:1.4.4) with IdentityTransform
Transforming collection-jvm-1.4.4.jar (androidx.collection:collection-jvm:1.4.4) with IdentityTransform
Transforming collection-jvm-1.4.4.jar (androidx.collection:collection-jvm:1.4.4) with DexingNoClasspathTransform
Transforming profileinstaller-1.3.1.aar (androidx.profileinstaller:profileinstaller:1.3.1) with AarToClassTransform
Transforming profileinstaller-1.3.1.aar (androidx.profileinstaller:profileinstaller:1.3.1) with IdentityTransform
Transforming profileinstaller-1.3.1.aar (androidx.profileinstaller:profileinstaller:1.3.1) with DexingNoClasspathTransform
Transforming core-runtime-2.2.0.aar (androidx.arch.core:core-runtime:2.2.0) with AarToClassTransform
Transforming core-runtime-2.2.0.aar (androidx.arch.core:core-runtime:2.2.0) with IdentityTransform
Transforming core-runtime-2.2.0.aar (androidx.arch.core:core-runtime:2.2.0) with DexingNoClasspathTransform
Transforming core-common-2.2.0.jar (androidx.arch.core:core-common:2.2.0) with IdentityTransform
Transforming core-common-2.2.0.jar (androidx.arch.core:core-common:2.2.0) with IdentityTransform
Transforming core-common-2.2.0.jar (androidx.arch.core:core-common:2.2.0) with DexingNoClasspathTransform
Transforming concurrent-futures-1.1.0.jar (androidx.concurrent:concurrent-futures:1.1.0) with IdentityTransform
Transforming concurrent-futures-1.1.0.jar (androidx.concurrent:concurrent-futures:1.1.0) with IdentityTransform
Transforming concurrent-futures-1.1.0.jar (androidx.concurrent:concurrent-futures:1.1.0) with DexingNoClasspathTransform
Transforming startup-runtime-1.1.1.aar (androidx.startup:startup-runtime:1.1.1) with AarToClassTransform
Transforming startup-runtime-1.1.1.aar (androidx.startup:startup-runtime:1.1.1) with IdentityTransform
Transforming startup-runtime-1.1.1.aar (androidx.startup:startup-runtime:1.1.1) with DexingNoClasspathTransform
Transforming tracing-1.0.0.aar (androidx.tracing:tracing:1.0.0) with AarToClassTransform
Transforming tracing-1.0.0.aar (androidx.tracing:tracing:1.0.0) with IdentityTransform
Transforming tracing-1.0.0.aar (androidx.tracing:tracing:1.0.0) with DexingNoClasspathTransform
Transforming interpolator-1.0.0.aar (androidx.interpolator:interpolator:1.0.0) with AarToClassTransform
Transforming interpolator-1.0.0.aar (androidx.interpolator:interpolator:1.0.0) with IdentityTransform
Transforming interpolator-1.0.0.aar (androidx.interpolator:interpolator:1.0.0) with DexingNoClasspathTransform
Transforming annotation-jvm-1.8.1.jar (androidx.annotation:annotation-jvm:1.8.1) with IdentityTransform
Transforming annotation-jvm-1.8.1.jar (androidx.annotation:annotation-jvm:1.8.1) with IdentityTransform
Transforming annotation-jvm-1.8.1.jar (androidx.annotation:annotation-jvm:1.8.1) with DexingNoClasspathTransform
Transforming kotlin-stdlib-2.0.21.jar (org.jetbrains.kotlin:kotlin-stdlib:2.0.21) with IdentityTransform
Transforming kotlin-stdlib-2.0.21.jar (org.jetbrains.kotlin:kotlin-stdlib:2.0.21) with IdentityTransform
Transforming kotlin-stdlib-2.0.21.jar (org.jetbrains.kotlin:kotlin-stdlib:2.0.21) with DexingNoClasspathTransform
Transforming annotations-23.0.0.jar (org.jetbrains:annotations:23.0.0) with IdentityTransform
Transforming annotations-23.0.0.jar (org.jetbrains:annotations:23.0.0) with IdentityTransform
Transforming annotations-23.0.0.jar (org.jetbrains:annotations:23.0.0) with DexingNoClasspathTransform
Transforming listenablefuture-1.0.jar (com.google.guava:listenablefuture:1.0) with IdentityTransform
Transforming listenablefuture-1.0.jar (com.google.guava:listenablefuture:1.0) with IdentityTransform
Transforming listenablefuture-1.0.jar (com.google.guava:listenablefuture:1.0) with DexingNoClasspathTransform
Build cache key for task ':androidApp:mergeExtDexDebug' is cb239768ab8b14c5eeb2ad5444e42bad
Skipping task ':androidApp:mergeExtDexDebug' as it is up-to-date.
:common:generateResourceAccessorsForIosArm64Main (Thread[Execution worker Thread 4,5,main]) started.

> Task :common:prepareComposeResourcesTaskForIosArm64Test NO-SOURCE
Skipping task ':common:prepareComposeResourcesTaskForIosArm64Test' as it has no source files and no previous output files.
Resolve mutations for :common:convertXmlValueResourcesForIosSimulatorArm64Main (Thread[Execution worker Thread 7,5,main]) started.

> Task :common:generateResourceAccessorsForIosArm64Main NO-SOURCE
Skipping task ':common:generateResourceAccessorsForIosArm64Main' as it has no source files and no previous output files.
Resolve mutations for :common:generateResourceAccessorsForIosArm64Test (Thread[Execution worker Thread 5,5,main]) started.
:common:convertXmlValueResourcesForIosSimulatorArm64Main (Thread[Execution worker Thread 7,5,main]) started.
:common:generateResourceAccessorsForIosArm64Test (Thread[Execution worker Thread 5,5,main]) started.

> Task :common:generateResourceAccessorsForIosMain NO-SOURCE
Skipping task ':common:generateResourceAccessorsForIosMain' as it has no source files and no previous output files.
Resolve mutations for :common:copyNonXmlValueResourcesForIosSimulatorArm64Main (Thread[Execution worker Thread 4,5,main]) started.
Resolve mutations for :common:convertXmlValueResourcesForIosSimulatorArm64Test (Thread[Execution worker,5,main]) started.
Resolve mutations for :common:copyNonXmlValueResourcesForIosSimulatorArm64Test (Thread[Execution worker Thread 4,5,main]) started.
:common:convertXmlValueResourcesForIosSimulatorArm64Test (Thread[Execution worker,5,main]) started.
Resolve mutations for :common:convertXmlValueResourcesForIosTest (Thread[Execution worker Thread 4,5,main]) started.

> Task :common:generateResourceAccessorsForIosArm64Test NO-SOURCE
Skipping task ':common:generateResourceAccessorsForIosArm64Test' as it has no source files and no previous output files.
Resolve mutations for :common:copyNonXmlValueResourcesForIosTest (Thread[Execution worker Thread 5,5,main]) started.

> Task :common:convertXmlValueResourcesForIosSimulatorArm64Main NO-SOURCE
file or directory '/Users/azam/AndroidStudioProjects/JoshTalk2/common/build/generated/compose/resourceGenerator/preparedResources/iosSimulatorArm64Main/composeResources', not found
Skipping task ':common:convertXmlValueResourcesForIosSimulatorArm64Main' as it has no source files and no previous output files.
:common:copyNonXmlValueResourcesForIosTest (Thread[Execution worker Thread 5,5,main]) started.
:common:copyNonXmlValueResourcesForIosSimulatorArm64Main (Thread[Execution worker Thread 7,5,main]) started.

> Task :common:convertXmlValueResourcesForIosSimulatorArm64Test NO-SOURCE
file or directory '/Users/azam/AndroidStudioProjects/JoshTalk2/common/build/generated/compose/resourceGenerator/preparedResources/iosSimulatorArm64Test/composeResources', not found
Skipping task ':common:convertXmlValueResourcesForIosSimulatorArm64Test' as it has no source files and no previous output files.
Resolve mutations for :common:convertXmlValueResourcesForIosX64Main (Thread[Execution worker Thread 4,5,main]) started.
:common:copyNonXmlValueResourcesForIosSimulatorArm64Test (Thread[Execution worker,5,main]) started.
:common:convertXmlValueResourcesForIosX64Main (Thread[Execution worker Thread 4,5,main]) started.

> Task :common:convertXmlValueResourcesForIosX64Main NO-SOURCE
file or directory '/Users/azam/AndroidStudioProjects/JoshTalk2/common/build/generated/compose/resourceGenerator/preparedResources/iosX64Main/composeResources', not found
Skipping task ':common:convertXmlValueResourcesForIosX64Main' as it has no source files and no previous output files.

> Task :common:copyNonXmlValueResourcesForIosSimulatorArm64Test NO-SOURCE
file or directory '/Users/azam/AndroidStudioProjects/JoshTalk2/common/build/generated/compose/resourceGenerator/preparedResources/iosSimulatorArm64Test/composeResources', not found
Skipping task ':common:copyNonXmlValueResourcesForIosSimulatorArm64Test' as it has no source files and no previous output files.
Resolve mutations for :common:prepareComposeResourcesTaskForIosSimulatorArm64Test (Thread[Execution worker,5,main]) started.

> Task :common:copyNonXmlValueResourcesForIosSimulatorArm64Main NO-SOURCE
file or directory '/Users/azam/AndroidStudioProjects/JoshTalk2/common/build/generated/compose/resourceGenerator/preparedResources/iosSimulatorArm64Main/composeResources', not found
Skipping task ':common:copyNonXmlValueResourcesForIosSimulatorArm64Main' as it has no source files and no previous output files.

> Task :common:copyNonXmlValueResourcesForIosTest NO-SOURCE
file or directory '/Users/azam/AndroidStudioProjects/JoshTalk2/common/build/generated/compose/resourceGenerator/preparedResources/iosTest/composeResources', not found
Skipping task ':common:copyNonXmlValueResourcesForIosTest' as it has no source files and no previous output files.
Resolve mutations for :common:copyNonXmlValueResourcesForIosX64Main (Thread[Execution worker Thread 4,5,main]) started.
Resolve mutations for :common:prepareComposeResourcesTaskForIosSimulatorArm64Main (Thread[Execution worker Thread 5,5,main]) started.
:common:convertXmlValueResourcesForIosTest (Thread[Execution worker Thread 7,5,main]) started.
:common:prepareComposeResourcesTaskForIosSimulatorArm64Test (Thread[Execution worker,5,main]) started.
:common:prepareComposeResourcesTaskForIosSimulatorArm64Main (Thread[Execution worker Thread 5,5,main]) started.

> Task :common:prepareComposeResourcesTaskForIosSimulatorArm64Test NO-SOURCE
Skipping task ':common:prepareComposeResourcesTaskForIosSimulatorArm64Test' as it has no source files and no previous output files.
Resolve mutations for :common:generateResourceAccessorsForIosSimulatorArm64Test (Thread[Execution worker,5,main]) started.
:common:generateResourceAccessorsForIosSimulatorArm64Test (Thread[Execution worker,5,main]) started.

> Task :common:generateResourceAccessorsForIosSimulatorArm64Test NO-SOURCE
Skipping task ':common:generateResourceAccessorsForIosSimulatorArm64Test' as it has no source files and no previous output files.
:common:copyNonXmlValueResourcesForIosX64Main (Thread[Execution worker,5,main]) started.

> Task :common:copyNonXmlValueResourcesForIosX64Main NO-SOURCE
file or directory '/Users/azam/AndroidStudioProjects/JoshTalk2/common/build/generated/compose/resourceGenerator/preparedResources/iosX64Main/composeResources', not found
Skipping task ':common:copyNonXmlValueResourcesForIosX64Main' as it has no source files and no previous output files.
Resolve mutations for :common:prepareComposeResourcesTaskForIosX64Main (Thread[Execution worker,5,main]) started.
:common:prepareComposeResourcesTaskForIosX64Main (Thread[Execution worker,5,main]) started.
Resolve mutations for :common:convertXmlValueResourcesForIosX64Test (Thread[Execution worker Thread 4,5,main]) started.
:common:convertXmlValueResourcesForIosX64Test (Thread[Execution worker Thread 4,5,main]) started.

> Task :common:prepareComposeResourcesTaskForIosSimulatorArm64Main NO-SOURCE
Skipping task ':common:prepareComposeResourcesTaskForIosSimulatorArm64Main' as it has no source files and no previous output files.

> Task :common:convertXmlValueResourcesForIosX64Test NO-SOURCE
file or directory '/Users/azam/AndroidStudioProjects/JoshTalk2/common/build/generated/compose/resourceGenerator/preparedResources/iosX64Test/composeResources', not found
Skipping task ':common:convertXmlValueResourcesForIosX64Test' as it has no source files and no previous output files.
Resolve mutations for :common:copyNonXmlValueResourcesForIosX64Test (Thread[Execution worker Thread 4,5,main]) started.
Resolve mutations for :common:generateResourceAccessorsForIosSimulatorArm64Main (Thread[Execution worker Thread 5,5,main]) started.

> Task :common:prepareComposeResourcesTaskForIosX64Main NO-SOURCE
Skipping task ':common:prepareComposeResourcesTaskForIosX64Main' as it has no source files and no previous output files.

> Task :common:convertXmlValueResourcesForIosTest NO-SOURCE
file or directory '/Users/azam/AndroidStudioProjects/JoshTalk2/common/build/generated/compose/resourceGenerator/preparedResources/iosTest/composeResources', not found
Skipping task ':common:convertXmlValueResourcesForIosTest' as it has no source files and no previous output files.
Resolve mutations for :common:generateResourceAccessorsForIosX64Main (Thread[Execution worker,5,main]) started.
:common:copyNonXmlValueResourcesForIosX64Test (Thread[Execution worker Thread 4,5,main]) started.
Resolve mutations for :common:prepareComposeResourcesTaskForIosTest (Thread[Execution worker Thread 7,5,main]) started.
:common:generateResourceAccessorsForIosX64Main (Thread[Execution worker,5,main]) started.
:common:prepareComposeResourcesTaskForIosTest (Thread[Execution worker Thread 7,5,main]) started.

> Task :common:copyNonXmlValueResourcesForIosX64Test NO-SOURCE
file or directory '/Users/azam/AndroidStudioProjects/JoshTalk2/common/build/generated/compose/resourceGenerator/preparedResources/iosX64Test/composeResources', not found
Skipping task ':common:copyNonXmlValueResourcesForIosX64Test' as it has no source files and no previous output files.
Resolve mutations for :common:prepareComposeResourcesTaskForIosX64Test (Thread[Execution worker Thread 4,5,main]) started.
:common:prepareComposeResourcesTaskForIosX64Test (Thread[Execution worker Thread 4,5,main]) started.
:common:generateResourceAccessorsForIosSimulatorArm64Main (Thread[Execution worker Thread 5,5,main]) started.

> Task :common:generateResourceAccessorsForIosX64Main NO-SOURCE
Skipping task ':common:generateResourceAccessorsForIosX64Main' as it has no source files and no previous output files.
Resolve mutations for :common:convertXmlValueResourcesForNativeMain (Thread[Execution worker,5,main]) started.

> Task :common:generateResourceAccessorsForIosSimulatorArm64Main NO-SOURCE
Skipping task ':common:generateResourceAccessorsForIosSimulatorArm64Main' as it has no source files and no previous output files.
Resolve mutations for :common:copyNonXmlValueResourcesForNativeMain (Thread[Execution worker Thread 5,5,main]) started.

> Task :common:prepareComposeResourcesTaskForIosTest NO-SOURCE
Skipping task ':common:prepareComposeResourcesTaskForIosTest' as it has no source files and no previous output files.
Resolve mutations for :common:generateResourceAccessorsForIosTest (Thread[Execution worker Thread 7,5,main]) started.
Resolve mutations for :common:convertXmlValueResourcesForNativeTest (Thread[Execution worker Thread 5,5,main]) started.
:common:convertXmlValueResourcesForNativeMain (Thread[Execution worker,5,main]) started.
:common:generateResourceAccessorsForIosTest (Thread[Execution worker Thread 7,5,main]) started.
:common:convertXmlValueResourcesForNativeTest (Thread[Execution worker Thread 5,5,main]) started.

> Task :common:prepareComposeResourcesTaskForIosX64Test NO-SOURCE
Skipping task ':common:prepareComposeResourcesTaskForIosX64Test' as it has no source files and no previous output files.

> Task :common:generateResourceAccessorsForIosTest NO-SOURCE
Skipping task ':common:generateResourceAccessorsForIosTest' as it has no source files and no previous output files.

> Task :common:convertXmlValueResourcesForNativeMain NO-SOURCE
file or directory '/Users/azam/AndroidStudioProjects/JoshTalk2/common/build/generated/compose/resourceGenerator/preparedResources/nativeMain/composeResources', not found
Skipping task ':common:convertXmlValueResourcesForNativeMain' as it has no source files and no previous output files.
Resolve mutations for :common:copyNonXmlValueResourcesForNativeTest (Thread[Execution worker Thread 7,5,main]) started.
Resolve mutations for :common:generateResourceAccessorsForIosX64Test (Thread[Execution worker Thread 4,5,main]) started.
Resolve mutations for :common:extractProguardFiles (Thread[Execution worker Thread 7,5,main]) started.
:common:copyNonXmlValueResourcesForNativeMain (Thread[Execution worker,5,main]) started.
:common:generateResourceAccessorsForIosX64Test (Thread[Execution worker Thread 4,5,main]) started.

> Task :common:convertXmlValueResourcesForNativeTest NO-SOURCE
file or directory '/Users/azam/AndroidStudioProjects/JoshTalk2/common/build/generated/compose/resourceGenerator/preparedResources/nativeTest/composeResources', not found
Skipping task ':common:convertXmlValueResourcesForNativeTest' as it has no source files and no previous output files.
:common:extractProguardFiles (Thread[Execution worker Thread 7,5,main]) started.

> Task :common:generateResourceAccessorsForIosX64Test NO-SOURCE
Skipping task ':common:generateResourceAccessorsForIosX64Test' as it has no source files and no previous output files.
:common:copyNonXmlValueResourcesForNativeTest (Thread[Execution worker Thread 5,5,main]) started.
Resolve mutations for :common:prepareLintJarForPublish (Thread[Execution worker Thread 4,5,main]) started.

> Task :common:copyNonXmlValueResourcesForNativeMain NO-SOURCE
file or directory '/Users/azam/AndroidStudioProjects/JoshTalk2/common/build/generated/compose/resourceGenerator/preparedResources/nativeMain/composeResources', not found
Skipping task ':common:copyNonXmlValueResourcesForNativeMain' as it has no source files and no previous output files.
Resolve mutations for :common:prepareComposeResourcesTaskForNativeMain (Thread[Execution worker,5,main]) started.
:common:prepareLintJarForPublish (Thread[Execution worker Thread 4,5,main]) started.
:common:prepareComposeResourcesTaskForNativeMain (Thread[Execution worker,5,main]) started.

> Task :common:extractProguardFiles UP-TO-DATE
Caching disabled for task ':common:extractProguardFiles' because:
  Fast task
Skipping task ':common:extractProguardFiles' as it is up-to-date.

> Task :common:prepareLintJarForPublish UP-TO-DATE
Caching disabled for task ':common:prepareLintJarForPublish' because:
  Caching has been disabled for the task
Skipping task ':common:prepareLintJarForPublish' as it is up-to-date.
work action resolve lint.jar (project :common) (Thread[Execution worker Thread 4,5,main]) started.
work action resolve lint.jar (project :common) (Thread[Execution worker Thread 4,5,main]) started.

> Task :common:prepareComposeResourcesTaskForNativeMain NO-SOURCE
Skipping task ':common:prepareComposeResourcesTaskForNativeMain' as it has no source files and no previous output files.
Resolve mutations for :common:mergeReleaseJniLibFolders (Thread[Execution worker Thread 7,5,main]) started.
:common:mergeReleaseJniLibFolders (Thread[Execution worker Thread 7,5,main]) started.
Resolve mutations for :common:generateResourceAccessorsForNativeMain (Thread[Execution worker,5,main]) started.
Resolve mutations for :common:extractDeepLinksForAarRelease (Thread[Execution worker Thread 4,5,main]) started.
:common:generateResourceAccessorsForNativeMain (Thread[Execution worker,5,main]) started.

> Task :common:generateResourceAccessorsForNativeMain NO-SOURCE
Skipping task ':common:generateResourceAccessorsForNativeMain' as it has no source files and no previous output files.
:common:extractDeepLinksForAarRelease (Thread[Execution worker Thread 4,5,main]) started.
Resolve mutations for :common:mergeReleaseShaders (Thread[Execution worker,5,main]) started.
:common:mergeReleaseShaders (Thread[Execution worker,5,main]) started.

> Task :common:copyNonXmlValueResourcesForNativeTest NO-SOURCE
file or directory '/Users/azam/AndroidStudioProjects/JoshTalk2/common/build/generated/compose/resourceGenerator/preparedResources/nativeTest/composeResources', not found
Skipping task ':common:copyNonXmlValueResourcesForNativeTest' as it has no source files and no previous output files.
Resolve mutations for :common:prepareComposeResourcesTaskForNativeTest (Thread[Execution worker Thread 5,5,main]) started.

> Task :common:extractDeepLinksForAarRelease UP-TO-DATE
Build cache key for task ':common:extractDeepLinksForAarRelease' is 7a22b0de7c2a7202b12f2f1102bcd3d4
Skipping task ':common:extractDeepLinksForAarRelease' as it is up-to-date.
Resolve mutations for :common:releaseAssetsCopyForAGP (Thread[Execution worker Thread 4,5,main]) started.
:common:releaseAssetsCopyForAGP (Thread[Execution worker Thread 4,5,main]) started.
:common:prepareComposeResourcesTaskForNativeTest (Thread[Execution worker Thread 5,5,main]) started.

> Task :common:mergeReleaseJniLibFolders UP-TO-DATE
Caching disabled for task ':common:mergeReleaseJniLibFolders' because:
  Simple merging task
Skipping task ':common:mergeReleaseJniLibFolders' as it is up-to-date.

> Task :common:mergeReleaseShaders UP-TO-DATE
Caching disabled for task ':common:mergeReleaseShaders' because:
  Simple merging task
Skipping task ':common:mergeReleaseShaders' as it is up-to-date.
Resolve mutations for :common:compileReleaseShaders (Thread[Execution worker,5,main]) started.
Resolve mutations for :common:mergeReleaseNativeLibs (Thread[Execution worker Thread 7,5,main]) started.
:common:mergeReleaseNativeLibs (Thread[Execution worker Thread 7,5,main]) started.
:common:compileReleaseShaders (Thread[Execution worker,5,main]) started.

> Task :common:releaseAssetsCopyForAGP NO-SOURCE
Skipping task ':common:releaseAssetsCopyForAGP' as it has no source files and no previous output files.
Resolve mutations for :common:prepareReleaseArtProfile (Thread[Execution worker Thread 4,5,main]) started.
:common:prepareReleaseArtProfile (Thread[Execution worker Thread 4,5,main]) started.

> Task :common:prepareComposeResourcesTaskForNativeTest NO-SOURCE
Skipping task ':common:prepareComposeResourcesTaskForNativeTest' as it has no source files and no previous output files.
Resolve mutations for :common:generateResourceAccessorsForNativeTest (Thread[Execution worker Thread 5,5,main]) started.

> Task :common:mergeReleaseNativeLibs NO-SOURCE
Skipping task ':common:mergeReleaseNativeLibs' as it has no source files and no previous output files.
Resolve mutations for :common:stripReleaseDebugSymbols (Thread[Execution worker Thread 7,5,main]) started.
:common:generateResourceAccessorsForNativeTest (Thread[Execution worker Thread 5,5,main]) started.

> Task :common:compileReleaseShaders NO-SOURCE
Skipping task ':common:compileReleaseShaders' as it has no source files and no previous output files.
:common:stripReleaseDebugSymbols (Thread[Execution worker Thread 7,5,main]) started.

> Task :common:prepareReleaseArtProfile UP-TO-DATE
Caching disabled for task ':common:prepareReleaseArtProfile' because:
  Caching has been disabled for the task
Skipping task ':common:prepareReleaseArtProfile' as it is up-to-date.
work action Unknown value (Thread[Execution worker Thread 4,5,main]) started.
Resolve mutations for :common:generateReleaseAssets (Thread[Execution worker,5,main]) started.
:common:generateReleaseAssets (Thread[Execution worker,5,main]) started.

> Task :common:generateReleaseAssets UP-TO-DATE
Skipping task ':common:generateReleaseAssets' as it has no actions.
Resolve mutations for :common:packageReleaseAssets (Thread[Execution worker,5,main]) started.

> Task :common:stripReleaseDebugSymbols NO-SOURCE
Skipping task ':common:stripReleaseDebugSymbols' as it has no source files and no previous output files.
Resolve mutations for :common:copyReleaseJniLibsProjectAndLocalJars (Thread[Execution worker Thread 7,5,main]) started.
:common:packageReleaseAssets (Thread[Execution worker,5,main]) started.
:common:copyReleaseJniLibsProjectAndLocalJars (Thread[Execution worker Thread 7,5,main]) started.
Resolve mutations for :common:writeReleaseLintModelMetadata (Thread[Execution worker Thread 4,5,main]) started.
:common:writeReleaseLintModelMetadata (Thread[Execution worker Thread 4,5,main]) started.

> Task :common:packageReleaseAssets UP-TO-DATE
Caching disabled for task ':common:packageReleaseAssets' because:
  Simple merging task
Skipping task ':common:packageReleaseAssets' as it is up-to-date.

> Task :common:copyReleaseJniLibsProjectAndLocalJars UP-TO-DATE
Caching disabled for task ':common:copyReleaseJniLibsProjectAndLocalJars' because:
  Caching has been disabled for the task
Skipping task ':common:copyReleaseJniLibsProjectAndLocalJars' as it is up-to-date.
Resolve mutations for :androidApp:mergeReleaseJniLibFolders (Thread[Execution worker,5,main]) started.
Resolve mutations for :common:copyReleaseJniLibsProjectOnly (Thread[Execution worker Thread 7,5,main]) started.
:androidApp:mergeReleaseJniLibFolders (Thread[Execution worker,5,main]) started.

> Task :common:writeReleaseLintModelMetadata UP-TO-DATE
Caching disabled for task ':common:writeReleaseLintModelMetadata' because:
  Caching has been disabled for the task
Skipping task ':common:writeReleaseLintModelMetadata' as it is up-to-date.
work action resolve lint-model-metadata.properties (project :common) (Thread[Execution worker Thread 4,5,main]) started.
work action resolve lint-model-metadata.properties (project :common) (Thread[Execution worker Thread 4,5,main]) started.
work action Unknown value (Thread[Execution worker Thread 4,5,main]) started.
:common:copyReleaseJniLibsProjectOnly (Thread[Execution worker Thread 7,5,main]) started.

> Task :common:generateResourceAccessorsForNativeTest NO-SOURCE
Skipping task ':common:generateResourceAccessorsForNativeTest' as it has no source files and no previous output files.
work action Unknown value (Thread[Execution worker Thread 5,5,main]) started.
Resolve mutations for :androidApp:checkReleaseDuplicateClasses (Thread[Execution worker Thread 4,5,main]) started.
:androidApp:checkReleaseDuplicateClasses (Thread[Execution worker Thread 4,5,main]) started.

> Task :common:copyReleaseJniLibsProjectOnly UP-TO-DATE
Caching disabled for task ':common:copyReleaseJniLibsProjectOnly' because:
  Caching has been disabled for the task
Skipping task ':common:copyReleaseJniLibsProjectOnly' as it is up-to-date.
work action resolve jni (project :common) (Thread[Execution worker Thread 7,5,main]) started.
Resolve mutations for :androidApp:desugarReleaseFileDependencies (Thread[Execution worker Thread 7,5,main]) started.
:androidApp:desugarReleaseFileDependencies (Thread[Execution worker Thread 7,5,main]) started.

> Task :androidApp:processDebugResources UP-TO-DATE
Transforming aapt2-8.5.0-11315950-osx.jar (com.android.tools.build:aapt2:8.5.0-11315950) with Aapt2Extractor
Transforming library-release.aar (org.jetbrains.compose.components:components-resources-android:1.7.0) with ExtractAarTransform
Transforming library-release.aar (org.jetbrains.compose.components:components-resources-android:1.7.0) with AarResourcesCompilerTransform
Transforming material-1.0.0.aar (androidx.compose.material:material:1.0.0) with ExtractAarTransform
Transforming material-1.0.0.aar (androidx.compose.material:material:1.0.0) with AarResourcesCompilerTransform
Transforming navigation-common-2.8.0-rc01.aar (androidx.navigation:navigation-common:2.8.0-rc01) with ExtractAarTransform
Transforming navigation-common-2.8.0-rc01.aar (androidx.navigation:navigation-common:2.8.0-rc01) with AarResourcesCompilerTransform
Transforming navigation-runtime-2.8.0-rc01.aar (androidx.navigation:navigation-runtime:2.8.0-rc01) with ExtractAarTransform
Transforming navigation-runtime-2.8.0-rc01.aar (androidx.navigation:navigation-runtime:2.8.0-rc01) with AarResourcesCompilerTransform
Transforming navigation-common-ktx-2.8.0-rc01.aar (androidx.navigation:navigation-common-ktx:2.8.0-rc01) with ExtractAarTransform
Transforming navigation-common-ktx-2.8.0-rc01.aar (androidx.navigation:navigation-common-ktx:2.8.0-rc01) with AarResourcesCompilerTransform
Transforming navigation-runtime-ktx-2.8.0-rc01.aar (androidx.navigation:navigation-runtime-ktx:2.8.0-rc01) with ExtractAarTransform
Transforming navigation-runtime-ktx-2.8.0-rc01.aar (androidx.navigation:navigation-runtime-ktx:2.8.0-rc01) with AarResourcesCompilerTransform
Transforming navigation-compose-2.8.0-rc01.aar (androidx.navigation:navigation-compose:2.8.0-rc01) with ExtractAarTransform
Transforming navigation-compose-2.8.0-rc01.aar (androidx.navigation:navigation-compose:2.8.0-rc01) with AarResourcesCompilerTransform
Transforming foundation-layout-release.aar (androidx.compose.foundation:foundation-layout-android:1.7.5) with ExtractAarTransform
Transforming foundation-layout-release.aar (androidx.compose.foundation:foundation-layout-android:1.7.5) with AarResourcesCompilerTransform
Transforming foundation-release.aar (androidx.compose.foundation:foundation-android:1.7.5) with ExtractAarTransform
Transforming foundation-release.aar (androidx.compose.foundation:foundation-android:1.7.5) with AarResourcesCompilerTransform
Transforming ui-util-release.aar (androidx.compose.ui:ui-util-android:1.7.5) with ExtractAarTransform
Transforming ui-util-release.aar (androidx.compose.ui:ui-util-android:1.7.5) with AarResourcesCompilerTransform
Transforming ui-unit-release.aar (androidx.compose.ui:ui-unit-android:1.7.5) with ExtractAarTransform
Transforming ui-unit-release.aar (androidx.compose.ui:ui-unit-android:1.7.5) with AarResourcesCompilerTransform
Transforming ui-graphics-release.aar (androidx.compose.ui:ui-graphics-android:1.7.5) with ExtractAarTransform
Transforming ui-graphics-release.aar (androidx.compose.ui:ui-graphics-android:1.7.5) with AarResourcesCompilerTransform
Transforming ui-tooling-data-release.aar (androidx.compose.ui:ui-tooling-data-android:1.7.5) with ExtractAarTransform
Transforming ui-tooling-data-release.aar (androidx.compose.ui:ui-tooling-data-android:1.7.5) with AarResourcesCompilerTransform
Transforming ui-tooling-preview-release.aar (androidx.compose.ui:ui-tooling-preview-android:1.7.5) with ExtractAarTransform
Transforming ui-tooling-preview-release.aar (androidx.compose.ui:ui-tooling-preview-android:1.7.5) with AarResourcesCompilerTransform
Transforming material-icons-core-release.aar (androidx.compose.material:material-icons-core-android:1.7.1) with ExtractAarTransform
Transforming material-icons-core-release.aar (androidx.compose.material:material-icons-core-android:1.7.1) with AarResourcesCompilerTransform
Transforming activity-1.9.3.aar (androidx.activity:activity:1.9.3) with ExtractAarTransform
Transforming activity-1.9.3.aar (androidx.activity:activity:1.9.3) with AarResourcesCompilerTransform
Transforming activity-ktx-1.9.3.aar (androidx.activity:activity-ktx:1.9.3) with ExtractAarTransform
Transforming activity-ktx-1.9.3.aar (androidx.activity:activity-ktx:1.9.3) with AarResourcesCompilerTransform
Transforming savedstate-ktx-1.2.1.aar (androidx.savedstate:savedstate-ktx:1.2.1) with ExtractAarTransform
Transforming savedstate-ktx-1.2.1.aar (androidx.savedstate:savedstate-ktx:1.2.1) with AarResourcesCompilerTransform
Transforming autofill-1.0.0.aar (androidx.autofill:autofill:1.0.0) with ExtractAarTransform
Transforming autofill-1.0.0.aar (androidx.autofill:autofill:1.0.0) with AarResourcesCompilerTransform
Transforming emoji2-1.3.0.aar (androidx.emoji2:emoji2:1.3.0) with ExtractAarTransform
Transforming emoji2-1.3.0.aar (androidx.emoji2:emoji2:1.3.0) with AarResourcesCompilerTransform
Transforming graphics-path-1.0.1.aar (androidx.graphics:graphics-path:1.0.1) with ExtractAarTransform
Transforming graphics-path-1.0.1.aar (androidx.graphics:graphics-path:1.0.1) with AarResourcesCompilerTransform
Transforming customview-poolingcontainer-1.0.0.aar (androidx.customview:customview-poolingcontainer:1.0.0) with ExtractAarTransform
Transforming customview-poolingcontainer-1.0.0.aar (androidx.customview:customview-poolingcontainer:1.0.0) with AarResourcesCompilerTransform
Transforming core-bundle-debug.aar (org.jetbrains.androidx.core:core-bundle-android-debug:1.0.1) with ExtractAarTransform
Transforming core-bundle-debug.aar (org.jetbrains.androidx.core:core-bundle-android-debug:1.0.1) with AarResourcesCompilerTransform
Transforming core-ktx-1.13.1.aar (androidx.core:core-ktx:1.13.1) with ExtractAarTransform
Transforming core-ktx-1.13.1.aar (androidx.core:core-ktx:1.13.1) with AarResourcesCompilerTransform
Transforming core-1.13.1.aar (androidx.core:core:1.13.1) with ExtractAarTransform
Transforming core-1.13.1.aar (androidx.core:core:1.13.1) with AarResourcesCompilerTransform
Transforming core-1.13.1.aar (androidx.core:core:1.13.1) with ExtractAarTransform
Transforming core-1.13.1.aar (androidx.core:core:1.13.1) with AarResourcesCompilerTransform
Transforming lifecycle-livedata-core-2.8.5.aar (androidx.lifecycle:lifecycle-livedata-core:2.8.5) with ExtractAarTransform
Transforming lifecycle-livedata-core-2.8.5.aar (androidx.lifecycle:lifecycle-livedata-core:2.8.5) with AarResourcesCompilerTransform
Transforming lifecycle-runtime-release.aar (androidx.lifecycle:lifecycle-runtime-android:2.8.5) with ExtractAarTransform
Transforming lifecycle-runtime-release.aar (androidx.lifecycle:lifecycle-runtime-android:2.8.5) with AarResourcesCompilerTransform
Transforming lifecycle-viewmodel-savedstate-2.8.5.aar (androidx.lifecycle:lifecycle-viewmodel-savedstate:2.8.5) with ExtractAarTransform
Transforming lifecycle-viewmodel-savedstate-2.8.5.aar (androidx.lifecycle:lifecycle-viewmodel-savedstate:2.8.5) with AarResourcesCompilerTransform
Transforming savedstate-1.2.1.aar (androidx.savedstate:savedstate:1.2.1) with ExtractAarTransform
Transforming savedstate-1.2.1.aar (androidx.savedstate:savedstate:1.2.1) with AarResourcesCompilerTransform
Transforming lifecycle-viewmodel-compose-release.aar (androidx.lifecycle:lifecycle-viewmodel-compose-android:2.8.5) with ExtractAarTransform
Transforming lifecycle-viewmodel-compose-release.aar (androidx.lifecycle:lifecycle-viewmodel-compose-android:2.8.5) with AarResourcesCompilerTransform
Transforming ui-release.aar (androidx.compose.ui:ui-android:1.7.5) with ExtractAarTransform
Transforming ui-release.aar (androidx.compose.ui:ui-android:1.7.5) with AarResourcesCompilerTransform
Transforming ui-tooling-release.aar (androidx.compose.ui:ui-tooling-android:1.7.5) with ExtractAarTransform
Transforming ui-tooling-release.aar (androidx.compose.ui:ui-tooling-android:1.7.5) with AarResourcesCompilerTransform
Transforming activity-compose-1.9.3.aar (androidx.activity:activity-compose:1.9.3) with ExtractAarTransform
Transforming activity-compose-1.9.3.aar (androidx.activity:activity-compose:1.9.3) with AarResourcesCompilerTransform
Transforming library-release.aar (org.jetbrains.compose.components:components-ui-tooling-preview-android:1.7.0) with ExtractAarTransform
Transforming library-release.aar (org.jetbrains.compose.components:components-ui-tooling-preview-android:1.7.0) with AarResourcesCompilerTransform
Transforming runtime-saveable-release.aar (androidx.compose.runtime:runtime-saveable-android:1.7.5) with ExtractAarTransform
Transforming runtime-saveable-release.aar (androidx.compose.runtime:runtime-saveable-android:1.7.5) with AarResourcesCompilerTransform
Transforming runtime-release.aar (androidx.compose.runtime:runtime-android:1.7.5) with ExtractAarTransform
Transforming runtime-release.aar (androidx.compose.runtime:runtime-android:1.7.5) with AarResourcesCompilerTransform
Transforming annotation-experimental-1.4.1.aar (androidx.annotation:annotation-experimental:1.4.1) with ExtractAarTransform
Transforming annotation-experimental-1.4.1.aar (androidx.annotation:annotation-experimental:1.4.1) with AarResourcesCompilerTransform
Transforming versionedparcelable-1.1.1.aar (androidx.versionedparcelable:versionedparcelable:1.1.1) with ExtractAarTransform
Transforming versionedparcelable-1.1.1.aar (androidx.versionedparcelable:versionedparcelable:1.1.1) with AarResourcesCompilerTransform
Transforming profileinstaller-1.3.1.aar (androidx.profileinstaller:profileinstaller:1.3.1) with ExtractAarTransform
Transforming profileinstaller-1.3.1.aar (androidx.profileinstaller:profileinstaller:1.3.1) with AarResourcesCompilerTransform
Transforming core-runtime-2.2.0.aar (androidx.arch.core:core-runtime:2.2.0) with ExtractAarTransform
Transforming core-runtime-2.2.0.aar (androidx.arch.core:core-runtime:2.2.0) with AarResourcesCompilerTransform
Transforming startup-runtime-1.1.1.aar (androidx.startup:startup-runtime:1.1.1) with ExtractAarTransform
Transforming startup-runtime-1.1.1.aar (androidx.startup:startup-runtime:1.1.1) with AarResourcesCompilerTransform
Transforming tracing-1.0.0.aar (androidx.tracing:tracing:1.0.0) with ExtractAarTransform
Transforming tracing-1.0.0.aar (androidx.tracing:tracing:1.0.0) with AarResourcesCompilerTransform
Transforming interpolator-1.0.0.aar (androidx.interpolator:interpolator:1.0.0) with ExtractAarTransform
Transforming interpolator-1.0.0.aar (androidx.interpolator:interpolator:1.0.0) with AarResourcesCompilerTransform
Transforming library-release.aar (org.jetbrains.compose.components:components-resources-android:1.7.0) with ExtractAarTransform
Transforming library-release.aar (org.jetbrains.compose.components:components-resources-android:1.7.0) with LibrarySymbolTableTransform
Transforming material-1.0.0.aar (androidx.compose.material:material:1.0.0) with ExtractAarTransform
Transforming material-1.0.0.aar (androidx.compose.material:material:1.0.0) with LibrarySymbolTableTransform
Transforming navigation-common-ktx-2.8.0-rc01.aar (androidx.navigation:navigation-common-ktx:2.8.0-rc01) with ExtractAarTransform
Transforming navigation-common-ktx-2.8.0-rc01.aar (androidx.navigation:navigation-common-ktx:2.8.0-rc01) with LibrarySymbolTableTransform
Transforming navigation-runtime-ktx-2.8.0-rc01.aar (androidx.navigation:navigation-runtime-ktx:2.8.0-rc01) with ExtractAarTransform
Transforming navigation-runtime-ktx-2.8.0-rc01.aar (androidx.navigation:navigation-runtime-ktx:2.8.0-rc01) with LibrarySymbolTableTransform
Transforming navigation-compose-2.8.0-rc01.aar (androidx.navigation:navigation-compose:2.8.0-rc01) with ExtractAarTransform
Transforming navigation-compose-2.8.0-rc01.aar (androidx.navigation:navigation-compose:2.8.0-rc01) with LibrarySymbolTableTransform
Transforming foundation-layout-release.aar (androidx.compose.foundation:foundation-layout-android:1.7.5) with ExtractAarTransform
Transforming foundation-layout-release.aar (androidx.compose.foundation:foundation-layout-android:1.7.5) with LibrarySymbolTableTransform
Transforming foundation-release.aar (androidx.compose.foundation:foundation-android:1.7.5) with ExtractAarTransform
Transforming foundation-release.aar (androidx.compose.foundation:foundation-android:1.7.5) with LibrarySymbolTableTransform
Transforming ui-util-release.aar (androidx.compose.ui:ui-util-android:1.7.5) with ExtractAarTransform
Transforming ui-util-release.aar (androidx.compose.ui:ui-util-android:1.7.5) with LibrarySymbolTableTransform
Transforming ui-unit-release.aar (androidx.compose.ui:ui-unit-android:1.7.5) with ExtractAarTransform
Transforming ui-unit-release.aar (androidx.compose.ui:ui-unit-android:1.7.5) with LibrarySymbolTableTransform
Transforming ui-text-release.aar (androidx.compose.ui:ui-text-android:1.7.5) with ExtractAarTransform
Transforming ui-text-release.aar (androidx.compose.ui:ui-text-android:1.7.5) with LibrarySymbolTableTransform
Transforming ui-graphics-release.aar (androidx.compose.ui:ui-graphics-android:1.7.5) with ExtractAarTransform
Transforming ui-graphics-release.aar (androidx.compose.ui:ui-graphics-android:1.7.5) with LibrarySymbolTableTransform
Transforming ui-geometry-release.aar (androidx.compose.ui:ui-geometry-android:1.7.5) with ExtractAarTransform
Transforming ui-geometry-release.aar (androidx.compose.ui:ui-geometry-android:1.7.5) with LibrarySymbolTableTransform
Transforming ui-tooling-data-release.aar (androidx.compose.ui:ui-tooling-data-android:1.7.5) with ExtractAarTransform
Transforming ui-tooling-data-release.aar (androidx.compose.ui:ui-tooling-data-android:1.7.5) with LibrarySymbolTableTransform
Transforming activity-ktx-1.9.3.aar (androidx.activity:activity-ktx:1.9.3) with ExtractAarTransform
Transforming activity-ktx-1.9.3.aar (androidx.activity:activity-ktx:1.9.3) with LibrarySymbolTableTransform
Transforming graphics-path-1.0.1.aar (androidx.graphics:graphics-path:1.0.1) with ExtractAarTransform
Transforming graphics-path-1.0.1.aar (androidx.graphics:graphics-path:1.0.1) with LibrarySymbolTableTransform
Transforming customview-poolingcontainer-1.0.0.aar (androidx.customview:customview-poolingcontainer:1.0.0) with ExtractAarTransform
Transforming customview-poolingcontainer-1.0.0.aar (androidx.customview:customview-poolingcontainer:1.0.0) with LibrarySymbolTableTransform
Transforming core-bundle-debug.aar (org.jetbrains.androidx.core:core-bundle-android-debug:1.0.1) with ExtractAarTransform
Transforming core-bundle-debug.aar (org.jetbrains.androidx.core:core-bundle-android-debug:1.0.1) with LibrarySymbolTableTransform
Transforming core-1.13.1.aar (androidx.core:core:1.13.1) with ExtractAarTransform
Transforming core-1.13.1.aar (androidx.core:core:1.13.1) with LibrarySymbolTableTransform
Transforming lifecycle-runtime-release.aar (androidx.lifecycle:lifecycle-runtime-android:2.8.5) with ExtractAarTransform
Transforming lifecycle-runtime-release.aar (androidx.lifecycle:lifecycle-runtime-android:2.8.5) with LibrarySymbolTableTransform
Transforming lifecycle-viewmodel-savedstate-2.8.5.aar (androidx.lifecycle:lifecycle-viewmodel-savedstate:2.8.5) with ExtractAarTransform
Transforming lifecycle-viewmodel-savedstate-2.8.5.aar (androidx.lifecycle:lifecycle-viewmodel-savedstate:2.8.5) with LibrarySymbolTableTransform
Transforming savedstate-1.2.1.aar (androidx.savedstate:savedstate:1.2.1) with ExtractAarTransform
Transforming savedstate-1.2.1.aar (androidx.savedstate:savedstate:1.2.1) with LibrarySymbolTableTransform
Transforming lifecycle-viewmodel-compose-release.aar (androidx.lifecycle:lifecycle-viewmodel-compose-android:2.8.5) with ExtractAarTransform
Transforming lifecycle-viewmodel-compose-release.aar (androidx.lifecycle:lifecycle-viewmodel-compose-android:2.8.5) with LibrarySymbolTableTransform
Transforming ui-release.aar (androidx.compose.ui:ui-android:1.7.5) with ExtractAarTransform
Transforming ui-release.aar (androidx.compose.ui:ui-android:1.7.5) with LibrarySymbolTableTransform
Transforming ui-tooling-release.aar (androidx.compose.ui:ui-tooling-android:1.7.5) with ExtractAarTransform
Transforming ui-tooling-release.aar (androidx.compose.ui:ui-tooling-android:1.7.5) with LibrarySymbolTableTransform
Transforming activity-compose-1.9.3.aar (androidx.activity:activity-compose:1.9.3) with ExtractAarTransform
Transforming activity-compose-1.9.3.aar (androidx.activity:activity-compose:1.9.3) with LibrarySymbolTableTransform
Transforming library-release.aar (org.jetbrains.compose.components:components-ui-tooling-preview-android:1.7.0) with ExtractAarTransform
Transforming library-release.aar (org.jetbrains.compose.components:components-ui-tooling-preview-android:1.7.0) with LibrarySymbolTableTransform
Transforming runtime-saveable-release.aar (androidx.compose.runtime:runtime-saveable-android:1.7.5) with ExtractAarTransform
Transforming runtime-saveable-release.aar (androidx.compose.runtime:runtime-saveable-android:1.7.5) with LibrarySymbolTableTransform
Transforming core-runtime-2.2.0.aar (androidx.arch.core:core-runtime:2.2.0) with ExtractAarTransform
Transforming core-runtime-2.2.0.aar (androidx.arch.core:core-runtime:2.2.0) with LibrarySymbolTableTransform
Transforming startup-runtime-1.1.1.aar (androidx.startup:startup-runtime:1.1.1) with ExtractAarTransform
Transforming startup-runtime-1.1.1.aar (androidx.startup:startup-runtime:1.1.1) with LibrarySymbolTableTransform
Build cache key for task ':androidApp:processDebugResources' is 0d3453e6e2c32c1b7ad8f9b4ae807bc8
Skipping task ':androidApp:processDebugResources' as it is up-to-date.

> Task :androidApp:checkReleaseDuplicateClasses UP-TO-DATE
Transforming core-bundle-release.aar (org.jetbrains.androidx.core:core-bundle-android:1.0.1) with AarToClassTransform
Transforming core-bundle-release.aar (org.jetbrains.androidx.core:core-bundle-android:1.0.1) with EnumerateClassesTransform
Caching disabled for task ':androidApp:checkReleaseDuplicateClasses' because:
  Caching has been disabled for the task
Skipping task ':androidApp:checkReleaseDuplicateClasses' as it is up-to-date.

> Task :androidApp:mergeReleaseJniLibFolders UP-TO-DATE
Caching disabled for task ':androidApp:mergeReleaseJniLibFolders' because:
  Simple merging task
Skipping task ':androidApp:mergeReleaseJniLibFolders' as it is up-to-date.
Resolve mutations for :androidApp:mergeReleaseStartupProfile (Thread[Execution worker Thread 5,5,main]) started.
Resolve mutations for :androidApp:mergeReleaseNativeLibs (Thread[Execution worker,5,main]) started.
work action Unknown value (Thread[Execution worker Thread 4,5,main]) started.
work action resolve baseline-prof.txt (project :common) (Thread[Execution worker Thread 3,5,main]) started.
work action Unknown value (Thread[Execution worker Thread 4,5,main]) started.
Resolve mutations for :androidApp:mergeReleaseArtProfile (Thread[Execution worker Thread 3,5,main]) started.
Resolve mutations for :androidApp:mergeReleaseShaders (Thread[Execution worker Thread 4,5,main]) started.
:androidApp:mergeReleaseStartupProfile (Thread[Execution worker Thread 5,5,main]) started.
:androidApp:mergeReleaseArtProfile (Thread[Execution worker Thread 3,5,main]) started.

> Task :androidApp:desugarReleaseFileDependencies UP-TO-DATE
Build cache key for task ':androidApp:desugarReleaseFileDependencies' is 793314ab60169f472b2ed77b1a88b041
Skipping task ':androidApp:desugarReleaseFileDependencies' as it is up-to-date.
work action resolve out (project :common) (Thread[Execution worker Thread 7,5,main]) started.
Resolve mutations for :androidApp:extractReleaseVersionControlInfo (Thread[Execution worker Thread 7,5,main]) started.
:androidApp:mergeReleaseNativeLibs (Thread[Execution worker,5,main]) started.
:androidApp:mergeReleaseShaders (Thread[Execution worker Thread 4,5,main]) started.
:androidApp:extractReleaseVersionControlInfo (Thread[Execution worker Thread 7,5,main]) started.

> Task :androidApp:mergeReleaseStartupProfile UP-TO-DATE
Caching disabled for task ':androidApp:mergeReleaseStartupProfile' because:
  Simple merging task
Skipping task ':androidApp:mergeReleaseStartupProfile' as it is up-to-date.
Resolve mutations for :androidApp:mergeExtDexRelease (Thread[Execution worker Thread 5,5,main]) started.
:androidApp:mergeExtDexRelease (Thread[Execution worker Thread 5,5,main]) started.

> Task :androidApp:mergeReleaseShaders UP-TO-DATE
Caching disabled for task ':androidApp:mergeReleaseShaders' because:
  Simple merging task
Skipping task ':androidApp:mergeReleaseShaders' as it is up-to-date.
Resolve mutations for :androidApp:compileReleaseShaders (Thread[Execution worker Thread 4,5,main]) started.
:androidApp:compileReleaseShaders (Thread[Execution worker Thread 4,5,main]) started.

> Task :androidApp:compileReleaseShaders NO-SOURCE
Skipping task ':androidApp:compileReleaseShaders' as it has no source files and no previous output files.
Resolve mutations for :androidApp:generateReleaseAssets (Thread[Execution worker Thread 4,5,main]) started.
:androidApp:generateReleaseAssets (Thread[Execution worker Thread 4,5,main]) started.

> Task :androidApp:generateReleaseAssets UP-TO-DATE
Skipping task ':androidApp:generateReleaseAssets' as it has no actions.
Resolve mutations for :androidApp:mergeReleaseAssets (Thread[Execution worker Thread 4,5,main]) started.
:androidApp:mergeReleaseAssets (Thread[Execution worker Thread 4,5,main]) started.

> Task :androidApp:processReleaseResources UP-TO-DATE
Transforming material3-release.aar (androidx.compose.material3:material3-android:1.3.1) with ExtractAarTransform
Transforming material3-release.aar (androidx.compose.material3:material3-android:1.3.1) with AarResourcesCompilerTransform
Transforming material-ripple-release.aar (androidx.compose.material:material-ripple-android:1.7.1) with ExtractAarTransform
Transforming material-ripple-release.aar (androidx.compose.material:material-ripple-android:1.7.1) with AarResourcesCompilerTransform
Transforming navigation-compose-2.8.0-rc01.aar (androidx.navigation:navigation-compose:2.8.0-rc01) with ExtractAarTransform
Transforming navigation-compose-2.8.0-rc01.aar (androidx.navigation:navigation-compose:2.8.0-rc01) with AarResourcesCompilerTransform
Transforming animation-core-release.aar (androidx.compose.animation:animation-core-android:1.7.5) with ExtractAarTransform
Transforming animation-core-release.aar (androidx.compose.animation:animation-core-android:1.7.5) with AarResourcesCompilerTransform
Transforming animation-release.aar (androidx.compose.animation:animation-android:1.7.5) with ExtractAarTransform
Transforming animation-release.aar (androidx.compose.animation:animation-android:1.7.5) with AarResourcesCompilerTransform
Transforming foundation-release.aar (androidx.compose.foundation:foundation-android:1.7.5) with ExtractAarTransform
Transforming foundation-release.aar (androidx.compose.foundation:foundation-android:1.7.5) with AarResourcesCompilerTransform
Transforming ui-unit-release.aar (androidx.compose.ui:ui-unit-android:1.7.5) with ExtractAarTransform
Transforming ui-unit-release.aar (androidx.compose.ui:ui-unit-android:1.7.5) with AarResourcesCompilerTransform
Transforming ui-text-release.aar (androidx.compose.ui:ui-text-android:1.7.5) with ExtractAarTransform
Transforming ui-text-release.aar (androidx.compose.ui:ui-text-android:1.7.5) with AarResourcesCompilerTransform
Transforming ui-graphics-release.aar (androidx.compose.ui:ui-graphics-android:1.7.5) with ExtractAarTransform
Transforming ui-graphics-release.aar (androidx.compose.ui:ui-graphics-android:1.7.5) with AarResourcesCompilerTransform
Transforming ui-geometry-release.aar (androidx.compose.ui:ui-geometry-android:1.7.5) with ExtractAarTransform
Transforming ui-geometry-release.aar (androidx.compose.ui:ui-geometry-android:1.7.5) with AarResourcesCompilerTransform
Transforming ui-tooling-preview-release.aar (androidx.compose.ui:ui-tooling-preview-android:1.7.5) with ExtractAarTransform
Transforming ui-tooling-preview-release.aar (androidx.compose.ui:ui-tooling-preview-android:1.7.5) with AarResourcesCompilerTransform
Transforming savedstate-ktx-1.2.1.aar (androidx.savedstate:savedstate-ktx:1.2.1) with ExtractAarTransform
Transforming savedstate-ktx-1.2.1.aar (androidx.savedstate:savedstate-ktx:1.2.1) with AarResourcesCompilerTransform
Transforming emoji2-1.3.0.aar (androidx.emoji2:emoji2:1.3.0) with ExtractAarTransform
Transforming emoji2-1.3.0.aar (androidx.emoji2:emoji2:1.3.0) with AarResourcesCompilerTransform
Transforming lifecycle-runtime-ktx-release.aar (androidx.lifecycle:lifecycle-runtime-ktx-android:2.8.5) with ExtractAarTransform
Transforming lifecycle-runtime-ktx-release.aar (androidx.lifecycle:lifecycle-runtime-ktx-android:2.8.5) with AarResourcesCompilerTransform
Transforming lifecycle-process-2.8.5.aar (androidx.lifecycle:lifecycle-process:2.8.5) with ExtractAarTransform
Transforming lifecycle-process-2.8.5.aar (androidx.lifecycle:lifecycle-process:2.8.5) with AarResourcesCompilerTransform
Transforming lifecycle-viewmodel-ktx-2.8.5.aar (androidx.lifecycle:lifecycle-viewmodel-ktx:2.8.5) with ExtractAarTransform
Transforming lifecycle-viewmodel-ktx-2.8.5.aar (androidx.lifecycle:lifecycle-viewmodel-ktx:2.8.5) with AarResourcesCompilerTransform
Transforming lifecycle-livedata-core-2.8.5.aar (androidx.lifecycle:lifecycle-livedata-core:2.8.5) with ExtractAarTransform
Transforming lifecycle-livedata-core-2.8.5.aar (androidx.lifecycle:lifecycle-livedata-core:2.8.5) with AarResourcesCompilerTransform
Transforming lifecycle-viewmodel-release.aar (androidx.lifecycle:lifecycle-viewmodel-android:2.8.5) with ExtractAarTransform
Transforming lifecycle-viewmodel-release.aar (androidx.lifecycle:lifecycle-viewmodel-android:2.8.5) with AarResourcesCompilerTransform
Transforming lifecycle-runtime-compose-release.aar (androidx.lifecycle:lifecycle-runtime-compose-android:2.8.5) with ExtractAarTransform
Transforming lifecycle-runtime-compose-release.aar (androidx.lifecycle:lifecycle-runtime-compose-android:2.8.5) with AarResourcesCompilerTransform
Transforming core-bundle-release.aar (org.jetbrains.androidx.core:core-bundle-android:1.0.1) with ExtractAarTransform
Transforming core-bundle-release.aar (org.jetbrains.androidx.core:core-bundle-android:1.0.1) with AarResourcesCompilerTransform
Transforming lifecycle-viewmodel-savedstate-2.8.5.aar (androidx.lifecycle:lifecycle-viewmodel-savedstate:2.8.5) with ExtractAarTransform
Transforming lifecycle-viewmodel-savedstate-2.8.5.aar (androidx.lifecycle:lifecycle-viewmodel-savedstate:2.8.5) with AarResourcesCompilerTransform
Transforming lifecycle-viewmodel-compose-release.aar (androidx.lifecycle:lifecycle-viewmodel-compose-android:2.8.5) with ExtractAarTransform
Transforming lifecycle-viewmodel-compose-release.aar (androidx.lifecycle:lifecycle-viewmodel-compose-android:2.8.5) with AarResourcesCompilerTransform
Transforming ui-release.aar (androidx.compose.ui:ui-android:1.7.5) with ExtractAarTransform
Transforming ui-release.aar (androidx.compose.ui:ui-android:1.7.5) with AarResourcesCompilerTransform
Transforming activity-compose-1.9.3.aar (androidx.activity:activity-compose:1.9.3) with ExtractAarTransform
Transforming activity-compose-1.9.3.aar (androidx.activity:activity-compose:1.9.3) with AarResourcesCompilerTransform
Transforming runtime-saveable-release.aar (androidx.compose.runtime:runtime-saveable-android:1.7.5) with ExtractAarTransform
Transforming runtime-saveable-release.aar (androidx.compose.runtime:runtime-saveable-android:1.7.5) with AarResourcesCompilerTransform
Transforming runtime-release.aar (androidx.compose.runtime:runtime-android:1.7.5) with ExtractAarTransform
Transforming runtime-release.aar (androidx.compose.runtime:runtime-android:1.7.5) with AarResourcesCompilerTransform
Transforming versionedparcelable-1.1.1.aar (androidx.versionedparcelable:versionedparcelable:1.1.1) with ExtractAarTransform
Transforming versionedparcelable-1.1.1.aar (androidx.versionedparcelable:versionedparcelable:1.1.1) with AarResourcesCompilerTransform
Transforming core-runtime-2.2.0.aar (androidx.arch.core:core-runtime:2.2.0) with ExtractAarTransform
Transforming core-runtime-2.2.0.aar (androidx.arch.core:core-runtime:2.2.0) with AarResourcesCompilerTransform
Transforming startup-runtime-1.1.1.aar (androidx.startup:startup-runtime:1.1.1) with ExtractAarTransform
Transforming startup-runtime-1.1.1.aar (androidx.startup:startup-runtime:1.1.1) with AarResourcesCompilerTransform
Transforming tracing-1.0.0.aar (androidx.tracing:tracing:1.0.0) with ExtractAarTransform
Transforming tracing-1.0.0.aar (androidx.tracing:tracing:1.0.0) with AarResourcesCompilerTransform
Transforming material3-release.aar (androidx.compose.material3:material3-android:1.3.1) with ExtractAarTransform
Transforming material3-release.aar (androidx.compose.material3:material3-android:1.3.1) with LibrarySymbolTableTransform
Transforming library-release.aar (org.jetbrains.compose.components:components-resources-android:1.7.0) with ExtractAarTransform
Transforming library-release.aar (org.jetbrains.compose.components:components-resources-android:1.7.0) with LibrarySymbolTableTransform
Transforming material-ripple-release.aar (androidx.compose.material:material-ripple-android:1.7.1) with ExtractAarTransform
Transforming material-ripple-release.aar (androidx.compose.material:material-ripple-android:1.7.1) with LibrarySymbolTableTransform
Transforming navigation-common-2.8.0-rc01.aar (androidx.navigation:navigation-common:2.8.0-rc01) with ExtractAarTransform
Transforming navigation-common-2.8.0-rc01.aar (androidx.navigation:navigation-common:2.8.0-rc01) with LibrarySymbolTableTransform
Transforming navigation-runtime-2.8.0-rc01.aar (androidx.navigation:navigation-runtime:2.8.0-rc01) with ExtractAarTransform
Transforming navigation-runtime-2.8.0-rc01.aar (androidx.navigation:navigation-runtime:2.8.0-rc01) with LibrarySymbolTableTransform
Transforming navigation-common-ktx-2.8.0-rc01.aar (androidx.navigation:navigation-common-ktx:2.8.0-rc01) with ExtractAarTransform
Transforming navigation-common-ktx-2.8.0-rc01.aar (androidx.navigation:navigation-common-ktx:2.8.0-rc01) with LibrarySymbolTableTransform
Transforming navigation-runtime-ktx-2.8.0-rc01.aar (androidx.navigation:navigation-runtime-ktx:2.8.0-rc01) with ExtractAarTransform
Transforming navigation-runtime-ktx-2.8.0-rc01.aar (androidx.navigation:navigation-runtime-ktx:2.8.0-rc01) with LibrarySymbolTableTransform
Transforming navigation-compose-2.8.0-rc01.aar (androidx.navigation:navigation-compose:2.8.0-rc01) with ExtractAarTransform
Transforming navigation-compose-2.8.0-rc01.aar (androidx.navigation:navigation-compose:2.8.0-rc01) with LibrarySymbolTableTransform
Transforming animation-core-release.aar (androidx.compose.animation:animation-core-android:1.7.5) with ExtractAarTransform
Transforming animation-core-release.aar (androidx.compose.animation:animation-core-android:1.7.5) with LibrarySymbolTableTransform
Transforming animation-release.aar (androidx.compose.animation:animation-android:1.7.5) with ExtractAarTransform
Transforming animation-release.aar (androidx.compose.animation:animation-android:1.7.5) with LibrarySymbolTableTransform
Transforming foundation-release.aar (androidx.compose.foundation:foundation-android:1.7.5) with ExtractAarTransform
Transforming foundation-release.aar (androidx.compose.foundation:foundation-android:1.7.5) with LibrarySymbolTableTransform
Transforming ui-util-release.aar (androidx.compose.ui:ui-util-android:1.7.5) with ExtractAarTransform
Transforming ui-util-release.aar (androidx.compose.ui:ui-util-android:1.7.5) with LibrarySymbolTableTransform
Transforming ui-tooling-preview-release.aar (androidx.compose.ui:ui-tooling-preview-android:1.7.5) with ExtractAarTransform
Transforming ui-tooling-preview-release.aar (androidx.compose.ui:ui-tooling-preview-android:1.7.5) with LibrarySymbolTableTransform
Transforming material-icons-core-release.aar (androidx.compose.material:material-icons-core-android:1.7.1) with ExtractAarTransform
Transforming material-icons-core-release.aar (androidx.compose.material:material-icons-core-android:1.7.1) with LibrarySymbolTableTransform
Transforming savedstate-ktx-1.2.1.aar (androidx.savedstate:savedstate-ktx:1.2.1) with ExtractAarTransform
Transforming savedstate-ktx-1.2.1.aar (androidx.savedstate:savedstate-ktx:1.2.1) with LibrarySymbolTableTransform
Transforming activity-1.9.3.aar (androidx.activity:activity:1.9.3) with ExtractAarTransform
Transforming activity-1.9.3.aar (androidx.activity:activity:1.9.3) with LibrarySymbolTableTransform
Transforming emoji2-1.3.0.aar (androidx.emoji2:emoji2:1.3.0) with ExtractAarTransform
Transforming emoji2-1.3.0.aar (androidx.emoji2:emoji2:1.3.0) with LibrarySymbolTableTransform
Transforming lifecycle-runtime-ktx-release.aar (androidx.lifecycle:lifecycle-runtime-ktx-android:2.8.5) with ExtractAarTransform
Transforming lifecycle-runtime-ktx-release.aar (androidx.lifecycle:lifecycle-runtime-ktx-android:2.8.5) with LibrarySymbolTableTransform
Transforming lifecycle-process-2.8.5.aar (androidx.lifecycle:lifecycle-process:2.8.5) with ExtractAarTransform
Transforming lifecycle-process-2.8.5.aar (androidx.lifecycle:lifecycle-process:2.8.5) with LibrarySymbolTableTransform
Transforming lifecycle-viewmodel-ktx-2.8.5.aar (androidx.lifecycle:lifecycle-viewmodel-ktx:2.8.5) with ExtractAarTransform
Transforming lifecycle-viewmodel-ktx-2.8.5.aar (androidx.lifecycle:lifecycle-viewmodel-ktx:2.8.5) with LibrarySymbolTableTransform
Transforming lifecycle-livedata-core-2.8.5.aar (androidx.lifecycle:lifecycle-livedata-core:2.8.5) with ExtractAarTransform
Transforming lifecycle-livedata-core-2.8.5.aar (androidx.lifecycle:lifecycle-livedata-core:2.8.5) with LibrarySymbolTableTransform
Transforming lifecycle-viewmodel-release.aar (androidx.lifecycle:lifecycle-viewmodel-android:2.8.5) with ExtractAarTransform
Transforming lifecycle-viewmodel-release.aar (androidx.lifecycle:lifecycle-viewmodel-android:2.8.5) with LibrarySymbolTableTransform
Transforming lifecycle-runtime-compose-release.aar (androidx.lifecycle:lifecycle-runtime-compose-android:2.8.5) with ExtractAarTransform
Transforming lifecycle-runtime-compose-release.aar (androidx.lifecycle:lifecycle-runtime-compose-android:2.8.5) with LibrarySymbolTableTransform
Transforming autofill-1.0.0.aar (androidx.autofill:autofill:1.0.0) with ExtractAarTransform
Transforming autofill-1.0.0.aar (androidx.autofill:autofill:1.0.0) with LibrarySymbolTableTransform
Transforming graphics-path-1.0.1.aar (androidx.graphics:graphics-path:1.0.1) with ExtractAarTransform
Transforming graphics-path-1.0.1.aar (androidx.graphics:graphics-path:1.0.1) with LibrarySymbolTableTransform
Transforming core-bundle-release.aar (org.jetbrains.androidx.core:core-bundle-android:1.0.1) with ExtractAarTransform
Transforming core-bundle-release.aar (org.jetbrains.androidx.core:core-bundle-android:1.0.1) with LibrarySymbolTableTransform
Transforming core-ktx-1.13.1.aar (androidx.core:core-ktx:1.13.1) with ExtractAarTransform
Transforming core-ktx-1.13.1.aar (androidx.core:core-ktx:1.13.1) with LibrarySymbolTableTransform
Transforming core-1.13.1.aar (androidx.core:core:1.13.1) with ExtractAarTransform
Transforming core-1.13.1.aar (androidx.core:core:1.13.1) with LibrarySymbolTableTransform
Transforming core-1.13.1.aar (androidx.core:core:1.13.1) with ExtractAarTransform
Transforming core-1.13.1.aar (androidx.core:core:1.13.1) with LibrarySymbolTableTransform
Transforming lifecycle-runtime-release.aar (androidx.lifecycle:lifecycle-runtime-android:2.8.5) with ExtractAarTransform
Transforming lifecycle-runtime-release.aar (androidx.lifecycle:lifecycle-runtime-android:2.8.5) with LibrarySymbolTableTransform
Transforming lifecycle-viewmodel-savedstate-2.8.5.aar (androidx.lifecycle:lifecycle-viewmodel-savedstate:2.8.5) with ExtractAarTransform
Transforming lifecycle-viewmodel-savedstate-2.8.5.aar (androidx.lifecycle:lifecycle-viewmodel-savedstate:2.8.5) with LibrarySymbolTableTransform
Transforming savedstate-1.2.1.aar (androidx.savedstate:savedstate:1.2.1) with ExtractAarTransform
Transforming savedstate-1.2.1.aar (androidx.savedstate:savedstate:1.2.1) with LibrarySymbolTableTransform
Transforming lifecycle-viewmodel-compose-release.aar (androidx.lifecycle:lifecycle-viewmodel-compose-android:2.8.5) with ExtractAarTransform
Transforming lifecycle-viewmodel-compose-release.aar (androidx.lifecycle:lifecycle-viewmodel-compose-android:2.8.5) with LibrarySymbolTableTransform
Transforming activity-compose-1.9.3.aar (androidx.activity:activity-compose:1.9.3) with ExtractAarTransform
Transforming activity-compose-1.9.3.aar (androidx.activity:activity-compose:1.9.3) with LibrarySymbolTableTransform
Transforming runtime-saveable-release.aar (androidx.compose.runtime:runtime-saveable-android:1.7.5) with ExtractAarTransform
Transforming runtime-saveable-release.aar (androidx.compose.runtime:runtime-saveable-android:1.7.5) with LibrarySymbolTableTransform
Transforming runtime-release.aar (androidx.compose.runtime:runtime-android:1.7.5) with ExtractAarTransform
Transforming runtime-release.aar (androidx.compose.runtime:runtime-android:1.7.5) with LibrarySymbolTableTransform
Transforming annotation-experimental-1.4.1.aar (androidx.annotation:annotation-experimental:1.4.1) with ExtractAarTransform
Transforming annotation-experimental-1.4.1.aar (androidx.annotation:annotation-experimental:1.4.1) with LibrarySymbolTableTransform
Transforming versionedparcelable-1.1.1.aar (androidx.versionedparcelable:versionedparcelable:1.1.1) with ExtractAarTransform
Transforming versionedparcelable-1.1.1.aar (androidx.versionedparcelable:versionedparcelable:1.1.1) with LibrarySymbolTableTransform
Transforming profileinstaller-1.3.1.aar (androidx.profileinstaller:profileinstaller:1.3.1) with ExtractAarTransform
Transforming profileinstaller-1.3.1.aar (androidx.profileinstaller:profileinstaller:1.3.1) with LibrarySymbolTableTransform
Transforming core-runtime-2.2.0.aar (androidx.arch.core:core-runtime:2.2.0) with ExtractAarTransform
Transforming core-runtime-2.2.0.aar (androidx.arch.core:core-runtime:2.2.0) with LibrarySymbolTableTransform
Transforming startup-runtime-1.1.1.aar (androidx.startup:startup-runtime:1.1.1) with ExtractAarTransform
Transforming startup-runtime-1.1.1.aar (androidx.startup:startup-runtime:1.1.1) with LibrarySymbolTableTransform
Transforming tracing-1.0.0.aar (androidx.tracing:tracing:1.0.0) with ExtractAarTransform
Transforming tracing-1.0.0.aar (androidx.tracing:tracing:1.0.0) with LibrarySymbolTableTransform
Transforming interpolator-1.0.0.aar (androidx.interpolator:interpolator:1.0.0) with ExtractAarTransform
Transforming interpolator-1.0.0.aar (androidx.interpolator:interpolator:1.0.0) with LibrarySymbolTableTransform
Build cache key for task ':androidApp:processReleaseResources' is cd5227ab5437e8189c6a2ce2398210c7
Skipping task ':androidApp:processReleaseResources' as it is up-to-date.

> Task :androidApp:mergeReleaseNativeLibs UP-TO-DATE
Transforming core-bundle-release.aar (org.jetbrains.androidx.core:core-bundle-android:1.0.1) with ExtractAarTransform
Transforming core-bundle-release.aar (org.jetbrains.androidx.core:core-bundle-android:1.0.1) with AarTransform
Caching disabled for task ':androidApp:mergeReleaseNativeLibs' because:
  Caching has been disabled for the task
Skipping task ':androidApp:mergeReleaseNativeLibs' as it is up-to-date.
Resolve mutations for :androidApp:optimizeReleaseResources (Thread[included builds,5,main]) started.
Resolve mutations for :androidApp:stripReleaseDebugSymbols (Thread[Execution worker,5,main]) started.
:androidApp:stripReleaseDebugSymbols (Thread[Execution worker,5,main]) started.
:androidApp:optimizeReleaseResources (Thread[included builds,5,main]) started.

> Task :androidApp:stripReleaseDebugSymbols UP-TO-DATE
Caching disabled for task ':androidApp:stripReleaseDebugSymbols' because:
  Caching has been disabled for the task
Skipping task ':androidApp:stripReleaseDebugSymbols' as it is up-to-date.
Resolve mutations for :androidApp:extractReleaseNativeSymbolTables (Thread[Execution worker,5,main]) started.
:androidApp:extractReleaseNativeSymbolTables (Thread[Execution worker,5,main]) started.

> Task :androidApp:mergeReleaseArtProfile UP-TO-DATE
Transforming material3-release.aar (androidx.compose.material3:material3-android:1.3.1) with ExtractAarTransform
Transforming material3-release.aar (androidx.compose.material3:material3-android:1.3.1) with AarTransform
Transforming library-release.aar (org.jetbrains.compose.components:components-resources-android:1.7.0) with ExtractAarTransform
Transforming library-release.aar (org.jetbrains.compose.components:components-resources-android:1.7.0) with AarTransform
Transforming material-ripple-release.aar (androidx.compose.material:material-ripple-android:1.7.1) with ExtractAarTransform
Transforming material-ripple-release.aar (androidx.compose.material:material-ripple-android:1.7.1) with AarTransform
Transforming navigation-common-2.8.0-rc01.aar (androidx.navigation:navigation-common:2.8.0-rc01) with ExtractAarTransform
Transforming navigation-common-2.8.0-rc01.aar (androidx.navigation:navigation-common:2.8.0-rc01) with AarTransform
Transforming navigation-runtime-2.8.0-rc01.aar (androidx.navigation:navigation-runtime:2.8.0-rc01) with ExtractAarTransform
Transforming navigation-runtime-2.8.0-rc01.aar (androidx.navigation:navigation-runtime:2.8.0-rc01) with AarTransform
Transforming navigation-common-ktx-2.8.0-rc01.aar (androidx.navigation:navigation-common-ktx:2.8.0-rc01) with ExtractAarTransform
Transforming navigation-common-ktx-2.8.0-rc01.aar (androidx.navigation:navigation-common-ktx:2.8.0-rc01) with AarTransform
Transforming navigation-runtime-ktx-2.8.0-rc01.aar (androidx.navigation:navigation-runtime-ktx:2.8.0-rc01) with ExtractAarTransform
Transforming navigation-runtime-ktx-2.8.0-rc01.aar (androidx.navigation:navigation-runtime-ktx:2.8.0-rc01) with AarTransform
Transforming navigation-compose-2.8.0-rc01.aar (androidx.navigation:navigation-compose:2.8.0-rc01) with ExtractAarTransform
Transforming navigation-compose-2.8.0-rc01.aar (androidx.navigation:navigation-compose:2.8.0-rc01) with AarTransform
Transforming animation-core-release.aar (androidx.compose.animation:animation-core-android:1.7.5) with ExtractAarTransform
Transforming animation-core-release.aar (androidx.compose.animation:animation-core-android:1.7.5) with AarTransform
Transforming animation-release.aar (androidx.compose.animation:animation-android:1.7.5) with ExtractAarTransform
Transforming animation-release.aar (androidx.compose.animation:animation-android:1.7.5) with AarTransform
Transforming foundation-layout-release.aar (androidx.compose.foundation:foundation-layout-android:1.7.5) with ExtractAarTransform
Transforming foundation-layout-release.aar (androidx.compose.foundation:foundation-layout-android:1.7.5) with AarTransform
Transforming foundation-release.aar (androidx.compose.foundation:foundation-android:1.7.5) with ExtractAarTransform
Transforming foundation-release.aar (androidx.compose.foundation:foundation-android:1.7.5) with AarTransform
Transforming ui-util-release.aar (androidx.compose.ui:ui-util-android:1.7.5) with ExtractAarTransform
Transforming ui-util-release.aar (androidx.compose.ui:ui-util-android:1.7.5) with AarTransform
Transforming ui-unit-release.aar (androidx.compose.ui:ui-unit-android:1.7.5) with ExtractAarTransform
Transforming ui-unit-release.aar (androidx.compose.ui:ui-unit-android:1.7.5) with AarTransform
Transforming ui-text-release.aar (androidx.compose.ui:ui-text-android:1.7.5) with ExtractAarTransform
Transforming ui-text-release.aar (androidx.compose.ui:ui-text-android:1.7.5) with AarTransform
Transforming ui-graphics-release.aar (androidx.compose.ui:ui-graphics-android:1.7.5) with ExtractAarTransform
Transforming ui-graphics-release.aar (androidx.compose.ui:ui-graphics-android:1.7.5) with AarTransform
Transforming ui-geometry-release.aar (androidx.compose.ui:ui-geometry-android:1.7.5) with ExtractAarTransform
Transforming ui-geometry-release.aar (androidx.compose.ui:ui-geometry-android:1.7.5) with AarTransform
Transforming ui-tooling-preview-release.aar (androidx.compose.ui:ui-tooling-preview-android:1.7.5) with ExtractAarTransform
Transforming ui-tooling-preview-release.aar (androidx.compose.ui:ui-tooling-preview-android:1.7.5) with AarTransform
Transforming material-icons-core-release.aar (androidx.compose.material:material-icons-core-android:1.7.1) with ExtractAarTransform
Transforming material-icons-core-release.aar (androidx.compose.material:material-icons-core-android:1.7.1) with AarTransform
Transforming savedstate-ktx-1.2.1.aar (androidx.savedstate:savedstate-ktx:1.2.1) with ExtractAarTransform
Transforming savedstate-ktx-1.2.1.aar (androidx.savedstate:savedstate-ktx:1.2.1) with AarTransform
Transforming activity-1.9.3.aar (androidx.activity:activity:1.9.3) with ExtractAarTransform
Transforming activity-1.9.3.aar (androidx.activity:activity:1.9.3) with AarTransform
Transforming emoji2-1.3.0.aar (androidx.emoji2:emoji2:1.3.0) with ExtractAarTransform
Transforming emoji2-1.3.0.aar (androidx.emoji2:emoji2:1.3.0) with AarTransform
Transforming lifecycle-runtime-ktx-release.aar (androidx.lifecycle:lifecycle-runtime-ktx-android:2.8.5) with ExtractAarTransform
Transforming lifecycle-runtime-ktx-release.aar (androidx.lifecycle:lifecycle-runtime-ktx-android:2.8.5) with AarTransform
Transforming lifecycle-process-2.8.5.aar (androidx.lifecycle:lifecycle-process:2.8.5) with ExtractAarTransform
Transforming lifecycle-process-2.8.5.aar (androidx.lifecycle:lifecycle-process:2.8.5) with AarTransform
Transforming lifecycle-viewmodel-ktx-2.8.5.aar (androidx.lifecycle:lifecycle-viewmodel-ktx:2.8.5) with ExtractAarTransform
Transforming lifecycle-viewmodel-ktx-2.8.5.aar (androidx.lifecycle:lifecycle-viewmodel-ktx:2.8.5) with AarTransform
Transforming lifecycle-livedata-core-2.8.5.aar (androidx.lifecycle:lifecycle-livedata-core:2.8.5) with ExtractAarTransform
Transforming lifecycle-livedata-core-2.8.5.aar (androidx.lifecycle:lifecycle-livedata-core:2.8.5) with AarTransform
Transforming lifecycle-viewmodel-release.aar (androidx.lifecycle:lifecycle-viewmodel-android:2.8.5) with ExtractAarTransform
Transforming lifecycle-viewmodel-release.aar (androidx.lifecycle:lifecycle-viewmodel-android:2.8.5) with AarTransform
Transforming lifecycle-runtime-compose-release.aar (androidx.lifecycle:lifecycle-runtime-compose-android:2.8.5) with ExtractAarTransform
Transforming lifecycle-runtime-compose-release.aar (androidx.lifecycle:lifecycle-runtime-compose-android:2.8.5) with AarTransform
Transforming autofill-1.0.0.aar (androidx.autofill:autofill:1.0.0) with ExtractAarTransform
Transforming autofill-1.0.0.aar (androidx.autofill:autofill:1.0.0) with AarTransform
Transforming graphics-path-1.0.1.aar (androidx.graphics:graphics-path:1.0.1) with ExtractAarTransform
Transforming graphics-path-1.0.1.aar (androidx.graphics:graphics-path:1.0.1) with AarTransform
Transforming customview-poolingcontainer-1.0.0.aar (androidx.customview:customview-poolingcontainer:1.0.0) with ExtractAarTransform
Transforming customview-poolingcontainer-1.0.0.aar (androidx.customview:customview-poolingcontainer:1.0.0) with AarTransform
Transforming core-bundle-release.aar (org.jetbrains.androidx.core:core-bundle-android:1.0.1) with ExtractAarTransform
Transforming core-bundle-release.aar (org.jetbrains.androidx.core:core-bundle-android:1.0.1) with AarTransform
Transforming core-ktx-1.13.1.aar (androidx.core:core-ktx:1.13.1) with ExtractAarTransform
Transforming core-ktx-1.13.1.aar (androidx.core:core-ktx:1.13.1) with AarTransform
Transforming core-1.13.1.aar (androidx.core:core:1.13.1) with ExtractAarTransform
Transforming core-1.13.1.aar (androidx.core:core:1.13.1) with AarTransform
Transforming core-1.13.1.aar (androidx.core:core:1.13.1) with ExtractAarTransform
Transforming core-1.13.1.aar (androidx.core:core:1.13.1) with AarTransform
Transforming lifecycle-runtime-release.aar (androidx.lifecycle:lifecycle-runtime-android:2.8.5) with ExtractAarTransform
Transforming lifecycle-runtime-release.aar (androidx.lifecycle:lifecycle-runtime-android:2.8.5) with AarTransform
Transforming lifecycle-viewmodel-savedstate-2.8.5.aar (androidx.lifecycle:lifecycle-viewmodel-savedstate:2.8.5) with ExtractAarTransform
Transforming lifecycle-viewmodel-savedstate-2.8.5.aar (androidx.lifecycle:lifecycle-viewmodel-savedstate:2.8.5) with AarTransform
Transforming savedstate-1.2.1.aar (androidx.savedstate:savedstate:1.2.1) with ExtractAarTransform
Transforming savedstate-1.2.1.aar (androidx.savedstate:savedstate:1.2.1) with AarTransform
Transforming lifecycle-viewmodel-compose-release.aar (androidx.lifecycle:lifecycle-viewmodel-compose-android:2.8.5) with ExtractAarTransform
Transforming lifecycle-viewmodel-compose-release.aar (androidx.lifecycle:lifecycle-viewmodel-compose-android:2.8.5) with AarTransform
Transforming ui-release.aar (androidx.compose.ui:ui-android:1.7.5) with ExtractAarTransform
Transforming ui-release.aar (androidx.compose.ui:ui-android:1.7.5) with AarTransform
Transforming activity-ktx-1.9.3.aar (androidx.activity:activity-ktx:1.9.3) with ExtractAarTransform
Transforming activity-ktx-1.9.3.aar (androidx.activity:activity-ktx:1.9.3) with AarTransform
Transforming activity-compose-1.9.3.aar (androidx.activity:activity-compose:1.9.3) with ExtractAarTransform
Transforming activity-compose-1.9.3.aar (androidx.activity:activity-compose:1.9.3) with AarTransform
Transforming library-release.aar (org.jetbrains.compose.components:components-ui-tooling-preview-android:1.7.0) with ExtractAarTransform
Transforming library-release.aar (org.jetbrains.compose.components:components-ui-tooling-preview-android:1.7.0) with AarTransform
Transforming runtime-saveable-release.aar (androidx.compose.runtime:runtime-saveable-android:1.7.5) with ExtractAarTransform
Transforming runtime-saveable-release.aar (androidx.compose.runtime:runtime-saveable-android:1.7.5) with AarTransform
Transforming runtime-release.aar (androidx.compose.runtime:runtime-android:1.7.5) with ExtractAarTransform
Transforming runtime-release.aar (androidx.compose.runtime:runtime-android:1.7.5) with AarTransform
Transforming annotation-experimental-1.4.1.aar (androidx.annotation:annotation-experimental:1.4.1) with ExtractAarTransform
Transforming annotation-experimental-1.4.1.aar (androidx.annotation:annotation-experimental:1.4.1) with AarTransform
Transforming versionedparcelable-1.1.1.aar (androidx.versionedparcelable:versionedparcelable:1.1.1) with ExtractAarTransform
Transforming versionedparcelable-1.1.1.aar (androidx.versionedparcelable:versionedparcelable:1.1.1) with AarTransform
Transforming profileinstaller-1.3.1.aar (androidx.profileinstaller:profileinstaller:1.3.1) with ExtractAarTransform
Transforming profileinstaller-1.3.1.aar (androidx.profileinstaller:profileinstaller:1.3.1) with AarTransform
Transforming core-runtime-2.2.0.aar (androidx.arch.core:core-runtime:2.2.0) with ExtractAarTransform
Transforming core-runtime-2.2.0.aar (androidx.arch.core:core-runtime:2.2.0) with AarTransform
Transforming startup-runtime-1.1.1.aar (androidx.startup:startup-runtime:1.1.1) with ExtractAarTransform
Transforming startup-runtime-1.1.1.aar (androidx.startup:startup-runtime:1.1.1) with AarTransform
Transforming tracing-1.0.0.aar (androidx.tracing:tracing:1.0.0) with ExtractAarTransform
Transforming tracing-1.0.0.aar (androidx.tracing:tracing:1.0.0) with AarTransform
Transforming interpolator-1.0.0.aar (androidx.interpolator:interpolator:1.0.0) with ExtractAarTransform
Transforming interpolator-1.0.0.aar (androidx.interpolator:interpolator:1.0.0) with AarTransform
Caching disabled for task ':androidApp:mergeReleaseArtProfile' because:
  Simple merging task
Skipping task ':androidApp:mergeReleaseArtProfile' as it is up-to-date.
Resolve mutations for :androidApp:collectReleaseDependencies (Thread[Execution worker Thread 3,5,main]) started.
:androidApp:collectReleaseDependencies (Thread[Execution worker Thread 3,5,main]) started.

> Task :androidApp:mergeExtDexRelease UP-TO-DATE
Transforming material3-release.aar (androidx.compose.material3:material3-android:1.3.1) with AarToClassTransform
Transforming material3-release.aar (androidx.compose.material3:material3-android:1.3.1) with IdentityTransform
Transforming material3-release.aar (androidx.compose.material3:material3-android:1.3.1) with DexingNoClasspathTransform
Transforming material3-release.aar (androidx.compose.material3:material3-android:1.3.1) with DexingOutputSplitTransform
Transforming library-release.aar (org.jetbrains.compose.components:components-resources-android:1.7.0) with AarToClassTransform
Transforming library-release.aar (org.jetbrains.compose.components:components-resources-android:1.7.0) with IdentityTransform
Transforming library-release.aar (org.jetbrains.compose.components:components-resources-android:1.7.0) with DexingNoClasspathTransform
Transforming library-release.aar (org.jetbrains.compose.components:components-resources-android:1.7.0) with DexingOutputSplitTransform
Transforming material-ripple-release.aar (androidx.compose.material:material-ripple-android:1.7.1) with AarToClassTransform
Transforming material-ripple-release.aar (androidx.compose.material:material-ripple-android:1.7.1) with IdentityTransform
Transforming material-ripple-release.aar (androidx.compose.material:material-ripple-android:1.7.1) with DexingNoClasspathTransform
Transforming material-ripple-release.aar (androidx.compose.material:material-ripple-android:1.7.1) with DexingOutputSplitTransform
Transforming navigation-common-2.8.0-rc01.aar (androidx.navigation:navigation-common:2.8.0-rc01) with AarToClassTransform
Transforming navigation-common-2.8.0-rc01.aar (androidx.navigation:navigation-common:2.8.0-rc01) with IdentityTransform
Transforming navigation-common-2.8.0-rc01.aar (androidx.navigation:navigation-common:2.8.0-rc01) with DexingNoClasspathTransform
Transforming navigation-common-2.8.0-rc01.aar (androidx.navigation:navigation-common:2.8.0-rc01) with DexingOutputSplitTransform
Transforming navigation-runtime-2.8.0-rc01.aar (androidx.navigation:navigation-runtime:2.8.0-rc01) with AarToClassTransform
Transforming navigation-runtime-2.8.0-rc01.aar (androidx.navigation:navigation-runtime:2.8.0-rc01) with IdentityTransform
Transforming navigation-runtime-2.8.0-rc01.aar (androidx.navigation:navigation-runtime:2.8.0-rc01) with DexingNoClasspathTransform
Transforming navigation-runtime-2.8.0-rc01.aar (androidx.navigation:navigation-runtime:2.8.0-rc01) with DexingOutputSplitTransform
Transforming navigation-common-ktx-2.8.0-rc01.aar (androidx.navigation:navigation-common-ktx:2.8.0-rc01) with AarToClassTransform
Transforming navigation-common-ktx-2.8.0-rc01.aar (androidx.navigation:navigation-common-ktx:2.8.0-rc01) with IdentityTransform
Transforming navigation-common-ktx-2.8.0-rc01.aar (androidx.navigation:navigation-common-ktx:2.8.0-rc01) with DexingNoClasspathTransform
Transforming navigation-common-ktx-2.8.0-rc01.aar (androidx.navigation:navigation-common-ktx:2.8.0-rc01) with DexingOutputSplitTransform
Transforming navigation-runtime-ktx-2.8.0-rc01.aar (androidx.navigation:navigation-runtime-ktx:2.8.0-rc01) with AarToClassTransform
Transforming navigation-runtime-ktx-2.8.0-rc01.aar (androidx.navigation:navigation-runtime-ktx:2.8.0-rc01) with IdentityTransform
Transforming navigation-runtime-ktx-2.8.0-rc01.aar (androidx.navigation:navigation-runtime-ktx:2.8.0-rc01) with DexingNoClasspathTransform
Transforming navigation-runtime-ktx-2.8.0-rc01.aar (androidx.navigation:navigation-runtime-ktx:2.8.0-rc01) with DexingOutputSplitTransform
Transforming navigation-compose-2.8.0-rc01.aar (androidx.navigation:navigation-compose:2.8.0-rc01) with AarToClassTransform
Transforming navigation-compose-2.8.0-rc01.aar (androidx.navigation:navigation-compose:2.8.0-rc01) with IdentityTransform
Transforming navigation-compose-2.8.0-rc01.aar (androidx.navigation:navigation-compose:2.8.0-rc01) with DexingNoClasspathTransform
Transforming navigation-compose-2.8.0-rc01.aar (androidx.navigation:navigation-compose:2.8.0-rc01) with DexingOutputSplitTransform
Transforming animation-core-release.aar (androidx.compose.animation:animation-core-android:1.7.5) with AarToClassTransform
Transforming animation-core-release.aar (androidx.compose.animation:animation-core-android:1.7.5) with IdentityTransform
Transforming animation-core-release.aar (androidx.compose.animation:animation-core-android:1.7.5) with DexingNoClasspathTransform
Transforming animation-core-release.aar (androidx.compose.animation:animation-core-android:1.7.5) with DexingOutputSplitTransform
Transforming animation-release.aar (androidx.compose.animation:animation-android:1.7.5) with AarToClassTransform
Transforming animation-release.aar (androidx.compose.animation:animation-android:1.7.5) with IdentityTransform
Transforming animation-release.aar (androidx.compose.animation:animation-android:1.7.5) with DexingNoClasspathTransform
Transforming animation-release.aar (androidx.compose.animation:animation-android:1.7.5) with DexingOutputSplitTransform
Transforming foundation-layout-release.aar (androidx.compose.foundation:foundation-layout-android:1.7.5) with AarToClassTransform
Transforming foundation-layout-release.aar (androidx.compose.foundation:foundation-layout-android:1.7.5) with IdentityTransform
Transforming foundation-layout-release.aar (androidx.compose.foundation:foundation-layout-android:1.7.5) with DexingNoClasspathTransform
Transforming foundation-layout-release.aar (androidx.compose.foundation:foundation-layout-android:1.7.5) with DexingOutputSplitTransform
Transforming foundation-release.aar (androidx.compose.foundation:foundation-android:1.7.5) with AarToClassTransform
Transforming foundation-release.aar (androidx.compose.foundation:foundation-android:1.7.5) with IdentityTransform
Transforming foundation-release.aar (androidx.compose.foundation:foundation-android:1.7.5) with DexingNoClasspathTransform
Transforming foundation-release.aar (androidx.compose.foundation:foundation-android:1.7.5) with DexingOutputSplitTransform
Transforming ui-util-release.aar (androidx.compose.ui:ui-util-android:1.7.5) with AarToClassTransform
Transforming ui-util-release.aar (androidx.compose.ui:ui-util-android:1.7.5) with IdentityTransform
Transforming ui-util-release.aar (androidx.compose.ui:ui-util-android:1.7.5) with DexingNoClasspathTransform
Transforming ui-util-release.aar (androidx.compose.ui:ui-util-android:1.7.5) with DexingOutputSplitTransform
Transforming ui-unit-release.aar (androidx.compose.ui:ui-unit-android:1.7.5) with AarToClassTransform
Transforming ui-unit-release.aar (androidx.compose.ui:ui-unit-android:1.7.5) with IdentityTransform
Transforming ui-unit-release.aar (androidx.compose.ui:ui-unit-android:1.7.5) with DexingNoClasspathTransform
Transforming ui-unit-release.aar (androidx.compose.ui:ui-unit-android:1.7.5) with DexingOutputSplitTransform
Transforming ui-text-release.aar (androidx.compose.ui:ui-text-android:1.7.5) with AarToClassTransform
Transforming ui-text-release.aar (androidx.compose.ui:ui-text-android:1.7.5) with IdentityTransform
Transforming ui-text-release.aar (androidx.compose.ui:ui-text-android:1.7.5) with DexingNoClasspathTransform
Transforming ui-text-release.aar (androidx.compose.ui:ui-text-android:1.7.5) with DexingOutputSplitTransform
Transforming ui-graphics-release.aar (androidx.compose.ui:ui-graphics-android:1.7.5) with AarToClassTransform
Transforming ui-graphics-release.aar (androidx.compose.ui:ui-graphics-android:1.7.5) with IdentityTransform
Transforming ui-graphics-release.aar (androidx.compose.ui:ui-graphics-android:1.7.5) with DexingNoClasspathTransform
Transforming ui-graphics-release.aar (androidx.compose.ui:ui-graphics-android:1.7.5) with DexingOutputSplitTransform
Transforming ui-geometry-release.aar (androidx.compose.ui:ui-geometry-android:1.7.5) with AarToClassTransform
Transforming ui-geometry-release.aar (androidx.compose.ui:ui-geometry-android:1.7.5) with IdentityTransform
Transforming ui-geometry-release.aar (androidx.compose.ui:ui-geometry-android:1.7.5) with DexingNoClasspathTransform
Transforming ui-geometry-release.aar (androidx.compose.ui:ui-geometry-android:1.7.5) with DexingOutputSplitTransform
Transforming ui-tooling-preview-release.aar (androidx.compose.ui:ui-tooling-preview-android:1.7.5) with AarToClassTransform
Transforming ui-tooling-preview-release.aar (androidx.compose.ui:ui-tooling-preview-android:1.7.5) with IdentityTransform
Transforming ui-tooling-preview-release.aar (androidx.compose.ui:ui-tooling-preview-android:1.7.5) with DexingNoClasspathTransform
Transforming ui-tooling-preview-release.aar (androidx.compose.ui:ui-tooling-preview-android:1.7.5) with DexingOutputSplitTransform
Transforming material-icons-core-release.aar (androidx.compose.material:material-icons-core-android:1.7.1) with AarToClassTransform
Transforming material-icons-core-release.aar (androidx.compose.material:material-icons-core-android:1.7.1) with IdentityTransform
Transforming material-icons-core-release.aar (androidx.compose.material:material-icons-core-android:1.7.1) with DexingNoClasspathTransform
Transforming material-icons-core-release.aar (androidx.compose.material:material-icons-core-android:1.7.1) with DexingOutputSplitTransform
Transforming savedstate-ktx-1.2.1.aar (androidx.savedstate:savedstate-ktx:1.2.1) with AarToClassTransform
Transforming savedstate-ktx-1.2.1.aar (androidx.savedstate:savedstate-ktx:1.2.1) with IdentityTransform
Transforming savedstate-ktx-1.2.1.aar (androidx.savedstate:savedstate-ktx:1.2.1) with DexingNoClasspathTransform
Transforming savedstate-ktx-1.2.1.aar (androidx.savedstate:savedstate-ktx:1.2.1) with DexingOutputSplitTransform
Transforming activity-1.9.3.aar (androidx.activity:activity:1.9.3) with AarToClassTransform
Transforming activity-1.9.3.aar (androidx.activity:activity:1.9.3) with IdentityTransform
Transforming activity-1.9.3.aar (androidx.activity:activity:1.9.3) with DexingNoClasspathTransform
Transforming activity-1.9.3.aar (androidx.activity:activity:1.9.3) with DexingOutputSplitTransform
Transforming emoji2-1.3.0.aar (androidx.emoji2:emoji2:1.3.0) with AarToClassTransform
Transforming emoji2-1.3.0.aar (androidx.emoji2:emoji2:1.3.0) with IdentityTransform
Transforming emoji2-1.3.0.aar (androidx.emoji2:emoji2:1.3.0) with DexingNoClasspathTransform
Transforming emoji2-1.3.0.aar (androidx.emoji2:emoji2:1.3.0) with DexingOutputSplitTransform
Transforming lifecycle-runtime-ktx-release.aar (androidx.lifecycle:lifecycle-runtime-ktx-android:2.8.5) with AarToClassTransform
Transforming lifecycle-runtime-ktx-release.aar (androidx.lifecycle:lifecycle-runtime-ktx-android:2.8.5) with IdentityTransform
Transforming lifecycle-runtime-ktx-release.aar (androidx.lifecycle:lifecycle-runtime-ktx-android:2.8.5) with DexingNoClasspathTransform
Transforming lifecycle-runtime-ktx-release.aar (androidx.lifecycle:lifecycle-runtime-ktx-android:2.8.5) with DexingOutputSplitTransform
Transforming lifecycle-process-2.8.5.aar (androidx.lifecycle:lifecycle-process:2.8.5) with AarToClassTransform
Transforming lifecycle-process-2.8.5.aar (androidx.lifecycle:lifecycle-process:2.8.5) with IdentityTransform
Transforming lifecycle-process-2.8.5.aar (androidx.lifecycle:lifecycle-process:2.8.5) with DexingNoClasspathTransform
Transforming lifecycle-process-2.8.5.aar (androidx.lifecycle:lifecycle-process:2.8.5) with DexingOutputSplitTransform
Transforming lifecycle-viewmodel-ktx-2.8.5.aar (androidx.lifecycle:lifecycle-viewmodel-ktx:2.8.5) with AarToClassTransform
Transforming lifecycle-viewmodel-ktx-2.8.5.aar (androidx.lifecycle:lifecycle-viewmodel-ktx:2.8.5) with IdentityTransform
Transforming lifecycle-viewmodel-ktx-2.8.5.aar (androidx.lifecycle:lifecycle-viewmodel-ktx:2.8.5) with DexingNoClasspathTransform
Transforming lifecycle-viewmodel-ktx-2.8.5.aar (androidx.lifecycle:lifecycle-viewmodel-ktx:2.8.5) with DexingOutputSplitTransform
Transforming lifecycle-livedata-core-2.8.5.aar (androidx.lifecycle:lifecycle-livedata-core:2.8.5) with AarToClassTransform
Transforming lifecycle-livedata-core-2.8.5.aar (androidx.lifecycle:lifecycle-livedata-core:2.8.5) with IdentityTransform
Transforming lifecycle-livedata-core-2.8.5.aar (androidx.lifecycle:lifecycle-livedata-core:2.8.5) with DexingNoClasspathTransform
Transforming lifecycle-livedata-core-2.8.5.aar (androidx.lifecycle:lifecycle-livedata-core:2.8.5) with DexingOutputSplitTransform
Transforming lifecycle-common-java8-2.8.5.jar (androidx.lifecycle:lifecycle-common-java8:2.8.5) with IdentityTransform
Transforming lifecycle-common-java8-2.8.5.jar (androidx.lifecycle:lifecycle-common-java8:2.8.5) with IdentityTransform
Transforming lifecycle-common-java8-2.8.5.jar (androidx.lifecycle:lifecycle-common-java8:2.8.5) with DexingNoClasspathTransform
Transforming lifecycle-common-java8-2.8.5.jar (androidx.lifecycle:lifecycle-common-java8:2.8.5) with DexingOutputSplitTransform
Transforming lifecycle-viewmodel-release.aar (androidx.lifecycle:lifecycle-viewmodel-android:2.8.5) with AarToClassTransform
Transforming lifecycle-viewmodel-release.aar (androidx.lifecycle:lifecycle-viewmodel-android:2.8.5) with IdentityTransform
Transforming lifecycle-viewmodel-release.aar (androidx.lifecycle:lifecycle-viewmodel-android:2.8.5) with DexingNoClasspathTransform
Transforming lifecycle-viewmodel-release.aar (androidx.lifecycle:lifecycle-viewmodel-android:2.8.5) with DexingOutputSplitTransform
Transforming lifecycle-runtime-compose-release.aar (androidx.lifecycle:lifecycle-runtime-compose-android:2.8.5) with AarToClassTransform
Transforming lifecycle-runtime-compose-release.aar (androidx.lifecycle:lifecycle-runtime-compose-android:2.8.5) with IdentityTransform
Transforming lifecycle-runtime-compose-release.aar (androidx.lifecycle:lifecycle-runtime-compose-android:2.8.5) with DexingNoClasspathTransform
Transforming lifecycle-runtime-compose-release.aar (androidx.lifecycle:lifecycle-runtime-compose-android:2.8.5) with DexingOutputSplitTransform
Transforming autofill-1.0.0.aar (androidx.autofill:autofill:1.0.0) with AarToClassTransform
Transforming autofill-1.0.0.aar (androidx.autofill:autofill:1.0.0) with IdentityTransform
Transforming autofill-1.0.0.aar (androidx.autofill:autofill:1.0.0) with DexingNoClasspathTransform
Transforming autofill-1.0.0.aar (androidx.autofill:autofill:1.0.0) with DexingOutputSplitTransform
Transforming graphics-path-1.0.1.aar (androidx.graphics:graphics-path:1.0.1) with AarToClassTransform
Transforming graphics-path-1.0.1.aar (androidx.graphics:graphics-path:1.0.1) with IdentityTransform
Transforming graphics-path-1.0.1.aar (androidx.graphics:graphics-path:1.0.1) with DexingNoClasspathTransform
Transforming graphics-path-1.0.1.aar (androidx.graphics:graphics-path:1.0.1) with DexingOutputSplitTransform
Transforming customview-poolingcontainer-1.0.0.aar (androidx.customview:customview-poolingcontainer:1.0.0) with AarToClassTransform
Transforming customview-poolingcontainer-1.0.0.aar (androidx.customview:customview-poolingcontainer:1.0.0) with IdentityTransform
Transforming customview-poolingcontainer-1.0.0.aar (androidx.customview:customview-poolingcontainer:1.0.0) with DexingNoClasspathTransform
Transforming customview-poolingcontainer-1.0.0.aar (androidx.customview:customview-poolingcontainer:1.0.0) with DexingOutputSplitTransform
Transforming core-bundle-release.aar (org.jetbrains.androidx.core:core-bundle-android:1.0.1) with AarToClassTransform
Transforming core-bundle-release.aar (org.jetbrains.androidx.core:core-bundle-android:1.0.1) with IdentityTransform
Transforming core-bundle-release.aar (org.jetbrains.androidx.core:core-bundle-android:1.0.1) with DexingNoClasspathTransform
Transforming core-bundle-release.aar (org.jetbrains.androidx.core:core-bundle-android:1.0.1) with DexingOutputSplitTransform
Transforming core-ktx-1.13.1.aar (androidx.core:core-ktx:1.13.1) with AarToClassTransform
Transforming core-ktx-1.13.1.aar (androidx.core:core-ktx:1.13.1) with IdentityTransform
Transforming core-ktx-1.13.1.aar (androidx.core:core-ktx:1.13.1) with DexingNoClasspathTransform
Transforming core-ktx-1.13.1.aar (androidx.core:core-ktx:1.13.1) with DexingOutputSplitTransform
Transforming core-1.13.1.aar (androidx.core:core:1.13.1) with AarToClassTransform
Transforming core-1.13.1.aar (androidx.core:core:1.13.1) with IdentityTransform
Transforming core-1.13.1.aar (androidx.core:core:1.13.1) with DexingNoClasspathTransform
Transforming core-1.13.1.aar (androidx.core:core:1.13.1) with DexingOutputSplitTransform
Transforming core-1.13.1.aar (androidx.core:core:1.13.1) with AarToClassTransform
Transforming core-1.13.1.aar (androidx.core:core:1.13.1) with IdentityTransform
Transforming core-1.13.1.aar (androidx.core:core:1.13.1) with DexingNoClasspathTransform
Transforming core-1.13.1.aar (androidx.core:core:1.13.1) with DexingOutputSplitTransform
Transforming lifecycle-runtime-release.aar (androidx.lifecycle:lifecycle-runtime-android:2.8.5) with AarToClassTransform
Transforming lifecycle-runtime-release.aar (androidx.lifecycle:lifecycle-runtime-android:2.8.5) with IdentityTransform
Transforming lifecycle-runtime-release.aar (androidx.lifecycle:lifecycle-runtime-android:2.8.5) with DexingNoClasspathTransform
Transforming lifecycle-runtime-release.aar (androidx.lifecycle:lifecycle-runtime-android:2.8.5) with DexingOutputSplitTransform
Transforming lifecycle-viewmodel-savedstate-2.8.5.aar (androidx.lifecycle:lifecycle-viewmodel-savedstate:2.8.5) with AarToClassTransform
Transforming lifecycle-viewmodel-savedstate-2.8.5.aar (androidx.lifecycle:lifecycle-viewmodel-savedstate:2.8.5) with IdentityTransform
Transforming lifecycle-viewmodel-savedstate-2.8.5.aar (androidx.lifecycle:lifecycle-viewmodel-savedstate:2.8.5) with DexingNoClasspathTransform
Transforming lifecycle-viewmodel-savedstate-2.8.5.aar (androidx.lifecycle:lifecycle-viewmodel-savedstate:2.8.5) with DexingOutputSplitTransform
Transforming savedstate-1.2.1.aar (androidx.savedstate:savedstate:1.2.1) with AarToClassTransform
Transforming savedstate-1.2.1.aar (androidx.savedstate:savedstate:1.2.1) with IdentityTransform
Transforming savedstate-1.2.1.aar (androidx.savedstate:savedstate:1.2.1) with DexingNoClasspathTransform
Transforming savedstate-1.2.1.aar (androidx.savedstate:savedstate:1.2.1) with DexingOutputSplitTransform
Transforming lifecycle-common-jvm-2.8.5.jar (androidx.lifecycle:lifecycle-common-jvm:2.8.5) with IdentityTransform
Transforming lifecycle-common-jvm-2.8.5.jar (androidx.lifecycle:lifecycle-common-jvm:2.8.5) with IdentityTransform
Transforming lifecycle-common-jvm-2.8.5.jar (androidx.lifecycle:lifecycle-common-jvm:2.8.5) with DexingNoClasspathTransform
Transforming lifecycle-common-jvm-2.8.5.jar (androidx.lifecycle:lifecycle-common-jvm:2.8.5) with DexingOutputSplitTransform
Transforming lifecycle-viewmodel-compose-release.aar (androidx.lifecycle:lifecycle-viewmodel-compose-android:2.8.5) with AarToClassTransform
Transforming lifecycle-viewmodel-compose-release.aar (androidx.lifecycle:lifecycle-viewmodel-compose-android:2.8.5) with IdentityTransform
Transforming lifecycle-viewmodel-compose-release.aar (androidx.lifecycle:lifecycle-viewmodel-compose-android:2.8.5) with DexingNoClasspathTransform
Transforming lifecycle-viewmodel-compose-release.aar (androidx.lifecycle:lifecycle-viewmodel-compose-android:2.8.5) with DexingOutputSplitTransform
Transforming ui-release.aar (androidx.compose.ui:ui-android:1.7.5) with AarToClassTransform
Transforming ui-release.aar (androidx.compose.ui:ui-android:1.7.5) with IdentityTransform
Transforming ui-release.aar (androidx.compose.ui:ui-android:1.7.5) with DexingNoClasspathTransform
Transforming ui-release.aar (androidx.compose.ui:ui-android:1.7.5) with DexingOutputSplitTransform
Transforming activity-ktx-1.9.3.aar (androidx.activity:activity-ktx:1.9.3) with AarToClassTransform
Transforming activity-ktx-1.9.3.aar (androidx.activity:activity-ktx:1.9.3) with IdentityTransform
Transforming activity-ktx-1.9.3.aar (androidx.activity:activity-ktx:1.9.3) with DexingNoClasspathTransform
Transforming activity-ktx-1.9.3.aar (androidx.activity:activity-ktx:1.9.3) with DexingOutputSplitTransform
Transforming activity-compose-1.9.3.aar (androidx.activity:activity-compose:1.9.3) with AarToClassTransform
Transforming activity-compose-1.9.3.aar (androidx.activity:activity-compose:1.9.3) with IdentityTransform
Transforming activity-compose-1.9.3.aar (androidx.activity:activity-compose:1.9.3) with DexingNoClasspathTransform
Transforming activity-compose-1.9.3.aar (androidx.activity:activity-compose:1.9.3) with DexingOutputSplitTransform
Transforming library-release.aar (org.jetbrains.compose.components:components-ui-tooling-preview-android:1.7.0) with AarToClassTransform
Transforming library-release.aar (org.jetbrains.compose.components:components-ui-tooling-preview-android:1.7.0) with IdentityTransform
Transforming library-release.aar (org.jetbrains.compose.components:components-ui-tooling-preview-android:1.7.0) with DexingNoClasspathTransform
Transforming library-release.aar (org.jetbrains.compose.components:components-ui-tooling-preview-android:1.7.0) with DexingOutputSplitTransform
Transforming atomicfu-jvm-0.23.2.jar (org.jetbrains.kotlinx:atomicfu-jvm:0.23.2) with IdentityTransform
Transforming atomicfu-jvm-0.23.2.jar (org.jetbrains.kotlinx:atomicfu-jvm:0.23.2) with IdentityTransform
Transforming atomicfu-jvm-0.23.2.jar (org.jetbrains.kotlinx:atomicfu-jvm:0.23.2) with DexingNoClasspathTransform
Transforming atomicfu-jvm-0.23.2.jar (org.jetbrains.kotlinx:atomicfu-jvm:0.23.2) with DexingOutputSplitTransform
Transforming runtime-saveable-release.aar (androidx.compose.runtime:runtime-saveable-android:1.7.5) with AarToClassTransform
Transforming runtime-saveable-release.aar (androidx.compose.runtime:runtime-saveable-android:1.7.5) with IdentityTransform
Transforming runtime-saveable-release.aar (androidx.compose.runtime:runtime-saveable-android:1.7.5) with DexingNoClasspathTransform
Transforming runtime-saveable-release.aar (androidx.compose.runtime:runtime-saveable-android:1.7.5) with DexingOutputSplitTransform
Transforming runtime-release.aar (androidx.compose.runtime:runtime-android:1.7.5) with AarToClassTransform
Transforming runtime-release.aar (androidx.compose.runtime:runtime-android:1.7.5) with IdentityTransform
Transforming runtime-release.aar (androidx.compose.runtime:runtime-android:1.7.5) with DexingNoClasspathTransform
Transforming runtime-release.aar (androidx.compose.runtime:runtime-android:1.7.5) with DexingOutputSplitTransform
Transforming kotlinx-coroutines-android-1.8.0.jar (org.jetbrains.kotlinx:kotlinx-coroutines-android:1.8.0) with IdentityTransform
Transforming kotlinx-coroutines-android-1.8.0.jar (org.jetbrains.kotlinx:kotlinx-coroutines-android:1.8.0) with IdentityTransform
Transforming kotlinx-coroutines-android-1.8.0.jar (org.jetbrains.kotlinx:kotlinx-coroutines-android:1.8.0) with DexingNoClasspathTransform
Transforming kotlinx-coroutines-android-1.8.0.jar (org.jetbrains.kotlinx:kotlinx-coroutines-android:1.8.0) with DexingOutputSplitTransform
Transforming kotlinx-coroutines-core-jvm-1.8.0.jar (org.jetbrains.kotlinx:kotlinx-coroutines-core-jvm:1.8.0) with IdentityTransform
Transforming kotlinx-coroutines-core-jvm-1.8.0.jar (org.jetbrains.kotlinx:kotlinx-coroutines-core-jvm:1.8.0) with IdentityTransform
Transforming kotlinx-coroutines-core-jvm-1.8.0.jar (org.jetbrains.kotlinx:kotlinx-coroutines-core-jvm:1.8.0) with DexingNoClasspathTransform
Transforming kotlinx-coroutines-core-jvm-1.8.0.jar (org.jetbrains.kotlinx:kotlinx-coroutines-core-jvm:1.8.0) with DexingOutputSplitTransform
Transforming kotlinx-serialization-core-jvm-1.6.3.jar (org.jetbrains.kotlinx:kotlinx-serialization-core-jvm:1.6.3) with IdentityTransform
Transforming kotlinx-serialization-core-jvm-1.6.3.jar (org.jetbrains.kotlinx:kotlinx-serialization-core-jvm:1.6.3) with IdentityTransform
Transforming kotlinx-serialization-core-jvm-1.6.3.jar (org.jetbrains.kotlinx:kotlinx-serialization-core-jvm:1.6.3) with DexingNoClasspathTransform
Transforming kotlinx-serialization-core-jvm-1.6.3.jar (org.jetbrains.kotlinx:kotlinx-serialization-core-jvm:1.6.3) with DexingOutputSplitTransform
Transforming annotation-experimental-1.4.1.aar (androidx.annotation:annotation-experimental:1.4.1) with AarToClassTransform
Transforming annotation-experimental-1.4.1.aar (androidx.annotation:annotation-experimental:1.4.1) with IdentityTransform
Transforming annotation-experimental-1.4.1.aar (androidx.annotation:annotation-experimental:1.4.1) with DexingNoClasspathTransform
Transforming annotation-experimental-1.4.1.aar (androidx.annotation:annotation-experimental:1.4.1) with DexingOutputSplitTransform
Transforming versionedparcelable-1.1.1.aar (androidx.versionedparcelable:versionedparcelable:1.1.1) with AarToClassTransform
Transforming versionedparcelable-1.1.1.aar (androidx.versionedparcelable:versionedparcelable:1.1.1) with IdentityTransform
Transforming versionedparcelable-1.1.1.aar (androidx.versionedparcelable:versionedparcelable:1.1.1) with DexingNoClasspathTransform
Transforming versionedparcelable-1.1.1.aar (androidx.versionedparcelable:versionedparcelable:1.1.1) with DexingOutputSplitTransform
Transforming collection-ktx-1.4.4.jar (androidx.collection:collection-ktx:1.4.4) with IdentityTransform
Transforming collection-ktx-1.4.4.jar (androidx.collection:collection-ktx:1.4.4) with IdentityTransform
Transforming collection-ktx-1.4.4.jar (androidx.collection:collection-ktx:1.4.4) with DexingNoClasspathTransform
Transforming collection-ktx-1.4.4.jar (androidx.collection:collection-ktx:1.4.4) with DexingOutputSplitTransform
Transforming collection-jvm-1.4.4.jar (androidx.collection:collection-jvm:1.4.4) with IdentityTransform
Transforming collection-jvm-1.4.4.jar (androidx.collection:collection-jvm:1.4.4) with IdentityTransform
Transforming collection-jvm-1.4.4.jar (androidx.collection:collection-jvm:1.4.4) with DexingNoClasspathTransform
Transforming collection-jvm-1.4.4.jar (androidx.collection:collection-jvm:1.4.4) with DexingOutputSplitTransform
Transforming profileinstaller-1.3.1.aar (androidx.profileinstaller:profileinstaller:1.3.1) with AarToClassTransform
Transforming profileinstaller-1.3.1.aar (androidx.profileinstaller:profileinstaller:1.3.1) with IdentityTransform
Transforming profileinstaller-1.3.1.aar (androidx.profileinstaller:profileinstaller:1.3.1) with DexingNoClasspathTransform
Transforming profileinstaller-1.3.1.aar (androidx.profileinstaller:profileinstaller:1.3.1) with DexingOutputSplitTransform
Transforming core-runtime-2.2.0.aar (androidx.arch.core:core-runtime:2.2.0) with AarToClassTransform
Transforming core-runtime-2.2.0.aar (androidx.arch.core:core-runtime:2.2.0) with IdentityTransform
Transforming core-runtime-2.2.0.aar (androidx.arch.core:core-runtime:2.2.0) with DexingNoClasspathTransform
Transforming core-runtime-2.2.0.aar (androidx.arch.core:core-runtime:2.2.0) with DexingOutputSplitTransform
Transforming core-common-2.2.0.jar (androidx.arch.core:core-common:2.2.0) with IdentityTransform
Transforming core-common-2.2.0.jar (androidx.arch.core:core-common:2.2.0) with IdentityTransform
Transforming core-common-2.2.0.jar (androidx.arch.core:core-common:2.2.0) with DexingNoClasspathTransform
Transforming core-common-2.2.0.jar (androidx.arch.core:core-common:2.2.0) with DexingOutputSplitTransform
Transforming concurrent-futures-1.1.0.jar (androidx.concurrent:concurrent-futures:1.1.0) with IdentityTransform
Transforming concurrent-futures-1.1.0.jar (androidx.concurrent:concurrent-futures:1.1.0) with IdentityTransform
Transforming concurrent-futures-1.1.0.jar (androidx.concurrent:concurrent-futures:1.1.0) with DexingNoClasspathTransform
Transforming concurrent-futures-1.1.0.jar (androidx.concurrent:concurrent-futures:1.1.0) with DexingOutputSplitTransform
Transforming startup-runtime-1.1.1.aar (androidx.startup:startup-runtime:1.1.1) with AarToClassTransform
Transforming startup-runtime-1.1.1.aar (androidx.startup:startup-runtime:1.1.1) with IdentityTransform
Transforming startup-runtime-1.1.1.aar (androidx.startup:startup-runtime:1.1.1) with DexingNoClasspathTransform
Transforming startup-runtime-1.1.1.aar (androidx.startup:startup-runtime:1.1.1) with DexingOutputSplitTransform
Transforming tracing-1.0.0.aar (androidx.tracing:tracing:1.0.0) with AarToClassTransform
Transforming tracing-1.0.0.aar (androidx.tracing:tracing:1.0.0) with IdentityTransform
Transforming tracing-1.0.0.aar (androidx.tracing:tracing:1.0.0) with DexingNoClasspathTransform
Transforming tracing-1.0.0.aar (androidx.tracing:tracing:1.0.0) with DexingOutputSplitTransform
Transforming interpolator-1.0.0.aar (androidx.interpolator:interpolator:1.0.0) with AarToClassTransform
Transforming interpolator-1.0.0.aar (androidx.interpolator:interpolator:1.0.0) with IdentityTransform
Transforming interpolator-1.0.0.aar (androidx.interpolator:interpolator:1.0.0) with DexingNoClasspathTransform
Transforming interpolator-1.0.0.aar (androidx.interpolator:interpolator:1.0.0) with DexingOutputSplitTransform
Transforming annotation-jvm-1.8.1.jar (androidx.annotation:annotation-jvm:1.8.1) with IdentityTransform
Transforming annotation-jvm-1.8.1.jar (androidx.annotation:annotation-jvm:1.8.1) with IdentityTransform
Transforming annotation-jvm-1.8.1.jar (androidx.annotation:annotation-jvm:1.8.1) with DexingNoClasspathTransform
Transforming annotation-jvm-1.8.1.jar (androidx.annotation:annotation-jvm:1.8.1) with DexingOutputSplitTransform
Transforming kotlin-stdlib-2.0.21.jar (org.jetbrains.kotlin:kotlin-stdlib:2.0.21) with IdentityTransform
Transforming kotlin-stdlib-2.0.21.jar (org.jetbrains.kotlin:kotlin-stdlib:2.0.21) with IdentityTransform
Transforming kotlin-stdlib-2.0.21.jar (org.jetbrains.kotlin:kotlin-stdlib:2.0.21) with DexingNoClasspathTransform
Transforming kotlin-stdlib-2.0.21.jar (org.jetbrains.kotlin:kotlin-stdlib:2.0.21) with DexingOutputSplitTransform
Transforming annotations-23.0.0.jar (org.jetbrains:annotations:23.0.0) with IdentityTransform
Transforming annotations-23.0.0.jar (org.jetbrains:annotations:23.0.0) with IdentityTransform
Transforming annotations-23.0.0.jar (org.jetbrains:annotations:23.0.0) with DexingNoClasspathTransform
Transforming annotations-23.0.0.jar (org.jetbrains:annotations:23.0.0) with DexingOutputSplitTransform
Transforming listenablefuture-1.0.jar (com.google.guava:listenablefuture:1.0) with IdentityTransform
Transforming listenablefuture-1.0.jar (com.google.guava:listenablefuture:1.0) with IdentityTransform
Transforming listenablefuture-1.0.jar (com.google.guava:listenablefuture:1.0) with DexingNoClasspathTransform
Transforming listenablefuture-1.0.jar (com.google.guava:listenablefuture:1.0) with DexingOutputSplitTransform
Build cache key for task ':androidApp:mergeExtDexRelease' is 9987b5e7c102291634788a56594d15d9
Skipping task ':androidApp:mergeExtDexRelease' as it is up-to-date.
Resolve mutations for :androidApp:writeReleaseAppMetadata (Thread[Execution worker Thread 5,5,main]) started.
:androidApp:writeReleaseAppMetadata (Thread[Execution worker Thread 5,5,main]) started.

> Task :androidApp:writeReleaseAppMetadata
Caching disabled for task ':androidApp:writeReleaseAppMetadata' because:
  Caching has been disabled for the task
Task ':androidApp:writeReleaseAppMetadata' is not up-to-date because:
  No history is available.
Resolve mutations for :androidApp:writeReleaseSigningConfigVersions (Thread[Execution worker Thread 5,5,main]) started.
:androidApp:writeReleaseSigningConfigVersions (Thread[Execution worker Thread 5,5,main]) started.

> Task :androidApp:writeReleaseSigningConfigVersions
Caching disabled for task ':androidApp:writeReleaseSigningConfigVersions' because:
  Caching has been disabled for the task
Task ':androidApp:writeReleaseSigningConfigVersions' is not up-to-date because:
  No history is available.
Resolve mutations for :common:stripDebugDebugSymbols (Thread[Execution worker Thread 5,5,main]) started.
:common:stripDebugDebugSymbols (Thread[Execution worker Thread 5,5,main]) started.

> Task :common:stripDebugDebugSymbols NO-SOURCE
Skipping task ':common:stripDebugDebugSymbols' as it has no source files and no previous output files.
Resolve mutations for :common:copyDebugJniLibsProjectAndLocalJars (Thread[Execution worker Thread 5,5,main]) started.
:common:copyDebugJniLibsProjectAndLocalJars (Thread[Execution worker Thread 5,5,main]) started.

> Task :androidApp:mergeReleaseAssets
Transforming core-bundle-release.aar (org.jetbrains.androidx.core:core-bundle-android:1.0.1) with ExtractAarTransform
Transforming core-bundle-release.aar (org.jetbrains.androidx.core:core-bundle-android:1.0.1) with AarTransform
Caching disabled for AarTransform: /Users/azam/.gradle/caches/8.9/transforms/9b0ea2d4da7c531a79827c9c90607b1d/transformed/core-bundle-release because:
  Caching not enabled.
Caching disabled for task ':androidApp:mergeReleaseAssets' because:
  Simple merging task
Task ':androidApp:mergeReleaseAssets' is not up-to-date because:
  No history is available.
The input changes require a full rebuild for incremental task ':androidApp:mergeReleaseAssets'.
Resolve mutations for :androidApp:compressReleaseAssets (Thread[Execution worker Thread 4,5,main]) started.
:androidApp:compressReleaseAssets (Thread[Execution worker Thread 4,5,main]) started.

> Task :common:copyDebugJniLibsProjectAndLocalJars
Caching disabled for task ':common:copyDebugJniLibsProjectAndLocalJars' because:
  Caching has been disabled for the task
Task ':common:copyDebugJniLibsProjectAndLocalJars' is not up-to-date because:
  No history is available.
Resolve mutations for :common:extractDeepLinksForAarDebug (Thread[Execution worker Thread 5,5,main]) started.
:common:extractDeepLinksForAarDebug (Thread[Execution worker Thread 5,5,main]) started.

> Task :common:extractDeepLinksForAarDebug FROM-CACHE
Build cache key for task ':common:extractDeepLinksForAarDebug' is 7a22b0de7c2a7202b12f2f1102bcd3d4
Task ':common:extractDeepLinksForAarDebug' is not up-to-date because:
  No history is available.
Loaded cache entry for task ':common:extractDeepLinksForAarDebug' with cache key 7a22b0de7c2a7202b12f2f1102bcd3d4
Resolve mutations for :common:prepareDebugArtProfile (Thread[Execution worker Thread 5,5,main]) started.
:common:prepareDebugArtProfile (Thread[Execution worker Thread 5,5,main]) started.

> Task :common:prepareDebugArtProfile
Caching disabled for task ':common:prepareDebugArtProfile' because:
  Caching has been disabled for the task
Task ':common:prepareDebugArtProfile' is not up-to-date because:
  No history is available.
Resolve mutations for :androidApp:preDebugAndroidTestBuild (Thread[Execution worker Thread 5,5,main]) started.
:androidApp:preDebugAndroidTestBuild (Thread[Execution worker Thread 5,5,main]) started.

> Task :androidApp:preDebugAndroidTestBuild SKIPPED
Skipping task ':androidApp:preDebugAndroidTestBuild' as task onlyIf 'Task is enabled' is false.
Resolve mutations for :androidApp:generateDebugAndroidTestResValues (Thread[Execution worker Thread 5,5,main]) started.
:androidApp:generateDebugAndroidTestResValues (Thread[Execution worker Thread 5,5,main]) started.

> Task :androidApp:generateDebugAndroidTestResValues FROM-CACHE
Build cache key for task ':androidApp:generateDebugAndroidTestResValues' is a546b5194f5be34abd880b037c68e33a
Task ':androidApp:generateDebugAndroidTestResValues' is not up-to-date because:
  No history is available.
Loaded cache entry for task ':androidApp:generateDebugAndroidTestResValues' with cache key a546b5194f5be34abd880b037c68e33a
Resolve mutations for :common:writeDebugLintModelMetadata (Thread[Execution worker Thread 5,5,main]) started.
:common:writeDebugLintModelMetadata (Thread[Execution worker Thread 5,5,main]) started.

> Task :androidApp:compressReleaseAssets
Build cache key for task ':androidApp:compressReleaseAssets' is 7caf2b010850011a8cd9fc5758f8dbd5
Task ':androidApp:compressReleaseAssets' is not up-to-date because:
  No history is available.
The input changes require a full rebuild for incremental task ':androidApp:compressReleaseAssets'.
Stored cache entry for task ':androidApp:compressReleaseAssets' with cache key 7caf2b010850011a8cd9fc5758f8dbd5
work action resolve lint.jar (project :common) (Thread[Execution worker Thread 4,5,main]) started.
work action resolve lint.jar (project :common) (Thread[Execution worker Thread 4,5,main]) started.
Resolve mutations for :androidApp:preDebugUnitTestBuild (Thread[Execution worker Thread 4,5,main]) started.
:androidApp:preDebugUnitTestBuild (Thread[Execution worker Thread 4,5,main]) started.

> Task :androidApp:preDebugUnitTestBuild UP-TO-DATE
Skipping task ':androidApp:preDebugUnitTestBuild' as it has no actions.
work action Unknown value (Thread[Execution worker Thread 4,5,main]) started.
Resolve mutations for :common:preDebugAndroidTestBuild (Thread[Execution worker Thread 4,5,main]) started.
:common:preDebugAndroidTestBuild (Thread[Execution worker Thread 4,5,main]) started.

> Task :common:preDebugAndroidTestBuild UP-TO-DATE
Skipping task ':common:preDebugAndroidTestBuild' as it has no actions.
Resolve mutations for :common:generateDebugAndroidTestResValues (Thread[Execution worker Thread 4,5,main]) started.
:common:generateDebugAndroidTestResValues (Thread[Execution worker Thread 4,5,main]) started.

> Task :common:writeDebugLintModelMetadata
Caching disabled for task ':common:writeDebugLintModelMetadata' because:
  Caching has been disabled for the task
Task ':common:writeDebugLintModelMetadata' is not up-to-date because:
  No history is available.
work action resolve lint-model-metadata.properties (project :common) (Thread[Execution worker Thread 5,5,main]) started.
work action resolve lint-model-metadata.properties (project :common) (Thread[Execution worker Thread 5,5,main]) started.

> Task :common:generateDebugAndroidTestResValues FROM-CACHE
Build cache key for task ':common:generateDebugAndroidTestResValues' is a546b5194f5be34abd880b037c68e33a
Task ':common:generateDebugAndroidTestResValues' is not up-to-date because:
  No history is available.
Loaded cache entry for task ':common:generateDebugAndroidTestResValues' with cache key a546b5194f5be34abd880b037c68e33a
Resolve mutations for :common:preDebugUnitTestBuild (Thread[Execution worker Thread 5,5,main]) started.
Resolve mutations for :androidApp:javaPreCompileDebugUnitTest (Thread[Execution worker Thread 4,5,main]) started.
:common:preDebugUnitTestBuild (Thread[Execution worker Thread 5,5,main]) started.
:androidApp:javaPreCompileDebugUnitTest (Thread[Execution worker Thread 4,5,main]) started.

> Task :common:preDebugUnitTestBuild UP-TO-DATE
Skipping task ':common:preDebugUnitTestBuild' as it has no actions.
Resolve mutations for :androidApp:preReleaseUnitTestBuild (Thread[Execution worker Thread 5,5,main]) started.
:androidApp:preReleaseUnitTestBuild (Thread[Execution worker Thread 5,5,main]) started.

> Task :androidApp:preReleaseUnitTestBuild UP-TO-DATE
Skipping task ':androidApp:preReleaseUnitTestBuild' as it has no actions.
Resolve mutations for :androidApp:javaPreCompileReleaseUnitTest (Thread[Execution worker Thread 5,5,main]) started.
:androidApp:javaPreCompileReleaseUnitTest (Thread[Execution worker Thread 5,5,main]) started.

> Task :androidApp:javaPreCompileReleaseUnitTest FROM-CACHE
Build cache key for task ':androidApp:javaPreCompileReleaseUnitTest' is 05cca37972037a6282acbfb083abb765
Task ':androidApp:javaPreCompileReleaseUnitTest' is not up-to-date because:
  No history is available.
Loaded cache entry for task ':androidApp:javaPreCompileReleaseUnitTest' with cache key 05cca37972037a6282acbfb083abb765

> Task :androidApp:javaPreCompileDebugUnitTest FROM-CACHE
Build cache key for task ':androidApp:javaPreCompileDebugUnitTest' is 05cca37972037a6282acbfb083abb765
Task ':androidApp:javaPreCompileDebugUnitTest' is not up-to-date because:
  No history is available.
Loaded cache entry for task ':androidApp:javaPreCompileDebugUnitTest' with cache key 05cca37972037a6282acbfb083abb765
Resolve mutations for :common:transformCommonMainDependenciesMetadata (Thread[Execution worker Thread 4,5,main]) started.
Resolve mutations for :common:generateProjectStructureMetadata (Thread[Execution worker Thread 5,5,main]) started.
:common:transformCommonMainDependenciesMetadata (Thread[Execution worker Thread 4,5,main]) started.

> Task :androidApp:extractReleaseNativeSymbolTables
Build cache key for task ':androidApp:extractReleaseNativeSymbolTables' is 24138f4eda80c94ade676fa16bb049f3
Task ':androidApp:extractReleaseNativeSymbolTables' is not up-to-date because:
  No history is available.
C/C++: android.ndkVersion from module build.gradle is [26.1.10909125]
C/C++: android.ndkPath from module build.gradle is not set
C/C++: ndk.dir in local.properties is not set
C/C++: Not considering ANDROID_NDK_HOME because support was removed after deprecation period.
C/C++: sdkFolder is /Users/azam/Library/Android/sdk
C/C++: NDK side-by-side folder from sdkFolder /Users/azam/Library/Android/sdk/ndk does not exist
C/C++: Folder /Users/azam/Library/Android/sdk/ndk/26.1.10909125 does not exist. Ignoring.
C/C++: Folder /Users/azam/Library/Android/sdk/ndk-bundle does not exist. Ignoring.
Unable to extract native debug metadata from /Users/azam/AndroidStudioProjects/JoshTalk2/androidApp/build/intermediates/merged_native_libs/release/mergeReleaseNativeLibs/out/lib/armeabi-v7a/libandroidx.graphics.path.so because the native debug metadata has already been stripped.
Unable to extract native debug metadata from /Users/azam/AndroidStudioProjects/JoshTalk2/androidApp/build/intermediates/merged_native_libs/release/mergeReleaseNativeLibs/out/lib/x86/libandroidx.graphics.path.so because the native debug metadata has already been stripped.
Unable to extract native debug metadata from /Users/azam/AndroidStudioProjects/JoshTalk2/androidApp/build/intermediates/merged_native_libs/release/mergeReleaseNativeLibs/out/lib/arm64-v8a/libandroidx.graphics.path.so because the native debug metadata has already been stripped.
Unable to extract native debug metadata from /Users/azam/AndroidStudioProjects/JoshTalk2/androidApp/build/intermediates/merged_native_libs/release/mergeReleaseNativeLibs/out/lib/x86_64/libandroidx.graphics.path.so because the native debug metadata has already been stripped.
Stored cache entry for task ':androidApp:extractReleaseNativeSymbolTables' with cache key 24138f4eda80c94ade676fa16bb049f3
Resolve mutations for :androidApp:mergeReleaseNativeDebugMetadata (Thread[Execution worker,5,main]) started.
:androidApp:mergeReleaseNativeDebugMetadata (Thread[Execution worker,5,main]) started.
:common:generateProjectStructureMetadata (Thread[Execution worker Thread 5,5,main]) started.

> Task :androidApp:mergeReleaseNativeDebugMetadata NO-SOURCE
Skipping task ':androidApp:mergeReleaseNativeDebugMetadata' as it has no source files and no previous output files.
Resolve mutations for :common:metadataCommonMainProcessResources (Thread[Execution worker,5,main]) started.
:common:metadataCommonMainProcessResources (Thread[Execution worker,5,main]) started.

> Task :common:metadataCommonMainProcessResources NO-SOURCE
Skipping task ':common:metadataCommonMainProcessResources' as it has no source files and no previous output files.
Resolve mutations for :common:mapReleaseSourceSetPaths (Thread[Execution worker,5,main]) started.
:common:mapReleaseSourceSetPaths (Thread[Execution worker,5,main]) started.

> Task :common:generateProjectStructureMetadata
Caching disabled for task ':common:generateProjectStructureMetadata' because:
  Caching has been disabled for the task
Task ':common:generateProjectStructureMetadata' is not up-to-date because:
  No history is available.
Resolve mutations for :common:mergeReleaseResources (Thread[Execution worker Thread 5,5,main]) started.

> Task :androidApp:extractReleaseVersionControlInfo
Caching disabled for task ':androidApp:extractReleaseVersionControlInfo' because:
  Caching has been disabled for the task
Task ':androidApp:extractReleaseVersionControlInfo' is not up-to-date because:
  No history is available.
Resolve mutations for :commonizeNativeDistribution (Thread[Execution worker Thread 7,5,main]) started.
:commonizeNativeDistribution (Thread[Execution worker Thread 7,5,main]) started.
:common:mergeReleaseResources (Thread[Execution worker Thread 5,5,main]) started.

> Task :commonizeNativeDistribution UP-TO-DATE
Native Distribution Commonization: Acquire lock: /Users/azam/.konan/kotlin-native-prebuilt-macos-aarch64-2.0.21/klib/commonized/2.0.21/.lock ...
Native Distribution Commonization: Lock acquired: /Users/azam/.konan/kotlin-native-prebuilt-macos-aarch64-2.0.21/klib/commonized/2.0.21/.lock
Native Distribution Commonization: Calculating cache state for [(ios_arm64, ios_simulator_arm64, ios_x64)]
Native Distribution Commonization: Cache hit: (ios_arm64, ios_simulator_arm64, ios_x64) already commonized
Native Distribution Commonization: All available targets are commonized already - Nothing to do
Native Distribution Commonization: Lock released: /Users/azam/.konan/kotlin-native-prebuilt-macos-aarch64-2.0.21/klib/commonized/2.0.21/.lock
Caching disabled for task ':commonizeNativeDistribution' because:
  Native Distribution Commonizer Task uses internal caching mechanism with fine grained cache control
Skipping task ':commonizeNativeDistribution' as it is up-to-date.
Resolve mutations for :common:metadataNativeMainProcessResources (Thread[Execution worker Thread 7,5,main]) started.
:common:metadataNativeMainProcessResources (Thread[Execution worker Thread 7,5,main]) started.

> Task :common:metadataNativeMainProcessResources NO-SOURCE
Skipping task ':common:metadataNativeMainProcessResources' as it has no source files and no previous output files.
Resolve mutations for :common:metadataAppleMainProcessResources (Thread[Execution worker Thread 7,5,main]) started.
:common:metadataAppleMainProcessResources (Thread[Execution worker Thread 7,5,main]) started.

> Task :common:metadataAppleMainProcessResources NO-SOURCE
Skipping task ':common:metadataAppleMainProcessResources' as it has no source files and no previous output files.
Resolve mutations for :common:generateActualResourceCollectorsForIosArm64Main (Thread[Execution worker Thread 7,5,main]) started.
:common:generateActualResourceCollectorsForIosArm64Main (Thread[Execution worker Thread 7,5,main]) started.

> Task :androidApp:optimizeReleaseResources
Build cache key for task ':androidApp:optimizeReleaseResources' is bf0475f9ec2080b6515191d88571c833
Task ':androidApp:optimizeReleaseResources' is not up-to-date because:
  No history is available.
Stored cache entry for task ':androidApp:optimizeReleaseResources' with cache key bf0475f9ec2080b6515191d88571c833
Resolve mutations for :common:generateActualResourceCollectorsForIosSimulatorArm64Main (Thread[included builds,5,main]) started.
:common:generateActualResourceCollectorsForIosSimulatorArm64Main (Thread[included builds,5,main]) started.

> Task :androidApp:collectReleaseDependencies
Caching disabled for task ':androidApp:collectReleaseDependencies' because:
  Caching has been disabled for the task
Task ':androidApp:collectReleaseDependencies' is not up-to-date because:
  No history is available.
Resolve mutations for :androidApp:sdkReleaseDependencyData (Thread[Execution worker Thread 3,5,main]) started.
:androidApp:sdkReleaseDependencyData (Thread[Execution worker Thread 3,5,main]) started.

> Task :common:generateActualResourceCollectorsForIosArm64Main
Caching disabled for task ':common:generateActualResourceCollectorsForIosArm64Main' because:
  Caching has not been enabled for the task
Task ':common:generateActualResourceCollectorsForIosArm64Main' is not up-to-date because:
  Value of input property 'ideaIsInSync' has changed for task ':common:generateActualResourceCollectorsForIosArm64Main'
Clean directory /Users/azam/AndroidStudioProjects/JoshTalk2/common/build/generated/compose/resourceGenerator/kotlin/iosArm64MainResourceCollectors
Generate actual ResourceCollectors for /Users/azam/AndroidStudioProjects/JoshTalk2/common/build/generated/compose/resourceGenerator/kotlin/iosArm64MainResourceCollectors
Resolve mutations for :common:compileKotlinIosArm64 (Thread[Execution worker Thread 7,5,main]) started.
:common:compileKotlinIosArm64 (Thread[Execution worker Thread 7,5,main]) started.

> Task :common:generateActualResourceCollectorsForIosSimulatorArm64Main
Caching disabled for task ':common:generateActualResourceCollectorsForIosSimulatorArm64Main' because:
  Caching has not been enabled for the task
Task ':common:generateActualResourceCollectorsForIosSimulatorArm64Main' is not up-to-date because:
  Value of input property 'ideaIsInSync' has changed for task ':common:generateActualResourceCollectorsForIosSimulatorArm64Main'
Clean directory /Users/azam/AndroidStudioProjects/JoshTalk2/common/build/generated/compose/resourceGenerator/kotlin/iosSimulatorArm64MainResourceCollectors
Generate actual ResourceCollectors for /Users/azam/AndroidStudioProjects/JoshTalk2/common/build/generated/compose/resourceGenerator/kotlin/iosSimulatorArm64MainResourceCollectors
Resolve mutations for :common:compileKotlinIosSimulatorArm64 (Thread[included builds,5,main]) started.
:common:compileKotlinIosSimulatorArm64 (Thread[included builds,5,main]) started.

> Task :androidApp:sdkReleaseDependencyData
Caching disabled for task ':androidApp:sdkReleaseDependencyData' because:
  Caching has been disabled for the task
Task ':androidApp:sdkReleaseDependencyData' is not up-to-date because:
  No history is available.
Resolve mutations for :common:generateActualResourceCollectorsForIosX64Main (Thread[Execution worker Thread 3,5,main]) started.
:common:generateActualResourceCollectorsForIosX64Main (Thread[Execution worker Thread 3,5,main]) started.

> Task :common:generateActualResourceCollectorsForIosX64Main
Caching disabled for task ':common:generateActualResourceCollectorsForIosX64Main' because:
  Caching has not been enabled for the task
Task ':common:generateActualResourceCollectorsForIosX64Main' is not up-to-date because:
  Value of input property 'ideaIsInSync' has changed for task ':common:generateActualResourceCollectorsForIosX64Main'
Clean directory /Users/azam/AndroidStudioProjects/JoshTalk2/common/build/generated/compose/resourceGenerator/kotlin/iosX64MainResourceCollectors
Generate actual ResourceCollectors for /Users/azam/AndroidStudioProjects/JoshTalk2/common/build/generated/compose/resourceGenerator/kotlin/iosX64MainResourceCollectors
Resolve mutations for :common:compileKotlinIosX64 (Thread[Execution worker Thread 3,5,main]) started.
:common:compileKotlinIosX64 (Thread[Execution worker Thread 3,5,main]) started.

> Task :common:mapReleaseSourceSetPaths
Transforming library-release.aar (org.jetbrains.compose.components:components-resources-android:1.7.0) with ExtractAarTransform
Transforming library-release.aar (org.jetbrains.compose.components:components-resources-android:1.7.0) with AarTransform
Transforming library-release.aar (org.jetbrains.compose.components:components-ui-tooling-preview-android:1.7.0) with ExtractAarTransform
Transforming library-release.aar (org.jetbrains.compose.components:components-ui-tooling-preview-android:1.7.0) with AarTransform
Transforming navigation-common-ktx-2.8.0-rc01.aar (androidx.navigation:navigation-common-ktx:2.8.0-rc01) with ExtractAarTransform
Transforming navigation-common-ktx-2.8.0-rc01.aar (androidx.navigation:navigation-common-ktx:2.8.0-rc01) with AarTransform
Transforming navigation-runtime-2.8.0-rc01.aar (androidx.navigation:navigation-runtime:2.8.0-rc01) with ExtractAarTransform
Transforming navigation-runtime-2.8.0-rc01.aar (androidx.navigation:navigation-runtime:2.8.0-rc01) with AarTransform
Transforming navigation-common-2.8.0-rc01.aar (androidx.navigation:navigation-common:2.8.0-rc01) with ExtractAarTransform
Transforming navigation-common-2.8.0-rc01.aar (androidx.navigation:navigation-common:2.8.0-rc01) with AarTransform
Transforming navigation-runtime-ktx-2.8.0-rc01.aar (androidx.navigation:navigation-runtime-ktx:2.8.0-rc01) with ExtractAarTransform
Transforming navigation-runtime-ktx-2.8.0-rc01.aar (androidx.navigation:navigation-runtime-ktx:2.8.0-rc01) with AarTransform
Transforming navigation-compose-2.8.0-rc01.aar (androidx.navigation:navigation-compose:2.8.0-rc01) with ExtractAarTransform
Transforming navigation-compose-2.8.0-rc01.aar (androidx.navigation:navigation-compose:2.8.0-rc01) with AarTransform
Transforming material3-release.aar (androidx.compose.material3:material3-android:1.3.0) with ExtractAarTransform
Transforming foundation-layout-release.aar (androidx.compose.foundation:foundation-layout-android:1.7.1) with ExtractAarTransform
Transforming animation-core-release.aar (androidx.compose.animation:animation-core-android:1.7.1) with ExtractAarTransform
Transforming material-ripple-release.aar (androidx.compose.material:material-ripple-android:1.7.1) with ExtractAarTransform
Transforming material-ripple-release.aar (androidx.compose.material:material-ripple-android:1.7.1) with AarTransform
Transforming animation-release.aar (androidx.compose.animation:animation-android:1.7.1) with ExtractAarTransform
Transforming ui-unit-release.aar (androidx.compose.ui:ui-unit-android:1.7.1) with ExtractAarTransform
Transforming ui-geometry-release.aar (androidx.compose.ui:ui-geometry-android:1.7.1) with ExtractAarTransform
Transforming ui-graphics-release.aar (androidx.compose.ui:ui-graphics-android:1.7.1) with ExtractAarTransform
Transforming ui-util-release.aar (androidx.compose.ui:ui-util-android:1.7.1) with ExtractAarTransform
Transforming ui-text-release.aar (androidx.compose.ui:ui-text-android:1.7.1) with ExtractAarTransform
Transforming activity-1.8.2.aar (androidx.activity:activity:1.8.2) with ExtractAarTransform
Transforming activity-ktx-1.8.2.aar (androidx.activity:activity-ktx:1.8.2) with ExtractAarTransform
Transforming activity-compose-1.8.2.aar (androidx.activity:activity-compose:1.8.2) with ExtractAarTransform
Transforming material-icons-core-release.aar (androidx.compose.material:material-icons-core-android:1.7.1) with ExtractAarTransform
Transforming material-icons-core-release.aar (androidx.compose.material:material-icons-core-android:1.7.1) with AarTransform
Transforming savedstate-ktx-1.2.1.aar (androidx.savedstate:savedstate-ktx:1.2.1) with ExtractAarTransform
Transforming savedstate-ktx-1.2.1.aar (androidx.savedstate:savedstate-ktx:1.2.1) with AarTransform
Transforming emoji2-1.3.0.aar (androidx.emoji2:emoji2:1.3.0) with ExtractAarTransform
Transforming emoji2-1.3.0.aar (androidx.emoji2:emoji2:1.3.0) with AarTransform
Transforming autofill-1.0.0.aar (androidx.autofill:autofill:1.0.0) with ExtractAarTransform
Transforming autofill-1.0.0.aar (androidx.autofill:autofill:1.0.0) with AarTransform
Transforming core-bundle-release.aar (org.jetbrains.androidx.core:core-bundle-android:1.0.1) with ExtractAarTransform
Transforming core-bundle-release.aar (org.jetbrains.androidx.core:core-bundle-android:1.0.1) with AarTransform
Transforming customview-poolingcontainer-1.0.0.aar (androidx.customview:customview-poolingcontainer:1.0.0) with ExtractAarTransform
Transforming customview-poolingcontainer-1.0.0.aar (androidx.customview:customview-poolingcontainer:1.0.0) with AarTransform
Transforming core-ktx-1.13.1.aar (androidx.core:core-ktx:1.13.1) with ExtractAarTransform
Transforming core-ktx-1.13.1.aar (androidx.core:core-ktx:1.13.1) with AarTransform
Transforming graphics-path-1.0.1.aar (androidx.graphics:graphics-path:1.0.1) with ExtractAarTransform
Transforming graphics-path-1.0.1.aar (androidx.graphics:graphics-path:1.0.1) with AarTransform
Transforming core-1.13.1.aar (androidx.core:core:1.13.1) with ExtractAarTransform
Transforming core-1.13.1.aar (androidx.core:core:1.13.1) with AarTransform
Transforming core-1.13.1.aar (androidx.core:core:1.13.1) with ExtractAarTransform
Transforming core-1.13.1.aar (androidx.core:core:1.13.1) with AarTransform
Transforming lifecycle-runtime-ktx-release.aar (androidx.lifecycle:lifecycle-runtime-ktx-android:2.8.5) with ExtractAarTransform
Transforming lifecycle-runtime-ktx-release.aar (androidx.lifecycle:lifecycle-runtime-ktx-android:2.8.5) with AarTransform
Transforming lifecycle-viewmodel-ktx-2.8.5.aar (androidx.lifecycle:lifecycle-viewmodel-ktx:2.8.5) with ExtractAarTransform
Transforming lifecycle-viewmodel-ktx-2.8.5.aar (androidx.lifecycle:lifecycle-viewmodel-ktx:2.8.5) with AarTransform
Transforming lifecycle-process-2.8.5.aar (androidx.lifecycle:lifecycle-process:2.8.5) with ExtractAarTransform
Transforming lifecycle-process-2.8.5.aar (androidx.lifecycle:lifecycle-process:2.8.5) with AarTransform
Transforming lifecycle-livedata-core-2.8.5.aar (androidx.lifecycle:lifecycle-livedata-core:2.8.5) with ExtractAarTransform
Transforming lifecycle-livedata-core-2.8.5.aar (androidx.lifecycle:lifecycle-livedata-core:2.8.5) with AarTransform
Transforming lifecycle-viewmodel-release.aar (androidx.lifecycle:lifecycle-viewmodel-android:2.8.5) with ExtractAarTransform
Transforming lifecycle-viewmodel-release.aar (androidx.lifecycle:lifecycle-viewmodel-android:2.8.5) with AarTransform
Transforming lifecycle-runtime-compose-release.aar (androidx.lifecycle:lifecycle-runtime-compose-android:2.8.5) with ExtractAarTransform
Transforming lifecycle-runtime-compose-release.aar (androidx.lifecycle:lifecycle-runtime-compose-android:2.8.5) with AarTransform
Transforming lifecycle-runtime-release.aar (androidx.lifecycle:lifecycle-runtime-android:2.8.5) with ExtractAarTransform
Transforming lifecycle-runtime-release.aar (androidx.lifecycle:lifecycle-runtime-android:2.8.5) with AarTransform
Transforming lifecycle-viewmodel-savedstate-2.8.5.aar (androidx.lifecycle:lifecycle-viewmodel-savedstate:2.8.5) with ExtractAarTransform
Transforming lifecycle-viewmodel-savedstate-2.8.5.aar (androidx.lifecycle:lifecycle-viewmodel-savedstate:2.8.5) with AarTransform
Transforming savedstate-1.2.1.aar (androidx.savedstate:savedstate:1.2.1) with ExtractAarTransform
Transforming savedstate-1.2.1.aar (androidx.savedstate:savedstate:1.2.1) with AarTransform
Transforming lifecycle-viewmodel-compose-release.aar (androidx.lifecycle:lifecycle-viewmodel-compose-android:2.8.5) with ExtractAarTransform
Transforming lifecycle-viewmodel-compose-release.aar (androidx.lifecycle:lifecycle-viewmodel-compose-android:2.8.5) with AarTransform
Transforming ui-release.aar (androidx.compose.ui:ui-android:1.7.1) with ExtractAarTransform
Transforming foundation-release.aar (androidx.compose.foundation:foundation-android:1.7.1) with ExtractAarTransform
Transforming runtime-saveable-release.aar (androidx.compose.runtime:runtime-saveable-android:1.7.1) with ExtractAarTransform
Transforming runtime-release.aar (androidx.compose.runtime:runtime-android:1.7.1) with ExtractAarTransform
Transforming annotation-experimental-1.4.1.aar (androidx.annotation:annotation-experimental:1.4.1) with ExtractAarTransform
Transforming annotation-experimental-1.4.1.aar (androidx.annotation:annotation-experimental:1.4.1) with AarTransform
Transforming core-runtime-2.2.0.aar (androidx.arch.core:core-runtime:2.2.0) with ExtractAarTransform
Transforming core-runtime-2.2.0.aar (androidx.arch.core:core-runtime:2.2.0) with AarTransform
Transforming profileinstaller-1.3.1.aar (androidx.profileinstaller:profileinstaller:1.3.1) with ExtractAarTransform
Transforming profileinstaller-1.3.1.aar (androidx.profileinstaller:profileinstaller:1.3.1) with AarTransform
Transforming interpolator-1.0.0.aar (androidx.interpolator:interpolator:1.0.0) with ExtractAarTransform
Transforming interpolator-1.0.0.aar (androidx.interpolator:interpolator:1.0.0) with AarTransform
Transforming versionedparcelable-1.1.1.aar (androidx.versionedparcelable:versionedparcelable:1.1.1) with ExtractAarTransform
Transforming versionedparcelable-1.1.1.aar (androidx.versionedparcelable:versionedparcelable:1.1.1) with AarTransform
Transforming startup-runtime-1.1.1.aar (androidx.startup:startup-runtime:1.1.1) with ExtractAarTransform
Transforming startup-runtime-1.1.1.aar (androidx.startup:startup-runtime:1.1.1) with AarTransform
Transforming tracing-1.0.0.aar (androidx.tracing:tracing:1.0.0) with ExtractAarTransform
Transforming tracing-1.0.0.aar (androidx.tracing:tracing:1.0.0) with AarTransform
Transforming ui-util-release.aar (androidx.compose.ui:ui-util-android:1.7.1) with AarTransform
Caching disabled for AarTransform: /Users/azam/.gradle/caches/8.9/transforms/59cc6b147964c4e3a829cf43b1aff887/transformed/ui-util-release because:
  Caching not enabled.
Transforming ui-text-release.aar (androidx.compose.ui:ui-text-android:1.7.1) with AarTransform
Caching disabled for AarTransform: /Users/azam/.gradle/caches/8.9/transforms/623d4dd3d8f5aa99a507732c9ef5627f/transformed/ui-text-release because:
  Caching not enabled.
Transforming activity-1.8.2.aar (androidx.activity:activity:1.8.2) with AarTransform
Caching disabled for AarTransform: /Users/azam/.gradle/caches/8.9/transforms/40183bd01881c8c5d5fb836516263b00/transformed/activity-1.8.2 because:
  Caching not enabled.
Transforming activity-ktx-1.8.2.aar (androidx.activity:activity-ktx:1.8.2) with AarTransform
Caching disabled for AarTransform: /Users/azam/.gradle/caches/8.9/transforms/125b021dd261f35a27217f2725955712/transformed/activity-ktx-1.8.2 because:
  Caching not enabled.
Transforming material3-release.aar (androidx.compose.material3:material3-android:1.3.0) with AarTransform
Caching disabled for AarTransform: /Users/azam/.gradle/caches/8.9/transforms/7d908cf34a8dc860970ccdb3faa4b458/transformed/material3-release because:
  Caching not enabled.
Transforming ui-graphics-release.aar (androidx.compose.ui:ui-graphics-android:1.7.1) with AarTransform
Caching disabled for AarTransform: /Users/azam/.gradle/caches/8.9/transforms/c9c1228099b5190f9e16b193ec67cc49/transformed/ui-graphics-release because:
  Caching not enabled.
Caching disabled for task ':common:mapReleaseSourceSetPaths' because:
  Caching has been disabled for the task
Task ':common:mapReleaseSourceSetPaths' is not up-to-date because:
  No history is available.
Resolve mutations for :common:iosArm64ResolveResourcesFromDependencies (Thread[Execution worker,5,main]) started.
:common:iosArm64ResolveResourcesFromDependencies (Thread[Execution worker,5,main]) started.

> Task :common:iosArm64ResolveResourcesFromDependencies
Caching disabled for task ':common:iosArm64ResolveResourcesFromDependencies' because:
  Caching has been disabled for the task
Task ':common:iosArm64ResolveResourcesFromDependencies' is not up-to-date because:
  No history is available.
Resolve mutations for :common:assembleIosArm64MainResources (Thread[Execution worker,5,main]) started.
:common:assembleIosArm64MainResources (Thread[Execution worker,5,main]) started.

> Task :common:assembleIosArm64MainResources
Caching disabled for task ':common:assembleIosArm64MainResources' because:
  There is no logic, just copy files
Task ':common:assembleIosArm64MainResources' is not up-to-date because:
  No history is available.
file or directory '/Users/azam/AndroidStudioProjects/JoshTalk2/common/build/generated/compose/resourceGenerator/preparedResources/iosArm64Main/composeResources', not found
file or directory '/Users/azam/AndroidStudioProjects/JoshTalk2/common/build/generated/compose/resourceGenerator/preparedResources/iosMain/composeResources', not found
file or directory '/Users/azam/AndroidStudioProjects/JoshTalk2/common/build/generated/compose/resourceGenerator/preparedResources/appleMain/composeResources', not found
file or directory '/Users/azam/AndroidStudioProjects/JoshTalk2/common/build/generated/compose/resourceGenerator/preparedResources/nativeMain/composeResources', not found
file or directory '/Users/azam/AndroidStudioProjects/JoshTalk2/common/build/generated/compose/resourceGenerator/preparedResources/commonMain/composeResources', not found
Resolve mutations for :common:iosArm64ResolveSelfResourcesCopyHierarchicalMultiplatformResources (Thread[Execution worker,5,main]) started.
:common:iosArm64ResolveSelfResourcesCopyHierarchicalMultiplatformResources (Thread[Execution worker,5,main]) started.

> Task :common:iosArm64ResolveSelfResourcesCopyHierarchicalMultiplatformResources
Caching disabled for task ':common:iosArm64ResolveSelfResourcesCopyHierarchicalMultiplatformResources' because:
  Caching has been disabled for the task
Task ':common:iosArm64ResolveSelfResourcesCopyHierarchicalMultiplatformResources' is not up-to-date because:
  No history is available.
Resolve mutations for :common:iosArm64AggregateResources (Thread[Execution worker,5,main]) started.
:common:iosArm64AggregateResources (Thread[Execution worker,5,main]) started.

> Task :common:iosArm64AggregateResources
Caching disabled for task ':common:iosArm64AggregateResources' because:
  Caching has been disabled for the task
Task ':common:iosArm64AggregateResources' is not up-to-date because:
  No history is available.
Resolve mutations for :common:iosArm64ProcessResources (Thread[Execution worker,5,main]) started.
:common:iosArm64ProcessResources (Thread[Execution worker,5,main]) started.

> Task :common:iosArm64ProcessResources
Caching disabled for task ':common:iosArm64ProcessResources' because:
  Not worth caching
Task ':common:iosArm64ProcessResources' is not up-to-date because:
  No history is available.
file or directory '/Users/azam/AndroidStudioProjects/JoshTalk2/common/src/iosArm64Main/resources', not found
file or directory '/Users/azam/AndroidStudioProjects/JoshTalk2/common/src/iosMain/resources', not found
file or directory '/Users/azam/AndroidStudioProjects/JoshTalk2/common/src/appleMain/resources', not found
file or directory '/Users/azam/AndroidStudioProjects/JoshTalk2/common/src/nativeMain/resources', not found
file or directory '/Users/azam/AndroidStudioProjects/JoshTalk2/common/src/commonMain/resources', not found
Resolve mutations for :common:iosSimulatorArm64ResolveResourcesFromDependencies (Thread[Execution worker,5,main]) started.
:common:iosSimulatorArm64ResolveResourcesFromDependencies (Thread[Execution worker,5,main]) started.

> Task :common:iosSimulatorArm64ResolveResourcesFromDependencies
Caching disabled for task ':common:iosSimulatorArm64ResolveResourcesFromDependencies' because:
  Caching has been disabled for the task
Task ':common:iosSimulatorArm64ResolveResourcesFromDependencies' is not up-to-date because:
  No history is available.
Resolve mutations for :common:assembleIosSimulatorArm64MainResources (Thread[Execution worker,5,main]) started.
:common:assembleIosSimulatorArm64MainResources (Thread[Execution worker,5,main]) started.

> Task :common:assembleIosSimulatorArm64MainResources
Caching disabled for task ':common:assembleIosSimulatorArm64MainResources' because:
  There is no logic, just copy files
Task ':common:assembleIosSimulatorArm64MainResources' is not up-to-date because:
  No history is available.
file or directory '/Users/azam/AndroidStudioProjects/JoshTalk2/common/build/generated/compose/resourceGenerator/preparedResources/iosSimulatorArm64Main/composeResources', not found
file or directory '/Users/azam/AndroidStudioProjects/JoshTalk2/common/build/generated/compose/resourceGenerator/preparedResources/iosMain/composeResources', not found
file or directory '/Users/azam/AndroidStudioProjects/JoshTalk2/common/build/generated/compose/resourceGenerator/preparedResources/appleMain/composeResources', not found
file or directory '/Users/azam/AndroidStudioProjects/JoshTalk2/common/build/generated/compose/resourceGenerator/preparedResources/nativeMain/composeResources', not found
file or directory '/Users/azam/AndroidStudioProjects/JoshTalk2/common/build/generated/compose/resourceGenerator/preparedResources/commonMain/composeResources', not found
Resolve mutations for :common:iosSimulatorArm64ResolveSelfResourcesCopyHierarchicalMultiplatformResources (Thread[Execution worker,5,main]) started.
:common:iosSimulatorArm64ResolveSelfResourcesCopyHierarchicalMultiplatformResources (Thread[Execution worker,5,main]) started.

> Task :common:iosSimulatorArm64ResolveSelfResourcesCopyHierarchicalMultiplatformResources
Caching disabled for task ':common:iosSimulatorArm64ResolveSelfResourcesCopyHierarchicalMultiplatformResources' because:
  Caching has been disabled for the task
Task ':common:iosSimulatorArm64ResolveSelfResourcesCopyHierarchicalMultiplatformResources' is not up-to-date because:
  No history is available.
Resolve mutations for :common:iosSimulatorArm64AggregateResources (Thread[Execution worker,5,main]) started.
:common:iosSimulatorArm64AggregateResources (Thread[Execution worker,5,main]) started.

> Task :common:iosSimulatorArm64AggregateResources
Caching disabled for task ':common:iosSimulatorArm64AggregateResources' because:
  Caching has been disabled for the task
Task ':common:iosSimulatorArm64AggregateResources' is not up-to-date because:
  No history is available.
Resolve mutations for :common:iosSimulatorArm64ProcessResources (Thread[Execution worker,5,main]) started.
:common:iosSimulatorArm64ProcessResources (Thread[Execution worker,5,main]) started.

> Task :common:iosSimulatorArm64ProcessResources
Caching disabled for task ':common:iosSimulatorArm64ProcessResources' because:
  Not worth caching
Task ':common:iosSimulatorArm64ProcessResources' is not up-to-date because:
  No history is available.
file or directory '/Users/azam/AndroidStudioProjects/JoshTalk2/common/src/iosSimulatorArm64Main/resources', not found
file or directory '/Users/azam/AndroidStudioProjects/JoshTalk2/common/src/iosMain/resources', not found
file or directory '/Users/azam/AndroidStudioProjects/JoshTalk2/common/src/appleMain/resources', not found
file or directory '/Users/azam/AndroidStudioProjects/JoshTalk2/common/src/nativeMain/resources', not found
file or directory '/Users/azam/AndroidStudioProjects/JoshTalk2/common/src/commonMain/resources', not found
Resolve mutations for :common:iosX64ResolveResourcesFromDependencies (Thread[Execution worker,5,main]) started.
:common:iosX64ResolveResourcesFromDependencies (Thread[Execution worker,5,main]) started.

> Task :common:iosX64ResolveResourcesFromDependencies
Caching disabled for task ':common:iosX64ResolveResourcesFromDependencies' because:
  Caching has been disabled for the task
Task ':common:iosX64ResolveResourcesFromDependencies' is not up-to-date because:
  No history is available.
Resolve mutations for :common:assembleIosX64MainResources (Thread[Execution worker,5,main]) started.
:common:assembleIosX64MainResources (Thread[Execution worker,5,main]) started.

> Task :common:assembleIosX64MainResources
Caching disabled for task ':common:assembleIosX64MainResources' because:
  There is no logic, just copy files
Task ':common:assembleIosX64MainResources' is not up-to-date because:
  No history is available.
file or directory '/Users/azam/AndroidStudioProjects/JoshTalk2/common/build/generated/compose/resourceGenerator/preparedResources/iosX64Main/composeResources', not found
file or directory '/Users/azam/AndroidStudioProjects/JoshTalk2/common/build/generated/compose/resourceGenerator/preparedResources/iosMain/composeResources', not found
file or directory '/Users/azam/AndroidStudioProjects/JoshTalk2/common/build/generated/compose/resourceGenerator/preparedResources/appleMain/composeResources', not found
file or directory '/Users/azam/AndroidStudioProjects/JoshTalk2/common/build/generated/compose/resourceGenerator/preparedResources/nativeMain/composeResources', not found
file or directory '/Users/azam/AndroidStudioProjects/JoshTalk2/common/build/generated/compose/resourceGenerator/preparedResources/commonMain/composeResources', not found
Resolve mutations for :common:iosX64ResolveSelfResourcesCopyHierarchicalMultiplatformResources (Thread[Execution worker,5,main]) started.
:common:iosX64ResolveSelfResourcesCopyHierarchicalMultiplatformResources (Thread[Execution worker,5,main]) started.

> Task :common:iosX64ResolveSelfResourcesCopyHierarchicalMultiplatformResources
Caching disabled for task ':common:iosX64ResolveSelfResourcesCopyHierarchicalMultiplatformResources' because:
  Caching has been disabled for the task
Task ':common:iosX64ResolveSelfResourcesCopyHierarchicalMultiplatformResources' is not up-to-date because:
  No history is available.
Resolve mutations for :common:iosX64AggregateResources (Thread[Execution worker,5,main]) started.
:common:iosX64AggregateResources (Thread[Execution worker,5,main]) started.

> Task :common:iosX64AggregateResources
Caching disabled for task ':common:iosX64AggregateResources' because:
  Caching has been disabled for the task
Task ':common:iosX64AggregateResources' is not up-to-date because:
  No history is available.
Resolve mutations for :common:iosX64ProcessResources (Thread[Execution worker,5,main]) started.
:common:iosX64ProcessResources (Thread[Execution worker,5,main]) started.

> Task :common:iosX64ProcessResources
Caching disabled for task ':common:iosX64ProcessResources' because:
  Not worth caching
Task ':common:iosX64ProcessResources' is not up-to-date because:
  No history is available.
file or directory '/Users/azam/AndroidStudioProjects/JoshTalk2/common/src/iosX64Main/resources', not found
file or directory '/Users/azam/AndroidStudioProjects/JoshTalk2/common/src/iosMain/resources', not found
file or directory '/Users/azam/AndroidStudioProjects/JoshTalk2/common/src/appleMain/resources', not found
file or directory '/Users/azam/AndroidStudioProjects/JoshTalk2/common/src/nativeMain/resources', not found
file or directory '/Users/azam/AndroidStudioProjects/JoshTalk2/common/src/commonMain/resources', not found
Resolve mutations for :common:metadataIosMainProcessResources (Thread[Execution worker,5,main]) started.
:common:metadataIosMainProcessResources (Thread[Execution worker,5,main]) started.

> Task :common:metadataIosMainProcessResources NO-SOURCE
Skipping task ':common:metadataIosMainProcessResources' as it has no source files and no previous output files.
Resolve mutations for :common:xcodeVersion (Thread[Execution worker,5,main]) started.
:common:xcodeVersion (Thread[Execution worker,5,main]) started.

> Task :common:xcodeVersion
Caching disabled for task ':common:xcodeVersion' because:
  Caching has been disabled for the task
Task ':common:xcodeVersion' is not up-to-date because:
  No history is available.
w: Kotlin <-> Xcode compatibility issue:
The selected Xcode version (16.1) is higher than the maximum known to the Kotlin Gradle Plugin.
Stability in such configuration hasn't been tested, please report encountered issues to https://kotl.in/issue

Maximum tested Xcode version: 16.0

To suppress this message add 'kotlin.apple.xcodeCompatibility.nowarn=true' to your gradle.properties

Resolve mutations for :common:assembleIosSimulatorArm64TestResources (Thread[Execution worker,5,main]) started.
:common:assembleIosSimulatorArm64TestResources (Thread[Execution worker,5,main]) started.

> Task :common:assembleIosSimulatorArm64TestResources
Caching disabled for task ':common:assembleIosSimulatorArm64TestResources' because:
  There is no logic, just copy files
Task ':common:assembleIosSimulatorArm64TestResources' is not up-to-date because:
  No history is available.
file or directory '/Users/azam/AndroidStudioProjects/JoshTalk2/common/build/generated/compose/resourceGenerator/preparedResources/iosSimulatorArm64Test/composeResources', not found
file or directory '/Users/azam/AndroidStudioProjects/JoshTalk2/common/build/generated/compose/resourceGenerator/preparedResources/iosTest/composeResources', not found
file or directory '/Users/azam/AndroidStudioProjects/JoshTalk2/common/build/generated/compose/resourceGenerator/preparedResources/appleTest/composeResources', not found
file or directory '/Users/azam/AndroidStudioProjects/JoshTalk2/common/build/generated/compose/resourceGenerator/preparedResources/nativeTest/composeResources', not found
file or directory '/Users/azam/AndroidStudioProjects/JoshTalk2/common/build/generated/compose/resourceGenerator/preparedResources/commonTest/composeResources', not found
Resolve mutations for :common:copyTestComposeResourcesForIosSimulatorArm64 (Thread[Execution worker,5,main]) started.
:common:copyTestComposeResourcesForIosSimulatorArm64 (Thread[Execution worker,5,main]) started.

> Task :common:copyTestComposeResourcesForIosSimulatorArm64
Caching disabled for task ':common:copyTestComposeResourcesForIosSimulatorArm64' because:
  Not worth caching
Task ':common:copyTestComposeResourcesForIosSimulatorArm64' is not up-to-date because:
  No history is available.
file or directory '/Users/azam/AndroidStudioProjects/JoshTalk2/common/src/iosSimulatorArm64Main/resources', not found
file or directory '/Users/azam/AndroidStudioProjects/JoshTalk2/common/src/iosMain/resources', not found
file or directory '/Users/azam/AndroidStudioProjects/JoshTalk2/common/src/appleMain/resources', not found
file or directory '/Users/azam/AndroidStudioProjects/JoshTalk2/common/src/nativeMain/resources', not found
file or directory '/Users/azam/AndroidStudioProjects/JoshTalk2/common/src/commonMain/resources', not found
file or directory '/Users/azam/AndroidStudioProjects/JoshTalk2/common/src/iosSimulatorArm64Test/resources', not found
file or directory '/Users/azam/AndroidStudioProjects/JoshTalk2/common/src/iosTest/resources', not found
file or directory '/Users/azam/AndroidStudioProjects/JoshTalk2/common/src/appleTest/resources', not found
file or directory '/Users/azam/AndroidStudioProjects/JoshTalk2/common/src/nativeTest/resources', not found
file or directory '/Users/azam/AndroidStudioProjects/JoshTalk2/common/src/commonTest/resources', not found
Resolve mutations for :common:assembleIosX64TestResources (Thread[Execution worker,5,main]) started.
:common:assembleIosX64TestResources (Thread[Execution worker,5,main]) started.

> Task :common:assembleIosX64TestResources
Caching disabled for task ':common:assembleIosX64TestResources' because:
  There is no logic, just copy files
Task ':common:assembleIosX64TestResources' is not up-to-date because:
  No history is available.
file or directory '/Users/azam/AndroidStudioProjects/JoshTalk2/common/build/generated/compose/resourceGenerator/preparedResources/iosX64Test/composeResources', not found
file or directory '/Users/azam/AndroidStudioProjects/JoshTalk2/common/build/generated/compose/resourceGenerator/preparedResources/iosTest/composeResources', not found
file or directory '/Users/azam/AndroidStudioProjects/JoshTalk2/common/build/generated/compose/resourceGenerator/preparedResources/appleTest/composeResources', not found
file or directory '/Users/azam/AndroidStudioProjects/JoshTalk2/common/build/generated/compose/resourceGenerator/preparedResources/nativeTest/composeResources', not found
file or directory '/Users/azam/AndroidStudioProjects/JoshTalk2/common/build/generated/compose/resourceGenerator/preparedResources/commonTest/composeResources', not found
Resolve mutations for :common:copyTestComposeResourcesForIosX64 (Thread[Execution worker,5,main]) started.
:common:copyTestComposeResourcesForIosX64 (Thread[Execution worker,5,main]) started.

> Task :common:copyTestComposeResourcesForIosX64
Caching disabled for task ':common:copyTestComposeResourcesForIosX64' because:
  Not worth caching
Task ':common:copyTestComposeResourcesForIosX64' is not up-to-date because:
  No history is available.
file or directory '/Users/azam/AndroidStudioProjects/JoshTalk2/common/src/iosX64Main/resources', not found
file or directory '/Users/azam/AndroidStudioProjects/JoshTalk2/common/src/iosMain/resources', not found
file or directory '/Users/azam/AndroidStudioProjects/JoshTalk2/common/src/appleMain/resources', not found
file or directory '/Users/azam/AndroidStudioProjects/JoshTalk2/common/src/nativeMain/resources', not found
file or directory '/Users/azam/AndroidStudioProjects/JoshTalk2/common/src/commonMain/resources', not found
file or directory '/Users/azam/AndroidStudioProjects/JoshTalk2/common/src/iosX64Test/resources', not found
file or directory '/Users/azam/AndroidStudioProjects/JoshTalk2/common/src/iosTest/resources', not found
file or directory '/Users/azam/AndroidStudioProjects/JoshTalk2/common/src/appleTest/resources', not found
file or directory '/Users/azam/AndroidStudioProjects/JoshTalk2/common/src/nativeTest/resources', not found
file or directory '/Users/azam/AndroidStudioProjects/JoshTalk2/common/src/commonTest/resources', not found
Resolve mutations for :common:generateDebugUnitTestStubRFile (Thread[Execution worker,5,main]) started.
:common:generateDebugUnitTestStubRFile (Thread[Execution worker,5,main]) started.

> Task :common:compileDebugKotlinAndroid
Transforming library-release.aar (org.jetbrains.compose.components:components-resources-android:1.7.0) with AarToClassTransform
Transforming library-release.aar (org.jetbrains.compose.components:components-ui-tooling-preview-android:1.7.0) with AarToClassTransform
Transforming navigation-common-ktx-2.8.0-rc01.aar (androidx.navigation:navigation-common-ktx:2.8.0-rc01) with AarToClassTransform
Transforming navigation-runtime-2.8.0-rc01.aar (androidx.navigation:navigation-runtime:2.8.0-rc01) with AarToClassTransform
Transforming navigation-common-2.8.0-rc01.aar (androidx.navigation:navigation-common:2.8.0-rc01) with AarToClassTransform
Transforming navigation-runtime-ktx-2.8.0-rc01.aar (androidx.navigation:navigation-runtime-ktx:2.8.0-rc01) with AarToClassTransform
Transforming navigation-compose-2.8.0-rc01.aar (androidx.navigation:navigation-compose:2.8.0-rc01) with AarToClassTransform
Transforming activity-1.8.2.aar (androidx.activity:activity:1.8.2) with AarToClassTransform
Transforming activity-ktx-1.8.2.aar (androidx.activity:activity-ktx:1.8.2) with AarToClassTransform
Transforming activity-compose-1.8.2.aar (androidx.activity:activity-compose:1.8.2) with AarToClassTransform
Transforming material3-release.aar (androidx.compose.material3:material3-android:1.3.0) with AarToClassTransform
Transforming material-ripple-release.aar (androidx.compose.material:material-ripple-android:1.7.1) with AarToClassTransform
Transforming animation-core-release.aar (androidx.compose.animation:animation-core-android:1.7.1) with AarToClassTransform
Transforming animation-release.aar (androidx.compose.animation:animation-android:1.7.1) with AarToClassTransform
Transforming foundation-layout-release.aar (androidx.compose.foundation:foundation-layout-android:1.7.1) with AarToClassTransform
Transforming foundation-release.aar (androidx.compose.foundation:foundation-android:1.7.1) with AarToClassTransform
Transforming material-icons-core-release.aar (androidx.compose.material:material-icons-core-android:1.7.1) with AarToClassTransform
Transforming ui-util-release.aar (androidx.compose.ui:ui-util-android:1.7.1) with AarToClassTransform
Transforming ui-unit-release.aar (androidx.compose.ui:ui-unit-android:1.7.1) with AarToClassTransform
Transforming ui-geometry-release.aar (androidx.compose.ui:ui-geometry-android:1.7.1) with AarToClassTransform
Transforming ui-text-release.aar (androidx.compose.ui:ui-text-android:1.7.1) with AarToClassTransform
Transforming ui-graphics-release.aar (androidx.compose.ui:ui-graphics-android:1.7.1) with AarToClassTransform
Transforming lifecycle-runtime-ktx-release.aar (androidx.lifecycle:lifecycle-runtime-ktx-android:2.8.5) with AarToClassTransform
Transforming lifecycle-runtime-compose-release.aar (androidx.lifecycle:lifecycle-runtime-compose-android:2.8.5) with AarToClassTransform
Transforming core-bundle-debug.aar (org.jetbrains.androidx.core:core-bundle-android-debug:1.0.1) with AarToClassTransform
Transforming core-ktx-1.13.1.aar (androidx.core:core-ktx:1.13.1) with AarToClassTransform
Transforming core-1.13.1.aar (androidx.core:core:1.13.1) with AarToClassTransform
Transforming lifecycle-runtime-release.aar (androidx.lifecycle:lifecycle-runtime-android:2.8.5) with AarToClassTransform
Transforming lifecycle-common-jvm-2.8.5.jar (androidx.lifecycle:lifecycle-common-jvm:2.8.5) with IdentityTransform
Transforming lifecycle-viewmodel-release.aar (androidx.lifecycle:lifecycle-viewmodel-android:2.8.5) with AarToClassTransform
Transforming lifecycle-viewmodel-ktx-2.8.5.aar (androidx.lifecycle:lifecycle-viewmodel-ktx:2.8.5) with AarToClassTransform
Transforming lifecycle-viewmodel-savedstate-2.8.5.aar (androidx.lifecycle:lifecycle-viewmodel-savedstate:2.8.5) with AarToClassTransform
Transforming lifecycle-livedata-core-2.8.5.aar (androidx.lifecycle:lifecycle-livedata-core:2.8.5) with AarToClassTransform
Transforming lifecycle-viewmodel-compose-release.aar (androidx.lifecycle:lifecycle-viewmodel-compose-android:2.8.5) with AarToClassTransform
Transforming ui-release.aar (androidx.compose.ui:ui-android:1.7.1) with AarToClassTransform
Transforming runtime-saveable-release.aar (androidx.compose.runtime:runtime-saveable-android:1.7.1) with AarToClassTransform
Transforming runtime-release.aar (androidx.compose.runtime:runtime-android:1.7.1) with AarToClassTransform
Transforming kotlinx-coroutines-android-1.8.0.jar (org.jetbrains.kotlinx:kotlinx-coroutines-android:1.8.0) with IdentityTransform
Transforming kotlinx-coroutines-core-jvm-1.8.0.jar (org.jetbrains.kotlinx:kotlinx-coroutines-core-jvm:1.8.0) with IdentityTransform
Transforming savedstate-ktx-1.2.1.aar (androidx.savedstate:savedstate-ktx:1.2.1) with AarToClassTransform
Transforming savedstate-1.2.1.aar (androidx.savedstate:savedstate:1.2.1) with AarToClassTransform
Transforming annotation-experimental-1.4.1.aar (androidx.annotation:annotation-experimental:1.4.1) with AarToClassTransform
Transforming core-common-2.2.0.jar (androidx.arch.core:core-common:2.2.0) with IdentityTransform
Transforming versionedparcelable-1.1.1.aar (androidx.versionedparcelable:versionedparcelable:1.1.1) with AarToClassTransform
Transforming collection-jvm-1.4.2.jar (androidx.collection:collection-jvm:1.4.2) with IdentityTransform
Transforming annotation-jvm-1.8.1.jar (androidx.annotation:annotation-jvm:1.8.1) with IdentityTransform
Transforming kotlin-stdlib-2.0.21.jar (org.jetbrains.kotlin:kotlin-stdlib:2.0.21) with IdentityTransform
Transforming annotations-23.0.0.jar (org.jetbrains:annotations:23.0.0) with IdentityTransform
Transforming R.jar with BuildToolsApiClasspathEntrySnapshotTransform
Transforming library-release-api.jar with BuildToolsApiClasspathEntrySnapshotTransform
Transforming library-release-api.jar with BuildToolsApiClasspathEntrySnapshotTransform
Transforming navigation-common-ktx-2.8.0-rc01-api.jar with BuildToolsApiClasspathEntrySnapshotTransform
Transforming navigation-runtime-2.8.0-rc01-api.jar with BuildToolsApiClasspathEntrySnapshotTransform
Transforming navigation-common-2.8.0-rc01-api.jar with BuildToolsApiClasspathEntrySnapshotTransform
Transforming navigation-runtime-ktx-2.8.0-rc01-api.jar with BuildToolsApiClasspathEntrySnapshotTransform
Transforming navigation-compose-2.8.0-rc01-api.jar with BuildToolsApiClasspathEntrySnapshotTransform
Transforming activity-1.8.2-api.jar with BuildToolsApiClasspathEntrySnapshotTransform
Transforming activity-ktx-1.8.2-api.jar with BuildToolsApiClasspathEntrySnapshotTransform
Transforming activity-compose-1.8.2-api.jar with BuildToolsApiClasspathEntrySnapshotTransform
Transforming material3-release-api.jar with BuildToolsApiClasspathEntrySnapshotTransform
Transforming material-ripple-release-api.jar with BuildToolsApiClasspathEntrySnapshotTransform
Transforming animation-core-release-api.jar with BuildToolsApiClasspathEntrySnapshotTransform
Transforming animation-release-api.jar with BuildToolsApiClasspathEntrySnapshotTransform
Transforming foundation-layout-release-api.jar with BuildToolsApiClasspathEntrySnapshotTransform
Transforming foundation-release-api.jar with BuildToolsApiClasspathEntrySnapshotTransform
Transforming material-icons-core-release-api.jar with BuildToolsApiClasspathEntrySnapshotTransform
Transforming ui-util-release-api.jar with BuildToolsApiClasspathEntrySnapshotTransform
Transforming ui-unit-release-api.jar with BuildToolsApiClasspathEntrySnapshotTransform
Transforming ui-geometry-release-api.jar with BuildToolsApiClasspathEntrySnapshotTransform
Transforming ui-text-release-api.jar with BuildToolsApiClasspathEntrySnapshotTransform
Transforming ui-graphics-release-api.jar with BuildToolsApiClasspathEntrySnapshotTransform
Transforming lifecycle-runtime-ktx-release-api.jar with BuildToolsApiClasspathEntrySnapshotTransform
Transforming lifecycle-runtime-compose-release-api.jar with BuildToolsApiClasspathEntrySnapshotTransform
Transforming core-bundle-debug-api.jar with BuildToolsApiClasspathEntrySnapshotTransform
Transforming core-ktx-1.13.1-api.jar with BuildToolsApiClasspathEntrySnapshotTransform
Transforming core-1.13.1-api.jar with BuildToolsApiClasspathEntrySnapshotTransform
Transforming lifecycle-runtime-release-api.jar with BuildToolsApiClasspathEntrySnapshotTransform
Transforming lifecycle-common-jvm-2.8.5.jar with BuildToolsApiClasspathEntrySnapshotTransform
Transforming lifecycle-viewmodel-release-api.jar with BuildToolsApiClasspathEntrySnapshotTransform
Transforming lifecycle-viewmodel-ktx-2.8.5-api.jar with BuildToolsApiClasspathEntrySnapshotTransform
Transforming lifecycle-viewmodel-savedstate-2.8.5-api.jar with BuildToolsApiClasspathEntrySnapshotTransform
Transforming lifecycle-livedata-core-2.8.5-api.jar with BuildToolsApiClasspathEntrySnapshotTransform
Transforming lifecycle-viewmodel-compose-release-api.jar with BuildToolsApiClasspathEntrySnapshotTransform
Transforming ui-release-api.jar with BuildToolsApiClasspathEntrySnapshotTransform
Transforming runtime-saveable-release-api.jar with BuildToolsApiClasspathEntrySnapshotTransform
Transforming runtime-release-api.jar with BuildToolsApiClasspathEntrySnapshotTransform
Transforming kotlinx-coroutines-android-1.8.0.jar with BuildToolsApiClasspathEntrySnapshotTransform
Transforming kotlinx-coroutines-core-jvm-1.8.0.jar with BuildToolsApiClasspathEntrySnapshotTransform
Transforming savedstate-ktx-1.2.1-api.jar with BuildToolsApiClasspathEntrySnapshotTransform
Transforming savedstate-1.2.1-api.jar with BuildToolsApiClasspathEntrySnapshotTransform
Transforming annotation-experimental-1.4.1-api.jar with BuildToolsApiClasspathEntrySnapshotTransform
Transforming core-common-2.2.0.jar with BuildToolsApiClasspathEntrySnapshotTransform
Transforming versionedparcelable-1.1.1-api.jar with BuildToolsApiClasspathEntrySnapshotTransform
Transforming collection-jvm-1.4.2.jar with BuildToolsApiClasspathEntrySnapshotTransform
Transforming annotation-jvm-1.8.1.jar with BuildToolsApiClasspathEntrySnapshotTransform
Transforming kotlin-stdlib-2.0.21.jar with BuildToolsApiClasspathEntrySnapshotTransform
Transforming annotations-23.0.0.jar with BuildToolsApiClasspathEntrySnapshotTransform
Transforming android.jar with BuildToolsApiClasspathEntrySnapshotTransform
Transforming core-lambda-stubs.jar with BuildToolsApiClasspathEntrySnapshotTransform
Build cache key for task ':common:compileDebugKotlinAndroid' is c676822ea19a104ff1bfe9be1895a37f
Task ':common:compileDebugKotlinAndroid' is not up-to-date because:
  Task has failed previously.
The input changes require a full rebuild for incremental task ':common:compileDebugKotlinAndroid'.
file or directory '/Users/azam/AndroidStudioProjects/JoshTalk2/common/src/androidDebug/kotlin', not found
file or directory '/Users/azam/AndroidStudioProjects/JoshTalk2/common/build/generated/compose/resourceGenerator/kotlin/androidDebugResourceAccessors', not found
file or directory '/Users/azam/AndroidStudioProjects/JoshTalk2/common/src/debug/java', not found
file or directory '/Users/azam/AndroidStudioProjects/JoshTalk2/common/src/debug/kotlin', not found
file or directory '/Users/azam/AndroidStudioProjects/JoshTalk2/common/build/generated/compose/resourceGenerator/kotlin/androidMainResourceAccessors', not found
file or directory '/Users/azam/AndroidStudioProjects/JoshTalk2/common/src/main/java', not found
file or directory '/Users/azam/AndroidStudioProjects/JoshTalk2/common/src/main/kotlin', not found
file or directory '/Users/azam/AndroidStudioProjects/JoshTalk2/common/src/main/java', not found
file or directory '/Users/azam/AndroidStudioProjects/JoshTalk2/common/src/debug/java', not found
file or directory '/Users/azam/AndroidStudioProjects/JoshTalk2/common/build/generated/compose/resourceGenerator/kotlin/commonMainResourceAccessors', not found
file or directory '/Users/azam/AndroidStudioProjects/JoshTalk2/common/src/androidDebug/kotlin', not found
file or directory '/Users/azam/AndroidStudioProjects/JoshTalk2/common/build/generated/compose/resourceGenerator/kotlin/androidDebugResourceAccessors', not found
file or directory '/Users/azam/AndroidStudioProjects/JoshTalk2/common/src/debug/java', not found
file or directory '/Users/azam/AndroidStudioProjects/JoshTalk2/common/src/debug/kotlin', not found
file or directory '/Users/azam/AndroidStudioProjects/JoshTalk2/common/src/androidDebug/kotlin', not found
file or directory '/Users/azam/AndroidStudioProjects/JoshTalk2/common/build/generated/compose/resourceGenerator/kotlin/androidDebugResourceAccessors', not found
file or directory '/Users/azam/AndroidStudioProjects/JoshTalk2/common/src/debug/java', not found
file or directory '/Users/azam/AndroidStudioProjects/JoshTalk2/common/src/debug/kotlin', not found
file or directory '/Users/azam/AndroidStudioProjects/JoshTalk2/common/build/generated/compose/resourceGenerator/kotlin/androidMainResourceAccessors', not found
file or directory '/Users/azam/AndroidStudioProjects/JoshTalk2/common/src/main/java', not found
file or directory '/Users/azam/AndroidStudioProjects/JoshTalk2/common/src/main/kotlin', not found
file or directory '/Users/azam/AndroidStudioProjects/JoshTalk2/common/src/main/java', not found
file or directory '/Users/azam/AndroidStudioProjects/JoshTalk2/common/src/debug/java', not found
file or directory '/Users/azam/AndroidStudioProjects/JoshTalk2/common/build/generated/compose/resourceGenerator/kotlin/commonMainResourceAccessors', not found
file or directory '/Users/azam/AndroidStudioProjects/JoshTalk2/common/src/androidDebug/kotlin', not found
file or directory '/Users/azam/AndroidStudioProjects/JoshTalk2/common/build/generated/compose/resourceGenerator/kotlin/androidDebugResourceAccessors', not found
file or directory '/Users/azam/AndroidStudioProjects/JoshTalk2/common/src/debug/java', not found
file or directory '/Users/azam/AndroidStudioProjects/JoshTalk2/common/src/debug/kotlin', not found
file or directory '/Users/azam/AndroidStudioProjects/JoshTalk2/common/build/generated/compose/resourceGenerator/kotlin/androidMainResourceAccessors', not found
file or directory '/Users/azam/AndroidStudioProjects/JoshTalk2/common/src/main/java', not found
file or directory '/Users/azam/AndroidStudioProjects/JoshTalk2/common/src/main/kotlin', not found
file or directory '/Users/azam/AndroidStudioProjects/JoshTalk2/common/src/main/java', not found
file or directory '/Users/azam/AndroidStudioProjects/JoshTalk2/common/src/debug/java', not found
file or directory '/Users/azam/AndroidStudioProjects/JoshTalk2/common/build/generated/compose/resourceGenerator/kotlin/commonMainResourceAccessors', not found
file or directory '/Users/azam/AndroidStudioProjects/JoshTalk2/common/src/androidDebug/kotlin', not found
file or directory '/Users/azam/AndroidStudioProjects/JoshTalk2/common/build/generated/compose/resourceGenerator/kotlin/androidDebugResourceAccessors', not found
file or directory '/Users/azam/AndroidStudioProjects/JoshTalk2/common/src/debug/java', not found
file or directory '/Users/azam/AndroidStudioProjects/JoshTalk2/common/src/debug/kotlin', not found
file or directory '/Users/azam/AndroidStudioProjects/JoshTalk2/common/build/generated/compose/resourceGenerator/kotlin/androidMainResourceAccessors', not found
file or directory '/Users/azam/AndroidStudioProjects/JoshTalk2/common/src/main/java', not found
file or directory '/Users/azam/AndroidStudioProjects/JoshTalk2/common/src/main/kotlin', not found
file or directory '/Users/azam/AndroidStudioProjects/JoshTalk2/common/src/main/java', not found
file or directory '/Users/azam/AndroidStudioProjects/JoshTalk2/common/src/debug/java', not found
file or directory '/Users/azam/AndroidStudioProjects/JoshTalk2/common/build/generated/compose/resourceGenerator/kotlin/commonMainResourceAccessors', not found
file or directory '/Users/azam/AndroidStudioProjects/JoshTalk2/common/src/androidDebug/kotlin', not found
file or directory '/Users/azam/AndroidStudioProjects/JoshTalk2/common/build/generated/compose/resourceGenerator/kotlin/androidDebugResourceAccessors', not found
file or directory '/Users/azam/AndroidStudioProjects/JoshTalk2/common/src/debug/java', not found
file or directory '/Users/azam/AndroidStudioProjects/JoshTalk2/common/src/debug/kotlin', not found
file or directory '/Users/azam/AndroidStudioProjects/JoshTalk2/common/build/generated/compose/resourceGenerator/kotlin/androidMainResourceAccessors', not found
file or directory '/Users/azam/AndroidStudioProjects/JoshTalk2/common/src/main/java', not found
file or directory '/Users/azam/AndroidStudioProjects/JoshTalk2/common/src/main/kotlin', not found
file or directory '/Users/azam/AndroidStudioProjects/JoshTalk2/common/build/generated/compose/resourceGenerator/kotlin/commonMainResourceAccessors', not found
Kotlin source files: /Users/azam/AndroidStudioProjects/JoshTalk2/common/src/androidMain/kotlin/com/example/joshtalk/audioPermission/AudioPermission.kt, /Users/azam/AndroidStudioProjects/JoshTalk2/common/src/androidMain/kotlin/com/example/joshtalk/audioSensor/AudioSensor.kt, /Users/azam/AndroidStudioProjects/JoshTalk2/common/src/androidMain/kotlin/com/example/joshtalk/platform/JoshContext.kt, /Users/azam/AndroidStudioProjects/JoshTalk2/common/src/androidMain/kotlin/com/example/joshtalk/Config.kt, /Users/azam/AndroidStudioProjects/JoshTalk2/common/src/androidMain/kotlin/com/example/joshtalk/Findactivity.kt, /Users/azam/AndroidStudioProjects/JoshTalk2/common/build/generated/compose/resourceGenerator/kotlin/androidMainResourceCollectors/joshtalk/common/generated/resources/ActualResourceCollectors.kt, /Users/azam/AndroidStudioProjects/JoshTalk2/common/src/commonMain/kotlin/com/example/joshtalk/ui/PhotoTaskScreen.kt, /Users/azam/AndroidStudioProjects/JoshTalk2/common/src/commonMain/kotlin/com/example/joshtalk/ui/NoiseTaskScreen.kt, /Users/azam/AndroidStudioProjects/JoshTalk2/common/src/commonMain/kotlin/com/example/joshtalk/ui/StartScreen.kt, /Users/azam/AndroidStudioProjects/JoshTalk2/common/src/commonMain/kotlin/com/example/joshtalk/ui/TextTaskScreen.kt, /Users/azam/AndroidStudioProjects/JoshTalk2/common/src/commonMain/kotlin/com/example/joshtalk/ui/TaskSelectionScreen.kt, /Users/azam/AndroidStudioProjects/JoshTalk2/common/src/commonMain/kotlin/com/example/joshtalk/ui/PlatformContext.kt, /Users/azam/AndroidStudioProjects/JoshTalk2/common/src/commonMain/kotlin/com/example/joshtalk/ui/ImageTaskScreen.kt, /Users/azam/AndroidStudioProjects/JoshTalk2/common/src/commonMain/kotlin/com/example/joshtalk/audioPermission/AudioPermission.kt, /Users/azam/AndroidStudioProjects/JoshTalk2/common/src/commonMain/kotlin/com/example/joshtalk/audioSensor/AudioSensor.kt, /Users/azam/AndroidStudioProjects/JoshTalk2/common/src/commonMain/kotlin/com/example/joshtalk/platform/JoshContext.kt, /Users/azam/AndroidStudioProjects/JoshTalk2/common/src/commonMain/kotlin/com/example/joshtalk/navigation/Screens.kt, /Users/azam/AndroidStudioProjects/JoshTalk2/common/src/commonMain/kotlin/com/example/joshtalk/navigation/Navigation.kt, /Users/azam/AndroidStudioProjects/JoshTalk2/common/src/commonMain/kotlin/com/example/joshtalk/Config.kt, /Users/azam/AndroidStudioProjects/JoshTalk2/common/src/commonMain/kotlin/com/example/joshtalk/components/Gauge.kt, /Users/azam/AndroidStudioProjects/JoshTalk2/common/build/generated/compose/resourceGenerator/kotlin/commonResClass/joshtalk/common/generated/resources/Res.kt, /Users/azam/AndroidStudioProjects/JoshTalk2/common/build/generated/compose/resourceGenerator/kotlin/commonMainResourceCollectors/joshtalk/common/generated/resources/ExpectResourceCollectors.kt
Java source files: 
Script source files: 
Script file extensions: 
Using Kotlin/JVM incremental compilation
[KOTLIN] Kotlin compilation 'jdkHome' argument: /Library/Java/JavaVirtualMachines/jdk-17.jdk/Contents/Home
Options for KOTLIN DAEMON: IncrementalCompilationOptions(super=CompilationOptions(compilerMode=INCREMENTAL_COMPILER, targetPlatform=JVM, reportCategories=[0, 3], reportSeverity=2, requestedCompilationResults=[0], kotlinScriptExtensions=[]), areFileChangesKnown=false, modifiedFiles=null, deletedFiles=null, classpathChanges=NotAvailableForNonIncrementalRun, workingDir=/Users/azam/AndroidStudioProjects/JoshTalk2/common/build/kotlin/compileDebugKotlinAndroid/cacheable, multiModuleICSettings=MultiModuleICSettings(buildHistoryFile=/Users/azam/AndroidStudioProjects/JoshTalk2/common/build/kotlin/compileDebugKotlinAndroid/local-state/build-history.bin, useModuleDetection=true), usePreciseJavaTracking=true, icFeatures=IncrementalCompilationFeatures(withAbiSnapshot=false, preciseCompilationResultsBackup=true, keepIncrementalCompilationCachesInMemory=true, enableUnsafeIncrementalCompilationForMultiplatform=false), outputFiles=[/Users/azam/AndroidStudioProjects/JoshTalk2/common/build/tmp/kotlin-classes/debug, /Users/azam/AndroidStudioProjects/JoshTalk2/common/build/kotlin/compileDebugKotlinAndroid/cacheable, /Users/azam/AndroidStudioProjects/JoshTalk2/common/build/kotlin/compileDebugKotlinAndroid/local-state])

> Task :common:generateDebugUnitTestStubRFile
Transforming library-release.aar (org.jetbrains.compose.components:components-resources-android:1.7.0) with ExtractAarTransform
Transforming library-release.aar (org.jetbrains.compose.components:components-resources-android:1.7.0) with LibrarySymbolTableTransform
Transforming library-release.aar (org.jetbrains.compose.components:components-ui-tooling-preview-android:1.7.0) with ExtractAarTransform
Transforming library-release.aar (org.jetbrains.compose.components:components-ui-tooling-preview-android:1.7.0) with LibrarySymbolTableTransform
Transforming navigation-common-ktx-2.8.0-rc01.aar (androidx.navigation:navigation-common-ktx:2.8.0-rc01) with ExtractAarTransform
Transforming navigation-common-ktx-2.8.0-rc01.aar (androidx.navigation:navigation-common-ktx:2.8.0-rc01) with LibrarySymbolTableTransform
Transforming navigation-runtime-2.8.0-rc01.aar (androidx.navigation:navigation-runtime:2.8.0-rc01) with ExtractAarTransform
Transforming navigation-runtime-2.8.0-rc01.aar (androidx.navigation:navigation-runtime:2.8.0-rc01) with LibrarySymbolTableTransform
Transforming navigation-common-2.8.0-rc01.aar (androidx.navigation:navigation-common:2.8.0-rc01) with ExtractAarTransform
Transforming navigation-common-2.8.0-rc01.aar (androidx.navigation:navigation-common:2.8.0-rc01) with LibrarySymbolTableTransform
Transforming navigation-runtime-ktx-2.8.0-rc01.aar (androidx.navigation:navigation-runtime-ktx:2.8.0-rc01) with ExtractAarTransform
Transforming navigation-runtime-ktx-2.8.0-rc01.aar (androidx.navigation:navigation-runtime-ktx:2.8.0-rc01) with LibrarySymbolTableTransform
Transforming navigation-compose-2.8.0-rc01.aar (androidx.navigation:navigation-compose:2.8.0-rc01) with ExtractAarTransform
Transforming navigation-compose-2.8.0-rc01.aar (androidx.navigation:navigation-compose:2.8.0-rc01) with LibrarySymbolTableTransform
Transforming material3-release.aar (androidx.compose.material3:material3-android:1.3.0) with ExtractAarTransform
Transforming material3-release.aar (androidx.compose.material3:material3-android:1.3.0) with LibrarySymbolTableTransform
Transforming foundation-layout-release.aar (androidx.compose.foundation:foundation-layout-android:1.7.1) with ExtractAarTransform
Transforming foundation-layout-release.aar (androidx.compose.foundation:foundation-layout-android:1.7.1) with LibrarySymbolTableTransform
Transforming animation-core-release.aar (androidx.compose.animation:animation-core-android:1.7.1) with ExtractAarTransform
Transforming animation-core-release.aar (androidx.compose.animation:animation-core-android:1.7.1) with LibrarySymbolTableTransform
Transforming material-ripple-release.aar (androidx.compose.material:material-ripple-android:1.7.1) with ExtractAarTransform
Transforming material-ripple-release.aar (androidx.compose.material:material-ripple-android:1.7.1) with LibrarySymbolTableTransform
Transforming animation-release.aar (androidx.compose.animation:animation-android:1.7.1) with ExtractAarTransform
Transforming animation-release.aar (androidx.compose.animation:animation-android:1.7.1) with LibrarySymbolTableTransform
Transforming ui-unit-release.aar (androidx.compose.ui:ui-unit-android:1.7.1) with ExtractAarTransform
Transforming ui-unit-release.aar (androidx.compose.ui:ui-unit-android:1.7.1) with LibrarySymbolTableTransform
Transforming ui-geometry-release.aar (androidx.compose.ui:ui-geometry-android:1.7.1) with ExtractAarTransform
Transforming ui-geometry-release.aar (androidx.compose.ui:ui-geometry-android:1.7.1) with LibrarySymbolTableTransform
Transforming ui-graphics-release.aar (androidx.compose.ui:ui-graphics-android:1.7.1) with ExtractAarTransform
Transforming ui-graphics-release.aar (androidx.compose.ui:ui-graphics-android:1.7.1) with LibrarySymbolTableTransform
Transforming ui-util-release.aar (androidx.compose.ui:ui-util-android:1.7.1) with ExtractAarTransform
Transforming ui-util-release.aar (androidx.compose.ui:ui-util-android:1.7.1) with LibrarySymbolTableTransform
Transforming ui-text-release.aar (androidx.compose.ui:ui-text-android:1.7.1) with ExtractAarTransform
Transforming ui-text-release.aar (androidx.compose.ui:ui-text-android:1.7.1) with LibrarySymbolTableTransform
Transforming activity-1.8.2.aar (androidx.activity:activity:1.8.2) with ExtractAarTransform
Transforming activity-1.8.2.aar (androidx.activity:activity:1.8.2) with LibrarySymbolTableTransform
Transforming activity-ktx-1.8.2.aar (androidx.activity:activity-ktx:1.8.2) with ExtractAarTransform
Transforming activity-ktx-1.8.2.aar (androidx.activity:activity-ktx:1.8.2) with LibrarySymbolTableTransform
Transforming activity-compose-1.8.2.aar (androidx.activity:activity-compose:1.8.2) with ExtractAarTransform
Transforming activity-compose-1.8.2.aar (androidx.activity:activity-compose:1.8.2) with LibrarySymbolTableTransform
Transforming material-icons-core-release.aar (androidx.compose.material:material-icons-core-android:1.7.1) with ExtractAarTransform
Transforming material-icons-core-release.aar (androidx.compose.material:material-icons-core-android:1.7.1) with LibrarySymbolTableTransform
Transforming savedstate-ktx-1.2.1.aar (androidx.savedstate:savedstate-ktx:1.2.1) with ExtractAarTransform
Transforming savedstate-ktx-1.2.1.aar (androidx.savedstate:savedstate-ktx:1.2.1) with LibrarySymbolTableTransform
Transforming emoji2-1.3.0.aar (androidx.emoji2:emoji2:1.3.0) with ExtractAarTransform
Transforming emoji2-1.3.0.aar (androidx.emoji2:emoji2:1.3.0) with LibrarySymbolTableTransform
Transforming autofill-1.0.0.aar (androidx.autofill:autofill:1.0.0) with ExtractAarTransform
Transforming autofill-1.0.0.aar (androidx.autofill:autofill:1.0.0) with LibrarySymbolTableTransform
Transforming core-bundle-debug.aar (org.jetbrains.androidx.core:core-bundle-android-debug:1.0.1) with ExtractAarTransform
Transforming core-bundle-debug.aar (org.jetbrains.androidx.core:core-bundle-android-debug:1.0.1) with LibrarySymbolTableTransform
Transforming customview-poolingcontainer-1.0.0.aar (androidx.customview:customview-poolingcontainer:1.0.0) with ExtractAarTransform
Transforming customview-poolingcontainer-1.0.0.aar (androidx.customview:customview-poolingcontainer:1.0.0) with LibrarySymbolTableTransform
Transforming core-ktx-1.13.1.aar (androidx.core:core-ktx:1.13.1) with ExtractAarTransform
Transforming core-ktx-1.13.1.aar (androidx.core:core-ktx:1.13.1) with LibrarySymbolTableTransform
Transforming graphics-path-1.0.1.aar (androidx.graphics:graphics-path:1.0.1) with ExtractAarTransform
Transforming graphics-path-1.0.1.aar (androidx.graphics:graphics-path:1.0.1) with LibrarySymbolTableTransform
Transforming core-1.13.1.aar (androidx.core:core:1.13.1) with ExtractAarTransform
Transforming core-1.13.1.aar (androidx.core:core:1.13.1) with LibrarySymbolTableTransform
Transforming core-1.13.1.aar (androidx.core:core:1.13.1) with ExtractAarTransform
Transforming core-1.13.1.aar (androidx.core:core:1.13.1) with LibrarySymbolTableTransform
Transforming lifecycle-runtime-ktx-release.aar (androidx.lifecycle:lifecycle-runtime-ktx-android:2.8.5) with ExtractAarTransform
Transforming lifecycle-runtime-ktx-release.aar (androidx.lifecycle:lifecycle-runtime-ktx-android:2.8.5) with LibrarySymbolTableTransform
Transforming lifecycle-viewmodel-ktx-2.8.5.aar (androidx.lifecycle:lifecycle-viewmodel-ktx:2.8.5) with ExtractAarTransform
Transforming lifecycle-viewmodel-ktx-2.8.5.aar (androidx.lifecycle:lifecycle-viewmodel-ktx:2.8.5) with LibrarySymbolTableTransform
Transforming lifecycle-process-2.8.5.aar (androidx.lifecycle:lifecycle-process:2.8.5) with ExtractAarTransform
Transforming lifecycle-process-2.8.5.aar (androidx.lifecycle:lifecycle-process:2.8.5) with LibrarySymbolTableTransform
Transforming lifecycle-livedata-core-2.8.5.aar (androidx.lifecycle:lifecycle-livedata-core:2.8.5) with ExtractAarTransform
Transforming lifecycle-livedata-core-2.8.5.aar (androidx.lifecycle:lifecycle-livedata-core:2.8.5) with LibrarySymbolTableTransform
Transforming lifecycle-viewmodel-release.aar (androidx.lifecycle:lifecycle-viewmodel-android:2.8.5) with ExtractAarTransform
Transforming lifecycle-viewmodel-release.aar (androidx.lifecycle:lifecycle-viewmodel-android:2.8.5) with LibrarySymbolTableTransform
Transforming lifecycle-runtime-compose-release.aar (androidx.lifecycle:lifecycle-runtime-compose-android:2.8.5) with ExtractAarTransform
Transforming lifecycle-runtime-compose-release.aar (androidx.lifecycle:lifecycle-runtime-compose-android:2.8.5) with LibrarySymbolTableTransform
Transforming lifecycle-runtime-release.aar (androidx.lifecycle:lifecycle-runtime-android:2.8.5) with ExtractAarTransform
Transforming lifecycle-runtime-release.aar (androidx.lifecycle:lifecycle-runtime-android:2.8.5) with LibrarySymbolTableTransform
Transforming lifecycle-viewmodel-savedstate-2.8.5.aar (androidx.lifecycle:lifecycle-viewmodel-savedstate:2.8.5) with ExtractAarTransform
Transforming lifecycle-viewmodel-savedstate-2.8.5.aar (androidx.lifecycle:lifecycle-viewmodel-savedstate:2.8.5) with LibrarySymbolTableTransform
Transforming savedstate-1.2.1.aar (androidx.savedstate:savedstate:1.2.1) with ExtractAarTransform
Transforming savedstate-1.2.1.aar (androidx.savedstate:savedstate:1.2.1) with LibrarySymbolTableTransform
Transforming lifecycle-viewmodel-compose-release.aar (androidx.lifecycle:lifecycle-viewmodel-compose-android:2.8.5) with ExtractAarTransform
Transforming lifecycle-viewmodel-compose-release.aar (androidx.lifecycle:lifecycle-viewmodel-compose-android:2.8.5) with LibrarySymbolTableTransform
Transforming ui-release.aar (androidx.compose.ui:ui-android:1.7.1) with ExtractAarTransform
Transforming ui-release.aar (androidx.compose.ui:ui-android:1.7.1) with LibrarySymbolTableTransform
Transforming foundation-release.aar (androidx.compose.foundation:foundation-android:1.7.1) with ExtractAarTransform
Transforming foundation-release.aar (androidx.compose.foundation:foundation-android:1.7.1) with LibrarySymbolTableTransform
Transforming runtime-saveable-release.aar (androidx.compose.runtime:runtime-saveable-android:1.7.1) with ExtractAarTransform
Transforming runtime-saveable-release.aar (androidx.compose.runtime:runtime-saveable-android:1.7.1) with LibrarySymbolTableTransform
Transforming runtime-release.aar (androidx.compose.runtime:runtime-android:1.7.1) with ExtractAarTransform
Transforming runtime-release.aar (androidx.compose.runtime:runtime-android:1.7.1) with LibrarySymbolTableTransform
Transforming annotation-experimental-1.4.1.aar (androidx.annotation:annotation-experimental:1.4.1) with ExtractAarTransform
Transforming annotation-experimental-1.4.1.aar (androidx.annotation:annotation-experimental:1.4.1) with LibrarySymbolTableTransform
Transforming core-runtime-2.2.0.aar (androidx.arch.core:core-runtime:2.2.0) with ExtractAarTransform
Transforming core-runtime-2.2.0.aar (androidx.arch.core:core-runtime:2.2.0) with LibrarySymbolTableTransform
Transforming profileinstaller-1.3.1.aar (androidx.profileinstaller:profileinstaller:1.3.1) with ExtractAarTransform
Transforming profileinstaller-1.3.1.aar (androidx.profileinstaller:profileinstaller:1.3.1) with LibrarySymbolTableTransform
Transforming interpolator-1.0.0.aar (androidx.interpolator:interpolator:1.0.0) with ExtractAarTransform
Transforming interpolator-1.0.0.aar (androidx.interpolator:interpolator:1.0.0) with LibrarySymbolTableTransform
Transforming versionedparcelable-1.1.1.aar (androidx.versionedparcelable:versionedparcelable:1.1.1) with ExtractAarTransform
Transforming versionedparcelable-1.1.1.aar (androidx.versionedparcelable:versionedparcelable:1.1.1) with LibrarySymbolTableTransform
Transforming startup-runtime-1.1.1.aar (androidx.startup:startup-runtime:1.1.1) with ExtractAarTransform
Transforming startup-runtime-1.1.1.aar (androidx.startup:startup-runtime:1.1.1) with LibrarySymbolTableTransform
Transforming tracing-1.0.0.aar (androidx.tracing:tracing:1.0.0) with ExtractAarTransform
Transforming tracing-1.0.0.aar (androidx.tracing:tracing:1.0.0) with LibrarySymbolTableTransform
Caching disabled for LibrarySymbolTableTransform: /Users/azam/.gradle/caches/8.9/transforms/59cc6b147964c4e3a829cf43b1aff887/transformed/ui-util-release because:
  Caching not enabled.
Caching disabled for LibrarySymbolTableTransform: /Users/azam/.gradle/caches/8.9/transforms/623d4dd3d8f5aa99a507732c9ef5627f/transformed/ui-text-release because:
  Caching not enabled.
Caching disabled for LibrarySymbolTableTransform: /Users/azam/.gradle/caches/8.9/transforms/40183bd01881c8c5d5fb836516263b00/transformed/activity-1.8.2 because:
  Caching not enabled.
Caching disabled for LibrarySymbolTableTransform: /Users/azam/.gradle/caches/8.9/transforms/125b021dd261f35a27217f2725955712/transformed/activity-ktx-1.8.2 because:
  Caching not enabled.
Caching disabled for LibrarySymbolTableTransform: /Users/azam/.gradle/caches/8.9/transforms/076a4271e11a9d6c69495e9276481f73/transformed/activity-compose-1.8.2 because:
  Caching not enabled.
Caching disabled for LibrarySymbolTableTransform: /Users/azam/.gradle/caches/8.9/transforms/f07afc4729c5205178c81d8707e0ee43/transformed/ui-release because:
  Caching not enabled.
Caching disabled for LibrarySymbolTableTransform: /Users/azam/.gradle/caches/8.9/transforms/6a9e95933cb88cd9bac8a0cae8500c26/transformed/foundation-release because:
  Caching not enabled.
Caching disabled for LibrarySymbolTableTransform: /Users/azam/.gradle/caches/8.9/transforms/6d13ecee78cd2ecea97fc03729379e9f/transformed/runtime-saveable-release because:
  Caching not enabled.
Caching disabled for LibrarySymbolTableTransform: /Users/azam/.gradle/caches/8.9/transforms/df9384e8dede3ed4a8c2774632811dda/transformed/runtime-release because:
  Caching not enabled.
Caching disabled for LibrarySymbolTableTransform: /Users/azam/.gradle/caches/8.9/transforms/7d908cf34a8dc860970ccdb3faa4b458/transformed/material3-release because:
  Caching not enabled.
Caching disabled for LibrarySymbolTableTransform: /Users/azam/.gradle/caches/8.9/transforms/c9c1228099b5190f9e16b193ec67cc49/transformed/ui-graphics-release because:
  Caching not enabled.
Caching disabled for LibrarySymbolTableTransform: /Users/azam/.gradle/caches/8.9/transforms/302e62399723e5f36c48e34f4c320608/transformed/foundation-layout-release because:
  Caching not enabled.
Caching disabled for LibrarySymbolTableTransform: /Users/azam/.gradle/caches/8.9/transforms/7be932468eeb504d9fa26bb085925570/transformed/ui-geometry-release because:
  Caching not enabled.
Caching disabled for LibrarySymbolTableTransform: /Users/azam/.gradle/caches/8.9/transforms/5501c5942186aae4b4f2db6affca59b3/transformed/animation-core-release because:
  Caching not enabled.
Caching disabled for LibrarySymbolTableTransform: /Users/azam/.gradle/caches/8.9/transforms/907405b199f1db4a9d72e250deae61e5/transformed/ui-unit-release because:
  Caching not enabled.
Caching disabled for LibrarySymbolTableTransform: /Users/azam/.gradle/caches/8.9/transforms/68b9648653af94a32efd147b44da7502/transformed/animation-release because:
  Caching not enabled.
Transforming android.jar with PlatformAttrTransform
Build cache key for task ':common:generateDebugUnitTestStubRFile' is 1e10fca293a263596ac2d90a6ece2678
Task ':common:generateDebugUnitTestStubRFile' is not up-to-date because:
  No history is available.
The input changes require a full rebuild for incremental task ':common:generateDebugUnitTestStubRFile'.
Stored cache entry for task ':common:generateDebugUnitTestStubRFile' with cache key 1e10fca293a263596ac2d90a6ece2678
Resolve mutations for :common:javaPreCompileDebugUnitTest (Thread[Execution worker,5,main]) started.
:common:javaPreCompileDebugUnitTest (Thread[Execution worker,5,main]) started.

> Task :common:transformCommonMainDependenciesMetadata
Caching disabled for task ':common:transformCommonMainDependenciesMetadata' because:
  Metadata Dependency Transformation Task doesn't benefit from caching as it doesn't have heavy load
Task ':common:transformCommonMainDependenciesMetadata' is not up-to-date because:
  No history is available.
Resolve mutations for :common:compileCommonMainKotlinMetadata (Thread[Execution worker Thread 4,5,main]) started.

> Task :common:compileReleaseKotlinAndroid
Transforming core-bundle-release.aar (org.jetbrains.androidx.core:core-bundle-android:1.0.1) with AarToClassTransform
Transforming R.jar with BuildToolsApiClasspathEntrySnapshotTransform
Transforming library-release-api.jar with BuildToolsApiClasspathEntrySnapshotTransform
Transforming library-release-api.jar with BuildToolsApiClasspathEntrySnapshotTransform
Transforming navigation-common-ktx-2.8.0-rc01-api.jar with BuildToolsApiClasspathEntrySnapshotTransform
Transforming navigation-runtime-2.8.0-rc01-api.jar with BuildToolsApiClasspathEntrySnapshotTransform
Transforming navigation-common-2.8.0-rc01-api.jar with BuildToolsApiClasspathEntrySnapshotTransform
Transforming navigation-runtime-ktx-2.8.0-rc01-api.jar with BuildToolsApiClasspathEntrySnapshotTransform
Transforming navigation-compose-2.8.0-rc01-api.jar with BuildToolsApiClasspathEntrySnapshotTransform
Transforming activity-1.8.2-api.jar with BuildToolsApiClasspathEntrySnapshotTransform
Transforming activity-ktx-1.8.2-api.jar with BuildToolsApiClasspathEntrySnapshotTransform
Transforming activity-compose-1.8.2-api.jar with BuildToolsApiClasspathEntrySnapshotTransform
Transforming material3-release-api.jar with BuildToolsApiClasspathEntrySnapshotTransform
Transforming material-ripple-release-api.jar with BuildToolsApiClasspathEntrySnapshotTransform
Transforming animation-core-release-api.jar with BuildToolsApiClasspathEntrySnapshotTransform
Transforming animation-release-api.jar with BuildToolsApiClasspathEntrySnapshotTransform
Transforming foundation-layout-release-api.jar with BuildToolsApiClasspathEntrySnapshotTransform
Transforming foundation-release-api.jar with BuildToolsApiClasspathEntrySnapshotTransform
Transforming material-icons-core-release-api.jar with BuildToolsApiClasspathEntrySnapshotTransform
Transforming ui-util-release-api.jar with BuildToolsApiClasspathEntrySnapshotTransform
Transforming ui-unit-release-api.jar with BuildToolsApiClasspathEntrySnapshotTransform
Transforming ui-geometry-release-api.jar with BuildToolsApiClasspathEntrySnapshotTransform
Transforming ui-text-release-api.jar with BuildToolsApiClasspathEntrySnapshotTransform
Transforming ui-graphics-release-api.jar with BuildToolsApiClasspathEntrySnapshotTransform
Transforming lifecycle-runtime-ktx-release-api.jar with BuildToolsApiClasspathEntrySnapshotTransform
Transforming lifecycle-runtime-compose-release-api.jar with BuildToolsApiClasspathEntrySnapshotTransform
Transforming core-bundle-release-api.jar with BuildToolsApiClasspathEntrySnapshotTransform
Transforming core-ktx-1.13.1-api.jar with BuildToolsApiClasspathEntrySnapshotTransform
Transforming core-1.13.1-api.jar with BuildToolsApiClasspathEntrySnapshotTransform
Transforming lifecycle-runtime-release-api.jar with BuildToolsApiClasspathEntrySnapshotTransform
Transforming lifecycle-common-jvm-2.8.5.jar with BuildToolsApiClasspathEntrySnapshotTransform
Transforming lifecycle-viewmodel-release-api.jar with BuildToolsApiClasspathEntrySnapshotTransform
Transforming lifecycle-viewmodel-ktx-2.8.5-api.jar with BuildToolsApiClasspathEntrySnapshotTransform
Transforming lifecycle-viewmodel-savedstate-2.8.5-api.jar with BuildToolsApiClasspathEntrySnapshotTransform
Transforming lifecycle-livedata-core-2.8.5-api.jar with BuildToolsApiClasspathEntrySnapshotTransform
Transforming lifecycle-viewmodel-compose-release-api.jar with BuildToolsApiClasspathEntrySnapshotTransform
Transforming ui-release-api.jar with BuildToolsApiClasspathEntrySnapshotTransform
Transforming runtime-saveable-release-api.jar with BuildToolsApiClasspathEntrySnapshotTransform
Transforming runtime-release-api.jar with BuildToolsApiClasspathEntrySnapshotTransform
Transforming kotlinx-coroutines-android-1.8.0.jar with BuildToolsApiClasspathEntrySnapshotTransform
Transforming kotlinx-coroutines-core-jvm-1.8.0.jar with BuildToolsApiClasspathEntrySnapshotTransform
Transforming savedstate-ktx-1.2.1-api.jar with BuildToolsApiClasspathEntrySnapshotTransform
Transforming savedstate-1.2.1-api.jar with BuildToolsApiClasspathEntrySnapshotTransform
Transforming annotation-experimental-1.4.1-api.jar with BuildToolsApiClasspathEntrySnapshotTransform
Transforming core-common-2.2.0.jar with BuildToolsApiClasspathEntrySnapshotTransform
Transforming versionedparcelable-1.1.1-api.jar with BuildToolsApiClasspathEntrySnapshotTransform
Transforming collection-jvm-1.4.2.jar with BuildToolsApiClasspathEntrySnapshotTransform
Transforming annotation-jvm-1.8.1.jar with BuildToolsApiClasspathEntrySnapshotTransform
Transforming kotlin-stdlib-2.0.21.jar with BuildToolsApiClasspathEntrySnapshotTransform
Transforming annotations-23.0.0.jar with BuildToolsApiClasspathEntrySnapshotTransform
Transforming android.jar with BuildToolsApiClasspathEntrySnapshotTransform
Transforming core-lambda-stubs.jar with BuildToolsApiClasspathEntrySnapshotTransform
Build cache key for task ':common:compileReleaseKotlinAndroid' is 48f8dbd0db50ce1e2ebf3201895bf272
Task ':common:compileReleaseKotlinAndroid' is not up-to-date because:
  Task has failed previously.
The input changes require a full rebuild for incremental task ':common:compileReleaseKotlinAndroid'.
file or directory '/Users/azam/AndroidStudioProjects/JoshTalk2/common/src/androidRelease/kotlin', not found
file or directory '/Users/azam/AndroidStudioProjects/JoshTalk2/common/build/generated/compose/resourceGenerator/kotlin/androidReleaseResourceAccessors', not found
file or directory '/Users/azam/AndroidStudioProjects/JoshTalk2/common/src/release/java', not found
file or directory '/Users/azam/AndroidStudioProjects/JoshTalk2/common/src/release/kotlin', not found
file or directory '/Users/azam/AndroidStudioProjects/JoshTalk2/common/build/generated/compose/resourceGenerator/kotlin/androidMainResourceAccessors', not found
file or directory '/Users/azam/AndroidStudioProjects/JoshTalk2/common/src/main/java', not found
file or directory '/Users/azam/AndroidStudioProjects/JoshTalk2/common/src/main/kotlin', not found
file or directory '/Users/azam/AndroidStudioProjects/JoshTalk2/common/src/main/java', not found
file or directory '/Users/azam/AndroidStudioProjects/JoshTalk2/common/src/release/java', not found
file or directory '/Users/azam/AndroidStudioProjects/JoshTalk2/common/build/generated/compose/resourceGenerator/kotlin/commonMainResourceAccessors', not found
file or directory '/Users/azam/AndroidStudioProjects/JoshTalk2/common/src/androidRelease/kotlin', not found
file or directory '/Users/azam/AndroidStudioProjects/JoshTalk2/common/build/generated/compose/resourceGenerator/kotlin/androidReleaseResourceAccessors', not found
file or directory '/Users/azam/AndroidStudioProjects/JoshTalk2/common/src/release/java', not found
file or directory '/Users/azam/AndroidStudioProjects/JoshTalk2/common/src/release/kotlin', not found
file or directory '/Users/azam/AndroidStudioProjects/JoshTalk2/common/src/androidRelease/kotlin', not found
file or directory '/Users/azam/AndroidStudioProjects/JoshTalk2/common/build/generated/compose/resourceGenerator/kotlin/androidReleaseResourceAccessors', not found
file or directory '/Users/azam/AndroidStudioProjects/JoshTalk2/common/src/release/java', not found
file or directory '/Users/azam/AndroidStudioProjects/JoshTalk2/common/src/release/kotlin', not found
file or directory '/Users/azam/AndroidStudioProjects/JoshTalk2/common/build/generated/compose/resourceGenerator/kotlin/androidMainResourceAccessors', not found
file or directory '/Users/azam/AndroidStudioProjects/JoshTalk2/common/src/main/java', not found
file or directory '/Users/azam/AndroidStudioProjects/JoshTalk2/common/src/main/kotlin', not found
file or directory '/Users/azam/AndroidStudioProjects/JoshTalk2/common/src/main/java', not found
file or directory '/Users/azam/AndroidStudioProjects/JoshTalk2/common/src/release/java', not found
file or directory '/Users/azam/AndroidStudioProjects/JoshTalk2/common/build/generated/compose/resourceGenerator/kotlin/commonMainResourceAccessors', not found
file or directory '/Users/azam/AndroidStudioProjects/JoshTalk2/common/src/androidRelease/kotlin', not found
file or directory '/Users/azam/AndroidStudioProjects/JoshTalk2/common/build/generated/compose/resourceGenerator/kotlin/androidReleaseResourceAccessors', not found
file or directory '/Users/azam/AndroidStudioProjects/JoshTalk2/common/src/release/java', not found
file or directory '/Users/azam/AndroidStudioProjects/JoshTalk2/common/src/release/kotlin', not found
file or directory '/Users/azam/AndroidStudioProjects/JoshTalk2/common/build/generated/compose/resourceGenerator/kotlin/androidMainResourceAccessors', not found
file or directory '/Users/azam/AndroidStudioProjects/JoshTalk2/common/src/main/java', not found
file or directory '/Users/azam/AndroidStudioProjects/JoshTalk2/common/src/main/kotlin', not found
file or directory '/Users/azam/AndroidStudioProjects/JoshTalk2/common/src/main/java', not found
file or directory '/Users/azam/AndroidStudioProjects/JoshTalk2/common/src/release/java', not found
file or directory '/Users/azam/AndroidStudioProjects/JoshTalk2/common/build/generated/compose/resourceGenerator/kotlin/commonMainResourceAccessors', not found
file or directory '/Users/azam/AndroidStudioProjects/JoshTalk2/common/src/androidRelease/kotlin', not found
file or directory '/Users/azam/AndroidStudioProjects/JoshTalk2/common/build/generated/compose/resourceGenerator/kotlin/androidReleaseResourceAccessors', not found
file or directory '/Users/azam/AndroidStudioProjects/JoshTalk2/common/src/release/java', not found
file or directory '/Users/azam/AndroidStudioProjects/JoshTalk2/common/src/release/kotlin', not found
file or directory '/Users/azam/AndroidStudioProjects/JoshTalk2/common/build/generated/compose/resourceGenerator/kotlin/androidMainResourceAccessors', not found
file or directory '/Users/azam/AndroidStudioProjects/JoshTalk2/common/src/main/java', not found
file or directory '/Users/azam/AndroidStudioProjects/JoshTalk2/common/src/main/kotlin', not found
file or directory '/Users/azam/AndroidStudioProjects/JoshTalk2/common/src/main/java', not found
file or directory '/Users/azam/AndroidStudioProjects/JoshTalk2/common/src/release/java', not found
file or directory '/Users/azam/AndroidStudioProjects/JoshTalk2/common/build/generated/compose/resourceGenerator/kotlin/commonMainResourceAccessors', not found
file or directory '/Users/azam/AndroidStudioProjects/JoshTalk2/common/src/androidRelease/kotlin', not found
file or directory '/Users/azam/AndroidStudioProjects/JoshTalk2/common/build/generated/compose/resourceGenerator/kotlin/androidReleaseResourceAccessors', not found
file or directory '/Users/azam/AndroidStudioProjects/JoshTalk2/common/src/release/java', not found
file or directory '/Users/azam/AndroidStudioProjects/JoshTalk2/common/src/release/kotlin', not found
file or directory '/Users/azam/AndroidStudioProjects/JoshTalk2/common/build/generated/compose/resourceGenerator/kotlin/androidMainResourceAccessors', not found
file or directory '/Users/azam/AndroidStudioProjects/JoshTalk2/common/src/main/java', not found
file or directory '/Users/azam/AndroidStudioProjects/JoshTalk2/common/src/main/kotlin', not found
file or directory '/Users/azam/AndroidStudioProjects/JoshTalk2/common/build/generated/compose/resourceGenerator/kotlin/commonMainResourceAccessors', not found
Kotlin source files: /Users/azam/AndroidStudioProjects/JoshTalk2/common/src/androidMain/kotlin/com/example/joshtalk/audioPermission/AudioPermission.kt, /Users/azam/AndroidStudioProjects/JoshTalk2/common/src/androidMain/kotlin/com/example/joshtalk/audioSensor/AudioSensor.kt, /Users/azam/AndroidStudioProjects/JoshTalk2/common/src/androidMain/kotlin/com/example/joshtalk/platform/JoshContext.kt, /Users/azam/AndroidStudioProjects/JoshTalk2/common/src/androidMain/kotlin/com/example/joshtalk/Config.kt, /Users/azam/AndroidStudioProjects/JoshTalk2/common/src/androidMain/kotlin/com/example/joshtalk/Findactivity.kt, /Users/azam/AndroidStudioProjects/JoshTalk2/common/build/generated/compose/resourceGenerator/kotlin/androidMainResourceCollectors/joshtalk/common/generated/resources/ActualResourceCollectors.kt, /Users/azam/AndroidStudioProjects/JoshTalk2/common/src/commonMain/kotlin/com/example/joshtalk/ui/PhotoTaskScreen.kt, /Users/azam/AndroidStudioProjects/JoshTalk2/common/src/commonMain/kotlin/com/example/joshtalk/ui/NoiseTaskScreen.kt, /Users/azam/AndroidStudioProjects/JoshTalk2/common/src/commonMain/kotlin/com/example/joshtalk/ui/StartScreen.kt, /Users/azam/AndroidStudioProjects/JoshTalk2/common/src/commonMain/kotlin/com/example/joshtalk/ui/TextTaskScreen.kt, /Users/azam/AndroidStudioProjects/JoshTalk2/common/src/commonMain/kotlin/com/example/joshtalk/ui/TaskSelectionScreen.kt, /Users/azam/AndroidStudioProjects/JoshTalk2/common/src/commonMain/kotlin/com/example/joshtalk/ui/PlatformContext.kt, /Users/azam/AndroidStudioProjects/JoshTalk2/common/src/commonMain/kotlin/com/example/joshtalk/ui/ImageTaskScreen.kt, /Users/azam/AndroidStudioProjects/JoshTalk2/common/src/commonMain/kotlin/com/example/joshtalk/audioPermission/AudioPermission.kt, /Users/azam/AndroidStudioProjects/JoshTalk2/common/src/commonMain/kotlin/com/example/joshtalk/audioSensor/AudioSensor.kt, /Users/azam/AndroidStudioProjects/JoshTalk2/common/src/commonMain/kotlin/com/example/joshtalk/platform/JoshContext.kt, /Users/azam/AndroidStudioProjects/JoshTalk2/common/src/commonMain/kotlin/com/example/joshtalk/navigation/Screens.kt, /Users/azam/AndroidStudioProjects/JoshTalk2/common/src/commonMain/kotlin/com/example/joshtalk/navigation/Navigation.kt, /Users/azam/AndroidStudioProjects/JoshTalk2/common/src/commonMain/kotlin/com/example/joshtalk/Config.kt, /Users/azam/AndroidStudioProjects/JoshTalk2/common/src/commonMain/kotlin/com/example/joshtalk/components/Gauge.kt, /Users/azam/AndroidStudioProjects/JoshTalk2/common/build/generated/compose/resourceGenerator/kotlin/commonResClass/joshtalk/common/generated/resources/Res.kt, /Users/azam/AndroidStudioProjects/JoshTalk2/common/build/generated/compose/resourceGenerator/kotlin/commonMainResourceCollectors/joshtalk/common/generated/resources/ExpectResourceCollectors.kt
Java source files: 
Script source files: 
Script file extensions: 
Using Kotlin/JVM incremental compilation
[KOTLIN] Kotlin compilation 'jdkHome' argument: /Library/Java/JavaVirtualMachines/jdk-17.jdk/Contents/Home
Options for KOTLIN DAEMON: IncrementalCompilationOptions(super=CompilationOptions(compilerMode=INCREMENTAL_COMPILER, targetPlatform=JVM, reportCategories=[0, 3], reportSeverity=2, requestedCompilationResults=[0], kotlinScriptExtensions=[]), areFileChangesKnown=false, modifiedFiles=null, deletedFiles=null, classpathChanges=NotAvailableForNonIncrementalRun, workingDir=/Users/azam/AndroidStudioProjects/JoshTalk2/common/build/kotlin/compileReleaseKotlinAndroid/cacheable, multiModuleICSettings=MultiModuleICSettings(buildHistoryFile=/Users/azam/AndroidStudioProjects/JoshTalk2/common/build/kotlin/compileReleaseKotlinAndroid/local-state/build-history.bin, useModuleDetection=true), usePreciseJavaTracking=true, icFeatures=IncrementalCompilationFeatures(withAbiSnapshot=false, preciseCompilationResultsBackup=true, keepIncrementalCompilationCachesInMemory=true, enableUnsafeIncrementalCompilationForMultiplatform=false), outputFiles=[/Users/azam/AndroidStudioProjects/JoshTalk2/common/build/tmp/kotlin-classes/release, /Users/azam/AndroidStudioProjects/JoshTalk2/common/build/kotlin/compileReleaseKotlinAndroid/cacheable, /Users/azam/AndroidStudioProjects/JoshTalk2/common/build/kotlin/compileReleaseKotlinAndroid/local-state])

> Task :common:javaPreCompileDebugUnitTest FROM-CACHE
Build cache key for task ':common:javaPreCompileDebugUnitTest' is 05cca37972037a6282acbfb083abb765
Task ':common:javaPreCompileDebugUnitTest' is not up-to-date because:
  No history is available.
Loaded cache entry for task ':common:javaPreCompileDebugUnitTest' with cache key 05cca37972037a6282acbfb083abb765
Resolve mutations for :common:transformNativeMainDependenciesMetadata (Thread[Execution worker,5,main]) started.
:common:transformNativeMainDependenciesMetadata (Thread[Execution worker,5,main]) started.
:common:compileCommonMainKotlinMetadata (Thread[Execution worker Thread 4,5,main]) started.

> Task :common:mergeReleaseResources
Transforming material3-release.aar (androidx.compose.material3:material3-android:1.3.0) with ExtractAarTransform
Transforming foundation-layout-release.aar (androidx.compose.foundation:foundation-layout-android:1.7.1) with ExtractAarTransform
Transforming animation-core-release.aar (androidx.compose.animation:animation-core-android:1.7.1) with ExtractAarTransform
Transforming animation-release.aar (androidx.compose.animation:animation-android:1.7.1) with ExtractAarTransform
Transforming ui-unit-release.aar (androidx.compose.ui:ui-unit-android:1.7.1) with ExtractAarTransform
Transforming ui-geometry-release.aar (androidx.compose.ui:ui-geometry-android:1.7.1) with ExtractAarTransform
Transforming ui-graphics-release.aar (androidx.compose.ui:ui-graphics-android:1.7.1) with ExtractAarTransform
Transforming ui-util-release.aar (androidx.compose.ui:ui-util-android:1.7.1) with ExtractAarTransform
Transforming ui-text-release.aar (androidx.compose.ui:ui-text-android:1.7.1) with ExtractAarTransform
Transforming activity-1.8.2.aar (androidx.activity:activity:1.8.2) with ExtractAarTransform
Transforming activity-ktx-1.8.2.aar (androidx.activity:activity-ktx:1.8.2) with ExtractAarTransform
Transforming activity-compose-1.8.2.aar (androidx.activity:activity-compose:1.8.2) with ExtractAarTransform
Transforming ui-release.aar (androidx.compose.ui:ui-android:1.7.1) with ExtractAarTransform
Transforming foundation-release.aar (androidx.compose.foundation:foundation-android:1.7.1) with ExtractAarTransform
Transforming runtime-saveable-release.aar (androidx.compose.runtime:runtime-saveable-android:1.7.1) with ExtractAarTransform
Transforming runtime-release.aar (androidx.compose.runtime:runtime-android:1.7.1) with ExtractAarTransform
Transforming animation-release.aar (androidx.compose.animation:animation-android:1.7.1) with AarTransform
Caching disabled for AarTransform: /Users/azam/.gradle/caches/8.9/transforms/68b9648653af94a32efd147b44da7502/transformed/animation-release because:
  Caching not enabled.
Transforming activity-compose-1.8.2.aar (androidx.activity:activity-compose:1.8.2) with AarTransform
Caching disabled for AarTransform: /Users/azam/.gradle/caches/8.9/transforms/076a4271e11a9d6c69495e9276481f73/transformed/activity-compose-1.8.2 because:
  Caching not enabled.
Transforming ui-release.aar (androidx.compose.ui:ui-android:1.7.1) with AarTransform
Caching disabled for AarTransform: /Users/azam/.gradle/caches/8.9/transforms/f07afc4729c5205178c81d8707e0ee43/transformed/ui-release because:
  Caching not enabled.
Transforming foundation-release.aar (androidx.compose.foundation:foundation-android:1.7.1) with AarTransform
Caching disabled for AarTransform: /Users/azam/.gradle/caches/8.9/transforms/6a9e95933cb88cd9bac8a0cae8500c26/transformed/foundation-release because:
  Caching not enabled.
Transforming runtime-saveable-release.aar (androidx.compose.runtime:runtime-saveable-android:1.7.1) with AarTransform
Caching disabled for AarTransform: /Users/azam/.gradle/caches/8.9/transforms/6d13ecee78cd2ecea97fc03729379e9f/transformed/runtime-saveable-release because:
  Caching not enabled.
Transforming runtime-release.aar (androidx.compose.runtime:runtime-android:1.7.1) with AarTransform
Caching disabled for AarTransform: /Users/azam/.gradle/caches/8.9/transforms/df9384e8dede3ed4a8c2774632811dda/transformed/runtime-release because:
  Caching not enabled.
Transforming ui-geometry-release.aar (androidx.compose.ui:ui-geometry-android:1.7.1) with AarTransform
Caching disabled for AarTransform: /Users/azam/.gradle/caches/8.9/transforms/7be932468eeb504d9fa26bb085925570/transformed/ui-geometry-release because:
  Caching not enabled.
Transforming ui-unit-release.aar (androidx.compose.ui:ui-unit-android:1.7.1) with AarTransform
Caching disabled for AarTransform: /Users/azam/.gradle/caches/8.9/transforms/907405b199f1db4a9d72e250deae61e5/transformed/ui-unit-release because:
  Caching not enabled.
Transforming animation-core-release.aar (androidx.compose.animation:animation-core-android:1.7.1) with AarTransform
Caching disabled for AarTransform: /Users/azam/.gradle/caches/8.9/transforms/5501c5942186aae4b4f2db6affca59b3/transformed/animation-core-release because:
  Caching not enabled.
Transforming foundation-layout-release.aar (androidx.compose.foundation:foundation-layout-android:1.7.1) with AarTransform
Caching disabled for AarTransform: /Users/azam/.gradle/caches/8.9/transforms/302e62399723e5f36c48e34f4c320608/transformed/foundation-layout-release because:
  Caching not enabled.
Build cache key for task ':common:mergeReleaseResources' is 5e2bbbb392a3734267c47da35057486f
Task ':common:mergeReleaseResources' is not up-to-date because:
  No history is available.
The input changes require a full rebuild for incremental task ':common:mergeReleaseResources'.
[MergeResources] Inputs are non-incremental full task action.
Stored cache entry for task ':common:mergeReleaseResources' with cache key 5e2bbbb392a3734267c47da35057486f
Resolve mutations for :common:verifyReleaseResources (Thread[Execution worker Thread 5,5,main]) started.
:common:verifyReleaseResources (Thread[Execution worker Thread 5,5,main]) started.

> Task :common:transformNativeMainDependenciesMetadata
Caching disabled for task ':common:transformNativeMainDependenciesMetadata' because:
  Metadata Dependency Transformation Task doesn't benefit from caching as it doesn't have heavy load
Task ':common:transformNativeMainDependenciesMetadata' is not up-to-date because:
  No history is available.
Resolve mutations for :common:transformAppleMainDependenciesMetadata (Thread[Execution worker,5,main]) started.
:common:transformAppleMainDependenciesMetadata (Thread[Execution worker,5,main]) started.

> Task :common:compileCommonMainKotlinMetadata
Build cache key for task ':common:compileCommonMainKotlinMetadata' is 9d1c516054b73c4612824f1e08509f29
Task ':common:compileCommonMainKotlinMetadata' is not up-to-date because:
  No history is available.
The input changes require a full rebuild for incremental task ':common:compileCommonMainKotlinMetadata'.
file or directory '/Users/azam/AndroidStudioProjects/JoshTalk2/common/build/generated/compose/resourceGenerator/kotlin/commonMainResourceAccessors', not found
file or directory '/Users/azam/AndroidStudioProjects/JoshTalk2/common/build/generated/compose/resourceGenerator/kotlin/commonMainResourceAccessors', not found
file or directory '/Users/azam/AndroidStudioProjects/JoshTalk2/common/build/generated/compose/resourceGenerator/kotlin/commonMainResourceAccessors', not found

> Task :common:transformAppleMainDependenciesMetadata
Caching disabled for task ':common:transformAppleMainDependenciesMetadata' because:
  Metadata Dependency Transformation Task doesn't benefit from caching as it doesn't have heavy load
Task ':common:transformAppleMainDependenciesMetadata' is not up-to-date because:
  No history is available.
Resolve mutations for :common:transformIosMainDependenciesMetadata (Thread[Execution worker,5,main]) started.
:common:transformIosMainDependenciesMetadata (Thread[Execution worker,5,main]) started.

> Task :common:transformIosMainDependenciesMetadata
Caching disabled for task ':common:transformIosMainDependenciesMetadata' because:
  Metadata Dependency Transformation Task doesn't benefit from caching as it doesn't have heavy load
Task ':common:transformIosMainDependenciesMetadata' is not up-to-date because:
  No history is available.
Resolve mutations for :common:preReleaseUnitTestBuild (Thread[Execution worker,5,main]) started.
:common:preReleaseUnitTestBuild (Thread[Execution worker,5,main]) started.

> Task :common:preReleaseUnitTestBuild UP-TO-DATE
Skipping task ':common:preReleaseUnitTestBuild' as it has no actions.
Resolve mutations for :common:generateReleaseUnitTestStubRFile (Thread[Execution worker,5,main]) started.
:common:generateReleaseUnitTestStubRFile (Thread[Execution worker,5,main]) started.

> Task :common:generateReleaseUnitTestStubRFile FROM-CACHE
Transforming core-bundle-release.aar (org.jetbrains.androidx.core:core-bundle-android:1.0.1) with ExtractAarTransform
Transforming core-bundle-release.aar (org.jetbrains.androidx.core:core-bundle-android:1.0.1) with LibrarySymbolTableTransform
Transforming android.jar with PlatformAttrTransform
Build cache key for task ':common:generateReleaseUnitTestStubRFile' is 1e10fca293a263596ac2d90a6ece2678
Task ':common:generateReleaseUnitTestStubRFile' is not up-to-date because:
  No history is available.
Loaded cache entry for task ':common:generateReleaseUnitTestStubRFile' with cache key 1e10fca293a263596ac2d90a6ece2678
Resolve mutations for :common:javaPreCompileReleaseUnitTest (Thread[Execution worker,5,main]) started.
:common:javaPreCompileReleaseUnitTest (Thread[Execution worker,5,main]) started.

> Task :common:javaPreCompileReleaseUnitTest FROM-CACHE
Build cache key for task ':common:javaPreCompileReleaseUnitTest' is 05cca37972037a6282acbfb083abb765
Task ':common:javaPreCompileReleaseUnitTest' is not up-to-date because:
  No history is available.
Loaded cache entry for task ':common:javaPreCompileReleaseUnitTest' with cache key 05cca37972037a6282acbfb083abb765

> Task :common:compileKotlinIosSimulatorArm64
Build cache key for task ':common:compileKotlinIosSimulatorArm64' is 90f92120fa7cefb97b3c08d49139a083
Task ':common:compileKotlinIosSimulatorArm64' is not up-to-date because:
  No history is available.
file or directory '/Users/azam/AndroidStudioProjects/JoshTalk2/common/src/iosSimulatorArm64Main/kotlin', not found
file or directory '/Users/azam/AndroidStudioProjects/JoshTalk2/common/build/generated/compose/resourceGenerator/kotlin/iosSimulatorArm64MainResourceAccessors', not found
file or directory '/Users/azam/AndroidStudioProjects/JoshTalk2/common/build/generated/compose/resourceGenerator/kotlin/iosMainResourceAccessors', not found
file or directory '/Users/azam/AndroidStudioProjects/JoshTalk2/common/src/appleMain/kotlin', not found
file or directory '/Users/azam/AndroidStudioProjects/JoshTalk2/common/build/generated/compose/resourceGenerator/kotlin/appleMainResourceAccessors', not found
file or directory '/Users/azam/AndroidStudioProjects/JoshTalk2/common/src/nativeMain/kotlin', not found
file or directory '/Users/azam/AndroidStudioProjects/JoshTalk2/common/build/generated/compose/resourceGenerator/kotlin/nativeMainResourceAccessors', not found
file or directory '/Users/azam/AndroidStudioProjects/JoshTalk2/common/build/generated/compose/resourceGenerator/kotlin/commonMainResourceAccessors', not found
file or directory '/Users/azam/AndroidStudioProjects/JoshTalk2/common/src/iosSimulatorArm64Main/kotlin', not found
file or directory '/Users/azam/AndroidStudioProjects/JoshTalk2/common/build/generated/compose/resourceGenerator/kotlin/iosSimulatorArm64MainResourceAccessors', not found
file or directory '/Users/azam/AndroidStudioProjects/JoshTalk2/common/build/generated/compose/resourceGenerator/kotlin/iosMainResourceAccessors', not found
file or directory '/Users/azam/AndroidStudioProjects/JoshTalk2/common/src/appleMain/kotlin', not found
file or directory '/Users/azam/AndroidStudioProjects/JoshTalk2/common/build/generated/compose/resourceGenerator/kotlin/appleMainResourceAccessors', not found
file or directory '/Users/azam/AndroidStudioProjects/JoshTalk2/common/src/nativeMain/kotlin', not found
file or directory '/Users/azam/AndroidStudioProjects/JoshTalk2/common/build/generated/compose/resourceGenerator/kotlin/nativeMainResourceAccessors', not found
file or directory '/Users/azam/AndroidStudioProjects/JoshTalk2/common/build/generated/compose/resourceGenerator/kotlin/commonMainResourceAccessors', not found
file or directory '/Users/azam/AndroidStudioProjects/JoshTalk2/common/src/iosSimulatorArm64Main/kotlin', not found
file or directory '/Users/azam/AndroidStudioProjects/JoshTalk2/common/build/generated/compose/resourceGenerator/kotlin/iosSimulatorArm64MainResourceAccessors', not found
file or directory '/Users/azam/AndroidStudioProjects/JoshTalk2/common/build/generated/compose/resourceGenerator/kotlin/iosMainResourceAccessors', not found
file or directory '/Users/azam/AndroidStudioProjects/JoshTalk2/common/src/appleMain/kotlin', not found
file or directory '/Users/azam/AndroidStudioProjects/JoshTalk2/common/build/generated/compose/resourceGenerator/kotlin/appleMainResourceAccessors', not found
file or directory '/Users/azam/AndroidStudioProjects/JoshTalk2/common/src/nativeMain/kotlin', not found
file or directory '/Users/azam/AndroidStudioProjects/JoshTalk2/common/build/generated/compose/resourceGenerator/kotlin/nativeMainResourceAccessors', not found
file or directory '/Users/azam/AndroidStudioProjects/JoshTalk2/common/build/generated/compose/resourceGenerator/kotlin/commonMainResourceAccessors', not found

> Task :common:compileDebugKotlinAndroid FAILED
e: org.jetbrains.kotlin.backend.common.CompilationException: Back-end: Please report this problem https://kotl.in/issue
/Users/azam/AndroidStudioProjects/JoshTalk2/common/src/commonMain/kotlin/com/example/joshtalk/navigation/Navigation.kt:-1:-1
Details: Internal error in file lowering: java.lang.IllegalStateException: should not be called
	at org.jetbrains.kotlin.utils.addToStdlib.AddToStdlibKt.shouldNotBeCalled(addToStdlib.kt:323)
	at org.jetbrains.kotlin.utils.addToStdlib.AddToStdlibKt.shouldNotBeCalled$default(addToStdlib.kt:322)
	at org.jetbrains.kotlin.ir.symbols.impl.IrFakeOverrideSymbolBase.getOwner(IrFakeOverrideSymbol.kt:41)
	at org.jetbrains.kotlin.ir.symbols.impl.IrFakeOverrideSymbolBase.getOwner(IrFakeOverrideSymbol.kt:20)
	at org.jetbrains.kotlin.backend.jvm.lower.ExternalPackageParentPatcherLowering$Visitor.visitMemberAccess(ExternalPackageParentPatcherLowering.kt:39)
	at org.jetbrains.kotlin.ir.visitors.IrElementVisitorVoid$DefaultImpls.visitFunctionAccess(IrElementVisitorVoid.kt:240)
	at org.jetbrains.kotlin.backend.jvm.lower.ExternalPackageParentPatcherLowering$Visitor.visitFunctionAccess(ExternalPackageParentPatcherLowering.kt:32)
	at org.jetbrains.kotlin.ir.visitors.IrElementVisitorVoid$DefaultImpls.visitCall(IrElementVisitorVoid.kt:360)
	at org.jetbrains.kotlin.backend.jvm.lower.ExternalPackageParentPatcherLowering$Visitor.visitCall(ExternalPackageParentPatcherLowering.kt:32)
	at org.jetbrains.kotlin.ir.visitors.IrElementVisitorVoid$DefaultImpls.visitCall(IrElementVisitorVoid.kt:356)
	at org.jetbrains.kotlin.backend.jvm.lower.ExternalPackageParentPatcherLowering$Visitor.visitCall(ExternalPackageParentPatcherLowering.kt:32)
	at org.jetbrains.kotlin.backend.jvm.lower.ExternalPackageParentPatcherLowering$Visitor.visitCall(ExternalPackageParentPatcherLowering.kt:32)
	at org.jetbrains.kotlin.ir.expressions.IrCall.accept(IrCall.kt:24)
	at org.jetbrains.kotlin.ir.expressions.IrMemberAccessExpression.acceptChildren(IrMemberAccessExpression.kt:62)
	at org.jetbrains.kotlin.ir.visitors.IrVisitorsKt.acceptChildrenVoid(IrVisitors.kt:15)
	at org.jetbrains.kotlin.backend.jvm.lower.ExternalPackageParentPatcherLowering$Visitor.visitElement(ExternalPackageParentPatcherLowering.kt:34)
	at org.jetbrains.kotlin.backend.jvm.lower.ExternalPackageParentPatcherLowering$Visitor.visitMemberAccess(ExternalPackageParentPatcherLowering.kt:38)
	at org.jetbrains.kotlin.ir.visitors.IrElementVisitorVoid$DefaultImpls.visitFunctionAccess(IrElementVisitorVoid.kt:240)
	at org.jetbrains.kotlin.backend.jvm.lower.ExternalPackageParentPatcherLowering$Visitor.visitFunctionAccess(ExternalPackageParentPatcherLowering.kt:32)
	at org.jetbrains.kotlin.ir.visitors.IrElementVisitorVoid$DefaultImpls.visitCall(IrElementVisitorVoid.kt:360)
	at org.jetbrains.kotlin.backend.jvm.lower.ExternalPackageParentPatcherLowering$Visitor.visitCall(ExternalPackageParentPatcherLowering.kt:32)
	at org.jetbrains.kotlin.ir.visitors.IrElementVisitorVoid$DefaultImpls.visitCall(IrElementVisitorVoid.kt:356)
	at org.jetbrains.kotlin.backend.jvm.lower.ExternalPackageParentPatcherLowering$Visitor.visitCall(ExternalPackageParentPatcherLowering.kt:32)
	at org.jetbrains.kotlin.backend.jvm.lower.ExternalPackageParentPatcherLowering$Visitor.visitCall(ExternalPackageParentPatcherLowering.kt:32)
	at org.jetbrains.kotlin.ir.expressions.IrCall.accept(IrCall.kt:24)
	at org.jetbrains.kotlin.ir.expressions.IrBlockBody.acceptChildren(IrBlockBody.kt:23)
	at org.jetbrains.kotlin.ir.visitors.IrVisitorsKt.acceptChildrenVoid(IrVisitors.kt:15)
	at org.jetbrains.kotlin.backend.jvm.lower.ExternalPackageParentPatcherLowering$Visitor.visitElement(ExternalPackageParentPatcherLowering.kt:34)
	at org.jetbrains.kotlin.ir.visitors.IrElementVisitorVoid$DefaultImpls.visitBody(IrElementVisitorVoid.kt:200)
	at org.jetbrains.kotlin.backend.jvm.lower.ExternalPackageParentPatcherLowering$Visitor.visitBody(ExternalPackageParentPatcherLowering.kt:32)
	at org.jetbrains.kotlin.ir.visitors.IrElementVisitorVoid$DefaultImpls.visitBlockBody(IrElementVisitorVoid.kt:216)
	at org.jetbrains.kotlin.backend.jvm.lower.ExternalPackageParentPatcherLowering$Visitor.visitBlockBody(ExternalPackageParentPatcherLowering.kt:32)
	at org.jetbrains.kotlin.ir.visitors.IrElementVisitorVoid$DefaultImpls.visitBlockBody(IrElementVisitorVoid.kt:212)
	at org.jetbrains.kotlin.backend.jvm.lower.ExternalPackageParentPatcherLowering$Visitor.visitBlockBody(ExternalPackageParentPatcherLowering.kt:32)
	at org.jetbrains.kotlin.backend.jvm.lower.ExternalPackageParentPatcherLowering$Visitor.visitBlockBody(ExternalPackageParentPatcherLowering.kt:32)
	at org.jetbrains.kotlin.ir.expressions.IrBlockBody.accept(IrBlockBody.kt:20)
	at org.jetbrains.kotlin.ir.declarations.IrFunction.acceptChildren(IrFunction.kt:50)
	at org.jetbrains.kotlin.ir.visitors.IrVisitorsKt.acceptChildrenVoid(IrVisitors.kt:15)
	at org.jetbrains.kotlin.backend.jvm.lower.ExternalPackageParentPatcherLowering$Visitor.visitElement(ExternalPackageParentPatcherLowering.kt:34)
	at org.jetbrains.kotlin.ir.visitors.IrElementVisitorVoid$DefaultImpls.visitDeclaration(IrElementVisitorVoid.kt:32)
	at org.jetbrains.kotlin.backend.jvm.lower.ExternalPackageParentPatcherLowering$Visitor.visitDeclaration(ExternalPackageParentPatcherLowering.kt:32)
	at org.jetbrains.kotlin.ir.visitors.IrElementVisitorVoid$DefaultImpls.visitFunction(IrElementVisitorVoid.kt:72)
	at org.jetbrains.kotlin.backend.jvm.lower.ExternalPackageParentPatcherLowering$Visitor.visitFunction(ExternalPackageParentPatcherLowering.kt:32)
	at org.jetbrains.kotlin.ir.visitors.IrElementVisitorVoid$DefaultImpls.visitSimpleFunction(IrElementVisitorVoid.kt:144)
	at org.jetbrains.kotlin.backend.jvm.lower.ExternalPackageParentPatcherLowering$Visitor.visitSimpleFunction(ExternalPackageParentPatcherLowering.kt:32)
	at org.jetbrains.kotlin.ir.visitors.IrElementVisitorVoid$DefaultImpls.visitSimpleFunction(IrElementVisitorVoid.kt:140)
	at org.jetbrains.kotlin.backend.jvm.lower.ExternalPackageParentPatcherLowering$Visitor.visitSimpleFunction(ExternalPackageParentPatcherLowering.kt:32)
	at org.jetbrains.kotlin.backend.jvm.lower.ExternalPackageParentPatcherLowering$Visitor.visitSimpleFunction(ExternalPackageParentPatcherLowering.kt:32)
	at org.jetbrains.kotlin.ir.declarations.IrSimpleFunction.accept(IrSimpleFunction.kt:39)
	at org.jetbrains.kotlin.ir.declarations.IrFile.acceptChildren(IrFile.kt:34)
	at org.jetbrains.kotlin.ir.visitors.IrVisitorsKt.acceptChildrenVoid(IrVisitors.kt:15)
	at org.jetbrains.kotlin.backend.jvm.lower.ExternalPackageParentPatcherLowering$Visitor.visitElement(ExternalPackageParentPatcherLowering.kt:34)
	at org.jetbrains.kotlin.ir.visitors.IrElementVisitorVoid$DefaultImpls.visitPackageFragment(IrElementVisitorVoid.kt:168)
	at org.jetbrains.kotlin.backend.jvm.lower.ExternalPackageParentPatcherLowering$Visitor.visitPackageFragment(ExternalPackageParentPatcherLowering.kt:32)
	at org.jetbrains.kotlin.ir.visitors.IrElementVisitorVoid$DefaultImpls.visitFile(IrElementVisitorVoid.kt:184)
	at org.jetbrains.kotlin.backend.jvm.lower.ExternalPackageParentPatcherLowering$Visitor.visitFile(ExternalPackageParentPatcherLowering.kt:32)
	at org.jetbrains.kotlin.ir.visitors.IrElementVisitorVoid$DefaultImpls.visitFile(IrElementVisitorVoid.kt:180)
	at org.jetbrains.kotlin.backend.jvm.lower.ExternalPackageParentPatcherLowering$Visitor.visitFile(ExternalPackageParentPatcherLowering.kt:32)
	at org.jetbrains.kotlin.backend.jvm.lower.ExternalPackageParentPatcherLowering$Visitor.visitFile(ExternalPackageParentPatcherLowering.kt:32)
	at org.jetbrains.kotlin.ir.declarations.IrFile.accept(IrFile.kt:28)
	at org.jetbrains.kotlin.ir.visitors.IrVisitorsKt.acceptVoid(IrVisitors.kt:11)
	at org.jetbrains.kotlin.backend.jvm.lower.ExternalPackageParentPatcherLowering.lower(ExternalPackageParentPatcherLowering.kt:28)
	at org.jetbrains.kotlin.backend.common.FileLoweringPass.lower(Lower.kt:42)
	at org.jetbrains.kotlin.backend.common.phaser.PhaseBuildersKt.makeIrModulePhase$lambda$5(PhaseBuilders.kt:110)
	at org.jetbrains.kotlin.backend.common.phaser.PhaseBuildersKt$createSimpleNamedCompilerPhase$1.phaseBody(PhaseBuilders.kt:69)
	at org.jetbrains.kotlin.backend.common.phaser.SimpleNamedCompilerPhase.phaseBody(CompilerPhase.kt:226)
	at org.jetbrains.kotlin.backend.common.phaser.AbstractNamedCompilerPhase.invoke(CompilerPhase.kt:113)
	at org.jetbrains.kotlin.backend.common.phaser.CompositePhase.invoke(PhaseBuilders.kt:20)
	at org.jetbrains.kotlin.backend.common.phaser.CompositePhase.invoke(PhaseBuilders.kt:14)
	at org.jetbrains.kotlin.backend.common.phaser.NamedCompilerPhase.phaseBody(CompilerPhase.kt:166)
	at org.jetbrains.kotlin.backend.common.phaser.AbstractNamedCompilerPhase.invoke(CompilerPhase.kt:113)
	at org.jetbrains.kotlin.backend.common.phaser.CompilerPhaseKt.invokeToplevel(CompilerPhase.kt:62)
	at org.jetbrains.kotlin.backend.jvm.JvmIrCodegenFactory.invokeLowerings(JvmIrCodegenFactory.kt:358)
	at org.jetbrains.kotlin.codegen.CodegenFactory.generateModule(CodegenFactory.kt:46)
	at org.jetbrains.kotlin.backend.jvm.JvmIrCodegenFactory.generateModuleInFrontendIRMode(JvmIrCodegenFactory.kt:433)
	at org.jetbrains.kotlin.cli.jvm.compiler.pipeline.JvmCompilerPipelineKt.generateCodeFromIr(jvmCompilerPipeline.kt:246)
	at org.jetbrains.kotlin.cli.jvm.compiler.pipeline.JvmCompilerPipelineKt.compileModulesUsingFrontendIrAndLightTree(jvmCompilerPipeline.kt:142)
	at org.jetbrains.kotlin.cli.jvm.K2JVMCompiler.doExecute(K2JVMCompiler.kt:148)
	at org.jetbrains.kotlin.cli.jvm.K2JVMCompiler.doExecute(K2JVMCompiler.kt:43)
	at org.jetbrains.kotlin.cli.common.CLICompiler.execImpl(CLICompiler.kt:103)
	at org.jetbrains.kotlin.cli.common.CLICompiler.execImpl(CLICompiler.kt:49)
	at org.jetbrains.kotlin.cli.common.CLITool.exec(CLITool.kt:101)
	at org.jetbrains.kotlin.incremental.IncrementalJvmCompilerRunner.runCompiler(IncrementalJvmCompilerRunner.kt:464)
	at org.jetbrains.kotlin.incremental.IncrementalJvmCompilerRunner.runCompiler(IncrementalJvmCompilerRunner.kt:73)
	at org.jetbrains.kotlin.incremental.IncrementalCompilerRunner.doCompile(IncrementalCompilerRunner.kt:506)
	at org.jetbrains.kotlin.incremental.IncrementalCompilerRunner.compileImpl(IncrementalCompilerRunner.kt:423)
	at org.jetbrains.kotlin.incremental.IncrementalCompilerRunner.compileNonIncrementally(IncrementalCompilerRunner.kt:301)
	at org.jetbrains.kotlin.incremental.IncrementalCompilerRunner.compile(IncrementalCompilerRunner.kt:129)
	at org.jetbrains.kotlin.daemon.CompileServiceImplBase.execIncrementalCompiler(CompileServiceImpl.kt:675)
	at org.jetbrains.kotlin.daemon.CompileServiceImplBase.access$execIncrementalCompiler(CompileServiceImpl.kt:92)
	at org.jetbrains.kotlin.daemon.CompileServiceImpl.compile(CompileServiceImpl.kt:1660)
	at java.base/jdk.internal.reflect.DirectMethodHandleAccessor.invoke(Unknown Source)
	at java.base/java.lang.reflect.Method.invoke(Unknown Source)
	at java.rmi/sun.rmi.server.UnicastServerRef.dispatch(Unknown Source)
	at java.rmi/sun.rmi.transport.Transport$1.run(Unknown Source)
	at java.rmi/sun.rmi.transport.Transport$1.run(Unknown Source)
	at java.base/java.security.AccessController.doPrivileged(Unknown Source)
	at java.rmi/sun.rmi.transport.Transport.serviceCall(Unknown Source)
	at java.rmi/sun.rmi.transport.tcp.TCPTransport.handleMessages(Unknown Source)
	at java.rmi/sun.rmi.transport.tcp.TCPTransport$ConnectionHandler.run0(Unknown Source)
	at java.rmi/sun.rmi.transport.tcp.TCPTransport$ConnectionHandler.lambda$run$0(Unknown Source)
	at java.base/java.security.AccessController.doPrivileged(Unknown Source)
	at java.rmi/sun.rmi.transport.tcp.TCPTransport$ConnectionHandler.run(Unknown Source)
	at java.base/java.util.concurrent.ThreadPoolExecutor.runWorker(Unknown Source)
	at java.base/java.util.concurrent.ThreadPoolExecutor$Worker.run(Unknown Source)
	at java.base/java.lang.Thread.run(Unknown Source)
Caused by: java.lang.IllegalStateException: should not be called
	... 106 more

Finished executing kotlin compiler using DAEMON strategy

> Task :common:compileReleaseKotlinAndroid FAILED
e: org.jetbrains.kotlin.backend.common.CompilationException: Back-end: Please report this problem https://kotl.in/issue
/Users/azam/AndroidStudioProjects/JoshTalk2/common/src/commonMain/kotlin/com/example/joshtalk/navigation/Navigation.kt:-1:-1
Details: Internal error in file lowering: java.lang.IllegalStateException: should not be called
	at org.jetbrains.kotlin.utils.addToStdlib.AddToStdlibKt.shouldNotBeCalled(addToStdlib.kt:323)
	at org.jetbrains.kotlin.utils.addToStdlib.AddToStdlibKt.shouldNotBeCalled$default(addToStdlib.kt:322)
	at org.jetbrains.kotlin.ir.symbols.impl.IrFakeOverrideSymbolBase.getOwner(IrFakeOverrideSymbol.kt:41)
	at org.jetbrains.kotlin.ir.symbols.impl.IrFakeOverrideSymbolBase.getOwner(IrFakeOverrideSymbol.kt:20)
	at org.jetbrains.kotlin.backend.jvm.lower.ExternalPackageParentPatcherLowering$Visitor.visitMemberAccess(ExternalPackageParentPatcherLowering.kt:39)
	at org.jetbrains.kotlin.ir.visitors.IrElementVisitorVoid$DefaultImpls.visitFunctionAccess(IrElementVisitorVoid.kt:240)
	at org.jetbrains.kotlin.backend.jvm.lower.ExternalPackageParentPatcherLowering$Visitor.visitFunctionAccess(ExternalPackageParentPatcherLowering.kt:32)
	at org.jetbrains.kotlin.ir.visitors.IrElementVisitorVoid$DefaultImpls.visitCall(IrElementVisitorVoid.kt:360)
	at org.jetbrains.kotlin.backend.jvm.lower.ExternalPackageParentPatcherLowering$Visitor.visitCall(ExternalPackageParentPatcherLowering.kt:32)
	at org.jetbrains.kotlin.ir.visitors.IrElementVisitorVoid$DefaultImpls.visitCall(IrElementVisitorVoid.kt:356)
	at org.jetbrains.kotlin.backend.jvm.lower.ExternalPackageParentPatcherLowering$Visitor.visitCall(ExternalPackageParentPatcherLowering.kt:32)
	at org.jetbrains.kotlin.backend.jvm.lower.ExternalPackageParentPatcherLowering$Visitor.visitCall(ExternalPackageParentPatcherLowering.kt:32)
	at org.jetbrains.kotlin.ir.expressions.IrCall.accept(IrCall.kt:24)
	at org.jetbrains.kotlin.ir.expressions.IrMemberAccessExpression.acceptChildren(IrMemberAccessExpression.kt:62)
	at org.jetbrains.kotlin.ir.visitors.IrVisitorsKt.acceptChildrenVoid(IrVisitors.kt:15)
	at org.jetbrains.kotlin.backend.jvm.lower.ExternalPackageParentPatcherLowering$Visitor.visitElement(ExternalPackageParentPatcherLowering.kt:34)
	at org.jetbrains.kotlin.backend.jvm.lower.ExternalPackageParentPatcherLowering$Visitor.visitMemberAccess(ExternalPackageParentPatcherLowering.kt:38)
	at org.jetbrains.kotlin.ir.visitors.IrElementVisitorVoid$DefaultImpls.visitFunctionAccess(IrElementVisitorVoid.kt:240)
	at org.jetbrains.kotlin.backend.jvm.lower.ExternalPackageParentPatcherLowering$Visitor.visitFunctionAccess(ExternalPackageParentPatcherLowering.kt:32)
	at org.jetbrains.kotlin.ir.visitors.IrElementVisitorVoid$DefaultImpls.visitCall(IrElementVisitorVoid.kt:360)
	at org.jetbrains.kotlin.backend.jvm.lower.ExternalPackageParentPatcherLowering$Visitor.visitCall(ExternalPackageParentPatcherLowering.kt:32)
	at org.jetbrains.kotlin.ir.visitors.IrElementVisitorVoid$DefaultImpls.visitCall(IrElementVisitorVoid.kt:356)
	at org.jetbrains.kotlin.backend.jvm.lower.ExternalPackageParentPatcherLowering$Visitor.visitCall(ExternalPackageParentPatcherLowering.kt:32)
	at org.jetbrains.kotlin.backend.jvm.lower.ExternalPackageParentPatcherLowering$Visitor.visitCall(ExternalPackageParentPatcherLowering.kt:32)
	at org.jetbrains.kotlin.ir.expressions.IrCall.accept(IrCall.kt:24)
	at org.jetbrains.kotlin.ir.expressions.IrBlockBody.acceptChildren(IrBlockBody.kt:23)
	at org.jetbrains.kotlin.ir.visitors.IrVisitorsKt.acceptChildrenVoid(IrVisitors.kt:15)
	at org.jetbrains.kotlin.backend.jvm.lower.ExternalPackageParentPatcherLowering$Visitor.visitElement(ExternalPackageParentPatcherLowering.kt:34)
	at org.jetbrains.kotlin.ir.visitors.IrElementVisitorVoid$DefaultImpls.visitBody(IrElementVisitorVoid.kt:200)
	at org.jetbrains.kotlin.backend.jvm.lower.ExternalPackageParentPatcherLowering$Visitor.visitBody(ExternalPackageParentPatcherLowering.kt:32)
	at org.jetbrains.kotlin.ir.visitors.IrElementVisitorVoid$DefaultImpls.visitBlockBody(IrElementVisitorVoid.kt:216)
	at org.jetbrains.kotlin.backend.jvm.lower.ExternalPackageParentPatcherLowering$Visitor.visitBlockBody(ExternalPackageParentPatcherLowering.kt:32)
	at org.jetbrains.kotlin.ir.visitors.IrElementVisitorVoid$DefaultImpls.visitBlockBody(IrElementVisitorVoid.kt:212)
	at org.jetbrains.kotlin.backend.jvm.lower.ExternalPackageParentPatcherLowering$Visitor.visitBlockBody(ExternalPackageParentPatcherLowering.kt:32)
	at org.jetbrains.kotlin.backend.jvm.lower.ExternalPackageParentPatcherLowering$Visitor.visitBlockBody(ExternalPackageParentPatcherLowering.kt:32)
	at org.jetbrains.kotlin.ir.expressions.IrBlockBody.accept(IrBlockBody.kt:20)
	at org.jetbrains.kotlin.ir.declarations.IrFunction.acceptChildren(IrFunction.kt:50)
	at org.jetbrains.kotlin.ir.visitors.IrVisitorsKt.acceptChildrenVoid(IrVisitors.kt:15)
	at org.jetbrains.kotlin.backend.jvm.lower.ExternalPackageParentPatcherLowering$Visitor.visitElement(ExternalPackageParentPatcherLowering.kt:34)
	at org.jetbrains.kotlin.ir.visitors.IrElementVisitorVoid$DefaultImpls.visitDeclaration(IrElementVisitorVoid.kt:32)
	at org.jetbrains.kotlin.backend.jvm.lower.ExternalPackageParentPatcherLowering$Visitor.visitDeclaration(ExternalPackageParentPatcherLowering.kt:32)
	at org.jetbrains.kotlin.ir.visitors.IrElementVisitorVoid$DefaultImpls.visitFunction(IrElementVisitorVoid.kt:72)
	at org.jetbrains.kotlin.backend.jvm.lower.ExternalPackageParentPatcherLowering$Visitor.visitFunction(ExternalPackageParentPatcherLowering.kt:32)
	at org.jetbrains.kotlin.ir.visitors.IrElementVisitorVoid$DefaultImpls.visitSimpleFunction(IrElementVisitorVoid.kt:144)
	at org.jetbrains.kotlin.backend.jvm.lower.ExternalPackageParentPatcherLowering$Visitor.visitSimpleFunction(ExternalPackageParentPatcherLowering.kt:32)
	at org.jetbrains.kotlin.ir.visitors.IrElementVisitorVoid$DefaultImpls.visitSimpleFunction(IrElementVisitorVoid.kt:140)
	at org.jetbrains.kotlin.backend.jvm.lower.ExternalPackageParentPatcherLowering$Visitor.visitSimpleFunction(ExternalPackageParentPatcherLowering.kt:32)
	at org.jetbrains.kotlin.backend.jvm.lower.ExternalPackageParentPatcherLowering$Visitor.visitSimpleFunction(ExternalPackageParentPatcherLowering.kt:32)
	at org.jetbrains.kotlin.ir.declarations.IrSimpleFunction.accept(IrSimpleFunction.kt:39)
	at org.jetbrains.kotlin.ir.declarations.IrFile.acceptChildren(IrFile.kt:34)
	at org.jetbrains.kotlin.ir.visitors.IrVisitorsKt.acceptChildrenVoid(IrVisitors.kt:15)
	at org.jetbrains.kotlin.backend.jvm.lower.ExternalPackageParentPatcherLowering$Visitor.visitElement(ExternalPackageParentPatcherLowering.kt:34)
	at org.jetbrains.kotlin.ir.visitors.IrElementVisitorVoid$DefaultImpls.visitPackageFragment(IrElementVisitorVoid.kt:168)
	at org.jetbrains.kotlin.backend.jvm.lower.ExternalPackageParentPatcherLowering$Visitor.visitPackageFragment(ExternalPackageParentPatcherLowering.kt:32)
	at org.jetbrains.kotlin.ir.visitors.IrElementVisitorVoid$DefaultImpls.visitFile(IrElementVisitorVoid.kt:184)
	at org.jetbrains.kotlin.backend.jvm.lower.ExternalPackageParentPatcherLowering$Visitor.visitFile(ExternalPackageParentPatcherLowering.kt:32)
	at org.jetbrains.kotlin.ir.visitors.IrElementVisitorVoid$DefaultImpls.visitFile(IrElementVisitorVoid.kt:180)
	at org.jetbrains.kotlin.backend.jvm.lower.ExternalPackageParentPatcherLowering$Visitor.visitFile(ExternalPackageParentPatcherLowering.kt:32)
	at org.jetbrains.kotlin.backend.jvm.lower.ExternalPackageParentPatcherLowering$Visitor.visitFile(ExternalPackageParentPatcherLowering.kt:32)
	at org.jetbrains.kotlin.ir.declarations.IrFile.accept(IrFile.kt:28)
	at org.jetbrains.kotlin.ir.visitors.IrVisitorsKt.acceptVoid(IrVisitors.kt:11)
	at org.jetbrains.kotlin.backend.jvm.lower.ExternalPackageParentPatcherLowering.lower(ExternalPackageParentPatcherLowering.kt:28)
	at org.jetbrains.kotlin.backend.common.FileLoweringPass.lower(Lower.kt:42)
	at org.jetbrains.kotlin.backend.common.phaser.PhaseBuildersKt.makeIrModulePhase$lambda$5(PhaseBuilders.kt:110)
	at org.jetbrains.kotlin.backend.common.phaser.PhaseBuildersKt$createSimpleNamedCompilerPhase$1.phaseBody(PhaseBuilders.kt:69)
	at org.jetbrains.kotlin.backend.common.phaser.SimpleNamedCompilerPhase.phaseBody(CompilerPhase.kt:226)
	at org.jetbrains.kotlin.backend.common.phaser.AbstractNamedCompilerPhase.invoke(CompilerPhase.kt:113)
	at org.jetbrains.kotlin.backend.common.phaser.CompositePhase.invoke(PhaseBuilders.kt:20)
	at org.jetbrains.kotlin.backend.common.phaser.CompositePhase.invoke(PhaseBuilders.kt:14)
	at org.jetbrains.kotlin.backend.common.phaser.NamedCompilerPhase.phaseBody(CompilerPhase.kt:166)
	at org.jetbrains.kotlin.backend.common.phaser.AbstractNamedCompilerPhase.invoke(CompilerPhase.kt:113)
	at org.jetbrains.kotlin.backend.common.phaser.CompilerPhaseKt.invokeToplevel(CompilerPhase.kt:62)
	at org.jetbrains.kotlin.backend.jvm.JvmIrCodegenFactory.invokeLowerings(JvmIrCodegenFactory.kt:358)
	at org.jetbrains.kotlin.codegen.CodegenFactory.generateModule(CodegenFactory.kt:46)
	at org.jetbrains.kotlin.backend.jvm.JvmIrCodegenFactory.generateModuleInFrontendIRMode(JvmIrCodegenFactory.kt:433)
	at org.jetbrains.kotlin.cli.jvm.compiler.pipeline.JvmCompilerPipelineKt.generateCodeFromIr(jvmCompilerPipeline.kt:246)
	at org.jetbrains.kotlin.cli.jvm.compiler.pipeline.JvmCompilerPipelineKt.compileModulesUsingFrontendIrAndLightTree(jvmCompilerPipeline.kt:142)
	at org.jetbrains.kotlin.cli.jvm.K2JVMCompiler.doExecute(K2JVMCompiler.kt:148)
	at org.jetbrains.kotlin.cli.jvm.K2JVMCompiler.doExecute(K2JVMCompiler.kt:43)
	at org.jetbrains.kotlin.cli.common.CLICompiler.execImpl(CLICompiler.kt:103)
	at org.jetbrains.kotlin.cli.common.CLICompiler.execImpl(CLICompiler.kt:49)
	at org.jetbrains.kotlin.cli.common.CLITool.exec(CLITool.kt:101)
	at org.jetbrains.kotlin.incremental.IncrementalJvmCompilerRunner.runCompiler(IncrementalJvmCompilerRunner.kt:464)
	at org.jetbrains.kotlin.incremental.IncrementalJvmCompilerRunner.runCompiler(IncrementalJvmCompilerRunner.kt:73)
	at org.jetbrains.kotlin.incremental.IncrementalCompilerRunner.doCompile(IncrementalCompilerRunner.kt:506)
	at org.jetbrains.kotlin.incremental.IncrementalCompilerRunner.compileImpl(IncrementalCompilerRunner.kt:423)
	at org.jetbrains.kotlin.incremental.IncrementalCompilerRunner.compileNonIncrementally(IncrementalCompilerRunner.kt:301)
	at org.jetbrains.kotlin.incremental.IncrementalCompilerRunner.compile(IncrementalCompilerRunner.kt:129)
	at org.jetbrains.kotlin.daemon.CompileServiceImplBase.execIncrementalCompiler(CompileServiceImpl.kt:675)
	at org.jetbrains.kotlin.daemon.CompileServiceImplBase.access$execIncrementalCompiler(CompileServiceImpl.kt:92)
	at org.jetbrains.kotlin.daemon.CompileServiceImpl.compile(CompileServiceImpl.kt:1660)
	at java.base/jdk.internal.reflect.DirectMethodHandleAccessor.invoke(Unknown Source)
	at java.base/java.lang.reflect.Method.invoke(Unknown Source)
	at java.rmi/sun.rmi.server.UnicastServerRef.dispatch(Unknown Source)
	at java.rmi/sun.rmi.transport.Transport$1.run(Unknown Source)
	at java.rmi/sun.rmi.transport.Transport$1.run(Unknown Source)
	at java.base/java.security.AccessController.doPrivileged(Unknown Source)
	at java.rmi/sun.rmi.transport.Transport.serviceCall(Unknown Source)
	at java.rmi/sun.rmi.transport.tcp.TCPTransport.handleMessages(Unknown Source)
	at java.rmi/sun.rmi.transport.tcp.TCPTransport$ConnectionHandler.run0(Unknown Source)
	at java.rmi/sun.rmi.transport.tcp.TCPTransport$ConnectionHandler.lambda$run$0(Unknown Source)
	at java.base/java.security.AccessController.doPrivileged(Unknown Source)
	at java.rmi/sun.rmi.transport.tcp.TCPTransport$ConnectionHandler.run(Unknown Source)
	at java.base/java.util.concurrent.ThreadPoolExecutor.runWorker(Unknown Source)
	at java.base/java.util.concurrent.ThreadPoolExecutor$Worker.run(Unknown Source)
	at java.base/java.lang.Thread.run(Unknown Source)
Caused by: java.lang.IllegalStateException: should not be called
	... 106 more

Finished executing kotlin compiler using DAEMON strategy

> Task :common:compileKotlinIosArm64
Build cache key for task ':common:compileKotlinIosArm64' is 9c8577d4b7c7aea4ec818fe0185b75b2
Task ':common:compileKotlinIosArm64' is not up-to-date because:
  No history is available.
file or directory '/Users/azam/AndroidStudioProjects/JoshTalk2/common/src/iosArm64Main/kotlin', not found
file or directory '/Users/azam/AndroidStudioProjects/JoshTalk2/common/build/generated/compose/resourceGenerator/kotlin/iosArm64MainResourceAccessors', not found
file or directory '/Users/azam/AndroidStudioProjects/JoshTalk2/common/build/generated/compose/resourceGenerator/kotlin/iosMainResourceAccessors', not found
file or directory '/Users/azam/AndroidStudioProjects/JoshTalk2/common/src/appleMain/kotlin', not found
file or directory '/Users/azam/AndroidStudioProjects/JoshTalk2/common/build/generated/compose/resourceGenerator/kotlin/appleMainResourceAccessors', not found
file or directory '/Users/azam/AndroidStudioProjects/JoshTalk2/common/src/nativeMain/kotlin', not found
file or directory '/Users/azam/AndroidStudioProjects/JoshTalk2/common/build/generated/compose/resourceGenerator/kotlin/nativeMainResourceAccessors', not found
file or directory '/Users/azam/AndroidStudioProjects/JoshTalk2/common/build/generated/compose/resourceGenerator/kotlin/commonMainResourceAccessors', not found
file or directory '/Users/azam/AndroidStudioProjects/JoshTalk2/common/src/iosArm64Main/kotlin', not found
file or directory '/Users/azam/AndroidStudioProjects/JoshTalk2/common/build/generated/compose/resourceGenerator/kotlin/iosArm64MainResourceAccessors', not found
file or directory '/Users/azam/AndroidStudioProjects/JoshTalk2/common/build/generated/compose/resourceGenerator/kotlin/iosMainResourceAccessors', not found
file or directory '/Users/azam/AndroidStudioProjects/JoshTalk2/common/src/appleMain/kotlin', not found
file or directory '/Users/azam/AndroidStudioProjects/JoshTalk2/common/build/generated/compose/resourceGenerator/kotlin/appleMainResourceAccessors', not found
file or directory '/Users/azam/AndroidStudioProjects/JoshTalk2/common/src/nativeMain/kotlin', not found
file or directory '/Users/azam/AndroidStudioProjects/JoshTalk2/common/build/generated/compose/resourceGenerator/kotlin/nativeMainResourceAccessors', not found
file or directory '/Users/azam/AndroidStudioProjects/JoshTalk2/common/build/generated/compose/resourceGenerator/kotlin/commonMainResourceAccessors', not found
file or directory '/Users/azam/AndroidStudioProjects/JoshTalk2/common/src/iosArm64Main/kotlin', not found
file or directory '/Users/azam/AndroidStudioProjects/JoshTalk2/common/build/generated/compose/resourceGenerator/kotlin/iosArm64MainResourceAccessors', not found
file or directory '/Users/azam/AndroidStudioProjects/JoshTalk2/common/build/generated/compose/resourceGenerator/kotlin/iosMainResourceAccessors', not found
file or directory '/Users/azam/AndroidStudioProjects/JoshTalk2/common/src/appleMain/kotlin', not found
file or directory '/Users/azam/AndroidStudioProjects/JoshTalk2/common/build/generated/compose/resourceGenerator/kotlin/appleMainResourceAccessors', not found
file or directory '/Users/azam/AndroidStudioProjects/JoshTalk2/common/src/nativeMain/kotlin', not found
file or directory '/Users/azam/AndroidStudioProjects/JoshTalk2/common/build/generated/compose/resourceGenerator/kotlin/nativeMainResourceAccessors', not found
file or directory '/Users/azam/AndroidStudioProjects/JoshTalk2/common/build/generated/compose/resourceGenerator/kotlin/commonMainResourceAccessors', not found

> Task :common:compileCommonMainKotlinMetadata
w: file:///Users/azam/AndroidStudioProjects/JoshTalk2/common/src/commonMain/kotlin/com/example/joshtalk/audioPermission/AudioPermission.kt:4:1 'expect'/'actual' classes (including interfaces, objects, annotations, enums, and 'actual' typealiases) are in Beta. You can use -Xexpect-actual-classes flag to suppress this warning. Also see: https://youtrack.jetbrains.com/issue/KT-61573
w: file:///Users/azam/AndroidStudioProjects/JoshTalk2/common/src/commonMain/kotlin/com/example/joshtalk/audioSensor/AudioSensor.kt:3:1 'expect'/'actual' classes (including interfaces, objects, annotations, enums, and 'actual' typealiases) are in Beta. You can use -Xexpect-actual-classes flag to suppress this warning. Also see: https://youtrack.jetbrains.com/issue/KT-61573
w: file:///Users/azam/AndroidStudioProjects/JoshTalk2/common/src/commonMain/kotlin/com/example/joshtalk/platform/JoshContext.kt:3:1 'expect'/'actual' classes (including interfaces, objects, annotations, enums, and 'actual' typealiases) are in Beta. You can use -Xexpect-actual-classes flag to suppress this warning. Also see: https://youtrack.jetbrains.com/issue/KT-61573
w: file:///Users/azam/AndroidStudioProjects/JoshTalk2/common/src/commonMain/kotlin/com/example/joshtalk/ui/PlatformContext.kt:3:1 'expect'/'actual' classes (including interfaces, objects, annotations, enums, and 'actual' typealiases) are in Beta. You can use -Xexpect-actual-classes flag to suppress this warning. Also see: https://youtrack.jetbrains.com/issue/KT-61573
Finished executing kotlin compiler using DAEMON strategy
Stored cache entry for task ':common:compileCommonMainKotlinMetadata' with cache key 9d1c516054b73c4612824f1e08509f29

> Task :common:compileKotlinIosX64
Build cache key for task ':common:compileKotlinIosX64' is 8f8b8e4d4814fd3c392cc8c3ff4c3160
Task ':common:compileKotlinIosX64' is not up-to-date because:
  No history is available.
file or directory '/Users/azam/AndroidStudioProjects/JoshTalk2/common/src/iosX64Main/kotlin', not found
file or directory '/Users/azam/AndroidStudioProjects/JoshTalk2/common/build/generated/compose/resourceGenerator/kotlin/iosX64MainResourceAccessors', not found
file or directory '/Users/azam/AndroidStudioProjects/JoshTalk2/common/build/generated/compose/resourceGenerator/kotlin/iosMainResourceAccessors', not found
file or directory '/Users/azam/AndroidStudioProjects/JoshTalk2/common/src/appleMain/kotlin', not found
file or directory '/Users/azam/AndroidStudioProjects/JoshTalk2/common/build/generated/compose/resourceGenerator/kotlin/appleMainResourceAccessors', not found
file or directory '/Users/azam/AndroidStudioProjects/JoshTalk2/common/src/nativeMain/kotlin', not found
file or directory '/Users/azam/AndroidStudioProjects/JoshTalk2/common/build/generated/compose/resourceGenerator/kotlin/nativeMainResourceAccessors', not found
file or directory '/Users/azam/AndroidStudioProjects/JoshTalk2/common/build/generated/compose/resourceGenerator/kotlin/commonMainResourceAccessors', not found
file or directory '/Users/azam/AndroidStudioProjects/JoshTalk2/common/src/iosX64Main/kotlin', not found
file or directory '/Users/azam/AndroidStudioProjects/JoshTalk2/common/build/generated/compose/resourceGenerator/kotlin/iosX64MainResourceAccessors', not found
file or directory '/Users/azam/AndroidStudioProjects/JoshTalk2/common/build/generated/compose/resourceGenerator/kotlin/iosMainResourceAccessors', not found
file or directory '/Users/azam/AndroidStudioProjects/JoshTalk2/common/src/appleMain/kotlin', not found
file or directory '/Users/azam/AndroidStudioProjects/JoshTalk2/common/build/generated/compose/resourceGenerator/kotlin/appleMainResourceAccessors', not found
file or directory '/Users/azam/AndroidStudioProjects/JoshTalk2/common/src/nativeMain/kotlin', not found
file or directory '/Users/azam/AndroidStudioProjects/JoshTalk2/common/build/generated/compose/resourceGenerator/kotlin/nativeMainResourceAccessors', not found
file or directory '/Users/azam/AndroidStudioProjects/JoshTalk2/common/build/generated/compose/resourceGenerator/kotlin/commonMainResourceAccessors', not found
file or directory '/Users/azam/AndroidStudioProjects/JoshTalk2/common/src/iosX64Main/kotlin', not found
file or directory '/Users/azam/AndroidStudioProjects/JoshTalk2/common/build/generated/compose/resourceGenerator/kotlin/iosX64MainResourceAccessors', not found
file or directory '/Users/azam/AndroidStudioProjects/JoshTalk2/common/build/generated/compose/resourceGenerator/kotlin/iosMainResourceAccessors', not found
file or directory '/Users/azam/AndroidStudioProjects/JoshTalk2/common/src/appleMain/kotlin', not found
file or directory '/Users/azam/AndroidStudioProjects/JoshTalk2/common/build/generated/compose/resourceGenerator/kotlin/appleMainResourceAccessors', not found
file or directory '/Users/azam/AndroidStudioProjects/JoshTalk2/common/src/nativeMain/kotlin', not found
file or directory '/Users/azam/AndroidStudioProjects/JoshTalk2/common/build/generated/compose/resourceGenerator/kotlin/nativeMainResourceAccessors', not found
file or directory '/Users/azam/AndroidStudioProjects/JoshTalk2/common/build/generated/compose/resourceGenerator/kotlin/commonMainResourceAccessors', not found

> Task :common:verifyReleaseResources
Transforming aapt2-8.5.0-11315950-osx.jar (com.android.tools.build:aapt2:8.5.0-11315950) with Aapt2Extractor
Transforming library-release.aar (org.jetbrains.compose.components:components-resources-android:1.7.0) with ExtractAarTransform
Transforming library-release.aar (org.jetbrains.compose.components:components-resources-android:1.7.0) with AarResourcesCompilerTransform
Transforming library-release.aar (org.jetbrains.compose.components:components-ui-tooling-preview-android:1.7.0) with ExtractAarTransform
Transforming library-release.aar (org.jetbrains.compose.components:components-ui-tooling-preview-android:1.7.0) with AarResourcesCompilerTransform
Transforming navigation-common-ktx-2.8.0-rc01.aar (androidx.navigation:navigation-common-ktx:2.8.0-rc01) with ExtractAarTransform
Transforming navigation-common-ktx-2.8.0-rc01.aar (androidx.navigation:navigation-common-ktx:2.8.0-rc01) with AarResourcesCompilerTransform
Transforming navigation-runtime-2.8.0-rc01.aar (androidx.navigation:navigation-runtime:2.8.0-rc01) with ExtractAarTransform
Transforming navigation-runtime-2.8.0-rc01.aar (androidx.navigation:navigation-runtime:2.8.0-rc01) with AarResourcesCompilerTransform
Transforming navigation-common-2.8.0-rc01.aar (androidx.navigation:navigation-common:2.8.0-rc01) with ExtractAarTransform
Transforming navigation-common-2.8.0-rc01.aar (androidx.navigation:navigation-common:2.8.0-rc01) with AarResourcesCompilerTransform
Transforming navigation-runtime-ktx-2.8.0-rc01.aar (androidx.navigation:navigation-runtime-ktx:2.8.0-rc01) with ExtractAarTransform
Transforming navigation-runtime-ktx-2.8.0-rc01.aar (androidx.navigation:navigation-runtime-ktx:2.8.0-rc01) with AarResourcesCompilerTransform
Transforming navigation-compose-2.8.0-rc01.aar (androidx.navigation:navigation-compose:2.8.0-rc01) with ExtractAarTransform
Transforming navigation-compose-2.8.0-rc01.aar (androidx.navigation:navigation-compose:2.8.0-rc01) with AarResourcesCompilerTransform
Transforming material3-release.aar (androidx.compose.material3:material3-android:1.3.0) with ExtractAarTransform
Transforming material3-release.aar (androidx.compose.material3:material3-android:1.3.0) with AarResourcesCompilerTransform
Transforming foundation-layout-release.aar (androidx.compose.foundation:foundation-layout-android:1.7.1) with ExtractAarTransform
Transforming foundation-layout-release.aar (androidx.compose.foundation:foundation-layout-android:1.7.1) with AarResourcesCompilerTransform
Transforming animation-core-release.aar (androidx.compose.animation:animation-core-android:1.7.1) with ExtractAarTransform
Transforming animation-core-release.aar (androidx.compose.animation:animation-core-android:1.7.1) with AarResourcesCompilerTransform
Transforming material-ripple-release.aar (androidx.compose.material:material-ripple-android:1.7.1) with ExtractAarTransform
Transforming material-ripple-release.aar (androidx.compose.material:material-ripple-android:1.7.1) with AarResourcesCompilerTransform
Transforming animation-release.aar (androidx.compose.animation:animation-android:1.7.1) with ExtractAarTransform
Transforming animation-release.aar (androidx.compose.animation:animation-android:1.7.1) with AarResourcesCompilerTransform
Transforming ui-unit-release.aar (androidx.compose.ui:ui-unit-android:1.7.1) with ExtractAarTransform
Transforming ui-unit-release.aar (androidx.compose.ui:ui-unit-android:1.7.1) with AarResourcesCompilerTransform
Transforming ui-geometry-release.aar (androidx.compose.ui:ui-geometry-android:1.7.1) with ExtractAarTransform
Transforming ui-geometry-release.aar (androidx.compose.ui:ui-geometry-android:1.7.1) with AarResourcesCompilerTransform
Transforming ui-graphics-release.aar (androidx.compose.ui:ui-graphics-android:1.7.1) with ExtractAarTransform
Transforming ui-graphics-release.aar (androidx.compose.ui:ui-graphics-android:1.7.1) with AarResourcesCompilerTransform
Transforming ui-util-release.aar (androidx.compose.ui:ui-util-android:1.7.1) with ExtractAarTransform
Transforming ui-util-release.aar (androidx.compose.ui:ui-util-android:1.7.1) with AarResourcesCompilerTransform
Transforming ui-text-release.aar (androidx.compose.ui:ui-text-android:1.7.1) with ExtractAarTransform
Transforming ui-text-release.aar (androidx.compose.ui:ui-text-android:1.7.1) with AarResourcesCompilerTransform
Transforming activity-1.8.2.aar (androidx.activity:activity:1.8.2) with ExtractAarTransform
Transforming activity-1.8.2.aar (androidx.activity:activity:1.8.2) with AarResourcesCompilerTransform
Transforming activity-ktx-1.8.2.aar (androidx.activity:activity-ktx:1.8.2) with ExtractAarTransform
Transforming activity-ktx-1.8.2.aar (androidx.activity:activity-ktx:1.8.2) with AarResourcesCompilerTransform
Transforming activity-compose-1.8.2.aar (androidx.activity:activity-compose:1.8.2) with ExtractAarTransform
Transforming activity-compose-1.8.2.aar (androidx.activity:activity-compose:1.8.2) with AarResourcesCompilerTransform
Transforming material-icons-core-release.aar (androidx.compose.material:material-icons-core-android:1.7.1) with ExtractAarTransform
Transforming material-icons-core-release.aar (androidx.compose.material:material-icons-core-android:1.7.1) with AarResourcesCompilerTransform
Transforming savedstate-ktx-1.2.1.aar (androidx.savedstate:savedstate-ktx:1.2.1) with ExtractAarTransform
Transforming savedstate-ktx-1.2.1.aar (androidx.savedstate:savedstate-ktx:1.2.1) with AarResourcesCompilerTransform
Transforming emoji2-1.3.0.aar (androidx.emoji2:emoji2:1.3.0) with ExtractAarTransform
Transforming emoji2-1.3.0.aar (androidx.emoji2:emoji2:1.3.0) with AarResourcesCompilerTransform
Transforming autofill-1.0.0.aar (androidx.autofill:autofill:1.0.0) with ExtractAarTransform
Transforming autofill-1.0.0.aar (androidx.autofill:autofill:1.0.0) with AarResourcesCompilerTransform
Transforming core-bundle-release.aar (org.jetbrains.androidx.core:core-bundle-android:1.0.1) with ExtractAarTransform
Transforming core-bundle-release.aar (org.jetbrains.androidx.core:core-bundle-android:1.0.1) with AarResourcesCompilerTransform
Transforming customview-poolingcontainer-1.0.0.aar (androidx.customview:customview-poolingcontainer:1.0.0) with ExtractAarTransform
Transforming customview-poolingcontainer-1.0.0.aar (androidx.customview:customview-poolingcontainer:1.0.0) with AarResourcesCompilerTransform
Transforming core-ktx-1.13.1.aar (androidx.core:core-ktx:1.13.1) with ExtractAarTransform
Transforming core-ktx-1.13.1.aar (androidx.core:core-ktx:1.13.1) with AarResourcesCompilerTransform
Transforming graphics-path-1.0.1.aar (androidx.graphics:graphics-path:1.0.1) with ExtractAarTransform
Transforming graphics-path-1.0.1.aar (androidx.graphics:graphics-path:1.0.1) with AarResourcesCompilerTransform
Transforming core-1.13.1.aar (androidx.core:core:1.13.1) with ExtractAarTransform
Transforming core-1.13.1.aar (androidx.core:core:1.13.1) with AarResourcesCompilerTransform
Transforming core-1.13.1.aar (androidx.core:core:1.13.1) with ExtractAarTransform
Transforming core-1.13.1.aar (androidx.core:core:1.13.1) with AarResourcesCompilerTransform
Transforming lifecycle-runtime-ktx-release.aar (androidx.lifecycle:lifecycle-runtime-ktx-android:2.8.5) with ExtractAarTransform
Transforming lifecycle-runtime-ktx-release.aar (androidx.lifecycle:lifecycle-runtime-ktx-android:2.8.5) with AarResourcesCompilerTransform
Transforming lifecycle-viewmodel-ktx-2.8.5.aar (androidx.lifecycle:lifecycle-viewmodel-ktx:2.8.5) with ExtractAarTransform
Transforming lifecycle-viewmodel-ktx-2.8.5.aar (androidx.lifecycle:lifecycle-viewmodel-ktx:2.8.5) with AarResourcesCompilerTransform
Transforming lifecycle-process-2.8.5.aar (androidx.lifecycle:lifecycle-process:2.8.5) with ExtractAarTransform
Transforming lifecycle-process-2.8.5.aar (androidx.lifecycle:lifecycle-process:2.8.5) with AarResourcesCompilerTransform
Transforming lifecycle-livedata-core-2.8.5.aar (androidx.lifecycle:lifecycle-livedata-core:2.8.5) with ExtractAarTransform
Transforming lifecycle-livedata-core-2.8.5.aar (androidx.lifecycle:lifecycle-livedata-core:2.8.5) with AarResourcesCompilerTransform
Transforming lifecycle-viewmodel-release.aar (androidx.lifecycle:lifecycle-viewmodel-android:2.8.5) with ExtractAarTransform
Transforming lifecycle-viewmodel-release.aar (androidx.lifecycle:lifecycle-viewmodel-android:2.8.5) with AarResourcesCompilerTransform
Transforming lifecycle-runtime-compose-release.aar (androidx.lifecycle:lifecycle-runtime-compose-android:2.8.5) with ExtractAarTransform
Transforming lifecycle-runtime-compose-release.aar (androidx.lifecycle:lifecycle-runtime-compose-android:2.8.5) with AarResourcesCompilerTransform
Transforming lifecycle-runtime-release.aar (androidx.lifecycle:lifecycle-runtime-android:2.8.5) with ExtractAarTransform
Transforming lifecycle-runtime-release.aar (androidx.lifecycle:lifecycle-runtime-android:2.8.5) with AarResourcesCompilerTransform
Transforming lifecycle-viewmodel-savedstate-2.8.5.aar (androidx.lifecycle:lifecycle-viewmodel-savedstate:2.8.5) with ExtractAarTransform
Transforming lifecycle-viewmodel-savedstate-2.8.5.aar (androidx.lifecycle:lifecycle-viewmodel-savedstate:2.8.5) with AarResourcesCompilerTransform
Transforming savedstate-1.2.1.aar (androidx.savedstate:savedstate:1.2.1) with ExtractAarTransform
Transforming savedstate-1.2.1.aar (androidx.savedstate:savedstate:1.2.1) with AarResourcesCompilerTransform
Transforming lifecycle-viewmodel-compose-release.aar (androidx.lifecycle:lifecycle-viewmodel-compose-android:2.8.5) with ExtractAarTransform
Transforming lifecycle-viewmodel-compose-release.aar (androidx.lifecycle:lifecycle-viewmodel-compose-android:2.8.5) with AarResourcesCompilerTransform
Transforming ui-release.aar (androidx.compose.ui:ui-android:1.7.1) with ExtractAarTransform
Transforming ui-release.aar (androidx.compose.ui:ui-android:1.7.1) with AarResourcesCompilerTransform
Transforming foundation-release.aar (androidx.compose.foundation:foundation-android:1.7.1) with ExtractAarTransform
Transforming foundation-release.aar (androidx.compose.foundation:foundation-android:1.7.1) with AarResourcesCompilerTransform
Transforming runtime-saveable-release.aar (androidx.compose.runtime:runtime-saveable-android:1.7.1) with ExtractAarTransform
Transforming runtime-saveable-release.aar (androidx.compose.runtime:runtime-saveable-android:1.7.1) with AarResourcesCompilerTransform
Transforming runtime-release.aar (androidx.compose.runtime:runtime-android:1.7.1) with ExtractAarTransform
Transforming runtime-release.aar (androidx.compose.runtime:runtime-android:1.7.1) with AarResourcesCompilerTransform
Transforming annotation-experimental-1.4.1.aar (androidx.annotation:annotation-experimental:1.4.1) with ExtractAarTransform
Transforming annotation-experimental-1.4.1.aar (androidx.annotation:annotation-experimental:1.4.1) with AarResourcesCompilerTransform
Transforming core-runtime-2.2.0.aar (androidx.arch.core:core-runtime:2.2.0) with ExtractAarTransform
Transforming core-runtime-2.2.0.aar (androidx.arch.core:core-runtime:2.2.0) with AarResourcesCompilerTransform
Transforming profileinstaller-1.3.1.aar (androidx.profileinstaller:profileinstaller:1.3.1) with ExtractAarTransform
Transforming profileinstaller-1.3.1.aar (androidx.profileinstaller:profileinstaller:1.3.1) with AarResourcesCompilerTransform
Transforming interpolator-1.0.0.aar (androidx.interpolator:interpolator:1.0.0) with ExtractAarTransform
Transforming interpolator-1.0.0.aar (androidx.interpolator:interpolator:1.0.0) with AarResourcesCompilerTransform
Transforming versionedparcelable-1.1.1.aar (androidx.versionedparcelable:versionedparcelable:1.1.1) with ExtractAarTransform
Transforming versionedparcelable-1.1.1.aar (androidx.versionedparcelable:versionedparcelable:1.1.1) with AarResourcesCompilerTransform
Transforming startup-runtime-1.1.1.aar (androidx.startup:startup-runtime:1.1.1) with ExtractAarTransform
Transforming startup-runtime-1.1.1.aar (androidx.startup:startup-runtime:1.1.1) with AarResourcesCompilerTransform
Transforming tracing-1.0.0.aar (androidx.tracing:tracing:1.0.0) with ExtractAarTransform
Transforming tracing-1.0.0.aar (androidx.tracing:tracing:1.0.0) with AarResourcesCompilerTransform
Build cache key for AarResourcesCompilerTransform: /Users/azam/.gradle/caches/8.9/transforms/59cc6b147964c4e3a829cf43b1aff887/transformed/ui-util-release is 21f5fa08011bf15d5e3d25857524d212
Stored cache entry for AarResourcesCompilerTransform: /Users/azam/.gradle/caches/8.9/transforms/59cc6b147964c4e3a829cf43b1aff887/transformed/ui-util-release with cache key 21f5fa08011bf15d5e3d25857524d212
Build cache key for AarResourcesCompilerTransform: /Users/azam/.gradle/caches/8.9/transforms/623d4dd3d8f5aa99a507732c9ef5627f/transformed/ui-text-release is eb54caa462ad47224ad6edf9e4229132
Stored cache entry for AarResourcesCompilerTransform: /Users/azam/.gradle/caches/8.9/transforms/623d4dd3d8f5aa99a507732c9ef5627f/transformed/ui-text-release with cache key eb54caa462ad47224ad6edf9e4229132
Build cache key for AarResourcesCompilerTransform: /Users/azam/.gradle/caches/8.9/transforms/40183bd01881c8c5d5fb836516263b00/transformed/activity-1.8.2 is 54899742a3e80cae930cab3b7d31fc69
Stored cache entry for AarResourcesCompilerTransform: /Users/azam/.gradle/caches/8.9/transforms/40183bd01881c8c5d5fb836516263b00/transformed/activity-1.8.2 with cache key 54899742a3e80cae930cab3b7d31fc69
Build cache key for AarResourcesCompilerTransform: /Users/azam/.gradle/caches/8.9/transforms/125b021dd261f35a27217f2725955712/transformed/activity-ktx-1.8.2 is 0a8b076befb7ace11731ba20229e5c10
Stored cache entry for AarResourcesCompilerTransform: /Users/azam/.gradle/caches/8.9/transforms/125b021dd261f35a27217f2725955712/transformed/activity-ktx-1.8.2 with cache key 0a8b076befb7ace11731ba20229e5c10
Build cache key for AarResourcesCompilerTransform: /Users/azam/.gradle/caches/8.9/transforms/076a4271e11a9d6c69495e9276481f73/transformed/activity-compose-1.8.2 is c688c1dd03edd0ed644d8d1a156c017c
Stored cache entry for AarResourcesCompilerTransform: /Users/azam/.gradle/caches/8.9/transforms/076a4271e11a9d6c69495e9276481f73/transformed/activity-compose-1.8.2 with cache key c688c1dd03edd0ed644d8d1a156c017c
Build cache key for AarResourcesCompilerTransform: /Users/azam/.gradle/caches/8.9/transforms/f07afc4729c5205178c81d8707e0ee43/transformed/ui-release is e084547096c928328f25fff21a7721a9
Compiling xml file /Users/azam/.gradle/caches/8.9/transforms/f07afc4729c5205178c81d8707e0ee43/transformed/ui-release/res/color/vector_tint_theme_color.xml to /Users/azam/.gradle/caches/8.9/transforms/50787411fdea7acf411d3d4a8c6b4f81-e2574bd8-dc54-40ef-b550-ad8e1b6233d9/transformed/androidx.compose.ui/color_vector_tint_theme_color.xml.flat
Compiling xml file /Users/azam/.gradle/caches/8.9/transforms/f07afc4729c5205178c81d8707e0ee43/transformed/ui-release/res/color/vector_tint_color.xml to /Users/azam/.gradle/caches/8.9/transforms/50787411fdea7acf411d3d4a8c6b4f81-e2574bd8-dc54-40ef-b550-ad8e1b6233d9/transformed/androidx.compose.ui/color_vector_tint_color.xml.flat
Stored cache entry for AarResourcesCompilerTransform: /Users/azam/.gradle/caches/8.9/transforms/f07afc4729c5205178c81d8707e0ee43/transformed/ui-release with cache key e084547096c928328f25fff21a7721a9
Build cache key for AarResourcesCompilerTransform: /Users/azam/.gradle/caches/8.9/transforms/6a9e95933cb88cd9bac8a0cae8500c26/transformed/foundation-release is 05ee73fb55bde555f0c213cedbdf84a7
Stored cache entry for AarResourcesCompilerTransform: /Users/azam/.gradle/caches/8.9/transforms/6a9e95933cb88cd9bac8a0cae8500c26/transformed/foundation-release with cache key 05ee73fb55bde555f0c213cedbdf84a7
Build cache key for AarResourcesCompilerTransform: /Users/azam/.gradle/caches/8.9/transforms/6d13ecee78cd2ecea97fc03729379e9f/transformed/runtime-saveable-release is 377e6075b83ca7459a1d55b06e9a178a
Stored cache entry for AarResourcesCompilerTransform: /Users/azam/.gradle/caches/8.9/transforms/6d13ecee78cd2ecea97fc03729379e9f/transformed/runtime-saveable-release with cache key 377e6075b83ca7459a1d55b06e9a178a
Build cache key for AarResourcesCompilerTransform: /Users/azam/.gradle/caches/8.9/transforms/df9384e8dede3ed4a8c2774632811dda/transformed/runtime-release is ad883c2fec9ab57131f7e94b0c66e400
Stored cache entry for AarResourcesCompilerTransform: /Users/azam/.gradle/caches/8.9/transforms/df9384e8dede3ed4a8c2774632811dda/transformed/runtime-release with cache key ad883c2fec9ab57131f7e94b0c66e400
Build cache key for AarResourcesCompilerTransform: /Users/azam/.gradle/caches/8.9/transforms/7d908cf34a8dc860970ccdb3faa4b458/transformed/material3-release is 4a730cc707e8e7a1597fa9565c6884cb
Stored cache entry for AarResourcesCompilerTransform: /Users/azam/.gradle/caches/8.9/transforms/7d908cf34a8dc860970ccdb3faa4b458/transformed/material3-release with cache key 4a730cc707e8e7a1597fa9565c6884cb
Build cache key for AarResourcesCompilerTransform: /Users/azam/.gradle/caches/8.9/transforms/c9c1228099b5190f9e16b193ec67cc49/transformed/ui-graphics-release is 8b16ae9bceca9dca3ef6f43082fd835b
Stored cache entry for AarResourcesCompilerTransform: /Users/azam/.gradle/caches/8.9/transforms/c9c1228099b5190f9e16b193ec67cc49/transformed/ui-graphics-release with cache key 8b16ae9bceca9dca3ef6f43082fd835b
Build cache key for AarResourcesCompilerTransform: /Users/azam/.gradle/caches/8.9/transforms/302e62399723e5f36c48e34f4c320608/transformed/foundation-layout-release is 44663eb356e99da36dfbd5d679fe8448
Stored cache entry for AarResourcesCompilerTransform: /Users/azam/.gradle/caches/8.9/transforms/302e62399723e5f36c48e34f4c320608/transformed/foundation-layout-release with cache key 44663eb356e99da36dfbd5d679fe8448
Build cache key for AarResourcesCompilerTransform: /Users/azam/.gradle/caches/8.9/transforms/7be932468eeb504d9fa26bb085925570/transformed/ui-geometry-release is b8caea3397a95b811c902f591a30e5c7
Stored cache entry for AarResourcesCompilerTransform: /Users/azam/.gradle/caches/8.9/transforms/7be932468eeb504d9fa26bb085925570/transformed/ui-geometry-release with cache key b8caea3397a95b811c902f591a30e5c7
Build cache key for AarResourcesCompilerTransform: /Users/azam/.gradle/caches/8.9/transforms/5501c5942186aae4b4f2db6affca59b3/transformed/animation-core-release is 718dac8092e8378576bf594ab2d5b0ab
Stored cache entry for AarResourcesCompilerTransform: /Users/azam/.gradle/caches/8.9/transforms/5501c5942186aae4b4f2db6affca59b3/transformed/animation-core-release with cache key 718dac8092e8378576bf594ab2d5b0ab
Build cache key for AarResourcesCompilerTransform: /Users/azam/.gradle/caches/8.9/transforms/907405b199f1db4a9d72e250deae61e5/transformed/ui-unit-release is 2c640ce523f9e19b8fd481af689e42c1
Stored cache entry for AarResourcesCompilerTransform: /Users/azam/.gradle/caches/8.9/transforms/907405b199f1db4a9d72e250deae61e5/transformed/ui-unit-release with cache key 2c640ce523f9e19b8fd481af689e42c1
Build cache key for AarResourcesCompilerTransform: /Users/azam/.gradle/caches/8.9/transforms/68b9648653af94a32efd147b44da7502/transformed/animation-release is d993ef4885e6d10ad6af61026e532f56
Stored cache entry for AarResourcesCompilerTransform: /Users/azam/.gradle/caches/8.9/transforms/68b9648653af94a32efd147b44da7502/transformed/animation-release with cache key d993ef4885e6d10ad6af61026e532f56
Build cache key for task ':common:verifyReleaseResources' is 843dbafd920624628dbbb14247371a4c
Task ':common:verifyReleaseResources' is not up-to-date because:
  No history is available.
The input changes require a full rebuild for incremental task ':common:verifyReleaseResources'.
Compiling xml file /Users/azam/AndroidStudioProjects/JoshTalk2/common/build/intermediates/merged_res/release/mergeReleaseResources/color/vector_tint_color.xml to /Users/azam/AndroidStudioProjects/JoshTalk2/common/build/intermediates/verified_library_resources/release/verifyReleaseResources/compiled/color_vector_tint_color.xml.flat
Compiling xml file /Users/azam/AndroidStudioProjects/JoshTalk2/common/build/intermediates/merged_res/release/mergeReleaseResources/drawable-anydpi-v21/ic_call_answer_video.xml to /Users/azam/AndroidStudioProjects/JoshTalk2/common/build/intermediates/verified_library_resources/release/verifyReleaseResources/compiled/drawable-anydpi-v21_ic_call_answer_video.xml.flat
Compiling image file /Users/azam/AndroidStudioProjects/JoshTalk2/common/build/intermediates/merged_res/release/mergeReleaseResources/drawable-hdpi-v4/ic_call_decline.png
Compiling file /Users/azam/AndroidStudioProjects/JoshTalk2/common/build/intermediates/merged_res/release/mergeReleaseResources/drawable-hdpi-v4/ic_call_decline.png to /Users/azam/AndroidStudioProjects/JoshTalk2/common/build/intermediates/verified_library_resources/release/verifyReleaseResources/compiled/drawable-hdpi-v4_ic_call_decline.png.flat
Compiling image file /Users/azam/AndroidStudioProjects/JoshTalk2/common/build/intermediates/merged_res/release/mergeReleaseResources/drawable-ldpi-v4/ic_call_decline.png
Compiling file /Users/azam/AndroidStudioProjects/JoshTalk2/common/build/intermediates/merged_res/release/mergeReleaseResources/drawable-ldpi-v4/ic_call_decline.png to /Users/azam/AndroidStudioProjects/JoshTalk2/common/build/intermediates/verified_library_resources/release/verifyReleaseResources/compiled/drawable-ldpi-v4_ic_call_decline.png.flat
Compiling image file /Users/azam/AndroidStudioProjects/JoshTalk2/common/build/intermediates/merged_res/release/mergeReleaseResources/drawable-mdpi-v4/notify_panel_notification_icon_bg.png
Compiling file /Users/azam/AndroidStudioProjects/JoshTalk2/common/build/intermediates/merged_res/release/mergeReleaseResources/drawable-mdpi-v4/notify_panel_notification_icon_bg.png to /Users/azam/AndroidStudioProjects/JoshTalk2/common/build/intermediates/verified_library_resources/release/verifyReleaseResources/compiled/drawable-mdpi-v4_notify_panel_notification_icon_bg.png.flat
Compiling image file /Users/azam/AndroidStudioProjects/JoshTalk2/common/build/intermediates/merged_res/release/mergeReleaseResources/drawable-xhdpi-v4/notify_panel_notification_icon_bg.png
Compiling file /Users/azam/AndroidStudioProjects/JoshTalk2/common/build/intermediates/merged_res/release/mergeReleaseResources/drawable-xhdpi-v4/notify_panel_notification_icon_bg.png to /Users/azam/AndroidStudioProjects/JoshTalk2/common/build/intermediates/verified_library_resources/release/verifyReleaseResources/compiled/drawable-xhdpi-v4_notify_panel_notification_icon_bg.png.flat
Compiling image file /Users/azam/AndroidStudioProjects/JoshTalk2/common/build/intermediates/merged_res/release/mergeReleaseResources/drawable-xxxhdpi-v4/ic_call_answer_low.png
Compiling file /Users/azam/AndroidStudioProjects/JoshTalk2/common/build/intermediates/merged_res/release/mergeReleaseResources/drawable-xxxhdpi-v4/ic_call_answer_low.png to /Users/azam/AndroidStudioProjects/JoshTalk2/common/build/intermediates/verified_library_resources/release/verifyReleaseResources/compiled/drawable-xxxhdpi-v4_ic_call_answer_low.png.flat
Compiling xml file /Users/azam/AndroidStudioProjects/JoshTalk2/common/build/intermediates/merged_res/release/mergeReleaseResources/layout/notification_template_part_chronometer.xml to /Users/azam/AndroidStudioProjects/JoshTalk2/common/build/intermediates/verified_library_resources/release/verifyReleaseResources/compiled/layout_notification_template_part_chronometer.xml.flat
Compiling xml file /Users/azam/AndroidStudioProjects/JoshTalk2/common/build/intermediates/merged_res/release/mergeReleaseResources/drawable/notification_icon_background.xml to /Users/azam/AndroidStudioProjects/JoshTalk2/common/build/intermediates/verified_library_resources/release/verifyReleaseResources/compiled/drawable_notification_icon_background.xml.flat
Compiling image file /Users/azam/AndroidStudioProjects/JoshTalk2/common/build/intermediates/merged_res/release/mergeReleaseResources/drawable-hdpi-v4/ic_call_answer.png
Compiling file /Users/azam/AndroidStudioProjects/JoshTalk2/common/build/intermediates/merged_res/release/mergeReleaseResources/drawable-hdpi-v4/ic_call_answer.png to /Users/azam/AndroidStudioProjects/JoshTalk2/common/build/intermediates/verified_library_resources/release/verifyReleaseResources/compiled/drawable-hdpi-v4_ic_call_answer.png.flat
Compiling image file /Users/azam/AndroidStudioProjects/JoshTalk2/common/build/intermediates/merged_res/release/mergeReleaseResources/drawable-ldpi-v4/ic_call_answer.png
Compiling file /Users/azam/AndroidStudioProjects/JoshTalk2/common/build/intermediates/merged_res/release/mergeReleaseResources/drawable-ldpi-v4/ic_call_answer.png to /Users/azam/AndroidStudioProjects/JoshTalk2/common/build/intermediates/verified_library_resources/release/verifyReleaseResources/compiled/drawable-ldpi-v4_ic_call_answer.png.flat
Compiling image file /Users/azam/AndroidStudioProjects/JoshTalk2/common/build/intermediates/merged_res/release/mergeReleaseResources/drawable-mdpi-v4/ic_call_answer_video.png
Compiling file /Users/azam/AndroidStudioProjects/JoshTalk2/common/build/intermediates/merged_res/release/mergeReleaseResources/drawable-mdpi-v4/ic_call_answer_video.png to /Users/azam/AndroidStudioProjects/JoshTalk2/common/build/intermediates/verified_library_resources/release/verifyReleaseResources/compiled/drawable-mdpi-v4_ic_call_answer_video.png.flat
Compiling image file /Users/azam/AndroidStudioProjects/JoshTalk2/common/build/intermediates/merged_res/release/mergeReleaseResources/drawable-xhdpi-v4/ic_call_answer_video.png
Compiling file /Users/azam/AndroidStudioProjects/JoshTalk2/common/build/intermediates/merged_res/release/mergeReleaseResources/drawable-xhdpi-v4/ic_call_answer_video.png to /Users/azam/AndroidStudioProjects/JoshTalk2/common/build/intermediates/verified_library_resources/release/verifyReleaseResources/compiled/drawable-xhdpi-v4_ic_call_answer_video.png.flat
Compiling image file /Users/azam/AndroidStudioProjects/JoshTalk2/common/build/intermediates/merged_res/release/mergeReleaseResources/drawable-xxhdpi-v4/ic_call_answer_video_low.png
Compiling file /Users/azam/AndroidStudioProjects/JoshTalk2/common/build/intermediates/merged_res/release/mergeReleaseResources/drawable-xxhdpi-v4/ic_call_answer_video_low.png to /Users/azam/AndroidStudioProjects/JoshTalk2/common/build/intermediates/verified_library_resources/release/verifyReleaseResources/compiled/drawable-xxhdpi-v4_ic_call_answer_video_low.png.flat
Compiling image file /Users/azam/AndroidStudioProjects/JoshTalk2/common/build/intermediates/merged_res/release/mergeReleaseResources/drawable-xxxhdpi-v4/ic_call_decline_low.png
Compiling file /Users/azam/AndroidStudioProjects/JoshTalk2/common/build/intermediates/merged_res/release/mergeReleaseResources/drawable-xxxhdpi-v4/ic_call_decline_low.png to /Users/azam/AndroidStudioProjects/JoshTalk2/common/build/intermediates/verified_library_resources/release/verifyReleaseResources/compiled/drawable-xxxhdpi-v4_ic_call_decline_low.png.flat
Compiling xml file /Users/azam/AndroidStudioProjects/JoshTalk2/common/build/intermediates/merged_res/release/mergeReleaseResources/layout-v21/notification_template_custom_big.xml to /Users/azam/AndroidStudioProjects/JoshTalk2/common/build/intermediates/verified_library_resources/release/verifyReleaseResources/compiled/layout-v21_notification_template_custom_big.xml.flat
Compiling XML table /Users/azam/AndroidStudioProjects/JoshTalk2/common/build/intermediates/merged_res/release/mergeReleaseResources/values-am/values-am.xml to /Users/azam/AndroidStudioProjects/JoshTalk2/common/build/intermediates/verified_library_resources/release/verifyReleaseResources/compiled/values-am_values-am.arsc.flat
Compiling XML table /Users/azam/AndroidStudioProjects/JoshTalk2/common/build/intermediates/merged_res/release/mergeReleaseResources/values-b+sr+Latn/values-b+sr+Latn.xml to /Users/azam/AndroidStudioProjects/JoshTalk2/common/build/intermediates/verified_library_resources/release/verifyReleaseResources/compiled/values-b+sr+Latn_values-b+sr+Latn.arsc.flat
Compiling XML table /Users/azam/AndroidStudioProjects/JoshTalk2/common/build/intermediates/merged_res/release/mergeReleaseResources/values-bs/values-bs.xml to /Users/azam/AndroidStudioProjects/JoshTalk2/common/build/intermediates/verified_library_resources/release/verifyReleaseResources/compiled/values-bs_values-bs.arsc.flat
Compiling XML table /Users/azam/AndroidStudioProjects/JoshTalk2/common/build/intermediates/merged_res/release/mergeReleaseResources/values-de/values-de.xml to /Users/azam/AndroidStudioProjects/JoshTalk2/common/build/intermediates/verified_library_resources/release/verifyReleaseResources/compiled/values-de_values-de.arsc.flat
Compiling XML table /Users/azam/AndroidStudioProjects/JoshTalk2/common/build/intermediates/merged_res/release/mergeReleaseResources/values-en-rGB/values-en-rGB.xml to /Users/azam/AndroidStudioProjects/JoshTalk2/common/build/intermediates/verified_library_resources/release/verifyReleaseResources/compiled/values-en-rGB_values-en-rGB.arsc.flat
Compiling XML table /Users/azam/AndroidStudioProjects/JoshTalk2/common/build/intermediates/merged_res/release/mergeReleaseResources/values-es-rUS/values-es-rUS.xml to /Users/azam/AndroidStudioProjects/JoshTalk2/common/build/intermediates/verified_library_resources/release/verifyReleaseResources/compiled/values-es-rUS_values-es-rUS.arsc.flat
Compiling XML table /Users/azam/AndroidStudioProjects/JoshTalk2/common/build/intermediates/merged_res/release/mergeReleaseResources/values-fi/values-fi.xml to /Users/azam/AndroidStudioProjects/JoshTalk2/common/build/intermediates/verified_library_resources/release/verifyReleaseResources/compiled/values-fi_values-fi.arsc.flat
Compiling XML table /Users/azam/AndroidStudioProjects/JoshTalk2/common/build/intermediates/merged_res/release/mergeReleaseResources/values-gu/values-gu.xml to /Users/azam/AndroidStudioProjects/JoshTalk2/common/build/intermediates/verified_library_resources/release/verifyReleaseResources/compiled/values-gu_values-gu.arsc.flat
Compiling XML table /Users/azam/AndroidStudioProjects/JoshTalk2/common/build/intermediates/merged_res/release/mergeReleaseResources/values-hy/values-hy.xml to /Users/azam/AndroidStudioProjects/JoshTalk2/common/build/intermediates/verified_library_resources/release/verifyReleaseResources/compiled/values-hy_values-hy.arsc.flat
Compiling XML table /Users/azam/AndroidStudioProjects/JoshTalk2/common/build/intermediates/merged_res/release/mergeReleaseResources/values-km/values-km.xml to /Users/azam/AndroidStudioProjects/JoshTalk2/common/build/intermediates/verified_library_resources/release/verifyReleaseResources/compiled/values-km_values-km.arsc.flat
Compiling XML table /Users/azam/AndroidStudioProjects/JoshTalk2/common/build/intermediates/merged_res/release/mergeReleaseResources/values-iw/values-iw.xml to /Users/azam/AndroidStudioProjects/JoshTalk2/common/build/intermediates/verified_library_resources/release/verifyReleaseResources/compiled/values-iw_values-iw.arsc.flat
Compiling XML table /Users/azam/AndroidStudioProjects/JoshTalk2/common/build/intermediates/merged_res/release/mergeReleaseResources/values-lo/values-lo.xml to /Users/azam/AndroidStudioProjects/JoshTalk2/common/build/intermediates/verified_library_resources/release/verifyReleaseResources/compiled/values-lo_values-lo.arsc.flat
Compiling XML table /Users/azam/AndroidStudioProjects/JoshTalk2/common/build/intermediates/merged_res/release/mergeReleaseResources/values-ml/values-ml.xml to /Users/azam/AndroidStudioProjects/JoshTalk2/common/build/intermediates/verified_library_resources/release/verifyReleaseResources/compiled/values-ml_values-ml.arsc.flat
Compiling XML table /Users/azam/AndroidStudioProjects/JoshTalk2/common/build/intermediates/merged_res/release/mergeReleaseResources/values-my/values-my.xml to /Users/azam/AndroidStudioProjects/JoshTalk2/common/build/intermediates/verified_library_resources/release/verifyReleaseResources/compiled/values-my_values-my.arsc.flat
Compiling XML table /Users/azam/AndroidStudioProjects/JoshTalk2/common/build/intermediates/merged_res/release/mergeReleaseResources/values-or/values-or.xml to /Users/azam/AndroidStudioProjects/JoshTalk2/common/build/intermediates/verified_library_resources/release/verifyReleaseResources/compiled/values-or_values-or.arsc.flat
Compiling XML table /Users/azam/AndroidStudioProjects/JoshTalk2/common/build/intermediates/merged_res/release/mergeReleaseResources/values-pt-rBR/values-pt-rBR.xml to /Users/azam/AndroidStudioProjects/JoshTalk2/common/build/intermediates/verified_library_resources/release/verifyReleaseResources/compiled/values-pt-rBR_values-pt-rBR.arsc.flat
Compiling XML table /Users/azam/AndroidStudioProjects/JoshTalk2/common/build/intermediates/merged_res/release/mergeReleaseResources/values-si/values-si.xml to /Users/azam/AndroidStudioProjects/JoshTalk2/common/build/intermediates/verified_library_resources/release/verifyReleaseResources/compiled/values-si_values-si.arsc.flat
Compiling XML table /Users/azam/AndroidStudioProjects/JoshTalk2/common/build/intermediates/merged_res/release/mergeReleaseResources/values-sr/values-sr.xml to /Users/azam/AndroidStudioProjects/JoshTalk2/common/build/intermediates/verified_library_resources/release/verifyReleaseResources/compiled/values-sr_values-sr.arsc.flat
Compiling XML table /Users/azam/AndroidStudioProjects/JoshTalk2/common/build/intermediates/merged_res/release/mergeReleaseResources/values-te/values-te.xml to /Users/azam/AndroidStudioProjects/JoshTalk2/common/build/intermediates/verified_library_resources/release/verifyReleaseResources/compiled/values-te_values-te.arsc.flat
Compiling XML table /Users/azam/AndroidStudioProjects/JoshTalk2/common/build/intermediates/merged_res/release/mergeReleaseResources/values-uk/values-uk.xml to /Users/azam/AndroidStudioProjects/JoshTalk2/common/build/intermediates/verified_library_resources/release/verifyReleaseResources/compiled/values-uk_values-uk.arsc.flat
Compiling XML table /Users/azam/AndroidStudioProjects/JoshTalk2/common/build/intermediates/merged_res/release/mergeReleaseResources/values-v30/values-v30.xml to /Users/azam/AndroidStudioProjects/JoshTalk2/common/build/intermediates/verified_library_resources/release/verifyReleaseResources/compiled/values-v30_values-v30.arsc.flat
Compiling XML table /Users/azam/AndroidStudioProjects/JoshTalk2/common/build/intermediates/merged_res/release/mergeReleaseResources/values-zh-rTW/values-zh-rTW.xml to /Users/azam/AndroidStudioProjects/JoshTalk2/common/build/intermediates/verified_library_resources/release/verifyReleaseResources/compiled/values-zh-rTW_values-zh-rTW.arsc.flat
Compiling xml file /Users/azam/AndroidStudioProjects/JoshTalk2/common/build/intermediates/merged_res/release/mergeReleaseResources/drawable/notification_tile_bg.xml to /Users/azam/AndroidStudioProjects/JoshTalk2/common/build/intermediates/verified_library_resources/release/verifyReleaseResources/compiled/drawable_notification_tile_bg.xml.flat
Compiling image file /Users/azam/AndroidStudioProjects/JoshTalk2/common/build/intermediates/merged_res/release/mergeReleaseResources/drawable-hdpi-v4/ic_call_answer_low.png
Compiling file /Users/azam/AndroidStudioProjects/JoshTalk2/common/build/intermediates/merged_res/release/mergeReleaseResources/drawable-hdpi-v4/ic_call_answer_low.png to /Users/azam/AndroidStudioProjects/JoshTalk2/common/build/intermediates/verified_library_resources/release/verifyReleaseResources/compiled/drawable-hdpi-v4_ic_call_answer_low.png.flat
Compiling image file /Users/azam/AndroidStudioProjects/JoshTalk2/common/build/intermediates/merged_res/release/mergeReleaseResources/drawable-ldpi-v4/ic_call_answer_low.png
Compiling file /Users/azam/AndroidStudioProjects/JoshTalk2/common/build/intermediates/merged_res/release/mergeReleaseResources/drawable-ldpi-v4/ic_call_answer_low.png to /Users/azam/AndroidStudioProjects/JoshTalk2/common/build/intermediates/verified_library_resources/release/verifyReleaseResources/compiled/drawable-ldpi-v4_ic_call_answer_low.png.flat
Compiling image file /Users/azam/AndroidStudioProjects/JoshTalk2/common/build/intermediates/merged_res/release/mergeReleaseResources/drawable-mdpi-v4/ic_call_answer_video_low.png
Compiling file /Users/azam/AndroidStudioProjects/JoshTalk2/common/build/intermediates/merged_res/release/mergeReleaseResources/drawable-mdpi-v4/ic_call_answer_video_low.png to /Users/azam/AndroidStudioProjects/JoshTalk2/common/build/intermediates/verified_library_resources/release/verifyReleaseResources/compiled/drawable-mdpi-v4_ic_call_answer_video_low.png.flat
Compiling image file /Users/azam/AndroidStudioProjects/JoshTalk2/common/build/intermediates/merged_res/release/mergeReleaseResources/drawable-xhdpi-v4/ic_call_answer_video_low.png
Compiling file /Users/azam/AndroidStudioProjects/JoshTalk2/common/build/intermediates/merged_res/release/mergeReleaseResources/drawable-xhdpi-v4/ic_call_answer_video_low.png to /Users/azam/AndroidStudioProjects/JoshTalk2/common/build/intermediates/verified_library_resources/release/verifyReleaseResources/compiled/drawable-xhdpi-v4_ic_call_answer_video_low.png.flat
Compiling image file /Users/azam/AndroidStudioProjects/JoshTalk2/common/build/intermediates/merged_res/release/mergeReleaseResources/drawable-xxhdpi-v4/ic_call_decline.png
Compiling file /Users/azam/AndroidStudioProjects/JoshTalk2/common/build/intermediates/merged_res/release/mergeReleaseResources/drawable-xxhdpi-v4/ic_call_decline.png to /Users/azam/AndroidStudioProjects/JoshTalk2/common/build/intermediates/verified_library_resources/release/verifyReleaseResources/compiled/drawable-xxhdpi-v4_ic_call_decline.png.flat
Compiling xml file /Users/azam/AndroidStudioProjects/JoshTalk2/common/build/intermediates/merged_res/release/mergeReleaseResources/drawable-anydpi-v21/ic_call_answer.xml to /Users/azam/AndroidStudioProjects/JoshTalk2/common/build/intermediates/verified_library_resources/release/verifyReleaseResources/compiled/drawable-anydpi-v21_ic_call_answer.xml.flat
Compiling xml file /Users/azam/AndroidStudioProjects/JoshTalk2/common/build/intermediates/merged_res/release/mergeReleaseResources/layout/custom_dialog.xml to /Users/azam/AndroidStudioProjects/JoshTalk2/common/build/intermediates/verified_library_resources/release/verifyReleaseResources/compiled/layout_custom_dialog.xml.flat
Compiling image file /Users/azam/AndroidStudioProjects/JoshTalk2/common/build/intermediates/merged_res/release/mergeReleaseResources/drawable-hdpi-v4/ic_call_answer_video.png
Compiling file /Users/azam/AndroidStudioProjects/JoshTalk2/common/build/intermediates/merged_res/release/mergeReleaseResources/drawable-hdpi-v4/ic_call_answer_video.png to /Users/azam/AndroidStudioProjects/JoshTalk2/common/build/intermediates/verified_library_resources/release/verifyReleaseResources/compiled/drawable-hdpi-v4_ic_call_answer_video.png.flat
Compiling image file /Users/azam/AndroidStudioProjects/JoshTalk2/common/build/intermediates/merged_res/release/mergeReleaseResources/drawable-ldpi-v4/ic_call_answer_video.png
Compiling file /Users/azam/AndroidStudioProjects/JoshTalk2/common/build/intermediates/merged_res/release/mergeReleaseResources/drawable-ldpi-v4/ic_call_answer_video.png to /Users/azam/AndroidStudioProjects/JoshTalk2/common/build/intermediates/verified_library_resources/release/verifyReleaseResources/compiled/drawable-ldpi-v4_ic_call_answer_video.png.flat
Compiling xml file /Users/azam/AndroidStudioProjects/JoshTalk2/common/build/intermediates/merged_res/release/mergeReleaseResources/layout-v21/notification_template_icon_group.xml to /Users/azam/AndroidStudioProjects/JoshTalk2/common/build/intermediates/verified_library_resources/release/verifyReleaseResources/compiled/layout-v21_notification_template_icon_group.xml.flat
Compiling XML table /Users/azam/AndroidStudioProjects/JoshTalk2/common/build/intermediates/merged_res/release/mergeReleaseResources/values-be/values-be.xml to /Users/azam/AndroidStudioProjects/JoshTalk2/common/build/intermediates/verified_library_resources/release/verifyReleaseResources/compiled/values-be_values-be.arsc.flat
Compiling image file /Users/azam/AndroidStudioProjects/JoshTalk2/common/build/intermediates/merged_res/release/mergeReleaseResources/drawable-mdpi-v4/ic_call_decline.png
Compiling file /Users/azam/AndroidStudioProjects/JoshTalk2/common/build/intermediates/merged_res/release/mergeReleaseResources/drawable-mdpi-v4/ic_call_decline.png to /Users/azam/AndroidStudioProjects/JoshTalk2/common/build/intermediates/verified_library_resources/release/verifyReleaseResources/compiled/drawable-mdpi-v4_ic_call_decline.png.flat
Compiling image file /Users/azam/AndroidStudioProjects/JoshTalk2/common/build/intermediates/merged_res/release/mergeReleaseResources/drawable-xhdpi-v4/ic_call_decline.png
Compiling file /Users/azam/AndroidStudioProjects/JoshTalk2/common/build/intermediates/merged_res/release/mergeReleaseResources/drawable-xhdpi-v4/ic_call_decline.png to /Users/azam/AndroidStudioProjects/JoshTalk2/common/build/intermediates/verified_library_resources/release/verifyReleaseResources/compiled/drawable-xhdpi-v4_ic_call_decline.png.flat
Compiling image file /Users/azam/AndroidStudioProjects/JoshTalk2/common/build/intermediates/merged_res/release/mergeReleaseResources/drawable-xxhdpi-v4/ic_call_decline_low.png
Compiling file /Users/azam/AndroidStudioProjects/JoshTalk2/common/build/intermediates/merged_res/release/mergeReleaseResources/drawable-xxhdpi-v4/ic_call_decline_low.png to /Users/azam/AndroidStudioProjects/JoshTalk2/common/build/intermediates/verified_library_resources/release/verifyReleaseResources/compiled/drawable-xxhdpi-v4_ic_call_decline_low.png.flat
Compiling xml file /Users/azam/AndroidStudioProjects/JoshTalk2/common/build/intermediates/merged_res/release/mergeReleaseResources/layout/ime_base_split_test_activity.xml to /Users/azam/AndroidStudioProjects/JoshTalk2/common/build/intermediates/verified_library_resources/release/verifyReleaseResources/compiled/layout_ime_base_split_test_activity.xml.flat
Compiling XML table /Users/azam/AndroidStudioProjects/JoshTalk2/common/build/intermediates/merged_res/release/mergeReleaseResources/values/values.xml to /Users/azam/AndroidStudioProjects/JoshTalk2/common/build/intermediates/verified_library_resources/release/verifyReleaseResources/compiled/values_values.arsc.flat
Compiling XML table /Users/azam/AndroidStudioProjects/JoshTalk2/common/build/intermediates/merged_res/release/mergeReleaseResources/values-el/values-el.xml to /Users/azam/AndroidStudioProjects/JoshTalk2/common/build/intermediates/verified_library_resources/release/verifyReleaseResources/compiled/values-el_values-el.arsc.flat
Compiling XML table /Users/azam/AndroidStudioProjects/JoshTalk2/common/build/intermediates/merged_res/release/mergeReleaseResources/values-et/values-et.xml to /Users/azam/AndroidStudioProjects/JoshTalk2/common/build/intermediates/verified_library_resources/release/verifyReleaseResources/compiled/values-et_values-et.arsc.flat
Compiling XML table /Users/azam/AndroidStudioProjects/JoshTalk2/common/build/intermediates/merged_res/release/mergeReleaseResources/values-hi/values-hi.xml to /Users/azam/AndroidStudioProjects/JoshTalk2/common/build/intermediates/verified_library_resources/release/verifyReleaseResources/compiled/values-hi_values-hi.arsc.flat
Compiling XML table /Users/azam/AndroidStudioProjects/JoshTalk2/common/build/intermediates/merged_res/release/mergeReleaseResources/values-ja/values-ja.xml to /Users/azam/AndroidStudioProjects/JoshTalk2/common/build/intermediates/verified_library_resources/release/verifyReleaseResources/compiled/values-ja_values-ja.arsc.flat
Compiling XML table /Users/azam/AndroidStudioProjects/JoshTalk2/common/build/intermediates/merged_res/release/mergeReleaseResources/values-bg/values-bg.xml to /Users/azam/AndroidStudioProjects/JoshTalk2/common/build/intermediates/verified_library_resources/release/verifyReleaseResources/compiled/values-bg_values-bg.arsc.flat
Compiling XML table /Users/azam/AndroidStudioProjects/JoshTalk2/common/build/intermediates/merged_res/release/mergeReleaseResources/values-lt/values-lt.xml to /Users/azam/AndroidStudioProjects/JoshTalk2/common/build/intermediates/verified_library_resources/release/verifyReleaseResources/compiled/values-lt_values-lt.arsc.flat
Compiling XML table /Users/azam/AndroidStudioProjects/JoshTalk2/common/build/intermediates/merged_res/release/mergeReleaseResources/values-en-rAU/values-en-rAU.xml to /Users/azam/AndroidStudioProjects/JoshTalk2/common/build/intermediates/verified_library_resources/release/verifyReleaseResources/compiled/values-en-rAU_values-en-rAU.arsc.flat
Compiling XML table /Users/azam/AndroidStudioProjects/JoshTalk2/common/build/intermediates/merged_res/release/mergeReleaseResources/values-nb/values-nb.xml to /Users/azam/AndroidStudioProjects/JoshTalk2/common/build/intermediates/verified_library_resources/release/verifyReleaseResources/compiled/values-nb_values-nb.arsc.flat
Compiling XML table /Users/azam/AndroidStudioProjects/JoshTalk2/common/build/intermediates/merged_res/release/mergeReleaseResources/values-eu/values-eu.xml to /Users/azam/AndroidStudioProjects/JoshTalk2/common/build/intermediates/verified_library_resources/release/verifyReleaseResources/compiled/values-eu_values-eu.arsc.flat
Compiling XML table /Users/azam/AndroidStudioProjects/JoshTalk2/common/build/intermediates/merged_res/release/mergeReleaseResources/values-pt-rPT/values-pt-rPT.xml to /Users/azam/AndroidStudioProjects/JoshTalk2/common/build/intermediates/verified_library_resources/release/verifyReleaseResources/compiled/values-pt-rPT_values-pt-rPT.arsc.flat
Compiling XML table /Users/azam/AndroidStudioProjects/JoshTalk2/common/build/intermediates/merged_res/release/mergeReleaseResources/values-sv/values-sv.xml to /Users/azam/AndroidStudioProjects/JoshTalk2/common/build/intermediates/verified_library_resources/release/verifyReleaseResources/compiled/values-sv_values-sv.arsc.flat
Compiling XML table /Users/azam/AndroidStudioProjects/JoshTalk2/common/build/intermediates/merged_res/release/mergeReleaseResources/values-hr/values-hr.xml to /Users/azam/AndroidStudioProjects/JoshTalk2/common/build/intermediates/verified_library_resources/release/verifyReleaseResources/compiled/values-hr_values-hr.arsc.flat
Compiling XML table /Users/azam/AndroidStudioProjects/JoshTalk2/common/build/intermediates/merged_res/release/mergeReleaseResources/values-ur/values-ur.xml to /Users/azam/AndroidStudioProjects/JoshTalk2/common/build/intermediates/verified_library_resources/release/verifyReleaseResources/compiled/values-ur_values-ur.arsc.flat
Compiling XML table /Users/azam/AndroidStudioProjects/JoshTalk2/common/build/intermediates/merged_res/release/mergeReleaseResources/values-ka/values-ka.xml to /Users/azam/AndroidStudioProjects/JoshTalk2/common/build/intermediates/verified_library_resources/release/verifyReleaseResources/compiled/values-ka_values-ka.arsc.flat
Compiling XML table /Users/azam/AndroidStudioProjects/JoshTalk2/common/build/intermediates/merged_res/release/mergeReleaseResources/values-zu/values-zu.xml to /Users/azam/AndroidStudioProjects/JoshTalk2/common/build/intermediates/verified_library_resources/release/verifyReleaseResources/compiled/values-zu_values-zu.arsc.flat
Compiling XML table /Users/azam/AndroidStudioProjects/JoshTalk2/common/build/intermediates/merged_res/release/mergeReleaseResources/values-lv/values-lv.xml to /Users/azam/AndroidStudioProjects/JoshTalk2/common/build/intermediates/verified_library_resources/release/verifyReleaseResources/compiled/values-lv_values-lv.arsc.flat
Compiling xml file /Users/azam/AndroidStudioProjects/JoshTalk2/common/build/intermediates/merged_res/release/mergeReleaseResources/drawable-anydpi-v21/ic_call_answer_low.xml to /Users/azam/AndroidStudioProjects/JoshTalk2/common/build/intermediates/verified_library_resources/release/verifyReleaseResources/compiled/drawable-anydpi-v21_ic_call_answer_low.xml.flat
Compiling image file /Users/azam/AndroidStudioProjects/JoshTalk2/common/build/intermediates/merged_res/release/mergeReleaseResources/drawable-hdpi-v4/ic_call_answer_video_low.png
Compiling file /Users/azam/AndroidStudioProjects/JoshTalk2/common/build/intermediates/merged_res/release/mergeReleaseResources/drawable-hdpi-v4/ic_call_answer_video_low.png to /Users/azam/AndroidStudioProjects/JoshTalk2/common/build/intermediates/verified_library_resources/release/verifyReleaseResources/compiled/drawable-hdpi-v4_ic_call_answer_video_low.png.flat
Compiling image file /Users/azam/AndroidStudioProjects/JoshTalk2/common/build/intermediates/merged_res/release/mergeReleaseResources/drawable-ldpi-v4/ic_call_answer_video_low.png
Compiling file /Users/azam/AndroidStudioProjects/JoshTalk2/common/build/intermediates/merged_res/release/mergeReleaseResources/drawable-ldpi-v4/ic_call_answer_video_low.png to /Users/azam/AndroidStudioProjects/JoshTalk2/common/build/intermediates/verified_library_resources/release/verifyReleaseResources/compiled/drawable-ldpi-v4_ic_call_answer_video_low.png.flat
Compiling XML table /Users/azam/AndroidStudioProjects/JoshTalk2/common/build/intermediates/merged_res/release/mergeReleaseResources/values-ne/values-ne.xml to /Users/azam/AndroidStudioProjects/JoshTalk2/common/build/intermediates/verified_library_resources/release/verifyReleaseResources/compiled/values-ne_values-ne.arsc.flat
Compiling image file /Users/azam/AndroidStudioProjects/JoshTalk2/common/build/intermediates/merged_res/release/mergeReleaseResources/drawable-mdpi-v4/ic_call_decline_low.png
Compiling file /Users/azam/AndroidStudioProjects/JoshTalk2/common/build/intermediates/merged_res/release/mergeReleaseResources/drawable-mdpi-v4/ic_call_decline_low.png to /Users/azam/AndroidStudioProjects/JoshTalk2/common/build/intermediates/verified_library_resources/release/verifyReleaseResources/compiled/drawable-mdpi-v4_ic_call_decline_low.png.flat
Compiling image file /Users/azam/AndroidStudioProjects/JoshTalk2/common/build/intermediates/merged_res/release/mergeReleaseResources/drawable-xhdpi-v4/ic_call_decline_low.png
Compiling file /Users/azam/AndroidStudioProjects/JoshTalk2/common/build/intermediates/merged_res/release/mergeReleaseResources/drawable-xhdpi-v4/ic_call_decline_low.png to /Users/azam/AndroidStudioProjects/JoshTalk2/common/build/intermediates/verified_library_resources/release/verifyReleaseResources/compiled/drawable-xhdpi-v4_ic_call_decline_low.png.flat
Compiling image file /Users/azam/AndroidStudioProjects/JoshTalk2/common/build/intermediates/merged_res/release/mergeReleaseResources/drawable-xxxhdpi-v4/ic_call_answer.png
Compiling file /Users/azam/AndroidStudioProjects/JoshTalk2/common/build/intermediates/merged_res/release/mergeReleaseResources/drawable-xxxhdpi-v4/ic_call_answer.png to /Users/azam/AndroidStudioProjects/JoshTalk2/common/build/intermediates/verified_library_resources/release/verifyReleaseResources/compiled/drawable-xxxhdpi-v4_ic_call_answer.png.flat
Compiling xml file /Users/azam/AndroidStudioProjects/JoshTalk2/common/build/intermediates/merged_res/release/mergeReleaseResources/layout/ime_secondary_split_test_activity.xml to /Users/azam/AndroidStudioProjects/JoshTalk2/common/build/intermediates/verified_library_resources/release/verifyReleaseResources/compiled/layout_ime_secondary_split_test_activity.xml.flat
Compiling XML table /Users/azam/AndroidStudioProjects/JoshTalk2/common/build/intermediates/merged_res/release/mergeReleaseResources/values-af/values-af.xml to /Users/azam/AndroidStudioProjects/JoshTalk2/common/build/intermediates/verified_library_resources/release/verifyReleaseResources/compiled/values-af_values-af.arsc.flat
Compiling XML table /Users/azam/AndroidStudioProjects/JoshTalk2/common/build/intermediates/merged_res/release/mergeReleaseResources/values-ro/values-ro.xml to /Users/azam/AndroidStudioProjects/JoshTalk2/common/build/intermediates/verified_library_resources/release/verifyReleaseResources/compiled/values-ro_values-ro.arsc.flat
Compiling XML table /Users/azam/AndroidStudioProjects/JoshTalk2/common/build/intermediates/merged_res/release/mergeReleaseResources/values-bn/values-bn.xml to /Users/azam/AndroidStudioProjects/JoshTalk2/common/build/intermediates/verified_library_resources/release/verifyReleaseResources/compiled/values-bn_values-bn.arsc.flat
Compiling XML table /Users/azam/AndroidStudioProjects/JoshTalk2/common/build/intermediates/merged_res/release/mergeReleaseResources/values-sw/values-sw.xml to /Users/azam/AndroidStudioProjects/JoshTalk2/common/build/intermediates/verified_library_resources/release/verifyReleaseResources/compiled/values-sw_values-sw.arsc.flat
Compiling XML table /Users/azam/AndroidStudioProjects/JoshTalk2/common/build/intermediates/merged_res/release/mergeReleaseResources/values-en-rCA/values-en-rCA.xml to /Users/azam/AndroidStudioProjects/JoshTalk2/common/build/intermediates/verified_library_resources/release/verifyReleaseResources/compiled/values-en-rCA_values-en-rCA.arsc.flat
Compiling XML table /Users/azam/AndroidStudioProjects/JoshTalk2/common/build/intermediates/merged_res/release/mergeReleaseResources/values-uz/values-uz.xml to /Users/azam/AndroidStudioProjects/JoshTalk2/common/build/intermediates/verified_library_resources/release/verifyReleaseResources/compiled/values-uz_values-uz.arsc.flat
Compiling XML table /Users/azam/AndroidStudioProjects/JoshTalk2/common/build/intermediates/merged_res/release/mergeReleaseResources/values-fa/values-fa.xml to /Users/azam/AndroidStudioProjects/JoshTalk2/common/build/intermediates/verified_library_resources/release/verifyReleaseResources/compiled/values-fa_values-fa.arsc.flat
Compiling XML table /Users/azam/AndroidStudioProjects/JoshTalk2/common/build/intermediates/merged_res/release/mergeReleaseResources/values-hu/values-hu.xml to /Users/azam/AndroidStudioProjects/JoshTalk2/common/build/intermediates/verified_library_resources/release/verifyReleaseResources/compiled/values-hu_values-hu.arsc.flat
Compiling XML table /Users/azam/AndroidStudioProjects/JoshTalk2/common/build/intermediates/merged_res/release/mergeReleaseResources/values-kk/values-kk.xml to /Users/azam/AndroidStudioProjects/JoshTalk2/common/build/intermediates/verified_library_resources/release/verifyReleaseResources/compiled/values-kk_values-kk.arsc.flat
AAPT2 aapt2-8.5.0-11315950-osx Daemon #0: starting
Compiling XML table /Users/azam/AndroidStudioProjects/JoshTalk2/common/build/intermediates/merged_res/release/mergeReleaseResources/values-mk/values-mk.xml to /Users/azam/AndroidStudioProjects/JoshTalk2/common/build/intermediates/verified_library_resources/release/verifyReleaseResources/compiled/values-mk_values-mk.arsc.flat
Compiling XML table /Users/azam/AndroidStudioProjects/JoshTalk2/common/build/intermediates/merged_res/release/mergeReleaseResources/values-nl/values-nl.xml to /Users/azam/AndroidStudioProjects/JoshTalk2/common/build/intermediates/verified_library_resources/release/verifyReleaseResources/compiled/values-nl_values-nl.arsc.flat
Compiling XML table /Users/azam/AndroidStudioProjects/JoshTalk2/common/build/intermediates/merged_res/release/mergeReleaseResources/values-ru/values-ru.xml to /Users/azam/AndroidStudioProjects/JoshTalk2/common/build/intermediates/verified_library_resources/release/verifyReleaseResources/compiled/values-ru_values-ru.arsc.flat
Compiling XML table /Users/azam/AndroidStudioProjects/JoshTalk2/common/build/intermediates/merged_res/release/mergeReleaseResources/values-ta/values-ta.xml to /Users/azam/AndroidStudioProjects/JoshTalk2/common/build/intermediates/verified_library_resources/release/verifyReleaseResources/compiled/values-ta_values-ta.arsc.flat
Compiling XML table /Users/azam/AndroidStudioProjects/JoshTalk2/common/build/intermediates/merged_res/release/mergeReleaseResources/values-v21/values-v21.xml to /Users/azam/AndroidStudioProjects/JoshTalk2/common/build/intermediates/verified_library_resources/release/verifyReleaseResources/compiled/values-v21_values-v21.arsc.flat
AAPT2 aapt2-8.5.0-11315950-osx Daemon #1: starting
AAPT2 aapt2-8.5.0-11315950-osx Daemon #2: starting
AAPT2 aapt2-8.5.0-11315950-osx Daemon #3: starting
AAPT2 aapt2-8.5.0-11315950-osx Daemon #4: starting
Compiling xml file /Users/azam/AndroidStudioProjects/JoshTalk2/common/build/intermediates/merged_res/release/mergeReleaseResources/color/vector_tint_theme_color.xml to /Users/azam/AndroidStudioProjects/JoshTalk2/common/build/intermediates/verified_library_resources/release/verifyReleaseResources/compiled/color_vector_tint_theme_color.xml.flat
Compiling xml file /Users/azam/AndroidStudioProjects/JoshTalk2/common/build/intermediates/merged_res/release/mergeReleaseResources/drawable/notification_bg.xml to /Users/azam/AndroidStudioProjects/JoshTalk2/common/build/intermediates/verified_library_resources/release/verifyReleaseResources/compiled/drawable_notification_bg.xml.flat
Compiling xml file /Users/azam/AndroidStudioProjects/JoshTalk2/common/build/intermediates/merged_res/release/mergeReleaseResources/drawable-anydpi-v21/ic_call_decline.xml to /Users/azam/AndroidStudioProjects/JoshTalk2/common/build/intermediates/verified_library_resources/release/verifyReleaseResources/compiled/drawable-anydpi-v21_ic_call_decline.xml.flat
Compiling xml file /Users/azam/AndroidStudioProjects/JoshTalk2/common/build/intermediates/merged_res/release/mergeReleaseResources/drawable-anydpi-v21/ic_call_answer_video_low.xml to /Users/azam/AndroidStudioProjects/JoshTalk2/common/build/intermediates/verified_library_resources/release/verifyReleaseResources/compiled/drawable-anydpi-v21_ic_call_answer_video_low.xml.flat
Compiling image file /Users/azam/AndroidStudioProjects/JoshTalk2/common/build/intermediates/merged_res/release/mergeReleaseResources/drawable-hdpi-v4/notification_oversize_large_icon_bg.png
Compiling image file /Users/azam/AndroidStudioProjects/JoshTalk2/common/build/intermediates/merged_res/release/mergeReleaseResources/drawable-hdpi-v4/ic_call_decline_low.png
Compiling file /Users/azam/AndroidStudioProjects/JoshTalk2/common/build/intermediates/merged_res/release/mergeReleaseResources/drawable-hdpi-v4/notification_oversize_large_icon_bg.png to /Users/azam/AndroidStudioProjects/JoshTalk2/common/build/intermediates/verified_library_resources/release/verifyReleaseResources/compiled/drawable-hdpi-v4_notification_oversize_large_icon_bg.png.flat
Compiling file /Users/azam/AndroidStudioProjects/JoshTalk2/common/build/intermediates/merged_res/release/mergeReleaseResources/drawable-hdpi-v4/ic_call_decline_low.png to /Users/azam/AndroidStudioProjects/JoshTalk2/common/build/intermediates/verified_library_resources/release/verifyReleaseResources/compiled/drawable-hdpi-v4_ic_call_decline_low.png.flat
Compiling image file /Users/azam/AndroidStudioProjects/JoshTalk2/common/build/intermediates/merged_res/release/mergeReleaseResources/drawable-mdpi-v4/ic_call_answer.png
Compiling file /Users/azam/AndroidStudioProjects/JoshTalk2/common/build/intermediates/merged_res/release/mergeReleaseResources/drawable-mdpi-v4/ic_call_answer.png to /Users/azam/AndroidStudioProjects/JoshTalk2/common/build/intermediates/verified_library_resources/release/verifyReleaseResources/compiled/drawable-mdpi-v4_ic_call_answer.png.flat
Compiling image file /Users/azam/AndroidStudioProjects/JoshTalk2/common/build/intermediates/merged_res/release/mergeReleaseResources/drawable-xhdpi-v4/ic_call_answer.png
Compiling file /Users/azam/AndroidStudioProjects/JoshTalk2/common/build/intermediates/merged_res/release/mergeReleaseResources/drawable-xhdpi-v4/ic_call_answer.png to /Users/azam/AndroidStudioProjects/JoshTalk2/common/build/intermediates/verified_library_resources/release/verifyReleaseResources/compiled/drawable-xhdpi-v4_ic_call_answer.png.flat
Compiling image file /Users/azam/AndroidStudioProjects/JoshTalk2/common/build/intermediates/merged_res/release/mergeReleaseResources/drawable-xxhdpi-v4/ic_call_answer_low.png
Compiling file /Users/azam/AndroidStudioProjects/JoshTalk2/common/build/intermediates/merged_res/release/mergeReleaseResources/drawable-xxhdpi-v4/ic_call_answer_low.png to /Users/azam/AndroidStudioProjects/JoshTalk2/common/build/intermediates/verified_library_resources/release/verifyReleaseResources/compiled/drawable-xxhdpi-v4_ic_call_answer_low.png.flat
Compiling image file /Users/azam/AndroidStudioProjects/JoshTalk2/common/build/intermediates/merged_res/release/mergeReleaseResources/drawable-xxxhdpi-v4/ic_call_answer_video_low.png
Compiling file /Users/azam/AndroidStudioProjects/JoshTalk2/common/build/intermediates/merged_res/release/mergeReleaseResources/drawable-xxxhdpi-v4/ic_call_answer_video_low.png to /Users/azam/AndroidStudioProjects/JoshTalk2/common/build/intermediates/verified_library_resources/release/verifyReleaseResources/compiled/drawable-xxxhdpi-v4_ic_call_answer_video_low.png.flat
Compiling xml file /Users/azam/AndroidStudioProjects/JoshTalk2/common/build/intermediates/merged_res/release/mergeReleaseResources/layout-v21/notification_action.xml to /Users/azam/AndroidStudioProjects/JoshTalk2/common/build/intermediates/verified_library_resources/release/verifyReleaseResources/compiled/layout-v21_notification_action.xml.flat
Compiling image file /Users/azam/AndroidStudioProjects/JoshTalk2/common/build/intermediates/merged_res/release/mergeReleaseResources/drawable-ldpi-v4/ic_call_decline_low.png
Compiling file /Users/azam/AndroidStudioProjects/JoshTalk2/common/build/intermediates/merged_res/release/mergeReleaseResources/drawable-ldpi-v4/ic_call_decline_low.png to /Users/azam/AndroidStudioProjects/JoshTalk2/common/build/intermediates/verified_library_resources/release/verifyReleaseResources/compiled/drawable-ldpi-v4_ic_call_decline_low.png.flat
Compiling xml file /Users/azam/AndroidStudioProjects/JoshTalk2/common/build/intermediates/merged_res/release/mergeReleaseResources/drawable-v21/notification_action_background.xml to /Users/azam/AndroidStudioProjects/JoshTalk2/common/build/intermediates/verified_library_resources/release/verifyReleaseResources/compiled/drawable-v21_notification_action_background.xml.flat
Compiling image file /Users/azam/AndroidStudioProjects/JoshTalk2/common/build/intermediates/merged_res/release/mergeReleaseResources/drawable-xxhdpi-v4/ic_call_answer.png
Compiling file /Users/azam/AndroidStudioProjects/JoshTalk2/common/build/intermediates/merged_res/release/mergeReleaseResources/drawable-xxhdpi-v4/ic_call_answer.png to /Users/azam/AndroidStudioProjects/JoshTalk2/common/build/intermediates/verified_library_resources/release/verifyReleaseResources/compiled/drawable-xxhdpi-v4_ic_call_answer.png.flat
Compiling image file /Users/azam/AndroidStudioProjects/JoshTalk2/common/build/intermediates/merged_res/release/mergeReleaseResources/drawable-xxxhdpi-v4/ic_call_answer_video.png
Compiling file /Users/azam/AndroidStudioProjects/JoshTalk2/common/build/intermediates/merged_res/release/mergeReleaseResources/drawable-xxxhdpi-v4/ic_call_answer_video.png to /Users/azam/AndroidStudioProjects/JoshTalk2/common/build/intermediates/verified_library_resources/release/verifyReleaseResources/compiled/drawable-xxxhdpi-v4_ic_call_answer_video.png.flat
Compiling XML table /Users/azam/AndroidStudioProjects/JoshTalk2/common/build/intermediates/merged_res/release/mergeReleaseResources/values-as/values-as.xml to /Users/azam/AndroidStudioProjects/JoshTalk2/common/build/intermediates/verified_library_resources/release/verifyReleaseResources/compiled/values-as_values-as.arsc.flat
Compiling xml file /Users/azam/AndroidStudioProjects/JoshTalk2/common/build/intermediates/merged_res/release/mergeReleaseResources/layout/notification_template_part_time.xml to /Users/azam/AndroidStudioProjects/JoshTalk2/common/build/intermediates/verified_library_resources/release/verifyReleaseResources/compiled/layout_notification_template_part_time.xml.flat
Compiling XML table /Users/azam/AndroidStudioProjects/JoshTalk2/common/build/intermediates/merged_res/release/mergeReleaseResources/values-ar/values-ar.xml to /Users/azam/AndroidStudioProjects/JoshTalk2/common/build/intermediates/verified_library_resources/release/verifyReleaseResources/compiled/values-ar_values-ar.arsc.flat
Compiling XML table /Users/azam/AndroidStudioProjects/JoshTalk2/common/build/intermediates/merged_res/release/mergeReleaseResources/values-ca/values-ca.xml to /Users/azam/AndroidStudioProjects/JoshTalk2/common/build/intermediates/verified_library_resources/release/verifyReleaseResources/compiled/values-ca_values-ca.arsc.flat
Compiling XML table /Users/azam/AndroidStudioProjects/JoshTalk2/common/build/intermediates/merged_res/release/mergeReleaseResources/values-cs/values-cs.xml to /Users/azam/AndroidStudioProjects/JoshTalk2/common/build/intermediates/verified_library_resources/release/verifyReleaseResources/compiled/values-cs_values-cs.arsc.flat
Compiling XML table /Users/azam/AndroidStudioProjects/JoshTalk2/common/build/intermediates/merged_res/release/mergeReleaseResources/values-en-rIN/values-en-rIN.xml to /Users/azam/AndroidStudioProjects/JoshTalk2/common/build/intermediates/verified_library_resources/release/verifyReleaseResources/compiled/values-en-rIN_values-en-rIN.arsc.flat
Compiling XML table /Users/azam/AndroidStudioProjects/JoshTalk2/common/build/intermediates/merged_res/release/mergeReleaseResources/values-en-rXC/values-en-rXC.xml to /Users/azam/AndroidStudioProjects/JoshTalk2/common/build/intermediates/verified_library_resources/release/verifyReleaseResources/compiled/values-en-rXC_values-en-rXC.arsc.flat
Compiling XML table /Users/azam/AndroidStudioProjects/JoshTalk2/common/build/intermediates/merged_res/release/mergeReleaseResources/values-fr/values-fr.xml to /Users/azam/AndroidStudioProjects/JoshTalk2/common/build/intermediates/verified_library_resources/release/verifyReleaseResources/compiled/values-fr_values-fr.arsc.flat
Compiling XML table /Users/azam/AndroidStudioProjects/JoshTalk2/common/build/intermediates/merged_res/release/mergeReleaseResources/values-fr-rCA/values-fr-rCA.xml to /Users/azam/AndroidStudioProjects/JoshTalk2/common/build/intermediates/verified_library_resources/release/verifyReleaseResources/compiled/values-fr-rCA_values-fr-rCA.arsc.flat
Compiling XML table /Users/azam/AndroidStudioProjects/JoshTalk2/common/build/intermediates/merged_res/release/mergeReleaseResources/values-is/values-is.xml to /Users/azam/AndroidStudioProjects/JoshTalk2/common/build/intermediates/verified_library_resources/release/verifyReleaseResources/compiled/values-is_values-is.arsc.flat
Compiling XML table /Users/azam/AndroidStudioProjects/JoshTalk2/common/build/intermediates/merged_res/release/mergeReleaseResources/values-in/values-in.xml to /Users/azam/AndroidStudioProjects/JoshTalk2/common/build/intermediates/verified_library_resources/release/verifyReleaseResources/compiled/values-in_values-in.arsc.flat
Compiling XML table /Users/azam/AndroidStudioProjects/JoshTalk2/common/build/intermediates/merged_res/release/mergeReleaseResources/values-kn/values-kn.xml to /Users/azam/AndroidStudioProjects/JoshTalk2/common/build/intermediates/verified_library_resources/release/verifyReleaseResources/compiled/values-kn_values-kn.arsc.flat
Compiling XML table /Users/azam/AndroidStudioProjects/JoshTalk2/common/build/intermediates/merged_res/release/mergeReleaseResources/values-mn/values-mn.xml to /Users/azam/AndroidStudioProjects/JoshTalk2/common/build/intermediates/verified_library_resources/release/verifyReleaseResources/compiled/values-mn_values-mn.arsc.flat
Compiling XML table /Users/azam/AndroidStudioProjects/JoshTalk2/common/build/intermediates/merged_res/release/mergeReleaseResources/values-pa/values-pa.xml to /Users/azam/AndroidStudioProjects/JoshTalk2/common/build/intermediates/verified_library_resources/release/verifyReleaseResources/compiled/values-pa_values-pa.arsc.flat
Compiling XML table /Users/azam/AndroidStudioProjects/JoshTalk2/common/build/intermediates/merged_res/release/mergeReleaseResources/values-ko/values-ko.xml to /Users/azam/AndroidStudioProjects/JoshTalk2/common/build/intermediates/verified_library_resources/release/verifyReleaseResources/compiled/values-ko_values-ko.arsc.flat
Compiling XML table /Users/azam/AndroidStudioProjects/JoshTalk2/common/build/intermediates/merged_res/release/mergeReleaseResources/values-sk/values-sk.xml to /Users/azam/AndroidStudioProjects/JoshTalk2/common/build/intermediates/verified_library_resources/release/verifyReleaseResources/compiled/values-sk_values-sk.arsc.flat
Compiling XML table /Users/azam/AndroidStudioProjects/JoshTalk2/common/build/intermediates/merged_res/release/mergeReleaseResources/values-mr/values-mr.xml to /Users/azam/AndroidStudioProjects/JoshTalk2/common/build/intermediates/verified_library_resources/release/verifyReleaseResources/compiled/values-mr_values-mr.arsc.flat
Compiling XML table /Users/azam/AndroidStudioProjects/JoshTalk2/common/build/intermediates/merged_res/release/mergeReleaseResources/values-th/values-th.xml to /Users/azam/AndroidStudioProjects/JoshTalk2/common/build/intermediates/verified_library_resources/release/verifyReleaseResources/compiled/values-th_values-th.arsc.flat
Compiling XML table /Users/azam/AndroidStudioProjects/JoshTalk2/common/build/intermediates/merged_res/release/mergeReleaseResources/values-vi/values-vi.xml to /Users/azam/AndroidStudioProjects/JoshTalk2/common/build/intermediates/verified_library_resources/release/verifyReleaseResources/compiled/values-vi_values-vi.arsc.flat
Compiling XML table /Users/azam/AndroidStudioProjects/JoshTalk2/common/build/intermediates/merged_res/release/mergeReleaseResources/values-pl/values-pl.xml to /Users/azam/AndroidStudioProjects/JoshTalk2/common/build/intermediates/verified_library_resources/release/verifyReleaseResources/compiled/values-pl_values-pl.arsc.flat
Compiling XML table /Users/azam/AndroidStudioProjects/JoshTalk2/common/build/intermediates/merged_res/release/mergeReleaseResources/values-sl/values-sl.xml to /Users/azam/AndroidStudioProjects/JoshTalk2/common/build/intermediates/verified_library_resources/release/verifyReleaseResources/compiled/values-sl_values-sl.arsc.flat
Compiling XML table /Users/azam/AndroidStudioProjects/JoshTalk2/common/build/intermediates/merged_res/release/mergeReleaseResources/values-tl/values-tl.xml to /Users/azam/AndroidStudioProjects/JoshTalk2/common/build/intermediates/verified_library_resources/release/verifyReleaseResources/compiled/values-tl_values-tl.arsc.flat
Compiling xml file /Users/azam/AndroidStudioProjects/JoshTalk2/common/build/intermediates/merged_res/release/mergeReleaseResources/drawable/notification_bg_low.xml to /Users/azam/AndroidStudioProjects/JoshTalk2/common/build/intermediates/verified_library_resources/release/verifyReleaseResources/compiled/drawable_notification_bg_low.xml.flat
Compiling XML table /Users/azam/AndroidStudioProjects/JoshTalk2/common/build/intermediates/merged_res/release/mergeReleaseResources/values-zh-rCN/values-zh-rCN.xml to /Users/azam/AndroidStudioProjects/JoshTalk2/common/build/intermediates/verified_library_resources/release/verifyReleaseResources/compiled/values-zh-rCN_values-zh-rCN.arsc.flat
Compiling xml file /Users/azam/AndroidStudioProjects/JoshTalk2/common/build/intermediates/merged_res/release/mergeReleaseResources/drawable-anydpi-v21/ic_call_decline_low.xml to /Users/azam/AndroidStudioProjects/JoshTalk2/common/build/intermediates/verified_library_resources/release/verifyReleaseResources/compiled/drawable-anydpi-v21_ic_call_decline_low.xml.flat
Compiling image file /Users/azam/AndroidStudioProjects/JoshTalk2/common/build/intermediates/merged_res/release/mergeReleaseResources/drawable-hdpi-v4/notify_panel_notification_icon_bg.png
Compiling file /Users/azam/AndroidStudioProjects/JoshTalk2/common/build/intermediates/merged_res/release/mergeReleaseResources/drawable-hdpi-v4/notify_panel_notification_icon_bg.png to /Users/azam/AndroidStudioProjects/JoshTalk2/common/build/intermediates/verified_library_resources/release/verifyReleaseResources/compiled/drawable-hdpi-v4_notify_panel_notification_icon_bg.png.flat
Compiling image file /Users/azam/AndroidStudioProjects/JoshTalk2/common/build/intermediates/merged_res/release/mergeReleaseResources/drawable-mdpi-v4/ic_call_answer_low.png
Compiling file /Users/azam/AndroidStudioProjects/JoshTalk2/common/build/intermediates/merged_res/release/mergeReleaseResources/drawable-mdpi-v4/ic_call_answer_low.png to /Users/azam/AndroidStudioProjects/JoshTalk2/common/build/intermediates/verified_library_resources/release/verifyReleaseResources/compiled/drawable-mdpi-v4_ic_call_answer_low.png.flat
Compiling image file /Users/azam/AndroidStudioProjects/JoshTalk2/common/build/intermediates/merged_res/release/mergeReleaseResources/drawable-xhdpi-v4/ic_call_answer_low.png
Compiling file /Users/azam/AndroidStudioProjects/JoshTalk2/common/build/intermediates/merged_res/release/mergeReleaseResources/drawable-xhdpi-v4/ic_call_answer_low.png to /Users/azam/AndroidStudioProjects/JoshTalk2/common/build/intermediates/verified_library_resources/release/verifyReleaseResources/compiled/drawable-xhdpi-v4_ic_call_answer_low.png.flat
Compiling image file /Users/azam/AndroidStudioProjects/JoshTalk2/common/build/intermediates/merged_res/release/mergeReleaseResources/drawable-xxhdpi-v4/ic_call_answer_video.png
Compiling file /Users/azam/AndroidStudioProjects/JoshTalk2/common/build/intermediates/merged_res/release/mergeReleaseResources/drawable-xxhdpi-v4/ic_call_answer_video.png to /Users/azam/AndroidStudioProjects/JoshTalk2/common/build/intermediates/verified_library_resources/release/verifyReleaseResources/compiled/drawable-xxhdpi-v4_ic_call_answer_video.png.flat
Compiling image file /Users/azam/AndroidStudioProjects/JoshTalk2/common/build/intermediates/merged_res/release/mergeReleaseResources/drawable-xxxhdpi-v4/ic_call_decline.png
Compiling file /Users/azam/AndroidStudioProjects/JoshTalk2/common/build/intermediates/merged_res/release/mergeReleaseResources/drawable-xxxhdpi-v4/ic_call_decline.png to /Users/azam/AndroidStudioProjects/JoshTalk2/common/build/intermediates/verified_library_resources/release/verifyReleaseResources/compiled/drawable-xxxhdpi-v4_ic_call_decline.png.flat
Compiling xml file /Users/azam/AndroidStudioProjects/JoshTalk2/common/build/intermediates/merged_res/release/mergeReleaseResources/layout-v21/notification_action_tombstone.xml to /Users/azam/AndroidStudioProjects/JoshTalk2/common/build/intermediates/verified_library_resources/release/verifyReleaseResources/compiled/layout-v21_notification_action_tombstone.xml.flat
Compiling XML table /Users/azam/AndroidStudioProjects/JoshTalk2/common/build/intermediates/merged_res/release/mergeReleaseResources/values-az/values-az.xml to /Users/azam/AndroidStudioProjects/JoshTalk2/common/build/intermediates/verified_library_resources/release/verifyReleaseResources/compiled/values-az_values-az.arsc.flat
Compiling XML table /Users/azam/AndroidStudioProjects/JoshTalk2/common/build/intermediates/merged_res/release/mergeReleaseResources/values-da/values-da.xml to /Users/azam/AndroidStudioProjects/JoshTalk2/common/build/intermediates/verified_library_resources/release/verifyReleaseResources/compiled/values-da_values-da.arsc.flat
Compiling XML table /Users/azam/AndroidStudioProjects/JoshTalk2/common/build/intermediates/merged_res/release/mergeReleaseResources/values-es/values-es.xml to /Users/azam/AndroidStudioProjects/JoshTalk2/common/build/intermediates/verified_library_resources/release/verifyReleaseResources/compiled/values-es_values-es.arsc.flat
Compiling XML table /Users/azam/AndroidStudioProjects/JoshTalk2/common/build/intermediates/merged_res/release/mergeReleaseResources/values-gl/values-gl.xml to /Users/azam/AndroidStudioProjects/JoshTalk2/common/build/intermediates/verified_library_resources/release/verifyReleaseResources/compiled/values-gl_values-gl.arsc.flat
Compiling XML table /Users/azam/AndroidStudioProjects/JoshTalk2/common/build/intermediates/merged_res/release/mergeReleaseResources/values-it/values-it.xml to /Users/azam/AndroidStudioProjects/JoshTalk2/common/build/intermediates/verified_library_resources/release/verifyReleaseResources/compiled/values-it_values-it.arsc.flat
Compiling XML table /Users/azam/AndroidStudioProjects/JoshTalk2/common/build/intermediates/merged_res/release/mergeReleaseResources/values-ky/values-ky.xml to /Users/azam/AndroidStudioProjects/JoshTalk2/common/build/intermediates/verified_library_resources/release/verifyReleaseResources/compiled/values-ky_values-ky.arsc.flat
Compiling XML table /Users/azam/AndroidStudioProjects/JoshTalk2/common/build/intermediates/merged_res/release/mergeReleaseResources/values-ms/values-ms.xml to /Users/azam/AndroidStudioProjects/JoshTalk2/common/build/intermediates/verified_library_resources/release/verifyReleaseResources/compiled/values-ms_values-ms.arsc.flat
Compiling XML table /Users/azam/AndroidStudioProjects/JoshTalk2/common/build/intermediates/merged_res/release/mergeReleaseResources/values-pt/values-pt.xml to /Users/azam/AndroidStudioProjects/JoshTalk2/common/build/intermediates/verified_library_resources/release/verifyReleaseResources/compiled/values-pt_values-pt.arsc.flat
Compiling XML table /Users/azam/AndroidStudioProjects/JoshTalk2/common/build/intermediates/merged_res/release/mergeReleaseResources/values-sq/values-sq.xml to /Users/azam/AndroidStudioProjects/JoshTalk2/common/build/intermediates/verified_library_resources/release/verifyReleaseResources/compiled/values-sq_values-sq.arsc.flat
Compiling XML table /Users/azam/AndroidStudioProjects/JoshTalk2/common/build/intermediates/merged_res/release/mergeReleaseResources/values-tr/values-tr.xml to /Users/azam/AndroidStudioProjects/JoshTalk2/common/build/intermediates/verified_library_resources/release/verifyReleaseResources/compiled/values-tr_values-tr.arsc.flat
Compiling XML table /Users/azam/AndroidStudioProjects/JoshTalk2/common/build/intermediates/merged_res/release/mergeReleaseResources/values-zh-rHK/values-zh-rHK.xml to /Users/azam/AndroidStudioProjects/JoshTalk2/common/build/intermediates/verified_library_resources/release/verifyReleaseResources/compiled/values-zh-rHK_values-zh-rHK.arsc.flat
Stored cache entry for task ':common:verifyReleaseResources' with cache key 843dbafd920624628dbbb14247371a4c

> Task :common:compileKotlinIosArm64 FAILED
e: file:///Users/azam/AndroidStudioProjects/JoshTalk2/common/src/commonMain/kotlin/com/example/joshtalk/ui/PlatformContext.kt:3:1 Expected PlatformContext has no actual declaration in module <JoshTalk:common> for Native

> Task :common:compileKotlinIosSimulatorArm64 FAILED
e: file:///Users/azam/AndroidStudioProjects/JoshTalk2/common/src/commonMain/kotlin/com/example/joshtalk/ui/PlatformContext.kt:3:1 Expected PlatformContext has no actual declaration in module <JoshTalk:common> for Native

> Task :common:compileKotlinIosX64 FAILED
e: file:///Users/azam/AndroidStudioProjects/JoshTalk2/common/src/commonMain/kotlin/com/example/joshtalk/ui/PlatformContext.kt:3:1 Expected PlatformContext has no actual declaration in module <JoshTalk:common> for Native
AAPT2 aapt2-8.5.0-11315950-osx Daemon #0: shutdown
AAPT2 aapt2-8.5.0-11315950-osx Daemon #1: shutdown
AAPT2 aapt2-8.5.0-11315950-osx Daemon #2: shutdown
AAPT2 aapt2-8.5.0-11315950-osx Daemon #3: shutdown
AAPT2 aapt2-8.5.0-11315950-osx Daemon #4: shutdown

FAILURE: Build completed with 5 failures.

1: Task failed with an exception.
-----------
* What went wrong:
Execution failed for task ':common:compileDebugKotlinAndroid'.
> A failure occurred while executing org.jetbrains.kotlin.compilerRunner.GradleCompilerRunnerWithWorkers$GradleKotlinCompilerWorkAction
   > Internal compiler error. See log for more details

* Try:
> Run with --stacktrace option to get the stack trace.
> Run with --debug option to get more log output.
> Run with --scan to get full insights.
> Get more help at https://help.gradle.org.
==============================================================================

2: Task failed with an exception.
-----------
* What went wrong:
Execution failed for task ':common:compileReleaseKotlinAndroid'.
> A failure occurred while executing org.jetbrains.kotlin.compilerRunner.GradleCompilerRunnerWithWorkers$GradleKotlinCompilerWorkAction
   > Internal compiler error. See log for more details

* Try:
> Run with --stacktrace option to get the stack trace.
> Run with --debug option to get more log output.
> Run with --scan to get full insights.
> Get more help at https://help.gradle.org.
==============================================================================

3: Task failed with an exception.
-----------
* What went wrong:
Execution failed for task ':common:compileKotlinIosSimulatorArm64'.
> Compilation finished with errors

* Try:
> Run with --stacktrace option to get the stack trace.
> Run with --debug option to get more log output.
> Run with --scan to get full insights.
> Get more help at https://help.gradle.org.
==============================================================================

4: Task failed with an exception.
-----------
* What went wrong:
Execution failed for task ':common:compileKotlinIosArm64'.
> Compilation finished with errors

* Try:
> Run with --stacktrace option to get the stack trace.
> Run with --debug option to get more log output.
> Run with --scan to get full insights.
> Get more help at https://help.gradle.org.
==============================================================================

5: Task failed with an exception.
-----------
* What went wrong:
Execution failed for task ':common:compileKotlinIosX64'.
> Compilation finished with errors

* Try:
> Run with --stacktrace option to get the stack trace.
> Run with --debug option to get more log output.
> Run with --scan to get full insights.
> Get more help at https://help.gradle.org.
==============================================================================

BUILD FAILED in 57s
150 actionable tasks: 50 executed, 8 from cache, 92 up-to-date
Watched directory hierarchies: [/Users/azam/AndroidStudioProjects/JoshTalk2]
Configuration cache entry reused.
